BL51 BANKED LINKER/LOCATER V6.22.4.0                                                    12/19/2025  20:25:38  PAGE 1


BL51 BANKED LINKER/LOCATER V6.22.4.0, INVOKED BY:
C:\KEIL_V5\C51\BIN\BL51.EXE .\Objects\..\..\..\Git\C8051F020StWork\user\main.obj, .\Objects\..\..\..\Git\C8051F020StWork
>> \user\Init_Device.obj, .\Objects\..\..\..\Git\C8051F020StWork\driver\KeyInput.obj, .\Objects\..\..\..\Git\C8051F020St
>> Work\driver\LED6.obj, .\Objects\..\..\..\Git\C8051F020StWork\driver\LCD1602.obj, .\Objects\..\..\..\Git\C8051F020StWo
>> rk\bsp\Keyboard.obj, .\Objects\..\..\..\Git\C8051F020StWork\bsp\timer0.obj, .\Objects\..\..\..\Git\C8051F020StWork\bs
>> p\timer1.obj, .\Objects\..\..\..\Git\C8051F020StWork\bsp\Delay.obj, .\Objects\..\..\..\Git\C8051F020StWork\Tasks\inpu
>> tTask.obj, .\Objects\..\..\..\Git\C8051F020StWork\Tasks\configurationTask.obj, .\Objects\..\..\..\Git\C8051F020StWork
>> \Tasks\runningTask.obj TO .\Objects\C8051F020 PRINT (.\Listings\C8051F020.m51) RAMSIZE (256)


INPUT MODULES INCLUDED:
  .\Objects\..\..\..\Git\C8051F020StWork\user\main.obj (MAIN)
  .\Objects\..\..\..\Git\C8051F020StWork\user\Init_Device.obj (INIT_DEVICE)
  .\Objects\..\..\..\Git\C8051F020StWork\driver\KeyInput.obj (KEYINPUT)
  .\Objects\..\..\..\Git\C8051F020StWork\driver\LED6.obj (LED6)
  .\Objects\..\..\..\Git\C8051F020StWork\driver\LCD1602.obj (LCD1602)
  .\Objects\..\..\..\Git\C8051F020StWork\bsp\Keyboard.obj (KEYBOARD)
  .\Objects\..\..\..\Git\C8051F020StWork\bsp\timer0.obj (TIMER0)
  .\Objects\..\..\..\Git\C8051F020StWork\bsp\timer1.obj (TIMER1)
  .\Objects\..\..\..\Git\C8051F020StWork\bsp\Delay.obj (DELAY)
  .\Objects\..\..\..\Git\C8051F020StWork\Tasks\inputTask.obj (INPUTTASK)
  .\Objects\..\..\..\Git\C8051F020StWork\Tasks\configurationTask.obj (CONFIGURATIONTASK)
  .\Objects\..\..\..\Git\C8051F020StWork\Tasks\runningTask.obj (RUNNINGTASK)


LINK MAP OF MODULE:  .\Objects\C8051F020 (MAIN)


            TYPE    BASE      LENGTH    RELOCATION   SEGMENT NAME
            -----------------------------------------------------

            * * * * * * *   D A T A   M E M O R Y   * * * * * * *
            REG     0000H     0008H     ABSOLUTE     "REG BANK 0"

            * * * * * * *   C O D E   M E M O R Y   * * * * * * *
            CODE    0000H     028EH     ABSOLUTE     
            CODE    028EH     0597H     UNIT         RUNNING
            CODE    0825H     02A6H     UNIT         CONFIGURATION
            CODE    0ACBH     0113H     UNIT         LED6
            CODE    0BDEH     010AH     UNIT         KBD
            CODE    0CE8H     00FBH     UNIT         INPUT
            CODE    0DE3H     00C1H     UNIT         TMR0
            CODE    0EA4H     0096H     UNIT         LCD1602
            CODE    0F3AH     005AH     UNIT         KBI
            CODE    0F94H     0035H     UNIT         TMR1
            CODE    0FC9H     0032H     UNIT         INIT
            CODE    0FFBH     0013H     UNIT         DELAY



SYMBOL TABLE OF MODULE:  .\Objects\C8051F020 (MAIN)

  VALUE           TYPE          NAME
  ----------------------------------

  -------         MODULE        MAIN
  B:00C0H.2       SYMBOL        AA
  B:00D0H.6       SYMBOL        AC
BL51 BANKED LINKER/LOCATER V6.22.4.0                                                  12/19/2025  20:25:38  PAGE 2


  D:00E0H         SYMBOL        ACC
  B:00E8H.4       SYMBOL        AD0BUSY
  B:00E8H.7       SYMBOL        AD0EN
  B:00E8H.5       SYMBOL        AD0INT
  B:00E8H.0       SYMBOL        AD0LJST
  B:00E8H.2       SYMBOL        AD0STM0
  B:00E8H.3       SYMBOL        AD0STM1
  B:00E8H.6       SYMBOL        AD0TM
  B:00E8H.1       SYMBOL        AD0WINT
  D:00BCH         SYMBOL        ADC0CF
  D:00E8H         SYMBOL        ADC0CN
  D:00C5H         SYMBOL        ADC0GTH
  D:00C4H         SYMBOL        ADC0GTL
  D:00BFH         SYMBOL        ADC0H
  D:00BEH         SYMBOL        ADC0L
  D:00C7H         SYMBOL        ADC0LTH
  D:00C6H         SYMBOL        ADC0LTL
  D:009CH         SYMBOL        ADC1
  D:00ABH         SYMBOL        ADC1CF
  D:00AAH         SYMBOL        ADC1CN
  D:00BAH         SYMBOL        AMX0CF
  D:00BBH         SYMBOL        AMX0SL
  D:00ACH         SYMBOL        AMX1SL
  D:00F0H         SYMBOL        B
  C:0026H         SYMBOL        BITMASK_TABLE
  N:005AH         SYMBOL        BLINK_TIMER
  N:005BH         SYMBOL        BLINK_TOGGLE
  B:00D8H.0       SYMBOL        CCF0
  B:00D8H.1       SYMBOL        CCF1
  B:00D8H.2       SYMBOL        CCF2
  B:00D8H.3       SYMBOL        CCF3
  B:00D8H.4       SYMBOL        CCF4
  B:00D8H.7       SYMBOL        CF
  C:0244H         SYMBOL        CHECK_ELEV
  C:024CH         SYMBOL        CHECK_ELEV2
  C:0254H         SYMBOL        CHECK_ELEV3
  C:025CH         SYMBOL        CHECK_ELEV4
  C:0264H         SYMBOL        CHECK_OPT
  C:026CH         SYMBOL        CHECK_OPT1
  C:0274H         SYMBOL        CHECK_OPT2
  C:027CH         SYMBOL        CHECK_OPT3
  C:0284H         SYMBOL        CHECK_PASS
  D:008EH         SYMBOL        CKCON
  B:00C8H.0       SYMBOL        CPRL2
  D:009EH         SYMBOL        CPT0CN
  D:009FH         SYMBOL        CPT1CN
  B:00D8H.6       SYMBOL        CR
  B:00C8H.1       SYMBOL        CT2
  N:0056H         SYMBOL        CUR_FLR
  B:00D0H.7       SYMBOL        CY
  D:00D4H         SYMBOL        DAC0CN
  D:00D3H         SYMBOL        DAC0H
  D:00D2H         SYMBOL        DAC0L
  D:00D7H         SYMBOL        DAC1CN
  D:00D6H         SYMBOL        DAC1H
  D:00D5H         SYMBOL        DAC1L
  N:0067H         SYMBOL        DEBUG_ON
BL51 BANKED LINKER/LOCATER V6.22.4.0                                                  12/19/2025  20:25:38  PAGE 3


  D:0083H         SYMBOL        DPH
  D:0082H         SYMBOL        DPL
  B:00A8H.7       SYMBOL        EA
  D:00E6H         SYMBOL        EIE1
  D:00E7H         SYMBOL        EIE2
  D:00F6H         SYMBOL        EIP1
  D:00F7H         SYMBOL        EIP2
  N:0022H         SYMBOL        ELEV_ARRIVED
  N:0023H         SYMBOL        ELEV_CLOSE
  N:0064H         SYMBOL        ELEV_DIR
  N:0021H         SYMBOL        ELEV_RUN
  N:0020H         SYMBOL        ELEV_ST
  N:0058H         SYMBOL        ELEV_TARGET
  N:0057H         SYMBOL        ELEV_TIMER
  D:00A3H         SYMBOL        EMI0CF
  D:00AFH         SYMBOL        EMI0CN
  D:00A1H         SYMBOL        EMI0TC
  B:00C0H.6       SYMBOL        ENSMB
  B:00A8H.4       SYMBOL        ES
  B:00A8H.1       SYMBOL        ET0
  B:00A8H.3       SYMBOL        ET1
  B:00A8H.5       SYMBOL        ET2
  B:00A8H.0       SYMBOL        EX0
  B:00A8H.2       SYMBOL        EX1
  B:00C8H.3       SYMBOL        EXEN2
  B:00C8H.6       SYMBOL        EXF2
  N:0063H         SYMBOL        EXT_DN_HI
  N:0062H         SYMBOL        EXT_DN_LO
  N:005FH         SYMBOL        EXT_UP_HI
  N:005EH         SYMBOL        EXT_UP_LO
  B:00D0H.5       SYMBOL        F0
  B:00D0H.1       SYMBOL        F1
  D:00B7H         SYMBOL        FLACL
  D:00B6H         SYMBOL        FLSCL
  D:00A8H         SYMBOL        IE
  B:0088H.1       SYMBOL        IE0
  B:0088H.3       SYMBOL        IE1
  N:0065H         SYMBOL        INPUT_MODE
  N:005DH         SYMBOL        INT_REQ_HI
  N:005CH         SYMBOL        INT_REQ_LO
  D:00B8H         SYMBOL        IP
  B:0088H.0       SYMBOL        IT0
  B:0088H.2       SYMBOL        IT1
  C:0237H         SYMBOL        LOOP
  C:0200H         SYMBOL        MAIN
  B:00F8H.5       SYMBOL        MODF
  B:00F8H.1       SYMBOL        MSTEN
  C:023AH         SYMBOL        MXK_STATE_CHECK
  N:0059H         SYMBOL        ONE_SEC_CNT
  N:0011H         SYMBOL        OPT1_ST
  N:0012H         SYMBOL        OPT2_ST
  N:0013H         SYMBOL        OPT3_ST
  N:0001H         SYMBOL        OPT_ST
  D:00B2H         SYMBOL        OSCICN
  D:00B1H         SYMBOL        OSCXCN
  N:0066H         SYMBOL        OUT_SEL_VAL
  B:00D0H.2       SYMBOL        OV
BL51 BANKED LINKER/LOCATER V6.22.4.0                                                  12/19/2025  20:25:38  PAGE 4


  B:00D0H.0       SYMBOL        P
  D:0080H         SYMBOL        P0
  D:00A4H         SYMBOL        P0MDOUT
  D:0090H         SYMBOL        P1
  D:00BDH         SYMBOL        P1MDIN
  D:00A5H         SYMBOL        P1MDOUT
  D:00A0H         SYMBOL        P2
  D:00A6H         SYMBOL        P2MDOUT
  D:00B0H         SYMBOL        P3
  D:00ADH         SYMBOL        P3IF
  D:00A7H         SYMBOL        P3MDOUT
  D:0084H         SYMBOL        P4
  D:0085H         SYMBOL        P5
  D:0086H         SYMBOL        P6
  D:0096H         SYMBOL        P7
  D:00B5H         SYMBOL        P74OUT
  C:002CH         SYMBOL        PASSWORD_TABLE
  N:0002H         SYMBOL        PASS_ST
  D:00D8H         SYMBOL        PCA0CN
  D:00FAH         SYMBOL        PCA0CPH0
  D:00FBH         SYMBOL        PCA0CPH1
  D:00FCH         SYMBOL        PCA0CPH2
  D:00FDH         SYMBOL        PCA0CPH3
  D:00FEH         SYMBOL        PCA0CPH4
  D:00EAH         SYMBOL        PCA0CPL0
  D:00EBH         SYMBOL        PCA0CPL1
  D:00ECH         SYMBOL        PCA0CPL2
  D:00EDH         SYMBOL        PCA0CPL3
  D:00EEH         SYMBOL        PCA0CPL4
  D:00DAH         SYMBOL        PCA0CPM0
  D:00DBH         SYMBOL        PCA0CPM1
  D:00DCH         SYMBOL        PCA0CPM2
  D:00DDH         SYMBOL        PCA0CPM3
  D:00DEH         SYMBOL        PCA0CPM4
  D:00F9H         SYMBOL        PCA0H
  D:00E9H         SYMBOL        PCA0L
  D:00D9H         SYMBOL        PCA0MD
  D:0087H         SYMBOL        PCON
  B:00B8H.4       SYMBOL        PS
  D:008FH         SYMBOL        PSCTL
  D:00D0H         SYMBOL        PSW
  B:00B8H.1       SYMBOL        PT0
  B:00B8H.3       SYMBOL        PT1
  B:00B8H.5       SYMBOL        PT2
  B:00B8H.0       SYMBOL        PX0
  B:00B8H.2       SYMBOL        PX1
  B:0098H.2       SYMBOL        RB8
  D:00CBH         SYMBOL        RCAP2H
  D:00CAH         SYMBOL        RCAP2L
  D:00E5H         SYMBOL        RCAP4H
  D:00E4H         SYMBOL        RCAP4L
  B:00C8H.5       SYMBOL        RCLK
  D:00D1H         SYMBOL        REF0CN
  B:0098H.4       SYMBOL        REN
  B:0098H.0       SYMBOL        RI
  B:00D0H.3       SYMBOL        RS0
  B:00D0H.4       SYMBOL        RS1
BL51 BANKED LINKER/LOCATER V6.22.4.0                                                  12/19/2025  20:25:38  PAGE 5


  D:00EFH         SYMBOL        RSTSRC
  N:0000H         SYMBOL        RUN_ST
  B:00F8H.4       SYMBOL        RXOVRN
  D:00A9H         SYMBOL        SADDR0
  D:00F3H         SYMBOL        SADDR1
  D:00B9H         SYMBOL        SADEN0
  D:00AEH         SYMBOL        SADEN1
  D:0099H         SYMBOL        SBUF0
  D:00F2H         SYMBOL        SBUF1
  D:0098H         SYMBOL        SCON0
  D:00F1H         SYMBOL        SCON1
  C:0000H         SYMBOL        SEG_TABLE
  B:00C0H.3       SYMBOL        SI
  C:0231H         SYMBOL        SKIP_DEBUG
  C:028CH         SYMBOL        SKIP_PASS
  B:00F8H.2       SYMBOL        SLVSEL
  B:0098H.7       SYMBOL        SM0
  B:0098H.6       SYMBOL        SM1
  B:0098H.5       SYMBOL        SM2
  D:00C3H         SYMBOL        SMB0ADR
  D:00C0H         SYMBOL        SMB0CN
  D:00CFH         SYMBOL        SMB0CR
  D:00C2H         SYMBOL        SMB0DAT
  D:00C1H         SYMBOL        SMB0STA
  B:00C0H.1       SYMBOL        SMBFTE
  B:00C0H.0       SYMBOL        SMBTOE
  D:0081H         SYMBOL        SP
  D:009AH         SYMBOL        SPI0CFG
  D:009DH         SYMBOL        SPI0CKR
  D:00F8H         SYMBOL        SPI0CN
  D:009BH         SYMBOL        SPI0DAT
  B:00F8H.0       SYMBOL        SPIEN
  B:00F8H.7       SYMBOL        SPIF
  B:00C0H.5       SYMBOL        STA
  B:00C0H.4       SYMBOL        STO
  D:00C8H         SYMBOL        T2CON
  D:00C9H         SYMBOL        T4CON
  B:0098H.3       SYMBOL        TB8
  B:00C8H.4       SYMBOL        TCLK
  D:0088H         SYMBOL        TCON
  B:0088H.5       SYMBOL        TF0
  B:0088H.7       SYMBOL        TF1
  B:00C8H.7       SYMBOL        TF2
  D:008CH         SYMBOL        TH0
  D:008DH         SYMBOL        TH1
  D:00CDH         SYMBOL        TH2
  D:00F5H         SYMBOL        TH4
  B:0098H.1       SYMBOL        TI
  D:008AH         SYMBOL        TL0
  D:008BH         SYMBOL        TL1
  D:00CCH         SYMBOL        TL2
  D:00F4H         SYMBOL        TL4
  D:0089H         SYMBOL        TMOD
  D:0091H         SYMBOL        TMR3CN
  D:0095H         SYMBOL        TMR3H
  D:0094H         SYMBOL        TMR3L
  D:0093H         SYMBOL        TMR3RLH
BL51 BANKED LINKER/LOCATER V6.22.4.0                                                  12/19/2025  20:25:38  PAGE 6


  D:0092H         SYMBOL        TMR3RLL
  B:0088H.4       SYMBOL        TR0
  B:0088H.6       SYMBOL        TR1
  B:00C8H.2       SYMBOL        TR2
  B:00F8H.3       SYMBOL        TXBSY
  B:00F8H.6       SYMBOL        WCOL
  D:00FFH         SYMBOL        WDTCN
  D:00E1H         SYMBOL        XBR0
  D:00E2H         SYMBOL        XBR1
  D:00E3H         SYMBOL        XBR2
  C:0000H         LINE#         20
  C:000BH         LINE#         23
  C:001BH         LINE#         26
  C:0200H         LINE#         30
  C:0203H         LINE#         32
  C:0206H         LINE#         33
  C:0209H         LINE#         36
  C:020BH         LINE#         37
  C:020EH         LINE#         39
  C:0211H         LINE#         41
  C:0214H         LINE#         42
  C:0217H         LINE#         44
  C:021AH         LINE#         45
  C:021DH         LINE#         46
  C:0220H         LINE#         47
  C:0223H         LINE#         48
  C:0226H         LINE#         49
  C:0229H         LINE#         51
  C:022CH         LINE#         52
  C:022FH         LINE#         53
  C:0231H         LINE#         60
  C:0234H         LINE#         61
  C:0237H         LINE#         89
  C:023AH         LINE#         92
  C:023CH         LINE#         93
  C:023FH         LINE#         94
  C:0242H         LINE#         95
  C:0244H         LINE#         97
  C:0247H         LINE#         98
  C:024AH         LINE#         99
  C:024CH         LINE#         101
  C:024FH         LINE#         102
  C:0252H         LINE#         103
  C:0254H         LINE#         105
  C:0257H         LINE#         106
  C:025AH         LINE#         107
  C:025CH         LINE#         109
  C:025FH         LINE#         110
  C:0262H         LINE#         111
  C:0264H         LINE#         113
  C:0267H         LINE#         114
  C:026AH         LINE#         115
  C:026CH         LINE#         117
  C:026FH         LINE#         118
  C:0272H         LINE#         119
  C:0274H         LINE#         121
  C:0277H         LINE#         122
BL51 BANKED LINKER/LOCATER V6.22.4.0                                                  12/19/2025  20:25:38  PAGE 7


  C:027AH         LINE#         123
  C:027CH         LINE#         125
  C:027FH         LINE#         126
  C:0282H         LINE#         127
  C:0284H         LINE#         129
  C:0287H         LINE#         130
  C:028AH         LINE#         131
  C:028CH         LINE#         133
  -------         ENDMOD        MAIN

  -------         MODULE        INIT_DEVICE
  C:0FC9H         SEGMENT       INIT
  C:0FEEH         PUBLIC        INIT_DEVICE
  B:00C0H.2       SYMBOL        AA
  B:00D0H.6       SYMBOL        AC
  D:00E0H         SYMBOL        ACC
  B:00E8H.4       SYMBOL        AD0BUSY
  B:00E8H.7       SYMBOL        AD0EN
  B:00E8H.5       SYMBOL        AD0INT
  B:00E8H.0       SYMBOL        AD0LJST
  B:00E8H.2       SYMBOL        AD0STM0
  B:00E8H.3       SYMBOL        AD0STM1
  B:00E8H.6       SYMBOL        AD0TM
  B:00E8H.1       SYMBOL        AD0WINT
  D:00BCH         SYMBOL        ADC0CF
  D:00E8H         SYMBOL        ADC0CN
  D:00C5H         SYMBOL        ADC0GTH
  D:00C4H         SYMBOL        ADC0GTL
  D:00BFH         SYMBOL        ADC0H
  D:00BEH         SYMBOL        ADC0L
  D:00C7H         SYMBOL        ADC0LTH
  D:00C6H         SYMBOL        ADC0LTL
  D:009CH         SYMBOL        ADC1
  D:00ABH         SYMBOL        ADC1CF
  D:00AAH         SYMBOL        ADC1CN
  D:00BAH         SYMBOL        AMX0CF
  D:00BBH         SYMBOL        AMX0SL
  D:00ACH         SYMBOL        AMX1SL
  D:00F0H         SYMBOL        B
  B:00D8H.0       SYMBOL        CCF0
  B:00D8H.1       SYMBOL        CCF1
  B:00D8H.2       SYMBOL        CCF2
  B:00D8H.3       SYMBOL        CCF3
  B:00D8H.4       SYMBOL        CCF4
  B:00D8H.7       SYMBOL        CF
  D:008EH         SYMBOL        CKCON
  B:00C8H.0       SYMBOL        CPRL2
  D:009EH         SYMBOL        CPT0CN
  D:009FH         SYMBOL        CPT1CN
  B:00D8H.6       SYMBOL        CR
  B:00C8H.1       SYMBOL        CT2
  B:00D0H.7       SYMBOL        CY
  D:00D4H         SYMBOL        DAC0CN
  D:00D3H         SYMBOL        DAC0H
  D:00D2H         SYMBOL        DAC0L
  D:00D7H         SYMBOL        DAC1CN
  D:00D6H         SYMBOL        DAC1H
BL51 BANKED LINKER/LOCATER V6.22.4.0                                                  12/19/2025  20:25:38  PAGE 8


  D:00D5H         SYMBOL        DAC1L
  D:0083H         SYMBOL        DPH
  D:0082H         SYMBOL        DPL
  B:00A8H.7       SYMBOL        EA
  D:00E6H         SYMBOL        EIE1
  D:00E7H         SYMBOL        EIE2
  D:00F6H         SYMBOL        EIP1
  D:00F7H         SYMBOL        EIP2
  D:00A3H         SYMBOL        EMI0CF
  D:00AFH         SYMBOL        EMI0CN
  D:00A1H         SYMBOL        EMI0TC
  B:00C0H.6       SYMBOL        ENSMB
  B:00A8H.4       SYMBOL        ES
  B:00A8H.1       SYMBOL        ET0
  B:00A8H.3       SYMBOL        ET1
  B:00A8H.5       SYMBOL        ET2
  B:00A8H.0       SYMBOL        EX0
  B:00A8H.2       SYMBOL        EX1
  B:00C8H.3       SYMBOL        EXEN2
  B:00C8H.6       SYMBOL        EXF2
  B:00D0H.5       SYMBOL        F0
  B:00D0H.1       SYMBOL        F1
  D:00B7H         SYMBOL        FLACL
  D:00B6H         SYMBOL        FLSCL
  D:00A8H         SYMBOL        IE
  B:0088H.1       SYMBOL        IE0
  B:0088H.3       SYMBOL        IE1
  D:00B8H         SYMBOL        IP
  B:0088H.0       SYMBOL        IT0
  B:0088H.2       SYMBOL        IT1
  B:00F8H.5       SYMBOL        MODF
  B:00F8H.1       SYMBOL        MSTEN
  D:00B2H         SYMBOL        OSCICN
  C:0FD4H         SYMBOL        OSCILLATOR_INIT
  D:00B1H         SYMBOL        OSCXCN
  B:00D0H.2       SYMBOL        OV
  B:00D0H.0       SYMBOL        P
  D:0080H         SYMBOL        P0
  D:00A4H         SYMBOL        P0MDOUT
  D:0090H         SYMBOL        P1
  D:00BDH         SYMBOL        P1MDIN
  D:00A5H         SYMBOL        P1MDOUT
  D:00A0H         SYMBOL        P2
  D:00A6H         SYMBOL        P2MDOUT
  D:00B0H         SYMBOL        P3
  D:00ADH         SYMBOL        P3IF
  D:00A7H         SYMBOL        P3MDOUT
  D:0084H         SYMBOL        P4
  D:0085H         SYMBOL        P5
  D:0086H         SYMBOL        P6
  D:0096H         SYMBOL        P7
  D:00B5H         SYMBOL        P74OUT
  D:00D8H         SYMBOL        PCA0CN
  D:00FAH         SYMBOL        PCA0CPH0
  D:00FBH         SYMBOL        PCA0CPH1
  D:00FCH         SYMBOL        PCA0CPH2
  D:00FDH         SYMBOL        PCA0CPH3
BL51 BANKED LINKER/LOCATER V6.22.4.0                                                  12/19/2025  20:25:38  PAGE 9


  D:00FEH         SYMBOL        PCA0CPH4
  D:00EAH         SYMBOL        PCA0CPL0
  D:00EBH         SYMBOL        PCA0CPL1
  D:00ECH         SYMBOL        PCA0CPL2
  D:00EDH         SYMBOL        PCA0CPL3
  D:00EEH         SYMBOL        PCA0CPL4
  D:00DAH         SYMBOL        PCA0CPM0
  D:00DBH         SYMBOL        PCA0CPM1
  D:00DCH         SYMBOL        PCA0CPM2
  D:00DDH         SYMBOL        PCA0CPM3
  D:00DEH         SYMBOL        PCA0CPM4
  D:00F9H         SYMBOL        PCA0H
  D:00E9H         SYMBOL        PCA0L
  D:00D9H         SYMBOL        PCA0MD
  D:0087H         SYMBOL        PCON
  C:0FD8H         SYMBOL        PORT_IO_INIT
  B:00B8H.4       SYMBOL        PS
  D:008FH         SYMBOL        PSCTL
  D:00D0H         SYMBOL        PSW
  B:00B8H.1       SYMBOL        PT0
  B:00B8H.3       SYMBOL        PT1
  B:00B8H.5       SYMBOL        PT2
  B:00B8H.0       SYMBOL        PX0
  B:00B8H.2       SYMBOL        PX1
  B:0098H.2       SYMBOL        RB8
  D:00CBH         SYMBOL        RCAP2H
  D:00CAH         SYMBOL        RCAP2L
  D:00E5H         SYMBOL        RCAP4H
  D:00E4H         SYMBOL        RCAP4L
  B:00C8H.5       SYMBOL        RCLK
  D:00D1H         SYMBOL        REF0CN
  B:0098H.4       SYMBOL        REN
  C:0FC9H         SYMBOL        RESET_SOURCES_INIT
  B:0098H.0       SYMBOL        RI
  B:00D0H.3       SYMBOL        RS0
  B:00D0H.4       SYMBOL        RS1
  D:00EFH         SYMBOL        RSTSRC
  B:00F8H.4       SYMBOL        RXOVRN
  D:00A9H         SYMBOL        SADDR0
  D:00F3H         SYMBOL        SADDR1
  D:00B9H         SYMBOL        SADEN0
  D:00AEH         SYMBOL        SADEN1
  D:0099H         SYMBOL        SBUF0
  D:00F2H         SYMBOL        SBUF1
  D:0098H         SYMBOL        SCON0
  D:00F1H         SYMBOL        SCON1
  B:00C0H.3       SYMBOL        SI
  B:00F8H.2       SYMBOL        SLVSEL
  B:0098H.7       SYMBOL        SM0
  B:0098H.6       SYMBOL        SM1
  B:0098H.5       SYMBOL        SM2
  D:00C3H         SYMBOL        SMB0ADR
  D:00C0H         SYMBOL        SMB0CN
  D:00CFH         SYMBOL        SMB0CR
  D:00C2H         SYMBOL        SMB0DAT
  D:00C1H         SYMBOL        SMB0STA
  B:00C0H.1       SYMBOL        SMBFTE
BL51 BANKED LINKER/LOCATER V6.22.4.0                                                  12/19/2025  20:25:38  PAGE 10


  B:00C0H.0       SYMBOL        SMBTOE
  D:0081H         SYMBOL        SP
  D:009AH         SYMBOL        SPI0CFG
  D:009DH         SYMBOL        SPI0CKR
  D:00F8H         SYMBOL        SPI0CN
  D:009BH         SYMBOL        SPI0DAT
  B:00F8H.0       SYMBOL        SPIEN
  B:00F8H.7       SYMBOL        SPIF
  B:00C0H.5       SYMBOL        STA
  B:00C0H.4       SYMBOL        STO
  D:00C8H         SYMBOL        T2CON
  D:00C9H         SYMBOL        T4CON
  B:0098H.3       SYMBOL        TB8
  B:00C8H.4       SYMBOL        TCLK
  D:0088H         SYMBOL        TCON
  B:0088H.5       SYMBOL        TF0
  B:0088H.7       SYMBOL        TF1
  B:00C8H.7       SYMBOL        TF2
  D:008CH         SYMBOL        TH0
  D:008DH         SYMBOL        TH1
  D:00CDH         SYMBOL        TH2
  D:00F5H         SYMBOL        TH4
  B:0098H.1       SYMBOL        TI
  C:0FD0H         SYMBOL        TIMER_INIT
  D:008AH         SYMBOL        TL0
  D:008BH         SYMBOL        TL1
  D:00CCH         SYMBOL        TL2
  D:00F4H         SYMBOL        TL4
  D:0089H         SYMBOL        TMOD
  D:0091H         SYMBOL        TMR3CN
  D:0095H         SYMBOL        TMR3H
  D:0094H         SYMBOL        TMR3L
  D:0093H         SYMBOL        TMR3RLH
  D:0092H         SYMBOL        TMR3RLL
  B:0088H.4       SYMBOL        TR0
  B:0088H.6       SYMBOL        TR1
  B:00C8H.2       SYMBOL        TR2
  B:00F8H.3       SYMBOL        TXBSY
  B:00F8H.6       SYMBOL        WCOL
  D:00FFH         SYMBOL        WDTCN
  D:00E1H         SYMBOL        XBR0
  D:00E2H         SYMBOL        XBR1
  D:00E3H         SYMBOL        XBR2
  C:0FC9H         LINE#         15
  C:0FCCH         LINE#         16
  C:0FCFH         LINE#         17
  C:0FD0H         LINE#         20
  C:0FD3H         LINE#         21
  C:0FD4H         LINE#         24
  C:0FD7H         LINE#         25
  C:0FD8H         LINE#         67
  C:0FDBH         LINE#         68
  C:0FDEH         LINE#         69
  C:0FE1H         LINE#         70
  C:0FE4H         LINE#         71
  C:0FE7H         LINE#         72
  C:0FEAH         LINE#         75
BL51 BANKED LINKER/LOCATER V6.22.4.0                                                  12/19/2025  20:25:38  PAGE 11


  C:0FEDH         LINE#         76
  C:0FEEH         LINE#         82
  C:0FF1H         LINE#         83
  C:0FF4H         LINE#         84
  C:0FF7H         LINE#         85
  C:0FFAH         LINE#         86
  -------         ENDMOD        INIT_DEVICE

  -------         MODULE        KEYINPUT
  C:0F3AH         SEGMENT       KBI
  C:0F3AH         PUBLIC        KEYINPUT_PROCESS
  C:0F49H         SYMBOL        KBI_AFTER_STABLE_CHECK
  C:0F55H         SYMBOL        KBI_CONF_CHANGED
  C:0F66H         SYMBOL        KBI_CONF_CHECK_RELEASE
  C:0F84H         SYMBOL        KBI_CONF_PRESSED
  C:0F74H         SYMBOL        KBI_LONG_PRESS
  C:0F93H         SYMBOL        KBI_RETURN
  C:0F44H         SYMBOL        KBI_SAMPLE_CHANGED
  C:0F7CH         SYMBOL        KBI_SHORT_PRESS
  C:0F3AH         LINE#         16
  C:0F3DH         LINE#         17
  C:0F40H         LINE#         18
  C:0F42H         LINE#         19
  C:0F44H         LINE#         22
  C:0F46H         LINE#         23
  C:0F49H         LINE#         26
  C:0F4BH         LINE#         27
  C:0F4EH         LINE#         28
  C:0F50H         LINE#         29
  C:0F53H         LINE#         30
  C:0F55H         LINE#         33
  C:0F57H         LINE#         34
  C:0F59H         LINE#         35
  C:0F5BH         LINE#         36
  C:0F5EH         LINE#         37
  C:0F61H         LINE#         38
  C:0F64H         LINE#         39
  C:0F66H         LINE#         42
  C:0F68H         LINE#         43
  C:0F6BH         LINE#         44
  C:0F6DH         LINE#         45
  C:0F6EH         LINE#         46
  C:0F70H         LINE#         47
  C:0F72H         LINE#         48
  C:0F74H         LINE#         51
  C:0F77H         LINE#         52
  C:0F7AH         LINE#         53
  C:0F7CH         LINE#         56
  C:0F7FH         LINE#         57
  C:0F82H         LINE#         58
  C:0F84H         LINE#         61
  C:0F86H         LINE#         62
  C:0F88H         LINE#         63
  C:0F8AH         LINE#         64
  C:0F8DH         LINE#         65
  C:0F90H         LINE#         66
  C:0F93H         LINE#         69
BL51 BANKED LINKER/LOCATER V6.22.4.0                                                  12/19/2025  20:25:38  PAGE 12


  -------         ENDMOD        KEYINPUT

  -------         MODULE        LED6
  C:0ACBH         SEGMENT       LED6
  C:0B6DH         PUBLIC        LED6_APPLYTABLE
  C:0B3EH         PUBLIC        LED6_REFRESH
  B:00C0H.2       SYMBOL        AA
  B:00D0H.6       SYMBOL        AC
  D:00E0H         SYMBOL        ACC
  B:00E8H.4       SYMBOL        AD0BUSY
  B:00E8H.7       SYMBOL        AD0EN
  B:00E8H.5       SYMBOL        AD0INT
  B:00E8H.0       SYMBOL        AD0LJST
  B:00E8H.2       SYMBOL        AD0STM0
  B:00E8H.3       SYMBOL        AD0STM1
  B:00E8H.6       SYMBOL        AD0TM
  B:00E8H.1       SYMBOL        AD0WINT
  D:00BCH         SYMBOL        ADC0CF
  D:00E8H         SYMBOL        ADC0CN
  D:00C5H         SYMBOL        ADC0GTH
  D:00C4H         SYMBOL        ADC0GTL
  D:00BFH         SYMBOL        ADC0H
  D:00BEH         SYMBOL        ADC0L
  D:00C7H         SYMBOL        ADC0LTH
  D:00C6H         SYMBOL        ADC0LTL
  D:009CH         SYMBOL        ADC1
  D:00ABH         SYMBOL        ADC1CF
  D:00AAH         SYMBOL        ADC1CN
  D:00BAH         SYMBOL        AMX0CF
  D:00BBH         SYMBOL        AMX0SL
  D:00ACH         SYMBOL        AMX1SL
  D:00F0H         SYMBOL        B
  C:0B33H         SYMBOL        BITMASK_TABLE
  N:005AH         SYMBOL        BLINK_TIMER
  N:005BH         SYMBOL        BLINK_TOGGLE
  B:00D8H.0       SYMBOL        CCF0
  B:00D8H.1       SYMBOL        CCF1
  B:00D8H.2       SYMBOL        CCF2
  B:00D8H.3       SYMBOL        CCF3
  B:00D8H.4       SYMBOL        CCF4
  B:00D8H.7       SYMBOL        CF
  D:008EH         SYMBOL        CKCON
  B:00C8H.0       SYMBOL        CPRL2
  D:009EH         SYMBOL        CPT0CN
  D:009FH         SYMBOL        CPT1CN
  B:00D8H.6       SYMBOL        CR
  B:00C8H.1       SYMBOL        CT2
  N:0056H         SYMBOL        CUR_FLR
  B:00D0H.7       SYMBOL        CY
  D:00D4H         SYMBOL        DAC0CN
  D:00D3H         SYMBOL        DAC0H
  D:00D2H         SYMBOL        DAC0L
  D:00D7H         SYMBOL        DAC1CN
  D:00D6H         SYMBOL        DAC1H
  D:00D5H         SYMBOL        DAC1L
  N:0067H         SYMBOL        DEBUG_ON
  D:0083H         SYMBOL        DPH
BL51 BANKED LINKER/LOCATER V6.22.4.0                                                  12/19/2025  20:25:38  PAGE 13


  D:0082H         SYMBOL        DPL
  B:00A8H.7       SYMBOL        EA
  D:00E6H         SYMBOL        EIE1
  D:00E7H         SYMBOL        EIE2
  D:00F6H         SYMBOL        EIP1
  D:00F7H         SYMBOL        EIP2
  N:0022H         SYMBOL        ELEV_ARRIVED
  N:0023H         SYMBOL        ELEV_CLOSE
  N:0064H         SYMBOL        ELEV_DIR
  N:0021H         SYMBOL        ELEV_RUN
  N:0020H         SYMBOL        ELEV_ST
  N:0058H         SYMBOL        ELEV_TARGET
  N:0057H         SYMBOL        ELEV_TIMER
  D:00A3H         SYMBOL        EMI0CF
  D:00AFH         SYMBOL        EMI0CN
  D:00A1H         SYMBOL        EMI0TC
  B:00C0H.6       SYMBOL        ENSMB
  B:00A8H.4       SYMBOL        ES
  B:00A8H.1       SYMBOL        ET0
  B:00A8H.3       SYMBOL        ET1
  B:00A8H.5       SYMBOL        ET2
  B:00A8H.0       SYMBOL        EX0
  B:00A8H.2       SYMBOL        EX1
  B:00C8H.3       SYMBOL        EXEN2
  B:00C8H.6       SYMBOL        EXF2
  N:0063H         SYMBOL        EXT_DN_HI
  N:0062H         SYMBOL        EXT_DN_LO
  N:005FH         SYMBOL        EXT_UP_HI
  N:005EH         SYMBOL        EXT_UP_LO
  B:00D0H.5       SYMBOL        F0
  B:00D0H.1       SYMBOL        F1
  D:00B7H         SYMBOL        FLACL
  D:00B6H         SYMBOL        FLSCL
  D:00A8H         SYMBOL        IE
  B:0088H.1       SYMBOL        IE0
  B:0088H.3       SYMBOL        IE1
  N:0065H         SYMBOL        INPUT_MODE
  N:005DH         SYMBOL        INT_REQ_HI
  N:005CH         SYMBOL        INT_REQ_LO
  D:00B8H         SYMBOL        IP
  B:0088H.0       SYMBOL        IT0
  B:0088H.2       SYMBOL        IT1
  C:0BC8H         SYMBOL        LBL_COPY
  C:0BC5H         SYMBOL        LBL_DEFAULT
  C:0B7DH         SYMBOL        LBL_L1
  C:0B85H         SYMBOL        LBL_L2
  C:0B8DH         SYMBOL        LBL_L3
  C:0B95H         SYMBOL        LBL_L4
  C:0B9DH         SYMBOL        LBL_L5
  C:0BA5H         SYMBOL        LBL_L6
  C:0BADH         SYMBOL        LBL_L7
  C:0BB5H         SYMBOL        LBL_L8
  C:0BBDH         SYMBOL        LBL_L9
  C:0BCCH         SYMBOL        LBL_LOOP
  C:0B6CH         SYMBOL        LED6_EXIT
  B:00F8H.5       SYMBOL        MODF
  B:00F8H.1       SYMBOL        MSTEN
BL51 BANKED LINKER/LOCATER V6.22.4.0                                                  12/19/2025  20:25:38  PAGE 14


  N:0059H         SYMBOL        ONE_SEC_CNT
  N:0011H         SYMBOL        OPT1_ST
  N:0012H         SYMBOL        OPT2_ST
  N:0013H         SYMBOL        OPT3_ST
  N:0001H         SYMBOL        OPT_ST
  D:00B2H         SYMBOL        OSCICN
  D:00B1H         SYMBOL        OSCXCN
  N:0066H         SYMBOL        OUT_SEL_VAL
  B:00D0H.2       SYMBOL        OV
  B:00D0H.0       SYMBOL        P
  D:0080H         SYMBOL        P0
  D:00A4H         SYMBOL        P0MDOUT
  D:0090H         SYMBOL        P1
  D:00BDH         SYMBOL        P1MDIN
  D:00A5H         SYMBOL        P1MDOUT
  D:00A0H         SYMBOL        P2
  D:00A6H         SYMBOL        P2MDOUT
  D:00B0H         SYMBOL        P3
  D:00ADH         SYMBOL        P3IF
  D:00A7H         SYMBOL        P3MDOUT
  D:0084H         SYMBOL        P4
  D:0085H         SYMBOL        P5
  D:0086H         SYMBOL        P6
  D:0096H         SYMBOL        P7
  D:00B5H         SYMBOL        P74OUT
  C:0B39H         SYMBOL        PASSWORD_TABLE
  N:0002H         SYMBOL        PASS_ST
  D:00D8H         SYMBOL        PCA0CN
  D:00FAH         SYMBOL        PCA0CPH0
  D:00FBH         SYMBOL        PCA0CPH1
  D:00FCH         SYMBOL        PCA0CPH2
  D:00FDH         SYMBOL        PCA0CPH3
  D:00FEH         SYMBOL        PCA0CPH4
  D:00EAH         SYMBOL        PCA0CPL0
  D:00EBH         SYMBOL        PCA0CPL1
  D:00ECH         SYMBOL        PCA0CPL2
  D:00EDH         SYMBOL        PCA0CPL3
  D:00EEH         SYMBOL        PCA0CPL4
  D:00DAH         SYMBOL        PCA0CPM0
  D:00DBH         SYMBOL        PCA0CPM1
  D:00DCH         SYMBOL        PCA0CPM2
  D:00DDH         SYMBOL        PCA0CPM3
  D:00DEH         SYMBOL        PCA0CPM4
  D:00F9H         SYMBOL        PCA0H
  D:00E9H         SYMBOL        PCA0L
  D:00D9H         SYMBOL        PCA0MD
  D:0087H         SYMBOL        PCON
  B:00B8H.4       SYMBOL        PS
  D:008FH         SYMBOL        PSCTL
  D:00D0H         SYMBOL        PSW
  B:00B8H.1       SYMBOL        PT0
  B:00B8H.3       SYMBOL        PT1
  B:00B8H.5       SYMBOL        PT2
  B:00B8H.0       SYMBOL        PX0
  B:00B8H.2       SYMBOL        PX1
  B:0098H.2       SYMBOL        RB8
  D:00CBH         SYMBOL        RCAP2H
BL51 BANKED LINKER/LOCATER V6.22.4.0                                                  12/19/2025  20:25:38  PAGE 15


  D:00CAH         SYMBOL        RCAP2L
  D:00E5H         SYMBOL        RCAP4H
  D:00E4H         SYMBOL        RCAP4L
  B:00C8H.5       SYMBOL        RCLK
  D:00D1H         SYMBOL        REF0CN
  B:0098H.4       SYMBOL        REN
  B:0098H.0       SYMBOL        RI
  B:00D0H.3       SYMBOL        RS0
  B:00D0H.4       SYMBOL        RS1
  D:00EFH         SYMBOL        RSTSRC
  N:0000H         SYMBOL        RUN_ST
  B:00F8H.4       SYMBOL        RXOVRN
  D:00A9H         SYMBOL        SADDR0
  D:00F3H         SYMBOL        SADDR1
  D:00B9H         SYMBOL        SADEN0
  D:00AEH         SYMBOL        SADEN1
  D:0099H         SYMBOL        SBUF0
  D:00F2H         SYMBOL        SBUF1
  D:0098H         SYMBOL        SCON0
  D:00F1H         SYMBOL        SCON1
  C:0B0DH         SYMBOL        SEG_TABLE
  B:00C0H.3       SYMBOL        SI
  B:00F8H.2       SYMBOL        SLVSEL
  B:0098H.7       SYMBOL        SM0
  B:0098H.6       SYMBOL        SM1
  B:0098H.5       SYMBOL        SM2
  D:00C3H         SYMBOL        SMB0ADR
  D:00C0H         SYMBOL        SMB0CN
  D:00CFH         SYMBOL        SMB0CR
  D:00C2H         SYMBOL        SMB0DAT
  D:00C1H         SYMBOL        SMB0STA
  B:00C0H.1       SYMBOL        SMBFTE
  B:00C0H.0       SYMBOL        SMBTOE
  D:0081H         SYMBOL        SP
  D:009AH         SYMBOL        SPI0CFG
  D:009DH         SYMBOL        SPI0CKR
  D:00F8H         SYMBOL        SPI0CN
  D:009BH         SYMBOL        SPI0DAT
  B:00F8H.0       SYMBOL        SPIEN
  B:00F8H.7       SYMBOL        SPIF
  B:00C0H.5       SYMBOL        STA
  B:00C0H.4       SYMBOL        STO
  D:00C8H         SYMBOL        T2CON
  D:00C9H         SYMBOL        T4CON
  C:0B07H         SYMBOL        TABLE_DISPLAY_ALL_OFF
  C:0ACBH         SYMBOL        TABLE_DISPLAY_INIT_BLANK
  C:0AD1H         SYMBOL        TABLE_DISPLAY_RUN_BLANK
  C:0AD7H         SYMBOL        TABLE_MENU_MAIN_OPT
  C:0AE3H         SYMBOL        TABLE_OPT1_PROMPT
  C:0AE9H         SYMBOL        TABLE_OPT2_PROMPT
  C:0AEFH         SYMBOL        TABLE_OPT3_PROMPT
  C:0ADDH         SYMBOL        TABLE_OPT_ERR011
  C:0AFBH         SYMBOL        TABLE_PASS_ERROR_FALSEX
  C:0B01H         SYMBOL        TABLE_PASS_ERROR_LOCKED
  C:0AF5H         SYMBOL        TABLE_PASS_PROMPT
  B:0098H.3       SYMBOL        TB8
  B:00C8H.4       SYMBOL        TCLK
BL51 BANKED LINKER/LOCATER V6.22.4.0                                                  12/19/2025  20:25:38  PAGE 16


  D:0088H         SYMBOL        TCON
  B:0088H.5       SYMBOL        TF0
  B:0088H.7       SYMBOL        TF1
  B:00C8H.7       SYMBOL        TF2
  D:008CH         SYMBOL        TH0
  D:008DH         SYMBOL        TH1
  D:00CDH         SYMBOL        TH2
  D:00F5H         SYMBOL        TH4
  B:0098H.1       SYMBOL        TI
  D:008AH         SYMBOL        TL0
  D:008BH         SYMBOL        TL1
  D:00CCH         SYMBOL        TL2
  D:00F4H         SYMBOL        TL4
  D:0089H         SYMBOL        TMOD
  D:0091H         SYMBOL        TMR3CN
  D:0095H         SYMBOL        TMR3H
  D:0094H         SYMBOL        TMR3L
  D:0093H         SYMBOL        TMR3RLH
  D:0092H         SYMBOL        TMR3RLL
  B:0088H.4       SYMBOL        TR0
  B:0088H.6       SYMBOL        TR1
  B:00C8H.2       SYMBOL        TR2
  B:00F8H.3       SYMBOL        TXBSY
  B:00F8H.6       SYMBOL        WCOL
  D:00FFH         SYMBOL        WDTCN
  D:00E1H         SYMBOL        XBR0
  D:00E2H         SYMBOL        XBR1
  D:00E3H         SYMBOL        XBR2
  C:0B3EH         LINE#         14
  C:0B41H         LINE#         15
  C:0B44H         LINE#         17
  C:0B46H         LINE#         18
  C:0B47H         LINE#         19
  C:0B49H         LINE#         20
  C:0B4AH         LINE#         21
  C:0B4BH         LINE#         22
  C:0B4DH         LINE#         24
  C:0B50H         LINE#         25
  C:0B52H         LINE#         26
  C:0B53H         LINE#         27
  C:0B55H         LINE#         29
  C:0B58H         LINE#         30
  C:0B59H         LINE#         31
  C:0B5AH         LINE#         32
  C:0B5BH         LINE#         33
  C:0B5CH         LINE#         35
  C:0B5EH         LINE#         36
  C:0B60H         LINE#         38
  C:0B62H         LINE#         40
  C:0B64H         LINE#         41
  C:0B66H         LINE#         42
  C:0B69H         LINE#         43
  C:0B6CH         LINE#         46
  C:0B6DH         LINE#         62
  C:0B6FH         LINE#         63
  C:0B71H         LINE#         64
  C:0B73H         LINE#         65
BL51 BANKED LINKER/LOCATER V6.22.4.0                                                  12/19/2025  20:25:38  PAGE 17


  C:0B75H         LINE#         68
  C:0B78H         LINE#         69
  C:0B7BH         LINE#         70
  C:0B7DH         LINE#         71
  C:0B80H         LINE#         72
  C:0B83H         LINE#         73
  C:0B85H         LINE#         74
  C:0B88H         LINE#         75
  C:0B8BH         LINE#         76
  C:0B8DH         LINE#         77
  C:0B90H         LINE#         78
  C:0B93H         LINE#         79
  C:0B95H         LINE#         80
  C:0B98H         LINE#         81
  C:0B9BH         LINE#         82
  C:0B9DH         LINE#         83
  C:0BA0H         LINE#         84
  C:0BA3H         LINE#         85
  C:0BA5H         LINE#         86
  C:0BA8H         LINE#         87
  C:0BABH         LINE#         88
  C:0BADH         LINE#         89
  C:0BB0H         LINE#         90
  C:0BB3H         LINE#         91
  C:0BB5H         LINE#         92
  C:0BB8H         LINE#         93
  C:0BBBH         LINE#         94
  C:0BBDH         LINE#         95
  C:0BC0H         LINE#         96
  C:0BC3H         LINE#         97
  C:0BC5H         LINE#         100
  C:0BC8H         LINE#         103
  C:0BCAH         LINE#         104
  C:0BCCH         LINE#         106
  C:0BCDH         LINE#         107
  C:0BCEH         LINE#         108
  C:0BCFH         LINE#         109
  C:0BD0H         LINE#         110
  C:0BD1H         LINE#         111
  C:0BD2H         LINE#         112
  C:0BD5H         LINE#         114
  C:0BD7H         LINE#         115
  C:0BD9H         LINE#         116
  C:0BDBH         LINE#         117
  C:0BDDH         LINE#         118
  -------         ENDMOD        LED6

  -------         MODULE        LCD1602
  C:0EA4H         SEGMENT       LCD1602
  C:0F29H         PUBLIC        LCD_CLEAR
  C:0EDCH         PUBLIC        LCD_INIT
  C:0F2FH         PUBLIC        LCD_SHOW_STR
  C:0F09H         PUBLIC        LCD_WR_CMD
  C:0F12H         PUBLIC        LCD_WR_DAT
  B:00C0H.2       SYMBOL        AA
  B:00D0H.6       SYMBOL        AC
  D:00E0H         SYMBOL        ACC
BL51 BANKED LINKER/LOCATER V6.22.4.0                                                  12/19/2025  20:25:38  PAGE 18


  B:00E8H.4       SYMBOL        AD0BUSY
  B:00E8H.7       SYMBOL        AD0EN
  B:00E8H.5       SYMBOL        AD0INT
  B:00E8H.0       SYMBOL        AD0LJST
  B:00E8H.2       SYMBOL        AD0STM0
  B:00E8H.3       SYMBOL        AD0STM1
  B:00E8H.6       SYMBOL        AD0TM
  B:00E8H.1       SYMBOL        AD0WINT
  D:00BCH         SYMBOL        ADC0CF
  D:00E8H         SYMBOL        ADC0CN
  D:00C5H         SYMBOL        ADC0GTH
  D:00C4H         SYMBOL        ADC0GTL
  D:00BFH         SYMBOL        ADC0H
  D:00BEH         SYMBOL        ADC0L
  D:00C7H         SYMBOL        ADC0LTH
  D:00C6H         SYMBOL        ADC0LTL
  D:009CH         SYMBOL        ADC1
  D:00ABH         SYMBOL        ADC1CF
  D:00AAH         SYMBOL        ADC1CN
  D:00BAH         SYMBOL        AMX0CF
  D:00BBH         SYMBOL        AMX0SL
  D:00ACH         SYMBOL        AMX1SL
  D:00F0H         SYMBOL        B
  B:00D8H.0       SYMBOL        CCF0
  B:00D8H.1       SYMBOL        CCF1
  B:00D8H.2       SYMBOL        CCF2
  B:00D8H.3       SYMBOL        CCF3
  B:00D8H.4       SYMBOL        CCF4
  B:00D8H.7       SYMBOL        CF
  D:008EH         SYMBOL        CKCON
  B:00C8H.0       SYMBOL        CPRL2
  D:009EH         SYMBOL        CPT0CN
  D:009FH         SYMBOL        CPT1CN
  B:00D8H.6       SYMBOL        CR
  B:00C8H.1       SYMBOL        CT2
  B:00D0H.7       SYMBOL        CY
  D:00D4H         SYMBOL        DAC0CN
  D:00D3H         SYMBOL        DAC0H
  D:00D2H         SYMBOL        DAC0L
  D:00D7H         SYMBOL        DAC1CN
  D:00D6H         SYMBOL        DAC1H
  D:00D5H         SYMBOL        DAC1L
  D:0083H         SYMBOL        DPH
  D:0082H         SYMBOL        DPL
  B:00A8H.7       SYMBOL        EA
  D:00E6H         SYMBOL        EIE1
  D:00E7H         SYMBOL        EIE2
  D:00F6H         SYMBOL        EIP1
  D:00F7H         SYMBOL        EIP2
  D:00A3H         SYMBOL        EMI0CF
  D:00AFH         SYMBOL        EMI0CN
  D:00A1H         SYMBOL        EMI0TC
  B:00C0H.6       SYMBOL        ENSMB
  B:00A8H.4       SYMBOL        ES
  B:00A8H.1       SYMBOL        ET0
  B:00A8H.3       SYMBOL        ET1
  B:00A8H.5       SYMBOL        ET2
BL51 BANKED LINKER/LOCATER V6.22.4.0                                                  12/19/2025  20:25:38  PAGE 19


  B:00A8H.0       SYMBOL        EX0
  B:00A8H.2       SYMBOL        EX1
  B:00C8H.3       SYMBOL        EXEN2
  B:00C8H.6       SYMBOL        EXF2
  B:00D0H.5       SYMBOL        F0
  B:00D0H.1       SYMBOL        F1
  D:00B7H         SYMBOL        FLACL
  D:00B6H         SYMBOL        FLSCL
  D:00A8H         SYMBOL        IE
  B:0088H.1       SYMBOL        IE0
  B:0088H.3       SYMBOL        IE1
  D:00B8H         SYMBOL        IP
  B:0088H.0       SYMBOL        IT0
  B:0088H.2       SYMBOL        IT1
  D:00B0H         SYMBOL        LCD_BUS
  C:0ECEH         SYMBOL        LCD_CLR_E
  C:0EB2H         SYMBOL        LCD_CLR_RS
  N:0080H         SYMBOL        LCD_E_MASK
  N:0040H         SYMBOL        LCD_RS_MASK
  C:0EC0H         SYMBOL        LCD_SET_E
  C:0EA4H         SYMBOL        LCD_SET_RS
  C:0F39H         SYMBOL        LCD_STR_END
  C:0F2FH         SYMBOL        LCD_STR_LOOP
  C:0F19H         SYMBOL        LCD_WR_COM
  B:00F8H.5       SYMBOL        MODF
  B:00F8H.1       SYMBOL        MSTEN
  D:00B2H         SYMBOL        OSCICN
  D:00B1H         SYMBOL        OSCXCN
  B:00D0H.2       SYMBOL        OV
  B:00D0H.0       SYMBOL        P
  D:0080H         SYMBOL        P0
  D:00A4H         SYMBOL        P0MDOUT
  D:0090H         SYMBOL        P1
  D:00BDH         SYMBOL        P1MDIN
  D:00A5H         SYMBOL        P1MDOUT
  D:00A0H         SYMBOL        P2
  D:00A6H         SYMBOL        P2MDOUT
  D:00B0H         SYMBOL        P3
  D:00ADH         SYMBOL        P3IF
  D:00A7H         SYMBOL        P3MDOUT
  D:0084H         SYMBOL        P4
  D:00A4H         SYMBOL        P4MDOUT
  D:0085H         SYMBOL        P5
  D:0086H         SYMBOL        P6
  D:0096H         SYMBOL        P7
  D:00B5H         SYMBOL        P74OUT
  D:00D8H         SYMBOL        PCA0CN
  D:00FAH         SYMBOL        PCA0CPH0
  D:00FBH         SYMBOL        PCA0CPH1
  D:00FCH         SYMBOL        PCA0CPH2
  D:00FDH         SYMBOL        PCA0CPH3
  D:00FEH         SYMBOL        PCA0CPH4
  D:00EAH         SYMBOL        PCA0CPL0
  D:00EBH         SYMBOL        PCA0CPL1
  D:00ECH         SYMBOL        PCA0CPL2
  D:00EDH         SYMBOL        PCA0CPL3
  D:00EEH         SYMBOL        PCA0CPL4
BL51 BANKED LINKER/LOCATER V6.22.4.0                                                  12/19/2025  20:25:38  PAGE 20


  D:00DAH         SYMBOL        PCA0CPM0
  D:00DBH         SYMBOL        PCA0CPM1
  D:00DCH         SYMBOL        PCA0CPM2
  D:00DDH         SYMBOL        PCA0CPM3
  D:00DEH         SYMBOL        PCA0CPM4
  D:00F9H         SYMBOL        PCA0H
  D:00E9H         SYMBOL        PCA0L
  D:00D9H         SYMBOL        PCA0MD
  D:0087H         SYMBOL        PCON
  B:00B8H.4       SYMBOL        PS
  D:008FH         SYMBOL        PSCTL
  D:00D0H         SYMBOL        PSW
  B:00B8H.1       SYMBOL        PT0
  B:00B8H.3       SYMBOL        PT1
  B:00B8H.5       SYMBOL        PT2
  B:00B8H.0       SYMBOL        PX0
  B:00B8H.2       SYMBOL        PX1
  B:0098H.2       SYMBOL        RB8
  D:00CBH         SYMBOL        RCAP2H
  D:00CAH         SYMBOL        RCAP2L
  D:00E5H         SYMBOL        RCAP4H
  D:00E4H         SYMBOL        RCAP4L
  B:00C8H.5       SYMBOL        RCLK
  D:00D1H         SYMBOL        REF0CN
  B:0098H.4       SYMBOL        REN
  B:0098H.0       SYMBOL        RI
  B:00D0H.3       SYMBOL        RS0
  B:00D0H.4       SYMBOL        RS1
  D:00EFH         SYMBOL        RSTSRC
  B:00F8H.4       SYMBOL        RXOVRN
  D:00A9H         SYMBOL        SADDR0
  D:00F3H         SYMBOL        SADDR1
  D:00B9H         SYMBOL        SADEN0
  D:00AEH         SYMBOL        SADEN1
  D:0099H         SYMBOL        SBUF0
  D:00F2H         SYMBOL        SBUF1
  D:0098H         SYMBOL        SCON0
  D:00F1H         SYMBOL        SCON1
  D:00F1H         SYMBOL        SFRPAGE
  B:00C0H.3       SYMBOL        SI
  B:00F8H.2       SYMBOL        SLVSEL
  B:0098H.7       SYMBOL        SM0
  B:0098H.6       SYMBOL        SM1
  B:0098H.5       SYMBOL        SM2
  D:00C3H         SYMBOL        SMB0ADR
  D:00C0H         SYMBOL        SMB0CN
  D:00CFH         SYMBOL        SMB0CR
  D:00C2H         SYMBOL        SMB0DAT
  D:00C1H         SYMBOL        SMB0STA
  B:00C0H.1       SYMBOL        SMBFTE
  B:00C0H.0       SYMBOL        SMBTOE
  D:0081H         SYMBOL        SP
  D:009AH         SYMBOL        SPI0CFG
  D:009DH         SYMBOL        SPI0CKR
  D:00F8H         SYMBOL        SPI0CN
  D:009BH         SYMBOL        SPI0DAT
  B:00F8H.0       SYMBOL        SPIEN
BL51 BANKED LINKER/LOCATER V6.22.4.0                                                  12/19/2025  20:25:38  PAGE 21


  B:00F8H.7       SYMBOL        SPIF
  B:00C0H.5       SYMBOL        STA
  B:00C0H.4       SYMBOL        STO
  D:00C8H         SYMBOL        T2CON
  D:00C9H         SYMBOL        T4CON
  B:0098H.3       SYMBOL        TB8
  B:00C8H.4       SYMBOL        TCLK
  D:0088H         SYMBOL        TCON
  B:0088H.5       SYMBOL        TF0
  B:0088H.7       SYMBOL        TF1
  B:00C8H.7       SYMBOL        TF2
  D:008CH         SYMBOL        TH0
  D:008DH         SYMBOL        TH1
  D:00CDH         SYMBOL        TH2
  D:00F5H         SYMBOL        TH4
  B:0098H.1       SYMBOL        TI
  D:008AH         SYMBOL        TL0
  D:008BH         SYMBOL        TL1
  D:00CCH         SYMBOL        TL2
  D:00F4H         SYMBOL        TL4
  D:0089H         SYMBOL        TMOD
  D:0091H         SYMBOL        TMR3CN
  D:0095H         SYMBOL        TMR3H
  D:0094H         SYMBOL        TMR3L
  D:0093H         SYMBOL        TMR3RLH
  D:0092H         SYMBOL        TMR3RLL
  B:0088H.4       SYMBOL        TR0
  B:0088H.6       SYMBOL        TR1
  B:00C8H.2       SYMBOL        TR2
  B:00F8H.3       SYMBOL        TXBSY
  B:00F8H.6       SYMBOL        WCOL
  D:00FFH         SYMBOL        WDTCN
  D:00E1H         SYMBOL        XBR0
  D:00E2H         SYMBOL        XBR1
  D:00E3H         SYMBOL        XBR2
  C:0EA4H         LINE#         24
  C:0EA6H         LINE#         25
  C:0EA9H         LINE#         26
  C:0EACH         LINE#         27
  C:0EAFH         LINE#         28
  C:0EB1H         LINE#         29
  C:0EB2H         LINE#         32
  C:0EB4H         LINE#         33
  C:0EB7H         LINE#         34
  C:0EBAH         LINE#         35
  C:0EBDH         LINE#         36
  C:0EBFH         LINE#         37
  C:0EC0H         LINE#         40
  C:0EC2H         LINE#         41
  C:0EC5H         LINE#         42
  C:0EC8H         LINE#         43
  C:0ECBH         LINE#         44
  C:0ECDH         LINE#         45
  C:0ECEH         LINE#         48
  C:0ED0H         LINE#         49
  C:0ED3H         LINE#         50
  C:0ED6H         LINE#         51
BL51 BANKED LINKER/LOCATER V6.22.4.0                                                  12/19/2025  20:25:38  PAGE 22


  C:0ED9H         LINE#         52
  C:0EDBH         LINE#         53
  C:0EDCH         LINE#         57
  C:0EDFH         LINE#         58
  C:0EE2H         LINE#         59
  C:0EE5H         LINE#         61
  C:0EE7H         LINE#         62
  C:0EEAH         LINE#         63
  C:0EECH         LINE#         64
  C:0EEFH         LINE#         65
  C:0EF1H         LINE#         66
  C:0EF4H         LINE#         67
  C:0EF6H         LINE#         68
  C:0EF9H         LINE#         69
  C:0EFBH         LINE#         70
  C:0EFEH         LINE#         71
  C:0F00H         LINE#         72
  C:0F03H         LINE#         73
  C:0F05H         LINE#         74
  C:0F08H         LINE#         75
  C:0F09H         LINE#         78
  C:0F0BH         LINE#         79
  C:0F0EH         LINE#         80
  C:0F10H         LINE#         81
  C:0F12H         LINE#         83
  C:0F14H         LINE#         84
  C:0F17H         LINE#         85
  C:0F19H         LINE#         87
  C:0F1BH         LINE#         88
  C:0F1EH         LINE#         89
  C:0F1FH         LINE#         90
  C:0F20H         LINE#         91
  C:0F23H         LINE#         92
  C:0F25H         LINE#         93
  C:0F28H         LINE#         94
  C:0F29H         LINE#         97
  C:0F2BH         LINE#         98
  C:0F2EH         LINE#         99
  C:0F2FH         LINE#         103
  C:0F30H         LINE#         104
  C:0F31H         LINE#         105
  C:0F33H         LINE#         106
  C:0F36H         LINE#         107
  C:0F37H         LINE#         108
  C:0F39H         LINE#         110
  -------         ENDMOD        LCD1602

  -------         MODULE        KEYBOARD
  C:0BDEH         SEGMENT       KBD
  C:0BDEH         PUBLIC        MATRIXKEY
  B:00C0H.2       SYMBOL        AA
  B:00D0H.6       SYMBOL        AC
  D:00E0H         SYMBOL        ACC
  B:00E8H.4       SYMBOL        AD0BUSY
  B:00E8H.7       SYMBOL        AD0EN
  B:00E8H.5       SYMBOL        AD0INT
  B:00E8H.0       SYMBOL        AD0LJST
BL51 BANKED LINKER/LOCATER V6.22.4.0                                                  12/19/2025  20:25:38  PAGE 23


  B:00E8H.2       SYMBOL        AD0STM0
  B:00E8H.3       SYMBOL        AD0STM1
  B:00E8H.6       SYMBOL        AD0TM
  B:00E8H.1       SYMBOL        AD0WINT
  D:00BCH         SYMBOL        ADC0CF
  D:00E8H         SYMBOL        ADC0CN
  D:00C5H         SYMBOL        ADC0GTH
  D:00C4H         SYMBOL        ADC0GTL
  D:00BFH         SYMBOL        ADC0H
  D:00BEH         SYMBOL        ADC0L
  D:00C7H         SYMBOL        ADC0LTH
  D:00C6H         SYMBOL        ADC0LTL
  D:009CH         SYMBOL        ADC1
  D:00ABH         SYMBOL        ADC1CF
  D:00AAH         SYMBOL        ADC1CN
  D:00BAH         SYMBOL        AMX0CF
  D:00BBH         SYMBOL        AMX0SL
  D:00ACH         SYMBOL        AMX1SL
  D:00F0H         SYMBOL        B
  B:00D8H.0       SYMBOL        CCF0
  B:00D8H.1       SYMBOL        CCF1
  B:00D8H.2       SYMBOL        CCF2
  B:00D8H.3       SYMBOL        CCF3
  B:00D8H.4       SYMBOL        CCF4
  B:00D8H.7       SYMBOL        CF
  D:008EH         SYMBOL        CKCON
  B:00C8H.0       SYMBOL        CPRL2
  D:009EH         SYMBOL        CPT0CN
  D:009FH         SYMBOL        CPT1CN
  B:00D8H.6       SYMBOL        CR
  B:00C8H.1       SYMBOL        CT2
  B:00D0H.7       SYMBOL        CY
  D:00D4H         SYMBOL        DAC0CN
  D:00D3H         SYMBOL        DAC0H
  D:00D2H         SYMBOL        DAC0L
  D:00D7H         SYMBOL        DAC1CN
  D:00D6H         SYMBOL        DAC1H
  D:00D5H         SYMBOL        DAC1L
  D:0083H         SYMBOL        DPH
  D:0082H         SYMBOL        DPL
  B:00A8H.7       SYMBOL        EA
  D:00E6H         SYMBOL        EIE1
  D:00E7H         SYMBOL        EIE2
  D:00F6H         SYMBOL        EIP1
  D:00F7H         SYMBOL        EIP2
  D:00A3H         SYMBOL        EMI0CF
  D:00AFH         SYMBOL        EMI0CN
  D:00A1H         SYMBOL        EMI0TC
  B:00C0H.6       SYMBOL        ENSMB
  B:00A8H.4       SYMBOL        ES
  B:00A8H.1       SYMBOL        ET0
  B:00A8H.3       SYMBOL        ET1
  B:00A8H.5       SYMBOL        ET2
  B:00A8H.0       SYMBOL        EX0
  B:00A8H.2       SYMBOL        EX1
  B:00C8H.3       SYMBOL        EXEN2
  B:00C8H.6       SYMBOL        EXF2
BL51 BANKED LINKER/LOCATER V6.22.4.0                                                  12/19/2025  20:25:38  PAGE 24


  B:00D0H.5       SYMBOL        F0
  B:00D0H.1       SYMBOL        F1
  D:00B7H         SYMBOL        FLACL
  D:00B6H         SYMBOL        FLSCL
  D:00A8H         SYMBOL        IE
  B:0088H.1       SYMBOL        IE0
  B:0088H.3       SYMBOL        IE1
  D:00B8H         SYMBOL        IP
  B:0088H.0       SYMBOL        IT0
  B:0088H.2       SYMBOL        IT1
  C:0BEBH         SYMBOL        MK_SK1
  C:0C2BH         SYMBOL        MK_SK10
  C:0C31H         SYMBOL        MK_SK11
  C:0C37H         SYMBOL        MK_SK12
  C:0C42H         SYMBOL        MK_SK13
  C:0C48H         SYMBOL        MK_SK14
  C:0C4EH         SYMBOL        MK_SK15
  C:0C54H         SYMBOL        MK_SK16
  C:0BF1H         SYMBOL        MK_SK2
  C:0BF7H         SYMBOL        MK_SK3
  C:0BFDH         SYMBOL        MK_SK4
  C:0C08H         SYMBOL        MK_SK5
  C:0C0EH         SYMBOL        MK_SK6
  C:0C14H         SYMBOL        MK_SK7
  C:0C1AH         SYMBOL        MK_SK8
  C:0C25H         SYMBOL        MK_SK9
  B:00F8H.5       SYMBOL        MODF
  B:00F8H.1       SYMBOL        MSTEN
  C:0C8EH         SYMBOL        MXK_10_CHECK
  C:0CB2H         SYMBOL        MXK_11_CHECK
  C:0CD6H         SYMBOL        MXK_12_CHECK
  C:0C73H         SYMBOL        MXK_13_CHECK
  C:0C97H         SYMBOL        MXK_14_CHECK
  C:0CBBH         SYMBOL        MXK_15_CHECK
  C:0CDFH         SYMBOL        MXK_16_CHECK
  C:0C58H         SYMBOL        MXK_1_CHECK
  C:0C7CH         SYMBOL        MXK_2_CHECK
  C:0CA0H         SYMBOL        MXK_3_CHECK
  C:0CC4H         SYMBOL        MXK_4_CHECK
  C:0C61H         SYMBOL        MXK_5_CHECK
  C:0C85H         SYMBOL        MXK_6_CHECK
  C:0CA9H         SYMBOL        MXK_7_CHECK
  C:0CCDH         SYMBOL        MXK_8_CHECK
  C:0C6AH         SYMBOL        MXK_9_CHECK
  D:00B2H         SYMBOL        OSCICN
  D:00B1H         SYMBOL        OSCXCN
  B:00D0H.2       SYMBOL        OV
  B:00D0H.0       SYMBOL        P
  D:0080H         SYMBOL        P0
  D:00A4H         SYMBOL        P0MDOUT
  D:0090H         SYMBOL        P1
  D:00BDH         SYMBOL        P1MDIN
  D:00A5H         SYMBOL        P1MDOUT
  D:00A0H         SYMBOL        P2
  D:00A6H         SYMBOL        P2MDOUT
  D:00B0H         SYMBOL        P3
  D:00ADH         SYMBOL        P3IF
BL51 BANKED LINKER/LOCATER V6.22.4.0                                                  12/19/2025  20:25:38  PAGE 25


  D:00A7H         SYMBOL        P3MDOUT
  D:0084H         SYMBOL        P4
  D:0085H         SYMBOL        P5
  D:0086H         SYMBOL        P6
  D:0096H         SYMBOL        P7
  D:00B5H         SYMBOL        P74OUT
  D:00D8H         SYMBOL        PCA0CN
  D:00FAH         SYMBOL        PCA0CPH0
  D:00FBH         SYMBOL        PCA0CPH1
  D:00FCH         SYMBOL        PCA0CPH2
  D:00FDH         SYMBOL        PCA0CPH3
  D:00FEH         SYMBOL        PCA0CPH4
  D:00EAH         SYMBOL        PCA0CPL0
  D:00EBH         SYMBOL        PCA0CPL1
  D:00ECH         SYMBOL        PCA0CPL2
  D:00EDH         SYMBOL        PCA0CPL3
  D:00EEH         SYMBOL        PCA0CPL4
  D:00DAH         SYMBOL        PCA0CPM0
  D:00DBH         SYMBOL        PCA0CPM1
  D:00DCH         SYMBOL        PCA0CPM2
  D:00DDH         SYMBOL        PCA0CPM3
  D:00DEH         SYMBOL        PCA0CPM4
  D:00F9H         SYMBOL        PCA0H
  D:00E9H         SYMBOL        PCA0L
  D:00D9H         SYMBOL        PCA0MD
  D:0087H         SYMBOL        PCON
  B:00B8H.4       SYMBOL        PS
  D:008FH         SYMBOL        PSCTL
  D:00D0H         SYMBOL        PSW
  B:00B8H.1       SYMBOL        PT0
  B:00B8H.3       SYMBOL        PT1
  B:00B8H.5       SYMBOL        PT2
  B:00B8H.0       SYMBOL        PX0
  B:00B8H.2       SYMBOL        PX1
  B:0098H.2       SYMBOL        RB8
  D:00CBH         SYMBOL        RCAP2H
  D:00CAH         SYMBOL        RCAP2L
  D:00E5H         SYMBOL        RCAP4H
  D:00E4H         SYMBOL        RCAP4L
  B:00C8H.5       SYMBOL        RCLK
  D:00D1H         SYMBOL        REF0CN
  B:0098H.4       SYMBOL        REN
  B:0098H.0       SYMBOL        RI
  B:00D0H.3       SYMBOL        RS0
  B:00D0H.4       SYMBOL        RS1
  D:00EFH         SYMBOL        RSTSRC
  B:00F8H.4       SYMBOL        RXOVRN
  D:00A9H         SYMBOL        SADDR0
  D:00F3H         SYMBOL        SADDR1
  D:00B9H         SYMBOL        SADEN0
  D:00AEH         SYMBOL        SADEN1
  D:0099H         SYMBOL        SBUF0
  D:00F2H         SYMBOL        SBUF1
  D:0098H         SYMBOL        SCON0
  D:00F1H         SYMBOL        SCON1
  B:00C0H.3       SYMBOL        SI
  B:00F8H.2       SYMBOL        SLVSEL
BL51 BANKED LINKER/LOCATER V6.22.4.0                                                  12/19/2025  20:25:38  PAGE 26


  B:0098H.7       SYMBOL        SM0
  B:0098H.6       SYMBOL        SM1
  B:0098H.5       SYMBOL        SM2
  D:00C3H         SYMBOL        SMB0ADR
  D:00C0H         SYMBOL        SMB0CN
  D:00CFH         SYMBOL        SMB0CR
  D:00C2H         SYMBOL        SMB0DAT
  D:00C1H         SYMBOL        SMB0STA
  B:00C0H.1       SYMBOL        SMBFTE
  B:00C0H.0       SYMBOL        SMBTOE
  D:0081H         SYMBOL        SP
  D:009AH         SYMBOL        SPI0CFG
  D:009DH         SYMBOL        SPI0CKR
  D:00F8H         SYMBOL        SPI0CN
  D:009BH         SYMBOL        SPI0DAT
  B:00F8H.0       SYMBOL        SPIEN
  B:00F8H.7       SYMBOL        SPIF
  B:00C0H.5       SYMBOL        STA
  B:00C0H.4       SYMBOL        STO
  D:00C8H         SYMBOL        T2CON
  D:00C9H         SYMBOL        T4CON
  B:0098H.3       SYMBOL        TB8
  B:00C8H.4       SYMBOL        TCLK
  D:0088H         SYMBOL        TCON
  B:0088H.5       SYMBOL        TF0
  B:0088H.7       SYMBOL        TF1
  B:00C8H.7       SYMBOL        TF2
  D:008CH         SYMBOL        TH0
  D:008DH         SYMBOL        TH1
  D:00CDH         SYMBOL        TH2
  D:00F5H         SYMBOL        TH4
  B:0098H.1       SYMBOL        TI
  D:008AH         SYMBOL        TL0
  D:008BH         SYMBOL        TL1
  D:00CCH         SYMBOL        TL2
  D:00F4H         SYMBOL        TL4
  D:0089H         SYMBOL        TMOD
  D:0091H         SYMBOL        TMR3CN
  D:0095H         SYMBOL        TMR3H
  D:0094H         SYMBOL        TMR3L
  D:0093H         SYMBOL        TMR3RLH
  D:0092H         SYMBOL        TMR3RLL
  B:0088H.4       SYMBOL        TR0
  B:0088H.6       SYMBOL        TR1
  B:00C8H.2       SYMBOL        TR2
  B:00F8H.3       SYMBOL        TXBSY
  B:00F8H.6       SYMBOL        WCOL
  D:00FFH         SYMBOL        WDTCN
  D:00E1H         SYMBOL        XBR0
  D:00E2H         SYMBOL        XBR1
  D:00E3H         SYMBOL        XBR2
  C:0BDEH         LINE#         11
  C:0BE0H         LINE#         12
  C:0BE3H         LINE#         14
  C:0BE5H         LINE#         15
  C:0BE8H         LINE#         16
  C:0BEBH         LINE#         18
BL51 BANKED LINKER/LOCATER V6.22.4.0                                                  12/19/2025  20:25:38  PAGE 27


  C:0BEEH         LINE#         19
  C:0BF1H         LINE#         21
  C:0BF4H         LINE#         22
  C:0BF7H         LINE#         24
  C:0BFAH         LINE#         25
  C:0BFDH         LINE#         27
  C:0C00H         LINE#         29
  C:0C02H         LINE#         30
  C:0C05H         LINE#         31
  C:0C08H         LINE#         33
  C:0C0BH         LINE#         34
  C:0C0EH         LINE#         36
  C:0C11H         LINE#         37
  C:0C14H         LINE#         39
  C:0C17H         LINE#         40
  C:0C1AH         LINE#         42
  C:0C1DH         LINE#         44
  C:0C1FH         LINE#         45
  C:0C22H         LINE#         46
  C:0C25H         LINE#         48
  C:0C28H         LINE#         49
  C:0C2BH         LINE#         51
  C:0C2EH         LINE#         52
  C:0C31H         LINE#         54
  C:0C34H         LINE#         55
  C:0C37H         LINE#         57
  C:0C3AH         LINE#         59
  C:0C3CH         LINE#         60
  C:0C3FH         LINE#         61
  C:0C42H         LINE#         63
  C:0C45H         LINE#         64
  C:0C48H         LINE#         66
  C:0C4BH         LINE#         67
  C:0C4EH         LINE#         69
  C:0C51H         LINE#         70
  C:0C54H         LINE#         72
  C:0C57H         LINE#         73
  C:0C58H         LINE#         76
  C:0C5AH         LINE#         77
  C:0C5DH         LINE#         78
  C:0C60H         LINE#         79
  C:0C61H         LINE#         81
  C:0C63H         LINE#         82
  C:0C66H         LINE#         83
  C:0C69H         LINE#         84
  C:0C6AH         LINE#         86
  C:0C6CH         LINE#         87
  C:0C6FH         LINE#         88
  C:0C72H         LINE#         89
  C:0C73H         LINE#         91
  C:0C75H         LINE#         92
  C:0C78H         LINE#         93
  C:0C7BH         LINE#         94
  C:0C7CH         LINE#         96
  C:0C7EH         LINE#         97
  C:0C81H         LINE#         98
  C:0C84H         LINE#         99
BL51 BANKED LINKER/LOCATER V6.22.4.0                                                  12/19/2025  20:25:38  PAGE 28


  C:0C85H         LINE#         101
  C:0C87H         LINE#         102
  C:0C8AH         LINE#         103
  C:0C8DH         LINE#         104
  C:0C8EH         LINE#         106
  C:0C90H         LINE#         107
  C:0C93H         LINE#         108
  C:0C96H         LINE#         109
  C:0C97H         LINE#         111
  C:0C99H         LINE#         112
  C:0C9CH         LINE#         113
  C:0C9FH         LINE#         114
  C:0CA0H         LINE#         116
  C:0CA2H         LINE#         117
  C:0CA5H         LINE#         118
  C:0CA8H         LINE#         119
  C:0CA9H         LINE#         121
  C:0CABH         LINE#         122
  C:0CAEH         LINE#         123
  C:0CB1H         LINE#         124
  C:0CB2H         LINE#         126
  C:0CB4H         LINE#         127
  C:0CB7H         LINE#         128
  C:0CBAH         LINE#         129
  C:0CBBH         LINE#         131
  C:0CBDH         LINE#         132
  C:0CC0H         LINE#         133
  C:0CC3H         LINE#         134
  C:0CC4H         LINE#         136
  C:0CC6H         LINE#         137
  C:0CC9H         LINE#         138
  C:0CCCH         LINE#         139
  C:0CCDH         LINE#         141
  C:0CCFH         LINE#         142
  C:0CD2H         LINE#         143
  C:0CD5H         LINE#         144
  C:0CD6H         LINE#         146
  C:0CD8H         LINE#         147
  C:0CDBH         LINE#         148
  C:0CDEH         LINE#         149
  C:0CDFH         LINE#         151
  C:0CE1H         LINE#         152
  C:0CE4H         LINE#         153
  C:0CE7H         LINE#         154
  -------         ENDMOD        KEYBOARD

  -------         MODULE        TIMER0
  C:0DE3H         SEGMENT       TMR0
  C:0DE3H         PUBLIC        TIMER0_INIT
  C:0DECH         PUBLIC        TIMER0_ISR
  B:00C0H.2       SYMBOL        AA
  B:00D0H.6       SYMBOL        AC
  D:00E0H         SYMBOL        ACC
  B:00E8H.4       SYMBOL        AD0BUSY
  B:00E8H.7       SYMBOL        AD0EN
  B:00E8H.5       SYMBOL        AD0INT
  B:00E8H.0       SYMBOL        AD0LJST
BL51 BANKED LINKER/LOCATER V6.22.4.0                                                  12/19/2025  20:25:38  PAGE 29


  B:00E8H.2       SYMBOL        AD0STM0
  B:00E8H.3       SYMBOL        AD0STM1
  B:00E8H.6       SYMBOL        AD0TM
  B:00E8H.1       SYMBOL        AD0WINT
  D:00BCH         SYMBOL        ADC0CF
  D:00E8H         SYMBOL        ADC0CN
  D:00C5H         SYMBOL        ADC0GTH
  D:00C4H         SYMBOL        ADC0GTL
  D:00BFH         SYMBOL        ADC0H
  D:00BEH         SYMBOL        ADC0L
  D:00C7H         SYMBOL        ADC0LTH
  D:00C6H         SYMBOL        ADC0LTL
  D:009CH         SYMBOL        ADC1
  D:00ABH         SYMBOL        ADC1CF
  D:00AAH         SYMBOL        ADC1CN
  D:00BAH         SYMBOL        AMX0CF
  D:00BBH         SYMBOL        AMX0SL
  D:00ACH         SYMBOL        AMX1SL
  D:00F0H         SYMBOL        B
  B:00D8H.0       SYMBOL        CCF0
  B:00D8H.1       SYMBOL        CCF1
  B:00D8H.2       SYMBOL        CCF2
  B:00D8H.3       SYMBOL        CCF3
  B:00D8H.4       SYMBOL        CCF4
  B:00D8H.7       SYMBOL        CF
  D:008EH         SYMBOL        CKCON
  B:00C8H.0       SYMBOL        CPRL2
  D:009EH         SYMBOL        CPT0CN
  D:009FH         SYMBOL        CPT1CN
  B:00D8H.6       SYMBOL        CR
  B:00C8H.1       SYMBOL        CT2
  B:00D0H.7       SYMBOL        CY
  D:00D4H         SYMBOL        DAC0CN
  D:00D3H         SYMBOL        DAC0H
  D:00D2H         SYMBOL        DAC0L
  D:00D7H         SYMBOL        DAC1CN
  D:00D6H         SYMBOL        DAC1H
  D:00D5H         SYMBOL        DAC1L
  D:0083H         SYMBOL        DPH
  D:0082H         SYMBOL        DPL
  B:00A8H.7       SYMBOL        EA
  D:00E6H         SYMBOL        EIE1
  D:00E7H         SYMBOL        EIE2
  D:00F6H         SYMBOL        EIP1
  D:00F7H         SYMBOL        EIP2
  D:00A3H         SYMBOL        EMI0CF
  D:00AFH         SYMBOL        EMI0CN
  D:00A1H         SYMBOL        EMI0TC
  B:00C0H.6       SYMBOL        ENSMB
  B:00A8H.4       SYMBOL        ES
  B:00A8H.1       SYMBOL        ET0
  B:00A8H.3       SYMBOL        ET1
  B:00A8H.5       SYMBOL        ET2
  B:00A8H.0       SYMBOL        EX0
  B:00A8H.2       SYMBOL        EX1
  B:00C8H.3       SYMBOL        EXEN2
  B:00C8H.6       SYMBOL        EXF2
BL51 BANKED LINKER/LOCATER V6.22.4.0                                                  12/19/2025  20:25:38  PAGE 30


  B:00D0H.5       SYMBOL        F0
  B:00D0H.1       SYMBOL        F1
  D:00B7H         SYMBOL        FLACL
  D:00B6H         SYMBOL        FLSCL
  D:00A8H         SYMBOL        IE
  B:0088H.1       SYMBOL        IE0
  B:0088H.3       SYMBOL        IE1
  D:00B8H         SYMBOL        IP
  B:0088H.0       SYMBOL        IT0
  B:0088H.2       SYMBOL        IT1
  B:00F8H.5       SYMBOL        MODF
  B:00F8H.1       SYMBOL        MSTEN
  D:00B2H         SYMBOL        OSCICN
  D:00B1H         SYMBOL        OSCXCN
  B:00D0H.2       SYMBOL        OV
  B:00D0H.0       SYMBOL        P
  D:0080H         SYMBOL        P0
  D:00A4H         SYMBOL        P0MDOUT
  D:0090H         SYMBOL        P1
  D:00BDH         SYMBOL        P1MDIN
  D:00A5H         SYMBOL        P1MDOUT
  D:00A0H         SYMBOL        P2
  D:00A6H         SYMBOL        P2MDOUT
  D:00B0H         SYMBOL        P3
  D:00ADH         SYMBOL        P3IF
  D:00A7H         SYMBOL        P3MDOUT
  D:0084H         SYMBOL        P4
  D:0085H         SYMBOL        P5
  D:0086H         SYMBOL        P6
  D:0096H         SYMBOL        P7
  D:00B5H         SYMBOL        P74OUT
  D:00D8H         SYMBOL        PCA0CN
  D:00FAH         SYMBOL        PCA0CPH0
  D:00FBH         SYMBOL        PCA0CPH1
  D:00FCH         SYMBOL        PCA0CPH2
  D:00FDH         SYMBOL        PCA0CPH3
  D:00FEH         SYMBOL        PCA0CPH4
  D:00EAH         SYMBOL        PCA0CPL0
  D:00EBH         SYMBOL        PCA0CPL1
  D:00ECH         SYMBOL        PCA0CPL2
  D:00EDH         SYMBOL        PCA0CPL3
  D:00EEH         SYMBOL        PCA0CPL4
  D:00DAH         SYMBOL        PCA0CPM0
  D:00DBH         SYMBOL        PCA0CPM1
  D:00DCH         SYMBOL        PCA0CPM2
  D:00DDH         SYMBOL        PCA0CPM3
  D:00DEH         SYMBOL        PCA0CPM4
  D:00F9H         SYMBOL        PCA0H
  D:00E9H         SYMBOL        PCA0L
  D:00D9H         SYMBOL        PCA0MD
  D:0087H         SYMBOL        PCON
  B:00B8H.4       SYMBOL        PS
  D:008FH         SYMBOL        PSCTL
  D:00D0H         SYMBOL        PSW
  B:00B8H.1       SYMBOL        PT0
  B:00B8H.3       SYMBOL        PT1
  B:00B8H.5       SYMBOL        PT2
BL51 BANKED LINKER/LOCATER V6.22.4.0                                                  12/19/2025  20:25:38  PAGE 31


  B:00B8H.0       SYMBOL        PX0
  B:00B8H.2       SYMBOL        PX1
  B:0098H.2       SYMBOL        RB8
  D:00CBH         SYMBOL        RCAP2H
  D:00CAH         SYMBOL        RCAP2L
  D:00E5H         SYMBOL        RCAP4H
  D:00E4H         SYMBOL        RCAP4L
  B:00C8H.5       SYMBOL        RCLK
  D:00D1H         SYMBOL        REF0CN
  B:0098H.4       SYMBOL        REN
  B:0098H.0       SYMBOL        RI
  B:00D0H.3       SYMBOL        RS0
  B:00D0H.4       SYMBOL        RS1
  D:00EFH         SYMBOL        RSTSRC
  B:00F8H.4       SYMBOL        RXOVRN
  D:00A9H         SYMBOL        SADDR0
  D:00F3H         SYMBOL        SADDR1
  D:00B9H         SYMBOL        SADEN0
  D:00AEH         SYMBOL        SADEN1
  D:0099H         SYMBOL        SBUF0
  D:00F2H         SYMBOL        SBUF1
  D:0098H         SYMBOL        SCON0
  D:00F1H         SYMBOL        SCON1
  B:00C0H.3       SYMBOL        SI
  B:00F8H.2       SYMBOL        SLVSEL
  B:0098H.7       SYMBOL        SM0
  B:0098H.6       SYMBOL        SM1
  B:0098H.5       SYMBOL        SM2
  D:00C3H         SYMBOL        SMB0ADR
  D:00C0H         SYMBOL        SMB0CN
  D:00CFH         SYMBOL        SMB0CR
  D:00C2H         SYMBOL        SMB0DAT
  D:00C1H         SYMBOL        SMB0STA
  B:00C0H.1       SYMBOL        SMBFTE
  B:00C0H.0       SYMBOL        SMBTOE
  D:0081H         SYMBOL        SP
  D:009AH         SYMBOL        SPI0CFG
  D:009DH         SYMBOL        SPI0CKR
  D:00F8H         SYMBOL        SPI0CN
  D:009BH         SYMBOL        SPI0DAT
  B:00F8H.0       SYMBOL        SPIEN
  B:00F8H.7       SYMBOL        SPIF
  B:00C0H.5       SYMBOL        STA
  B:00C0H.4       SYMBOL        STO
  C:0E30H         SYMBOL        T0_CHK_ARR
  C:0E35H         SYMBOL        T0_CHK_CLS
  C:0E5CH         SYMBOL        T0_CHK_DOWN
  C:0E84H         SYMBOL        T0_CHK_END_ARR
  C:0E95H         SYMBOL        T0_CHK_END_CLS
  C:0E69H         SYMBOL        T0_CHK_TIMER_NZ
  C:0E38H         SYMBOL        T0_DO_TIMING
  C:0E29H         SYMBOL        T0_ELEV_TIMING
  C:0E9DH         SYMBOL        T0_EXIT
  C:0E06H         SYMBOL        T0_INC
  C:0DFFH         SYMBOL        T0_KEY_HELD
  C:0E11H         SYMBOL        T0_LONG_REACHED
  C:0E6DH         SYMBOL        T0_TIME_UP_HANDLE
BL51 BANKED LINKER/LOCATER V6.22.4.0                                                  12/19/2025  20:25:38  PAGE 32


  C:0E67H         SYMBOL        T0_UPD_FLR
  D:00C8H         SYMBOL        T2CON
  D:00C9H         SYMBOL        T4CON
  B:0098H.3       SYMBOL        TB8
  B:00C8H.4       SYMBOL        TCLK
  D:0088H         SYMBOL        TCON
  B:0088H.5       SYMBOL        TF0
  B:0088H.7       SYMBOL        TF1
  B:00C8H.7       SYMBOL        TF2
  D:008CH         SYMBOL        TH0
  D:008DH         SYMBOL        TH1
  D:00CDH         SYMBOL        TH2
  D:00F5H         SYMBOL        TH4
  B:0098H.1       SYMBOL        TI
  D:008AH         SYMBOL        TL0
  D:008BH         SYMBOL        TL1
  D:00CCH         SYMBOL        TL2
  D:00F4H         SYMBOL        TL4
  D:0089H         SYMBOL        TMOD
  D:0091H         SYMBOL        TMR3CN
  D:0095H         SYMBOL        TMR3H
  D:0094H         SYMBOL        TMR3L
  D:0093H         SYMBOL        TMR3RLH
  D:0092H         SYMBOL        TMR3RLL
  B:0088H.4       SYMBOL        TR0
  B:0088H.6       SYMBOL        TR1
  B:00C8H.2       SYMBOL        TR2
  B:00F8H.3       SYMBOL        TXBSY
  B:00F8H.6       SYMBOL        WCOL
  D:00FFH         SYMBOL        WDTCN
  D:00E1H         SYMBOL        XBR0
  D:00E2H         SYMBOL        XBR1
  D:00E3H         SYMBOL        XBR2
  C:0DE3H         LINE#         9
  C:0DE6H         LINE#         10
  C:0DE9H         LINE#         11
  C:0DEBH         LINE#         12
  C:0DECH         LINE#         15
  C:0DEEH         LINE#         16
  C:0DF0H         LINE#         17
  C:0DF2H         LINE#         19
  C:0DF5H         LINE#         20
  C:0DF8H         LINE#         22
  C:0DFAH         LINE#         23
  C:0DFDH         LINE#         24
  C:0DFFH         LINE#         27
  C:0E01H         LINE#         28
  C:0E04H         LINE#         29
  C:0E06H         LINE#         31
  C:0E08H         LINE#         32
  C:0E0AH         LINE#         33
  C:0E0BH         LINE#         34
  C:0E0DH         LINE#         35
  C:0E0FH         LINE#         36
  C:0E11H         LINE#         39
  C:0E13H         LINE#         40
  C:0E16H         LINE#         41
BL51 BANKED LINKER/LOCATER V6.22.4.0                                                  12/19/2025  20:25:38  PAGE 33


  C:0E18H         LINE#         42
  C:0E1AH         LINE#         43
  C:0E1CH         LINE#         44
  C:0E1EH         LINE#         45
  C:0E21H         LINE#         46
  C:0E24H         LINE#         47
  C:0E27H         LINE#         48
  C:0E29H         LINE#         52
  C:0E2BH         LINE#         53
  C:0E2EH         LINE#         54
  C:0E30H         LINE#         56
  C:0E33H         LINE#         57
  C:0E35H         LINE#         59
  C:0E38H         LINE#         62
  C:0E3AH         LINE#         63
  C:0E3CH         LINE#         64
  C:0E3FH         LINE#         65
  C:0E42H         LINE#         66
  C:0E44H         LINE#         67
  C:0E46H         LINE#         68
  C:0E48H         LINE#         71
  C:0E4AH         LINE#         72
  C:0E4DH         LINE#         75
  C:0E4FH         LINE#         76
  C:0E52H         LINE#         78
  C:0E54H         LINE#         79
  C:0E55H         LINE#         80
  C:0E58H         LINE#         81
  C:0E5AH         LINE#         82
  C:0E5CH         LINE#         85
  C:0E5FH         LINE#         87
  C:0E61H         LINE#         88
  C:0E62H         LINE#         89
  C:0E65H         LINE#         90
  C:0E67H         LINE#         93
  C:0E69H         LINE#         96
  C:0E6BH         LINE#         97
  C:0E6DH         LINE#         100
  C:0E6FH         LINE#         101
  C:0E72H         LINE#         103
  C:0E75H         LINE#         104
  C:0E78H         LINE#         105
  C:0E7BH         LINE#         106
  C:0E7DH         LINE#         107
  C:0E7FH         LINE#         108
  C:0E82H         LINE#         109
  C:0E84H         LINE#         112
  C:0E87H         LINE#         114
  C:0E8AH         LINE#         115
  C:0E8DH         LINE#         116
  C:0E90H         LINE#         117
  C:0E93H         LINE#         118
  C:0E95H         LINE#         122
  C:0E98H         LINE#         123
  C:0E9BH         LINE#         124
  C:0E9DH         LINE#         127
  C:0E9FH         LINE#         128
BL51 BANKED LINKER/LOCATER V6.22.4.0                                                  12/19/2025  20:25:38  PAGE 34


  C:0EA1H         LINE#         129
  C:0EA3H         LINE#         130
  -------         ENDMOD        TIMER0

  -------         MODULE        TIMER1
  C:0F94H         SEGMENT       TMR1
  C:0F94H         PUBLIC        TIMER1_INIT
  C:0FA3H         PUBLIC        TIMER1_ISR
  B:00C0H.2       SYMBOL        AA
  B:00D0H.6       SYMBOL        AC
  D:00E0H         SYMBOL        ACC
  B:00E8H.4       SYMBOL        AD0BUSY
  B:00E8H.7       SYMBOL        AD0EN
  B:00E8H.5       SYMBOL        AD0INT
  B:00E8H.0       SYMBOL        AD0LJST
  B:00E8H.2       SYMBOL        AD0STM0
  B:00E8H.3       SYMBOL        AD0STM1
  B:00E8H.6       SYMBOL        AD0TM
  B:00E8H.1       SYMBOL        AD0WINT
  D:00BCH         SYMBOL        ADC0CF
  D:00E8H         SYMBOL        ADC0CN
  D:00C5H         SYMBOL        ADC0GTH
  D:00C4H         SYMBOL        ADC0GTL
  D:00BFH         SYMBOL        ADC0H
  D:00BEH         SYMBOL        ADC0L
  D:00C7H         SYMBOL        ADC0LTH
  D:00C6H         SYMBOL        ADC0LTL
  D:009CH         SYMBOL        ADC1
  D:00ABH         SYMBOL        ADC1CF
  D:00AAH         SYMBOL        ADC1CN
  D:00BAH         SYMBOL        AMX0CF
  D:00BBH         SYMBOL        AMX0SL
  D:00ACH         SYMBOL        AMX1SL
  D:00F0H         SYMBOL        B
  B:00D8H.0       SYMBOL        CCF0
  B:00D8H.1       SYMBOL        CCF1
  B:00D8H.2       SYMBOL        CCF2
  B:00D8H.3       SYMBOL        CCF3
  B:00D8H.4       SYMBOL        CCF4
  B:00D8H.7       SYMBOL        CF
  D:008EH         SYMBOL        CKCON
  B:00C8H.0       SYMBOL        CPRL2
  D:009EH         SYMBOL        CPT0CN
  D:009FH         SYMBOL        CPT1CN
  B:00D8H.6       SYMBOL        CR
  B:00C8H.1       SYMBOL        CT2
  B:00D0H.7       SYMBOL        CY
  D:00D4H         SYMBOL        DAC0CN
  D:00D3H         SYMBOL        DAC0H
  D:00D2H         SYMBOL        DAC0L
  D:00D7H         SYMBOL        DAC1CN
  D:00D6H         SYMBOL        DAC1H
  D:00D5H         SYMBOL        DAC1L
  D:0083H         SYMBOL        DPH
  D:0082H         SYMBOL        DPL
  B:00A8H.7       SYMBOL        EA
  D:00E6H         SYMBOL        EIE1
BL51 BANKED LINKER/LOCATER V6.22.4.0                                                  12/19/2025  20:25:38  PAGE 35


  D:00E7H         SYMBOL        EIE2
  D:00F6H         SYMBOL        EIP1
  D:00F7H         SYMBOL        EIP2
  D:00A3H         SYMBOL        EMI0CF
  D:00AFH         SYMBOL        EMI0CN
  D:00A1H         SYMBOL        EMI0TC
  B:00C0H.6       SYMBOL        ENSMB
  B:00A8H.4       SYMBOL        ES
  B:00A8H.1       SYMBOL        ET0
  B:00A8H.3       SYMBOL        ET1
  B:00A8H.5       SYMBOL        ET2
  B:00A8H.0       SYMBOL        EX0
  B:00A8H.2       SYMBOL        EX1
  B:00C8H.3       SYMBOL        EXEN2
  B:00C8H.6       SYMBOL        EXF2
  B:00D0H.5       SYMBOL        F0
  B:00D0H.1       SYMBOL        F1
  D:00B7H         SYMBOL        FLACL
  D:00B6H         SYMBOL        FLSCL
  D:00A8H         SYMBOL        IE
  B:0088H.1       SYMBOL        IE0
  B:0088H.3       SYMBOL        IE1
  D:00B8H         SYMBOL        IP
  B:0088H.0       SYMBOL        IT0
  B:0088H.2       SYMBOL        IT1
  B:00F8H.5       SYMBOL        MODF
  B:00F8H.1       SYMBOL        MSTEN
  D:00B2H         SYMBOL        OSCICN
  D:00B1H         SYMBOL        OSCXCN
  B:00D0H.2       SYMBOL        OV
  B:00D0H.0       SYMBOL        P
  D:0080H         SYMBOL        P0
  D:00A4H         SYMBOL        P0MDOUT
  D:0090H         SYMBOL        P1
  D:00BDH         SYMBOL        P1MDIN
  D:00A5H         SYMBOL        P1MDOUT
  D:00A0H         SYMBOL        P2
  D:00A6H         SYMBOL        P2MDOUT
  D:00B0H         SYMBOL        P3
  D:00ADH         SYMBOL        P3IF
  D:00A7H         SYMBOL        P3MDOUT
  D:0084H         SYMBOL        P4
  D:0085H         SYMBOL        P5
  D:0086H         SYMBOL        P6
  D:0096H         SYMBOL        P7
  D:00B5H         SYMBOL        P74OUT
  D:00D8H         SYMBOL        PCA0CN
  D:00FAH         SYMBOL        PCA0CPH0
  D:00FBH         SYMBOL        PCA0CPH1
  D:00FCH         SYMBOL        PCA0CPH2
  D:00FDH         SYMBOL        PCA0CPH3
  D:00FEH         SYMBOL        PCA0CPH4
  D:00EAH         SYMBOL        PCA0CPL0
  D:00EBH         SYMBOL        PCA0CPL1
  D:00ECH         SYMBOL        PCA0CPL2
  D:00EDH         SYMBOL        PCA0CPL3
  D:00EEH         SYMBOL        PCA0CPL4
[...]
  C:0432H         LINE#         238
  C:0435H         LINE#         239
  C:0438H         LINE#         240
  C:043BH         LINE#         241
  C:043EH         LINE#         242
  C:043FH         LINE#         246
  C:0442H         LINE#         247
  C:0443H         LINE#         250
  C:0445H         LINE#         251
  C:0447H         LINE#         252
  C:0448H         LINE#         255
  C:044AH         LINE#         256
  C:044DH         LINE#         259
  C:044FH         LINE#         260
  C:0451H         LINE#         261
BL51 BANKED LINKER/LOCATER V6.22.4.0                                                  12/19/2025  20:25:38  PAGE 53


  C:0453H         LINE#         262
  C:0455H         LINE#         263
  C:0458H         LINE#         265
  C:045BH         LINE#         266
  C:045EH         LINE#         267
  C:0461H         LINE#         268
  C:0464H         LINE#         269
  C:0467H         LINE#         270
  C:0468H         LINE#         274
  C:046BH         LINE#         275
  C:046DH         LINE#         278
  C:046FH         LINE#         279
  C:0470H         LINE#         280
  C:0472H         LINE#         281
  C:0474H         LINE#         283
  C:0477H         LINE#         284
  C:047AH         LINE#         285
  C:047CH         LINE#         288
  C:047FH         LINE#         289
  C:0482H         LINE#         291
  C:0485H         LINE#         292
  C:0488H         LINE#         293
  C:048AH         LINE#         294
  C:048DH         LINE#         295
  C:0490H         LINE#         296
  C:0493H         LINE#         297
  C:0494H         LINE#         299
  C:0497H         LINE#         300
  C:0499H         LINE#         301
  C:049AH         LINE#         302
  C:049BH         LINE#         303
  C:049DH         LINE#         304
  C:049EH         LINE#         306
  C:04A0H         LINE#         307
  C:04A2H         LINE#         310
  C:04A4H         LINE#         311
  C:04A7H         LINE#         314
  C:04AAH         LINE#         315
  C:04ADH         LINE#         316
  C:04B0H         LINE#         318
  C:04B1H         LINE#         321
  C:04B3H         LINE#         322
  C:04B6H         LINE#         325
  C:04B8H         LINE#         326
  C:04BAH         LINE#         327
  C:04BCH         LINE#         328
  C:04BEH         LINE#         329
  C:04C1H         LINE#         331
  C:04C3H         LINE#         333
  C:04C6H         LINE#         336
  C:04C9H         LINE#         337
  C:04CCH         LINE#         338
  C:04CFH         LINE#         339
  C:04D2H         LINE#         340
  C:04D5H         LINE#         341
  C:04D6H         LINE#         344
  C:04D9H         LINE#         345
BL51 BANKED LINKER/LOCATER V6.22.4.0                                                  12/19/2025  20:25:38  PAGE 54


  C:04DBH         LINE#         348
  C:04DDH         LINE#         349
  C:04DEH         LINE#         350
  C:04E0H         LINE#         351
  C:04E2H         LINE#         353
  C:04E5H         LINE#         354
  C:04E8H         LINE#         355
  C:04EAH         LINE#         357
  C:04EDH         LINE#         358
  C:04F0H         LINE#         360
  C:04F3H         LINE#         361
  C:04F6H         LINE#         362
  C:04F9H         LINE#         363
  C:04FCH         LINE#         364
  C:04FDH         LINE#         366
  C:04FFH         LINE#         367
  C:0501H         LINE#         371
  C:0504H         LINE#         372
  C:0507H         LINE#         373
  C:050AH         LINE#         375
  C:050BH         LINE#         379
  C:050EH         LINE#         380
  C:0511H         LINE#         381
  C:0514H         LINE#         382
  C:0517H         LINE#         383
  C:051AH         LINE#         384
  C:051CH         LINE#         385
  C:051FH         LINE#         386
  C:0522H         LINE#         387
  C:0525H         LINE#         388
  C:0526H         LINE#         390
  C:0529H         LINE#         391
  C:052BH         LINE#         392
  C:052CH         LINE#         393
  C:052DH         LINE#         394
  C:052FH         LINE#         395
  C:0530H         LINE#         412
  C:0531H         LINE#         413
  C:0532H         LINE#         414
  C:0534H         LINE#         415
  C:0536H         LINE#         418
  C:0537H         LINE#         419
  C:0539H         LINE#         421
  C:053AH         LINE#         422
  C:053CH         LINE#         425
  C:053DH         LINE#         426
  C:053EH         LINE#         427
  C:053FH         LINE#         430
  C:0541H         LINE#         431
  C:0542H         LINE#         432
  C:0543H         LINE#         435
  C:0545H         LINE#         436
  C:0546H         LINE#         437
  C:0547H         LINE#         440
  C:0548H         LINE#         441
  C:0549H         LINE#         445
  C:054AH         LINE#         446
BL51 BANKED LINKER/LOCATER V6.22.4.0                                                  12/19/2025  20:25:38  PAGE 55


  C:054DH         LINE#         448
  C:054FH         LINE#         449
  C:0552H         LINE#         450
  C:0553H         LINE#         451
  C:0555H         LINE#         452
  C:0558H         LINE#         453
  C:0559H         LINE#         455
  C:055BH         LINE#         456
  C:055EH         LINE#         457
  C:055FH         LINE#         458
  C:0560H         LINE#         459
  C:0561H         LINE#         460
  C:0563H         LINE#         461
  C:0566H         LINE#         462
  C:0567H         LINE#         467
  C:0569H         LINE#         468
  C:056CH         LINE#         470
  C:056FH         LINE#         471
  C:0572H         LINE#         473
  C:0575H         LINE#         475
  C:0577H         LINE#         476
  C:057AH         LINE#         478
  C:057BH         LINE#         479
  C:057DH         LINE#         480
  C:057EH         LINE#         481
  C:0580H         LINE#         483
  C:0583H         LINE#         484
  C:0586H         LINE#         485
  C:0587H         LINE#         487
  C:058AH         LINE#         488
  C:058DH         LINE#         489
  C:058EH         LINE#         491
  C:0591H         LINE#         492
  C:0594H         LINE#         493
  C:0595H         LINE#         496
  C:0597H         LINE#         497
  C:0599H         LINE#         498
  C:059BH         LINE#         499
  C:059DH         LINE#         500
  C:059EH         LINE#         503
  C:05A1H         LINE#         506
  C:05A3H         LINE#         507
  C:05A5H         LINE#         508
  C:05A7H         LINE#         511
  C:05A9H         LINE#         512
  C:05ABH         LINE#         515
  C:05ADH         LINE#         516
  C:05AFH         LINE#         517
  C:05B2H         LINE#         518
  C:05B4H         LINE#         521
  C:05B6H         LINE#         522
  C:05B9H         LINE#         523
  C:05BCH         LINE#         524
  C:05BFH         LINE#         525
  C:05C1H         LINE#         528
  C:05C3H         LINE#         529
  C:05C5H         LINE#         533
BL51 BANKED LINKER/LOCATER V6.22.4.0                                                  12/19/2025  20:25:38  PAGE 56


  C:05C8H         LINE#         534
  C:05CAH         LINE#         536
  C:05CDH         LINE#         537
  C:05CFH         LINE#         541
  C:05D2H         LINE#         542
  C:05D4H         LINE#         544
  C:05D7H         LINE#         545
  C:05D9H         LINE#         550
  C:05DCH         LINE#         551
  C:05DEH         LINE#         553
  C:05E0H         LINE#         555
  C:05E2H         LINE#         556
  C:05E5H         LINE#         557
  C:05E7H         LINE#         561
  C:05EAH         LINE#         563
  C:05ECH         LINE#         564
  C:05EFH         LINE#         565
  C:05F1H         LINE#         566
  C:05F3H         LINE#         568
  C:05F6H         LINE#         570
  C:05F8H         LINE#         571
  C:05FBH         LINE#         572
  C:05FDH         LINE#         575
  C:05FFH         LINE#         576
  C:0602H         LINE#         577
  C:0604H         LINE#         581
  C:0607H         LINE#         582
  C:0609H         LINE#         584
  C:060CH         LINE#         585
  C:060EH         LINE#         588
  C:0611H         LINE#         590
  C:0612H         LINE#         601
  C:0613H         LINE#         602
  C:0616H         LINE#         604
  C:0617H         LINE#         605
  C:0618H         LINE#         606
  C:0619H         LINE#         610
  C:061BH         LINE#         611
  C:061CH         LINE#         612
  C:061DH         LINE#         616
  C:061EH         LINE#         617
  C:0621H         LINE#         618
  C:0623H         LINE#         619
  C:0624H         LINE#         621
  C:0627H         LINE#         622
  C:0629H         LINE#         623
  C:062AH         LINE#         626
  C:062BH         LINE#         627
  C:062CH         LINE#         628
  C:062DH         LINE#         632
  C:0630H         LINE#         634
  C:0631H         LINE#         635
  C:0632H         LINE#         636
  C:0634H         LINE#         637
  C:0636H         LINE#         639
  C:0639H         LINE#         640
  C:063BH         LINE#         641
BL51 BANKED LINKER/LOCATER V6.22.4.0                                                  12/19/2025  20:25:38  PAGE 57


  C:063CH         LINE#         642
  C:063EH         LINE#         643
  C:063FH         LINE#         646
  C:0640H         LINE#         647
  C:0641H         LINE#         648
  C:0643H         LINE#         649
  C:0644H         LINE#         650
  C:0647H         LINE#         651
  C:0649H         LINE#         652
  C:064AH         LINE#         653
  C:064CH         LINE#         654
  C:064DH         LINE#         658
  C:0650H         LINE#         659
  C:0651H         LINE#         660
  C:0652H         LINE#         661
  C:0654H         LINE#         662
  C:0656H         LINE#         663
  C:0659H         LINE#         664
  C:065BH         LINE#         665
  C:065CH         LINE#         666
  C:065EH         LINE#         667
  C:065FH         LINE#         669
  C:0660H         LINE#         670
  C:0661H         LINE#         671
  C:0663H         LINE#         672
  C:0664H         LINE#         673
  C:0667H         LINE#         674
  C:0669H         LINE#         675
  C:066AH         LINE#         676
  C:066CH         LINE#         677
  C:066DH         LINE#         681
  C:0670H         LINE#         682
  C:0671H         LINE#         683
  C:0672H         LINE#         684
  C:0674H         LINE#         685
  C:0676H         LINE#         686
  C:0679H         LINE#         687
  C:067BH         LINE#         688
  C:067CH         LINE#         689
  C:067EH         LINE#         690
  C:067FH         LINE#         692
  C:0680H         LINE#         693
  C:0681H         LINE#         694
  C:0683H         LINE#         695
  C:0684H         LINE#         696
  C:0687H         LINE#         697
  C:0689H         LINE#         698
  C:068AH         LINE#         699
  C:068CH         LINE#         700
  C:068DH         LINE#         704
  C:068EH         LINE#         705
  C:0691H         LINE#         706
  C:0692H         LINE#         707
  C:0693H         LINE#         708
  C:069CH         LINE#         715
  C:069FH         LINE#         716
  C:06A0H         LINE#         717
BL51 BANKED LINKER/LOCATER V6.22.4.0                                                  12/19/2025  20:25:38  PAGE 58


  C:06A1H         LINE#         718
  C:06A3H         LINE#         719
  C:06A5H         LINE#         721
  C:06A8H         LINE#         722
  C:06A9H         LINE#         723
  C:06AAH         LINE#         724
  C:06ABH         LINE#         725
  C:06ADH         LINE#         726
  C:06AEH         LINE#         727
  C:06B0H         LINE#         728
  C:06B2H         LINE#         729
  C:06B3H         LINE#         730
  C:06B5H         LINE#         731
  C:06B7H         LINE#         732
  C:06B8H         LINE#         733
  C:06BAH         LINE#         734
  C:06BBH         LINE#         736
  C:06BCH         LINE#         737
  C:06BDH         LINE#         738
  C:06BFH         LINE#         739
  C:06C0H         LINE#         740
  C:06C3H         LINE#         741
  C:06C4H         LINE#         742
  C:06C5H         LINE#         743
  C:06C6H         LINE#         744
  C:06C8H         LINE#         745
  C:06C9H         LINE#         746
  C:06CBH         LINE#         747
  C:06CDH         LINE#         748
  C:06CEH         LINE#         749
  C:06D0H         LINE#         750
  C:06D2H         LINE#         751
  C:06D3H         LINE#         752
  C:06D5H         LINE#         753
  C:06D6H         LINE#         758
  C:06D9H         LINE#         759
  C:06DAH         LINE#         760
  C:06DBH         LINE#         761
  C:06DDH         LINE#         762
  C:06DFH         LINE#         764
  C:06E2H         LINE#         766
  C:06E4H         LINE#         767
  C:06E5H         LINE#         768
  C:06E7H         LINE#         770
  C:06E9H         LINE#         771
  C:06ECH         LINE#         772
  C:06EEH         LINE#         773
  C:06EFH         LINE#         774
  C:06F1H         LINE#         775
  C:06F3H         LINE#         778
  C:06F5H         LINE#         779
  C:06F8H         LINE#         780
  C:06FAH         LINE#         781
  C:06FBH         LINE#         782
  C:06FDH         LINE#         783
  C:06FFH         LINE#         786
  C:0700H         LINE#         787
BL51 BANKED LINKER/LOCATER V6.22.4.0                                                  12/19/2025  20:25:38  PAGE 59


  C:0701H         LINE#         788
  C:0703H         LINE#         789
  C:0704H         LINE#         790
  C:0707H         LINE#         792
  C:0709H         LINE#         793
  C:070AH         LINE#         794
  C:070CH         LINE#         796
  C:070EH         LINE#         797
  C:0711H         LINE#         798
  C:0713H         LINE#         799
  C:0714H         LINE#         800
  C:0716H         LINE#         801
  C:0718H         LINE#         803
  C:071AH         LINE#         804
  C:071DH         LINE#         805
  C:071FH         LINE#         806
  C:0720H         LINE#         807
  C:0722H         LINE#         810
  C:0723H         LINE#         811
  C:0724H         LINE#         813
  C:0725H         LINE#         814
  C:0726H         LINE#         822
  C:0728H         LINE#         823
  C:072AH         LINE#         824
  C:072CH         LINE#         825
  C:072EH         LINE#         826
  C:0730H         LINE#         827
  C:0732H         LINE#         828
  C:0734H         LINE#         829
  C:0735H         LINE#         830
  C:0736H         LINE#         834
  C:0738H         LINE#         835
  C:073BH         LINE#         836
  C:073CH         LINE#         837
  C:073DH         LINE#         840
  C:073FH         LINE#         843
  C:0741H         LINE#         844
  C:0743H         LINE#         845
  C:0746H         LINE#         846
  C:0748H         LINE#         849
  C:074BH         LINE#         853
  C:074CH         LINE#         854
  C:074EH         LINE#         855
  C:074FH         LINE#         858
  C:0750H         LINE#         859
  C:0751H         LINE#         862
  C:0754H         LINE#         863
  C:0755H         LINE#         864
  C:0758H         LINE#         865
  C:075AH         LINE#         867
  C:075DH         LINE#         868
  C:075FH         LINE#         870
  C:0760H         LINE#         871
  C:0761H         LINE#         872
  C:0764H         LINE#         875
  C:0765H         LINE#         876
  C:0767H         LINE#         877
BL51 BANKED LINKER/LOCATER V6.22.4.0                                                  12/19/2025  20:25:38  PAGE 60


  C:0769H         LINE#         880
  C:076CH         LINE#         885
  C:076DH         LINE#         886
  C:076FH         LINE#         887
  C:0770H         LINE#         890
  C:0771H         LINE#         891
  C:0772H         LINE#         893
  C:0773H         LINE#         894
  C:0775H         LINE#         895
  C:0776H         LINE#         896
  C:0779H         LINE#         897
  C:077CH         LINE#         898
  C:077EH         LINE#         899
  C:0780H         LINE#         903
  C:0781H         LINE#         904
  C:0783H         LINE#         905
  C:0785H         LINE#         908
  C:0788H         LINE#         909
  C:078AH         LINE#         912
  C:078DH         LINE#         913
  C:078EH         LINE#         914
  C:078FH         LINE#         918
  C:0790H         LINE#         919
  C:0791H         LINE#         924
  C:0793H         LINE#         925
  C:0796H         LINE#         926
  C:0797H         LINE#         927
  C:0798H         LINE#         928
  C:079AH         LINE#         929
  C:079CH         LINE#         930
  C:079FH         LINE#         932
  C:07A1H         LINE#         933
  C:07A2H         LINE#         934
  C:07A4H         LINE#         936
  C:07A6H         LINE#         937
  C:07A7H         LINE#         938
  C:07A9H         LINE#         939
  C:07ABH         LINE#         941
  C:07ACH         LINE#         942
  C:07ADH         LINE#         943
  C:07AFH         LINE#         944
  C:07B0H         LINE#         945
  C:07B3H         LINE#         946
  C:07B5H         LINE#         947
  C:07B6H         LINE#         948
  C:07B8H         LINE#         949
  C:07BAH         LINE#         950
  C:07BBH         LINE#         951
  C:07BDH         LINE#         953
  C:07BFH         LINE#         954
  C:07C0H         LINE#         955
  C:07C1H         LINE#         957
  C:07C3H         LINE#         958
  C:07C4H         LINE#         959
  C:07C5H         LINE#         964
  C:07C7H         LINE#         965
  C:07CAH         LINE#         966
BL51 BANKED LINKER/LOCATER V6.22.4.0                                                  12/19/2025  20:25:38  PAGE 61


  C:07CBH         LINE#         967
  C:07CCH         LINE#         968
  C:07CEH         LINE#         969
  C:07D0H         LINE#         970
  C:07D3H         LINE#         972
  C:07D5H         LINE#         973
  C:07D6H         LINE#         974
  C:07D8H         LINE#         976
  C:07DAH         LINE#         977
  C:07DBH         LINE#         978
  C:07DDH         LINE#         979
  C:07DFH         LINE#         981
  C:07E0H         LINE#         982
  C:07E1H         LINE#         983
  C:07E3H         LINE#         984
  C:07E4H         LINE#         985
  C:07E7H         LINE#         986
  C:07E9H         LINE#         987
  C:07EAH         LINE#         988
  C:07ECH         LINE#         989
  C:07EEH         LINE#         990
  C:07EFH         LINE#         991
  C:07F1H         LINE#         993
  C:07F3H         LINE#         994
  C:07F4H         LINE#         995
  C:07F5H         LINE#         997
  C:07F7H         LINE#         998
  C:07F8H         LINE#         999
  C:07F9H         LINE#         1007
  C:07FBH         LINE#         1008
  C:07FEH         LINE#         1009
  C:0801H         LINE#         1010
  C:0804H         LINE#         1011
  C:0805H         LINE#         1013
  C:0808H         LINE#         1014
  C:080AH         LINE#         1015
  C:080BH         LINE#         1016
  C:080CH         LINE#         1017
  C:080EH         LINE#         1018
  C:080FH         LINE#         1022
  C:0811H         LINE#         1023
  C:0814H         LINE#         1024
  C:0817H         LINE#         1025
  C:081AH         LINE#         1026
  C:081BH         LINE#         1028
  C:081EH         LINE#         1029
  C:0820H         LINE#         1030
  C:0821H         LINE#         1031
  C:0822H         LINE#         1032
  C:0824H         LINE#         1033
  -------         ENDMOD        RUNNINGTASK

Program Size: data=8.0 xdata=0 code=4110
LINK/LOCATE RUN COMPLETE.  0 WARNING(S),  0 ERROR(S)
