BL51 BANKED LINKER/LOCATER V6.22.4.0                                                    01/06/2026  22:05:32  PAGE 1


BL51 BANKED LINKER/LOCATER V6.22.4.0, INVOKED BY:
C:\KEIL_V5\C51\BIN\BL51.EXE .\Objects\..\..\C8051F020StWork_v1.0.0-main\user\Init_Device.obj, .\Objects\..\..\C8051F020S
>> tWork_v1.0.0-main\user\main.obj, .\Objects\..\..\C8051F020StWork_v1.0.0-main\driver\LCD1602.obj, .\Objects\..\..\C805
>> 1F020StWork_v1.0.0-main\driver\KeyInput.obj, .\Objects\..\..\C8051F020StWork_v1.0.0-main\driver\LED6.obj, .\Objects\.
>> .\..\C8051F020StWork_v1.0.0-main\bsp\Delay.obj, .\Objects\..\..\C8051F020StWork_v1.0.0-main\bsp\Keyboard.obj, .\Objec
>> ts\..\..\C8051F020StWork_v1.0.0-main\bsp\timer0.obj, .\Objects\..\..\C8051F020StWork_v1.0.0-main\bsp\timer1.obj, .\Ob
>> jects\..\..\C8051F020StWork_v1.0.0-main\Tasks\configurationTask.obj, .\Objects\..\..\C8051F020StWork_v1.0.0-main\Task
>> s\inputTask.obj, .\Objects\..\..\C8051F020StWork_v1.0.0-main\Tasks\runningTask.obj TO .\Objects\C8051F020 PRINT (.\Li
>> stings\C8051F020.m51) RAMSIZE (256)


INPUT MODULES INCLUDED:
  .\Objects\..\..\C8051F020StWork_v1.0.0-main\user\Init_Device.obj (INIT_DEVICE)
  .\Objects\..\..\C8051F020StWork_v1.0.0-main\user\main.obj (MAIN)
  .\Objects\..\..\C8051F020StWork_v1.0.0-main\driver\LCD1602.obj (LCD1602)
  .\Objects\..\..\C8051F020StWork_v1.0.0-main\driver\KeyInput.obj (KEYINPUT)
  .\Objects\..\..\C8051F020StWork_v1.0.0-main\driver\LED6.obj (LED6)
  .\Objects\..\..\C8051F020StWork_v1.0.0-main\bsp\Delay.obj (DELAY)
  .\Objects\..\..\C8051F020StWork_v1.0.0-main\bsp\Keyboard.obj (KEYBOARD)
  .\Objects\..\..\C8051F020StWork_v1.0.0-main\bsp\timer0.obj (TIMER0)
  .\Objects\..\..\C8051F020StWork_v1.0.0-main\bsp\timer1.obj (TIMER1)
  .\Objects\..\..\C8051F020StWork_v1.0.0-main\Tasks\configurationTask.obj (CONFIGURATIONTASK)
  .\Objects\..\..\C8051F020StWork_v1.0.0-main\Tasks\inputTask.obj (INPUTTASK)
  .\Objects\..\..\C8051F020StWork_v1.0.0-main\Tasks\runningTask.obj (RUNNINGTASK)


LINK MAP OF MODULE:  .\Objects\C8051F020 (INIT_DEVICE)


            TYPE    BASE      LENGTH    RELOCATION   SEGMENT NAME
            -----------------------------------------------------

            * * * * * * *   D A T A   M E M O R Y   * * * * * * *
            REG     0000H     0008H     ABSOLUTE     "REG BANK 0"

            * * * * * * *   C O D E   M E M O R Y   * * * * * * *
            CODE    0000H     028EH     ABSOLUTE     
            CODE    028EH     05FCH     UNIT         RUNNING
            CODE    088AH     02C0H     UNIT         CONFIGURATION
            CODE    0B4AH     0113H     UNIT         LED6
            CODE    0C5DH     010AH     UNIT         KBD
            CODE    0D67H     00FBH     UNIT         INPUT
            CODE    0E62H     00C1H     UNIT         TMR0
            CODE    0F23H     0096H     UNIT         LCD1602
            CODE    0FB9H     005AH     UNIT         KBI
            CODE    1013H     0035H     UNIT         TMR1
            CODE    1048H     0032H     UNIT         INIT
            CODE    107AH     0013H     UNIT         DELAY



SYMBOL TABLE OF MODULE:  .\Objects\C8051F020 (INIT_DEVICE)

  VALUE           TYPE          NAME
  ----------------------------------

  -------         MODULE        INIT_DEVICE
  C:1048H         SEGMENT       INIT
BL51 BANKED LINKER/LOCATER V6.22.4.0                                                  01/06/2026  22:05:32  PAGE 2


  C:106DH         PUBLIC        INIT_DEVICE
  B:00C0H.2       SYMBOL        AA
  B:00D0H.6       SYMBOL        AC
  D:00E0H         SYMBOL        ACC
  B:00E8H.4       SYMBOL        AD0BUSY
  B:00E8H.7       SYMBOL        AD0EN
  B:00E8H.5       SYMBOL        AD0INT
  B:00E8H.0       SYMBOL        AD0LJST
  B:00E8H.2       SYMBOL        AD0STM0
  B:00E8H.3       SYMBOL        AD0STM1
  B:00E8H.6       SYMBOL        AD0TM
  B:00E8H.1       SYMBOL        AD0WINT
  D:00BCH         SYMBOL        ADC0CF
  D:00E8H         SYMBOL        ADC0CN
  D:00C5H         SYMBOL        ADC0GTH
  D:00C4H         SYMBOL        ADC0GTL
  D:00BFH         SYMBOL        ADC0H
  D:00BEH         SYMBOL        ADC0L
  D:00C7H         SYMBOL        ADC0LTH
  D:00C6H         SYMBOL        ADC0LTL
  D:009CH         SYMBOL        ADC1
  D:00ABH         SYMBOL        ADC1CF
  D:00AAH         SYMBOL        ADC1CN
  D:00BAH         SYMBOL        AMX0CF
  D:00BBH         SYMBOL        AMX0SL
  D:00ACH         SYMBOL        AMX1SL
  D:00F0H         SYMBOL        B
  B:00D8H.0       SYMBOL        CCF0
  B:00D8H.1       SYMBOL        CCF1
  B:00D8H.2       SYMBOL        CCF2
  B:00D8H.3       SYMBOL        CCF3
  B:00D8H.4       SYMBOL        CCF4
  B:00D8H.7       SYMBOL        CF
  D:008EH         SYMBOL        CKCON
  B:00C8H.0       SYMBOL        CPRL2
  D:009EH         SYMBOL        CPT0CN
  D:009FH         SYMBOL        CPT1CN
  B:00D8H.6       SYMBOL        CR
  B:00C8H.1       SYMBOL        CT2
  B:00D0H.7       SYMBOL        CY
  D:00D4H         SYMBOL        DAC0CN
  D:00D3H         SYMBOL        DAC0H
  D:00D2H         SYMBOL        DAC0L
  D:00D7H         SYMBOL        DAC1CN
  D:00D6H         SYMBOL        DAC1H
  D:00D5H         SYMBOL        DAC1L
  D:0083H         SYMBOL        DPH
  D:0082H         SYMBOL        DPL
  B:00A8H.7       SYMBOL        EA
  D:00E6H         SYMBOL        EIE1
  D:00E7H         SYMBOL        EIE2
  D:00F6H         SYMBOL        EIP1
  D:00F7H         SYMBOL        EIP2
  D:00A3H         SYMBOL        EMI0CF
  D:00AFH         SYMBOL        EMI0CN
  D:00A1H         SYMBOL        EMI0TC
  B:00C0H.6       SYMBOL        ENSMB
BL51 BANKED LINKER/LOCATER V6.22.4.0                                                  01/06/2026  22:05:32  PAGE 3


  B:00A8H.4       SYMBOL        ES
  B:00A8H.1       SYMBOL        ET0
  B:00A8H.3       SYMBOL        ET1
  B:00A8H.5       SYMBOL        ET2
  B:00A8H.0       SYMBOL        EX0
  B:00A8H.2       SYMBOL        EX1
  B:00C8H.3       SYMBOL        EXEN2
  B:00C8H.6       SYMBOL        EXF2
  B:00D0H.5       SYMBOL        F0
  B:00D0H.1       SYMBOL        F1
  D:00B7H         SYMBOL        FLACL
  D:00B6H         SYMBOL        FLSCL
  D:00A8H         SYMBOL        IE
  B:0088H.1       SYMBOL        IE0
  B:0088H.3       SYMBOL        IE1
  D:00B8H         SYMBOL        IP
  B:0088H.0       SYMBOL        IT0
  B:0088H.2       SYMBOL        IT1
  B:00F8H.5       SYMBOL        MODF
  B:00F8H.1       SYMBOL        MSTEN
  D:00B2H         SYMBOL        OSCICN
  C:1053H         SYMBOL        OSCILLATOR_INIT
  D:00B1H         SYMBOL        OSCXCN
  B:00D0H.2       SYMBOL        OV
  B:00D0H.0       SYMBOL        P
  D:0080H         SYMBOL        P0
  D:00A4H         SYMBOL        P0MDOUT
  D:0090H         SYMBOL        P1
  D:00BDH         SYMBOL        P1MDIN
  D:00A5H         SYMBOL        P1MDOUT
  D:00A0H         SYMBOL        P2
  D:00A6H         SYMBOL        P2MDOUT
  D:00B0H         SYMBOL        P3
  D:00ADH         SYMBOL        P3IF
  D:00A7H         SYMBOL        P3MDOUT
  D:0084H         SYMBOL        P4
  D:0085H         SYMBOL        P5
  D:0086H         SYMBOL        P6
  D:0096H         SYMBOL        P7
  D:00B5H         SYMBOL        P74OUT
  D:00D8H         SYMBOL        PCA0CN
  D:00FAH         SYMBOL        PCA0CPH0
  D:00FBH         SYMBOL        PCA0CPH1
  D:00FCH         SYMBOL        PCA0CPH2
  D:00FDH         SYMBOL        PCA0CPH3
  D:00FEH         SYMBOL        PCA0CPH4
  D:00EAH         SYMBOL        PCA0CPL0
  D:00EBH         SYMBOL        PCA0CPL1
  D:00ECH         SYMBOL        PCA0CPL2
  D:00EDH         SYMBOL        PCA0CPL3
  D:00EEH         SYMBOL        PCA0CPL4
  D:00DAH         SYMBOL        PCA0CPM0
  D:00DBH         SYMBOL        PCA0CPM1
  D:00DCH         SYMBOL        PCA0CPM2
  D:00DDH         SYMBOL        PCA0CPM3
  D:00DEH         SYMBOL        PCA0CPM4
  D:00F9H         SYMBOL        PCA0H
BL51 BANKED LINKER/LOCATER V6.22.4.0                                                  01/06/2026  22:05:32  PAGE 4


  D:00E9H         SYMBOL        PCA0L
  D:00D9H         SYMBOL        PCA0MD
  D:0087H         SYMBOL        PCON
  C:1057H         SYMBOL        PORT_IO_INIT
  B:00B8H.4       SYMBOL        PS
  D:008FH         SYMBOL        PSCTL
  D:00D0H         SYMBOL        PSW
  B:00B8H.1       SYMBOL        PT0
  B:00B8H.3       SYMBOL        PT1
  B:00B8H.5       SYMBOL        PT2
  B:00B8H.0       SYMBOL        PX0
  B:00B8H.2       SYMBOL        PX1
  B:0098H.2       SYMBOL        RB8
  D:00CBH         SYMBOL        RCAP2H
  D:00CAH         SYMBOL        RCAP2L
  D:00E5H         SYMBOL        RCAP4H
  D:00E4H         SYMBOL        RCAP4L
  B:00C8H.5       SYMBOL        RCLK
  D:00D1H         SYMBOL        REF0CN
  B:0098H.4       SYMBOL        REN
  C:1048H         SYMBOL        RESET_SOURCES_INIT
  B:0098H.0       SYMBOL        RI
  B:00D0H.3       SYMBOL        RS0
  B:00D0H.4       SYMBOL        RS1
  D:00EFH         SYMBOL        RSTSRC
  B:00F8H.4       SYMBOL        RXOVRN
  D:00A9H         SYMBOL        SADDR0
  D:00F3H         SYMBOL        SADDR1
  D:00B9H         SYMBOL        SADEN0
  D:00AEH         SYMBOL        SADEN1
  D:0099H         SYMBOL        SBUF0
  D:00F2H         SYMBOL        SBUF1
  D:0098H         SYMBOL        SCON0
  D:00F1H         SYMBOL        SCON1
  B:00C0H.3       SYMBOL        SI
  B:00F8H.2       SYMBOL        SLVSEL
  B:0098H.7       SYMBOL        SM0
  B:0098H.6       SYMBOL        SM1
  B:0098H.5       SYMBOL        SM2
  D:00C3H         SYMBOL        SMB0ADR
  D:00C0H         SYMBOL        SMB0CN
  D:00CFH         SYMBOL        SMB0CR
  D:00C2H         SYMBOL        SMB0DAT
  D:00C1H         SYMBOL        SMB0STA
  B:00C0H.1       SYMBOL        SMBFTE
  B:00C0H.0       SYMBOL        SMBTOE
  D:0081H         SYMBOL        SP
  D:009AH         SYMBOL        SPI0CFG
  D:009DH         SYMBOL        SPI0CKR
  D:00F8H         SYMBOL        SPI0CN
  D:009BH         SYMBOL        SPI0DAT
  B:00F8H.0       SYMBOL        SPIEN
  B:00F8H.7       SYMBOL        SPIF
  B:00C0H.5       SYMBOL        STA
  B:00C0H.4       SYMBOL        STO
  D:00C8H         SYMBOL        T2CON
  D:00C9H         SYMBOL        T4CON
BL51 BANKED LINKER/LOCATER V6.22.4.0                                                  01/06/2026  22:05:32  PAGE 5


  B:0098H.3       SYMBOL        TB8
  B:00C8H.4       SYMBOL        TCLK
  D:0088H         SYMBOL        TCON
  B:0088H.5       SYMBOL        TF0
  B:0088H.7       SYMBOL        TF1
  B:00C8H.7       SYMBOL        TF2
  D:008CH         SYMBOL        TH0
  D:008DH         SYMBOL        TH1
  D:00CDH         SYMBOL        TH2
  D:00F5H         SYMBOL        TH4
  B:0098H.1       SYMBOL        TI
  C:104FH         SYMBOL        TIMER_INIT
  D:008AH         SYMBOL        TL0
  D:008BH         SYMBOL        TL1
  D:00CCH         SYMBOL        TL2
  D:00F4H         SYMBOL        TL4
  D:0089H         SYMBOL        TMOD
  D:0091H         SYMBOL        TMR3CN
  D:0095H         SYMBOL        TMR3H
  D:0094H         SYMBOL        TMR3L
  D:0093H         SYMBOL        TMR3RLH
  D:0092H         SYMBOL        TMR3RLL
  B:0088H.4       SYMBOL        TR0
  B:0088H.6       SYMBOL        TR1
  B:00C8H.2       SYMBOL        TR2
  B:00F8H.3       SYMBOL        TXBSY
  B:00F8H.6       SYMBOL        WCOL
  D:00FFH         SYMBOL        WDTCN
  D:00E1H         SYMBOL        XBR0
  D:00E2H         SYMBOL        XBR1
  D:00E3H         SYMBOL        XBR2
  C:1048H         LINE#         15
  C:104BH         LINE#         16
  C:104EH         LINE#         17
  C:104FH         LINE#         20
  C:1052H         LINE#         21
  C:1053H         LINE#         24
  C:1056H         LINE#         25
  C:1057H         LINE#         67
  C:105AH         LINE#         68
  C:105DH         LINE#         69
  C:1060H         LINE#         70
  C:1063H         LINE#         71
  C:1066H         LINE#         72
  C:1069H         LINE#         75
  C:106CH         LINE#         76
  C:106DH         LINE#         82
  C:1070H         LINE#         83
  C:1073H         LINE#         84
  C:1076H         LINE#         85
  C:1079H         LINE#         86
  -------         ENDMOD        INIT_DEVICE

  -------         MODULE        MAIN
  B:00C0H.2       SYMBOL        AA
  B:00D0H.6       SYMBOL        AC
  D:00E0H         SYMBOL        ACC
BL51 BANKED LINKER/LOCATER V6.22.4.0                                                  01/06/2026  22:05:32  PAGE 6


  B:00E8H.4       SYMBOL        AD0BUSY
  B:00E8H.7       SYMBOL        AD0EN
  B:00E8H.5       SYMBOL        AD0INT
  B:00E8H.0       SYMBOL        AD0LJST
  B:00E8H.2       SYMBOL        AD0STM0
  B:00E8H.3       SYMBOL        AD0STM1
  B:00E8H.6       SYMBOL        AD0TM
  B:00E8H.1       SYMBOL        AD0WINT
  D:00BCH         SYMBOL        ADC0CF
  D:00E8H         SYMBOL        ADC0CN
  D:00C5H         SYMBOL        ADC0GTH
  D:00C4H         SYMBOL        ADC0GTL
  D:00BFH         SYMBOL        ADC0H
  D:00BEH         SYMBOL        ADC0L
  D:00C7H         SYMBOL        ADC0LTH
  D:00C6H         SYMBOL        ADC0LTL
  D:009CH         SYMBOL        ADC1
  D:00ABH         SYMBOL        ADC1CF
  D:00AAH         SYMBOL        ADC1CN
  D:00BAH         SYMBOL        AMX0CF
  D:00BBH         SYMBOL        AMX0SL
  D:00ACH         SYMBOL        AMX1SL
  D:00F0H         SYMBOL        B
  C:0026H         SYMBOL        BITMASK_TABLE
  N:005AH         SYMBOL        BLINK_TIMER
  N:005BH         SYMBOL        BLINK_TOGGLE
  B:00D8H.0       SYMBOL        CCF0
  B:00D8H.1       SYMBOL        CCF1
  B:00D8H.2       SYMBOL        CCF2
  B:00D8H.3       SYMBOL        CCF3
  B:00D8H.4       SYMBOL        CCF4
  B:00D8H.7       SYMBOL        CF
  C:0244H         SYMBOL        CHECK_ELEV
  C:024CH         SYMBOL        CHECK_ELEV2
  C:0254H         SYMBOL        CHECK_ELEV3
  C:025CH         SYMBOL        CHECK_ELEV4
  C:0264H         SYMBOL        CHECK_OPT
  C:026CH         SYMBOL        CHECK_OPT1
  C:0274H         SYMBOL        CHECK_OPT2
  C:027CH         SYMBOL        CHECK_OPT3
  C:0284H         SYMBOL        CHECK_PASS
  D:008EH         SYMBOL        CKCON
  B:00C8H.0       SYMBOL        CPRL2
  D:009EH         SYMBOL        CPT0CN
  D:009FH         SYMBOL        CPT1CN
  B:00D8H.6       SYMBOL        CR
  B:00C8H.1       SYMBOL        CT2
  N:0056H         SYMBOL        CUR_FLR
  B:00D0H.7       SYMBOL        CY
  D:00D4H         SYMBOL        DAC0CN
  D:00D3H         SYMBOL        DAC0H
  D:00D2H         SYMBOL        DAC0L
  D:00D7H         SYMBOL        DAC1CN
  D:00D6H         SYMBOL        DAC1H
  D:00D5H         SYMBOL        DAC1L
  N:0067H         SYMBOL        DEBUG_ON
  D:0083H         SYMBOL        DPH
BL51 BANKED LINKER/LOCATER V6.22.4.0                                                  01/06/2026  22:05:32  PAGE 7


  D:0082H         SYMBOL        DPL
  B:00A8H.7       SYMBOL        EA
  D:00E6H         SYMBOL        EIE1
  D:00E7H         SYMBOL        EIE2
  D:00F6H         SYMBOL        EIP1
  D:00F7H         SYMBOL        EIP2
  N:0022H         SYMBOL        ELEV_ARRIVED
  N:0023H         SYMBOL        ELEV_CLOSE
  N:0064H         SYMBOL        ELEV_DIR
  N:0021H         SYMBOL        ELEV_RUN
  N:0020H         SYMBOL        ELEV_ST
  N:0058H         SYMBOL        ELEV_TARGET
  N:0057H         SYMBOL        ELEV_TIMER
  D:00A3H         SYMBOL        EMI0CF
  D:00AFH         SYMBOL        EMI0CN
  D:00A1H         SYMBOL        EMI0TC
  B:00C0H.6       SYMBOL        ENSMB
  B:00A8H.4       SYMBOL        ES
  B:00A8H.1       SYMBOL        ET0
  B:00A8H.3       SYMBOL        ET1
  B:00A8H.5       SYMBOL        ET2
  B:00A8H.0       SYMBOL        EX0
  B:00A8H.2       SYMBOL        EX1
  B:00C8H.3       SYMBOL        EXEN2
  B:00C8H.6       SYMBOL        EXF2
  N:0063H         SYMBOL        EXT_DN_HI
  N:0062H         SYMBOL        EXT_DN_LO
  N:005FH         SYMBOL        EXT_UP_HI
  N:005EH         SYMBOL        EXT_UP_LO
  B:00D0H.5       SYMBOL        F0
  B:00D0H.1       SYMBOL        F1
  D:00B7H         SYMBOL        FLACL
  D:00B6H         SYMBOL        FLSCL
  D:00A8H         SYMBOL        IE
  B:0088H.1       SYMBOL        IE0
  B:0088H.3       SYMBOL        IE1
  N:0065H         SYMBOL        INPUT_MODE
  N:005DH         SYMBOL        INT_REQ_HI
  N:005CH         SYMBOL        INT_REQ_LO
  D:00B8H         SYMBOL        IP
  B:0088H.0       SYMBOL        IT0
  B:0088H.2       SYMBOL        IT1
  C:0237H         SYMBOL        LOOP
  C:0200H         SYMBOL        MAIN
  B:00F8H.5       SYMBOL        MODF
  B:00F8H.1       SYMBOL        MSTEN
  C:023AH         SYMBOL        MXK_STATE_CHECK
  N:0059H         SYMBOL        ONE_SEC_CNT
  N:0011H         SYMBOL        OPT1_ST
  N:0012H         SYMBOL        OPT2_ST
  N:0013H         SYMBOL        OPT3_ST
  N:0001H         SYMBOL        OPT_ST
  D:00B2H         SYMBOL        OSCICN
  D:00B1H         SYMBOL        OSCXCN
  N:0066H         SYMBOL        OUT_SEL_VAL
  B:00D0H.2       SYMBOL        OV
  B:00D0H.0       SYMBOL        P
BL51 BANKED LINKER/LOCATER V6.22.4.0                                                  01/06/2026  22:05:32  PAGE 8


  D:0080H         SYMBOL        P0
  D:00A4H         SYMBOL        P0MDOUT
  D:0090H         SYMBOL        P1
  D:00BDH         SYMBOL        P1MDIN
  D:00A5H         SYMBOL        P1MDOUT
  D:00A0H         SYMBOL        P2
  D:00A6H         SYMBOL        P2MDOUT
  D:00B0H         SYMBOL        P3
  D:00ADH         SYMBOL        P3IF
  D:00A7H         SYMBOL        P3MDOUT
  D:0084H         SYMBOL        P4
  D:0085H         SYMBOL        P5
  D:0086H         SYMBOL        P6
  D:0096H         SYMBOL        P7
  D:00B5H         SYMBOL        P74OUT
  C:002CH         SYMBOL        PASSWORD_TABLE
  N:0002H         SYMBOL        PASS_ST
  D:00D8H         SYMBOL        PCA0CN
  D:00FAH         SYMBOL        PCA0CPH0
  D:00FBH         SYMBOL        PCA0CPH1
  D:00FCH         SYMBOL        PCA0CPH2
  D:00FDH         SYMBOL        PCA0CPH3
  D:00FEH         SYMBOL        PCA0CPH4
  D:00EAH         SYMBOL        PCA0CPL0
  D:00EBH         SYMBOL        PCA0CPL1
  D:00ECH         SYMBOL        PCA0CPL2
  D:00EDH         SYMBOL        PCA0CPL3
  D:00EEH         SYMBOL        PCA0CPL4
  D:00DAH         SYMBOL        PCA0CPM0
  D:00DBH         SYMBOL        PCA0CPM1
  D:00DCH         SYMBOL        PCA0CPM2
  D:00DDH         SYMBOL        PCA0CPM3
  D:00DEH         SYMBOL        PCA0CPM4
  D:00F9H         SYMBOL        PCA0H
  D:00E9H         SYMBOL        PCA0L
  D:00D9H         SYMBOL        PCA0MD
  D:0087H         SYMBOL        PCON
  B:00B8H.4       SYMBOL        PS
  D:008FH         SYMBOL        PSCTL
  D:00D0H         SYMBOL        PSW
  B:00B8H.1       SYMBOL        PT0
  B:00B8H.3       SYMBOL        PT1
  B:00B8H.5       SYMBOL        PT2
  B:00B8H.0       SYMBOL        PX0
  B:00B8H.2       SYMBOL        PX1
  B:0098H.2       SYMBOL        RB8
  D:00CBH         SYMBOL        RCAP2H
  D:00CAH         SYMBOL        RCAP2L
  D:00E5H         SYMBOL        RCAP4H
  D:00E4H         SYMBOL        RCAP4L
  B:00C8H.5       SYMBOL        RCLK
  D:00D1H         SYMBOL        REF0CN
  B:0098H.4       SYMBOL        REN
  B:0098H.0       SYMBOL        RI
  B:00D0H.3       SYMBOL        RS0
  B:00D0H.4       SYMBOL        RS1
  D:00EFH         SYMBOL        RSTSRC
BL51 BANKED LINKER/LOCATER V6.22.4.0                                                  01/06/2026  22:05:32  PAGE 9


  N:0000H         SYMBOL        RUN_ST
  B:00F8H.4       SYMBOL        RXOVRN
  D:00A9H         SYMBOL        SADDR0
  D:00F3H         SYMBOL        SADDR1
  D:00B9H         SYMBOL        SADEN0
  D:00AEH         SYMBOL        SADEN1
  D:0099H         SYMBOL        SBUF0
  D:00F2H         SYMBOL        SBUF1
  D:0098H         SYMBOL        SCON0
  D:00F1H         SYMBOL        SCON1
  C:0000H         SYMBOL        SEG_TABLE
  B:00C0H.3       SYMBOL        SI
  C:0231H         SYMBOL        SKIP_DEBUG
  C:028CH         SYMBOL        SKIP_PASS
  B:00F8H.2       SYMBOL        SLVSEL
  B:0098H.7       SYMBOL        SM0
  B:0098H.6       SYMBOL        SM1
  B:0098H.5       SYMBOL        SM2
  D:00C3H         SYMBOL        SMB0ADR
  D:00C0H         SYMBOL        SMB0CN
  D:00CFH         SYMBOL        SMB0CR
  D:00C2H         SYMBOL        SMB0DAT
  D:00C1H         SYMBOL        SMB0STA
  B:00C0H.1       SYMBOL        SMBFTE
  B:00C0H.0       SYMBOL        SMBTOE
  D:0081H         SYMBOL        SP
  D:009AH         SYMBOL        SPI0CFG
  D:009DH         SYMBOL        SPI0CKR
  D:00F8H         SYMBOL        SPI0CN
  D:009BH         SYMBOL        SPI0DAT
  B:00F8H.0       SYMBOL        SPIEN
  B:00F8H.7       SYMBOL        SPIF
  B:00C0H.5       SYMBOL        STA
  B:00C0H.4       SYMBOL        STO
  D:00C8H         SYMBOL        T2CON
  D:00C9H         SYMBOL        T4CON
  B:0098H.3       SYMBOL        TB8
  B:00C8H.4       SYMBOL        TCLK
  D:0088H         SYMBOL        TCON
  B:0088H.5       SYMBOL        TF0
  B:0088H.7       SYMBOL        TF1
  B:00C8H.7       SYMBOL        TF2
  D:008CH         SYMBOL        TH0
  D:008DH         SYMBOL        TH1
  D:00CDH         SYMBOL        TH2
  D:00F5H         SYMBOL        TH4
  B:0098H.1       SYMBOL        TI
  D:008AH         SYMBOL        TL0
  D:008BH         SYMBOL        TL1
  D:00CCH         SYMBOL        TL2
  D:00F4H         SYMBOL        TL4
  D:0089H         SYMBOL        TMOD
  D:0091H         SYMBOL        TMR3CN
  D:0095H         SYMBOL        TMR3H
  D:0094H         SYMBOL        TMR3L
  D:0093H         SYMBOL        TMR3RLH
  D:0092H         SYMBOL        TMR3RLL
BL51 BANKED LINKER/LOCATER V6.22.4.0                                                  01/06/2026  22:05:32  PAGE 10


  B:0088H.4       SYMBOL        TR0
  B:0088H.6       SYMBOL        TR1
  B:00C8H.2       SYMBOL        TR2
  B:00F8H.3       SYMBOL        TXBSY
  B:00F8H.6       SYMBOL        WCOL
  D:00FFH         SYMBOL        WDTCN
  D:00E1H         SYMBOL        XBR0
  D:00E2H         SYMBOL        XBR1
  D:00E3H         SYMBOL        XBR2
  C:0000H         LINE#         20
  C:000BH         LINE#         23
  C:001BH         LINE#         26
  C:0200H         LINE#         30
  C:0203H         LINE#         32
  C:0206H         LINE#         33
  C:0209H         LINE#         36
  C:020BH         LINE#         37
  C:020EH         LINE#         39
  C:0211H         LINE#         41
  C:0214H         LINE#         42
  C:0217H         LINE#         44
  C:021AH         LINE#         45
  C:021DH         LINE#         46
  C:0220H         LINE#         47
  C:0223H         LINE#         48
  C:0226H         LINE#         49
  C:0229H         LINE#         51
  C:022CH         LINE#         52
  C:022FH         LINE#         53
  C:0231H         LINE#         60
  C:0234H         LINE#         61
  C:0237H         LINE#         89
  C:023AH         LINE#         92
  C:023CH         LINE#         93
  C:023FH         LINE#         94
  C:0242H         LINE#         95
  C:0244H         LINE#         97
  C:0247H         LINE#         98
  C:024AH         LINE#         99
  C:024CH         LINE#         101
  C:024FH         LINE#         102
  C:0252H         LINE#         103
  C:0254H         LINE#         105
  C:0257H         LINE#         106
  C:025AH         LINE#         107
  C:025CH         LINE#         109
  C:025FH         LINE#         110
  C:0262H         LINE#         111
  C:0264H         LINE#         113
  C:0267H         LINE#         114
  C:026AH         LINE#         115
  C:026CH         LINE#         117
  C:026FH         LINE#         118
  C:0272H         LINE#         119
  C:0274H         LINE#         121
  C:0277H         LINE#         122
  C:027AH         LINE#         123
BL51 BANKED LINKER/LOCATER V6.22.4.0                                                  01/06/2026  22:05:32  PAGE 11


  C:027CH         LINE#         125
  C:027FH         LINE#         126
  C:0282H         LINE#         127
  C:0284H         LINE#         129
  C:0287H         LINE#         130
  C:028AH         LINE#         131
  C:028CH         LINE#         133
  -------         ENDMOD        MAIN

  -------         MODULE        LCD1602
  C:0F23H         SEGMENT       LCD1602
  C:0FA8H         PUBLIC        LCD_CLEAR
  C:0F5BH         PUBLIC        LCD_INIT
  C:0FAEH         PUBLIC        LCD_SHOW_STR
  C:0F88H         PUBLIC        LCD_WR_CMD
  C:0F91H         PUBLIC        LCD_WR_DAT
  B:00C0H.2       SYMBOL        AA
  B:00D0H.6       SYMBOL        AC
  D:00E0H         SYMBOL        ACC
  B:00E8H.4       SYMBOL        AD0BUSY
  B:00E8H.7       SYMBOL        AD0EN
  B:00E8H.5       SYMBOL        AD0INT
  B:00E8H.0       SYMBOL        AD0LJST
  B:00E8H.2       SYMBOL        AD0STM0
  B:00E8H.3       SYMBOL        AD0STM1
  B:00E8H.6       SYMBOL        AD0TM
  B:00E8H.1       SYMBOL        AD0WINT
  D:00BCH         SYMBOL        ADC0CF
  D:00E8H         SYMBOL        ADC0CN
  D:00C5H         SYMBOL        ADC0GTH
  D:00C4H         SYMBOL        ADC0GTL
  D:00BFH         SYMBOL        ADC0H
  D:00BEH         SYMBOL        ADC0L
  D:00C7H         SYMBOL        ADC0LTH
  D:00C6H         SYMBOL        ADC0LTL
  D:009CH         SYMBOL        ADC1
  D:00ABH         SYMBOL        ADC1CF
  D:00AAH         SYMBOL        ADC1CN
  D:00BAH         SYMBOL        AMX0CF
  D:00BBH         SYMBOL        AMX0SL
  D:00ACH         SYMBOL        AMX1SL
  D:00F0H         SYMBOL        B
  B:00D8H.0       SYMBOL        CCF0
  B:00D8H.1       SYMBOL        CCF1
  B:00D8H.2       SYMBOL        CCF2
  B:00D8H.3       SYMBOL        CCF3
  B:00D8H.4       SYMBOL        CCF4
  B:00D8H.7       SYMBOL        CF
  D:008EH         SYMBOL        CKCON
  B:00C8H.0       SYMBOL        CPRL2
  D:009EH         SYMBOL        CPT0CN
  D:009FH         SYMBOL        CPT1CN
  B:00D8H.6       SYMBOL        CR
  B:00C8H.1       SYMBOL        CT2
  B:00D0H.7       SYMBOL        CY
  D:00D4H         SYMBOL        DAC0CN
  D:00D3H         SYMBOL        DAC0H
BL51 BANKED LINKER/LOCATER V6.22.4.0                                                  01/06/2026  22:05:32  PAGE 12


  D:00D2H         SYMBOL        DAC0L
  D:00D7H         SYMBOL        DAC1CN
  D:00D6H         SYMBOL        DAC1H
  D:00D5H         SYMBOL        DAC1L
  D:0083H         SYMBOL        DPH
  D:0082H         SYMBOL        DPL
  B:00A8H.7       SYMBOL        EA
  D:00E6H         SYMBOL        EIE1
  D:00E7H         SYMBOL        EIE2
  D:00F6H         SYMBOL        EIP1
  D:00F7H         SYMBOL        EIP2
  D:00A3H         SYMBOL        EMI0CF
  D:00AFH         SYMBOL        EMI0CN
  D:00A1H         SYMBOL        EMI0TC
  B:00C0H.6       SYMBOL        ENSMB
  B:00A8H.4       SYMBOL        ES
  B:00A8H.1       SYMBOL        ET0
  B:00A8H.3       SYMBOL        ET1
  B:00A8H.5       SYMBOL        ET2
  B:00A8H.0       SYMBOL        EX0
  B:00A8H.2       SYMBOL        EX1
  B:00C8H.3       SYMBOL        EXEN2
  B:00C8H.6       SYMBOL        EXF2
  B:00D0H.5       SYMBOL        F0
  B:00D0H.1       SYMBOL        F1
  D:00B7H         SYMBOL        FLACL
  D:00B6H         SYMBOL        FLSCL
  D:00A8H         SYMBOL        IE
  B:0088H.1       SYMBOL        IE0
  B:0088H.3       SYMBOL        IE1
  D:00B8H         SYMBOL        IP
  B:0088H.0       SYMBOL        IT0
  B:0088H.2       SYMBOL        IT1
  D:00B0H         SYMBOL        LCD_BUS
  C:0F4DH         SYMBOL        LCD_CLR_E
  C:0F31H         SYMBOL        LCD_CLR_RS
  N:0080H         SYMBOL        LCD_E_MASK
  N:0040H         SYMBOL        LCD_RS_MASK
  C:0F3FH         SYMBOL        LCD_SET_E
  C:0F23H         SYMBOL        LCD_SET_RS
  C:0FB8H         SYMBOL        LCD_STR_END
  C:0FAEH         SYMBOL        LCD_STR_LOOP
  C:0F98H         SYMBOL        LCD_WR_COM
  B:00F8H.5       SYMBOL        MODF
  B:00F8H.1       SYMBOL        MSTEN
  D:00B2H         SYMBOL        OSCICN
  D:00B1H         SYMBOL        OSCXCN
  B:00D0H.2       SYMBOL        OV
  B:00D0H.0       SYMBOL        P
  D:0080H         SYMBOL        P0
  D:00A4H         SYMBOL        P0MDOUT
  D:0090H         SYMBOL        P1
  D:00BDH         SYMBOL        P1MDIN
  D:00A5H         SYMBOL        P1MDOUT
  D:00A0H         SYMBOL        P2
  D:00A6H         SYMBOL        P2MDOUT
  D:00B0H         SYMBOL        P3
BL51 BANKED LINKER/LOCATER V6.22.4.0                                                  01/06/2026  22:05:32  PAGE 13


  D:00ADH         SYMBOL        P3IF
  D:00A7H         SYMBOL        P3MDOUT
  D:0084H         SYMBOL        P4
  D:00A4H         SYMBOL        P4MDOUT
  D:0085H         SYMBOL        P5
  D:0086H         SYMBOL        P6
  D:0096H         SYMBOL        P7
  D:00B5H         SYMBOL        P74OUT
  D:00D8H         SYMBOL        PCA0CN
  D:00FAH         SYMBOL        PCA0CPH0
  D:00FBH         SYMBOL        PCA0CPH1
  D:00FCH         SYMBOL        PCA0CPH2
  D:00FDH         SYMBOL        PCA0CPH3
  D:00FEH         SYMBOL        PCA0CPH4
  D:00EAH         SYMBOL        PCA0CPL0
  D:00EBH         SYMBOL        PCA0CPL1
  D:00ECH         SYMBOL        PCA0CPL2
  D:00EDH         SYMBOL        PCA0CPL3
  D:00EEH         SYMBOL        PCA0CPL4
  D:00DAH         SYMBOL        PCA0CPM0
  D:00DBH         SYMBOL        PCA0CPM1
  D:00DCH         SYMBOL        PCA0CPM2
  D:00DDH         SYMBOL        PCA0CPM3
  D:00DEH         SYMBOL        PCA0CPM4
  D:00F9H         SYMBOL        PCA0H
  D:00E9H         SYMBOL        PCA0L
  D:00D9H         SYMBOL        PCA0MD
  D:0087H         SYMBOL        PCON
  B:00B8H.4       SYMBOL        PS
  D:008FH         SYMBOL        PSCTL
  D:00D0H         SYMBOL        PSW
  B:00B8H.1       SYMBOL        PT0
  B:00B8H.3       SYMBOL        PT1
  B:00B8H.5       SYMBOL        PT2
  B:00B8H.0       SYMBOL        PX0
  B:00B8H.2       SYMBOL        PX1
  B:0098H.2       SYMBOL        RB8
  D:00CBH         SYMBOL        RCAP2H
  D:00CAH         SYMBOL        RCAP2L
  D:00E5H         SYMBOL        RCAP4H
  D:00E4H         SYMBOL        RCAP4L
  B:00C8H.5       SYMBOL        RCLK
  D:00D1H         SYMBOL        REF0CN
  B:0098H.4       SYMBOL        REN
  B:0098H.0       SYMBOL        RI
  B:00D0H.3       SYMBOL        RS0
  B:00D0H.4       SYMBOL        RS1
  D:00EFH         SYMBOL        RSTSRC
  B:00F8H.4       SYMBOL        RXOVRN
  D:00A9H         SYMBOL        SADDR0
  D:00F3H         SYMBOL        SADDR1
  D:00B9H         SYMBOL        SADEN0
  D:00AEH         SYMBOL        SADEN1
  D:0099H         SYMBOL        SBUF0
  D:00F2H         SYMBOL        SBUF1
  D:0098H         SYMBOL        SCON0
  D:00F1H         SYMBOL        SCON1
BL51 BANKED LINKER/LOCATER V6.22.4.0                                                  01/06/2026  22:05:32  PAGE 14


  D:00F1H         SYMBOL        SFRPAGE
  B:00C0H.3       SYMBOL        SI
  B:00F8H.2       SYMBOL        SLVSEL
  B:0098H.7       SYMBOL        SM0
  B:0098H.6       SYMBOL        SM1
  B:0098H.5       SYMBOL        SM2
  D:00C3H         SYMBOL        SMB0ADR
  D:00C0H         SYMBOL        SMB0CN
  D:00CFH         SYMBOL        SMB0CR
  D:00C2H         SYMBOL        SMB0DAT
  D:00C1H         SYMBOL        SMB0STA
  B:00C0H.1       SYMBOL        SMBFTE
  B:00C0H.0       SYMBOL        SMBTOE
  D:0081H         SYMBOL        SP
  D:009AH         SYMBOL        SPI0CFG
  D:009DH         SYMBOL        SPI0CKR
  D:00F8H         SYMBOL        SPI0CN
  D:009BH         SYMBOL        SPI0DAT
  B:00F8H.0       SYMBOL        SPIEN
  B:00F8H.7       SYMBOL        SPIF
  B:00C0H.5       SYMBOL        STA
  B:00C0H.4       SYMBOL        STO
  D:00C8H         SYMBOL        T2CON
  D:00C9H         SYMBOL        T4CON
  B:0098H.3       SYMBOL        TB8
  B:00C8H.4       SYMBOL        TCLK
  D:0088H         SYMBOL        TCON
  B:0088H.5       SYMBOL        TF0
  B:0088H.7       SYMBOL        TF1
  B:00C8H.7       SYMBOL        TF2
  D:008CH         SYMBOL        TH0
  D:008DH         SYMBOL        TH1
  D:00CDH         SYMBOL        TH2
  D:00F5H         SYMBOL        TH4
  B:0098H.1       SYMBOL        TI
  D:008AH         SYMBOL        TL0
  D:008BH         SYMBOL        TL1
  D:00CCH         SYMBOL        TL2
  D:00F4H         SYMBOL        TL4
  D:0089H         SYMBOL        TMOD
  D:0091H         SYMBOL        TMR3CN
  D:0095H         SYMBOL        TMR3H
  D:0094H         SYMBOL        TMR3L
  D:0093H         SYMBOL        TMR3RLH
  D:0092H         SYMBOL        TMR3RLL
  B:0088H.4       SYMBOL        TR0
  B:0088H.6       SYMBOL        TR1
  B:00C8H.2       SYMBOL        TR2
  B:00F8H.3       SYMBOL        TXBSY
  B:00F8H.6       SYMBOL        WCOL
  D:00FFH         SYMBOL        WDTCN
  D:00E1H         SYMBOL        XBR0
  D:00E2H         SYMBOL        XBR1
  D:00E3H         SYMBOL        XBR2
  C:0F23H         LINE#         24
  C:0F25H         LINE#         25
  C:0F28H         LINE#         26
BL51 BANKED LINKER/LOCATER V6.22.4.0                                                  01/06/2026  22:05:32  PAGE 15


  C:0F2BH         LINE#         27
  C:0F2EH         LINE#         28
  C:0F30H         LINE#         29
  C:0F31H         LINE#         32
  C:0F33H         LINE#         33
  C:0F36H         LINE#         34
  C:0F39H         LINE#         35
  C:0F3CH         LINE#         36
  C:0F3EH         LINE#         37
  C:0F3FH         LINE#         40
  C:0F41H         LINE#         41
  C:0F44H         LINE#         42
  C:0F47H         LINE#         43
  C:0F4AH         LINE#         44
  C:0F4CH         LINE#         45
  C:0F4DH         LINE#         48
  C:0F4FH         LINE#         49
  C:0F52H         LINE#         50
  C:0F55H         LINE#         51
  C:0F58H         LINE#         52
  C:0F5AH         LINE#         53
  C:0F5BH         LINE#         57
  C:0F5EH         LINE#         58
  C:0F61H         LINE#         59
  C:0F64H         LINE#         61
  C:0F66H         LINE#         62
  C:0F69H         LINE#         63
  C:0F6BH         LINE#         64
  C:0F6EH         LINE#         65
  C:0F70H         LINE#         66
  C:0F73H         LINE#         67
  C:0F75H         LINE#         68
  C:0F78H         LINE#         69
  C:0F7AH         LINE#         70
  C:0F7DH         LINE#         71
  C:0F7FH         LINE#         72
  C:0F82H         LINE#         73
  C:0F84H         LINE#         74
  C:0F87H         LINE#         75
  C:0F88H         LINE#         78
  C:0F8AH         LINE#         79
  C:0F8DH         LINE#         80
  C:0F8FH         LINE#         81
  C:0F91H         LINE#         83
  C:0F93H         LINE#         84
  C:0F96H         LINE#         85
  C:0F98H         LINE#         87
  C:0F9AH         LINE#         88
  C:0F9DH         LINE#         89
  C:0F9EH         LINE#         90
  C:0F9FH         LINE#         91
  C:0FA2H         LINE#         92
  C:0FA4H         LINE#         93
  C:0FA7H         LINE#         94
  C:0FA8H         LINE#         97
  C:0FAAH         LINE#         98
  C:0FADH         LINE#         99
BL51 BANKED LINKER/LOCATER V6.22.4.0                                                  01/06/2026  22:05:32  PAGE 16


  C:0FAEH         LINE#         103
  C:0FAFH         LINE#         104
  C:0FB0H         LINE#         105
  C:0FB2H         LINE#         106
  C:0FB5H         LINE#         107
  C:0FB6H         LINE#         108
  C:0FB8H         LINE#         110
  -------         ENDMOD        LCD1602

  -------         MODULE        KEYINPUT
  C:0FB9H         SEGMENT       KBI
  C:0FB9H         PUBLIC        KEYINPUT_PROCESS
  C:0FC8H         SYMBOL        KBI_AFTER_STABLE_CHECK
  C:0FD4H         SYMBOL        KBI_CONF_CHANGED
  C:0FE5H         SYMBOL        KBI_CONF_CHECK_RELEASE
  C:1003H         SYMBOL        KBI_CONF_PRESSED
  C:0FF3H         SYMBOL        KBI_LONG_PRESS
  C:1012H         SYMBOL        KBI_RETURN
  C:0FC3H         SYMBOL        KBI_SAMPLE_CHANGED
  C:0FFBH         SYMBOL        KBI_SHORT_PRESS
  C:0FB9H         LINE#         16
  C:0FBCH         LINE#         17
  C:0FBFH         LINE#         18
  C:0FC1H         LINE#         19
  C:0FC3H         LINE#         22
  C:0FC5H         LINE#         23
  C:0FC8H         LINE#         26
  C:0FCAH         LINE#         27
  C:0FCDH         LINE#         28
  C:0FCFH         LINE#         29
  C:0FD2H         LINE#         30
  C:0FD4H         LINE#         33
  C:0FD6H         LINE#         34
  C:0FD8H         LINE#         35
  C:0FDAH         LINE#         36
  C:0FDDH         LINE#         37
  C:0FE0H         LINE#         38
  C:0FE3H         LINE#         39
  C:0FE5H         LINE#         42
  C:0FE7H         LINE#         43
  C:0FEAH         LINE#         44
  C:0FECH         LINE#         45
  C:0FEDH         LINE#         46
  C:0FEFH         LINE#         47
  C:0FF1H         LINE#         48
  C:0FF3H         LINE#         51
  C:0FF6H         LINE#         52
  C:0FF9H         LINE#         53
  C:0FFBH         LINE#         56
  C:0FFEH         LINE#         57
  C:1001H         LINE#         58
  C:1003H         LINE#         61
  C:1005H         LINE#         62
  C:1007H         LINE#         63
  C:1009H         LINE#         64
  C:100CH         LINE#         65
  C:100FH         LINE#         66
BL51 BANKED LINKER/LOCATER V6.22.4.0                                                  01/06/2026  22:05:32  PAGE 17


  C:1012H         LINE#         69
  -------         ENDMOD        KEYINPUT

  -------         MODULE        LED6
  C:0B4AH         SEGMENT       LED6
  C:0BECH         PUBLIC        LED6_APPLYTABLE
  C:0BBDH         PUBLIC        LED6_REFRESH
  B:00C0H.2       SYMBOL        AA
  B:00D0H.6       SYMBOL        AC
  D:00E0H         SYMBOL        ACC
  B:00E8H.4       SYMBOL        AD0BUSY
  B:00E8H.7       SYMBOL        AD0EN
  B:00E8H.5       SYMBOL        AD0INT
  B:00E8H.0       SYMBOL        AD0LJST
  B:00E8H.2       SYMBOL        AD0STM0
  B:00E8H.3       SYMBOL        AD0STM1
  B:00E8H.6       SYMBOL        AD0TM
  B:00E8H.1       SYMBOL        AD0WINT
  D:00BCH         SYMBOL        ADC0CF
  D:00E8H         SYMBOL        ADC0CN
  D:00C5H         SYMBOL        ADC0GTH
  D:00C4H         SYMBOL        ADC0GTL
  D:00BFH         SYMBOL        ADC0H
  D:00BEH         SYMBOL        ADC0L
  D:00C7H         SYMBOL        ADC0LTH
  D:00C6H         SYMBOL        ADC0LTL
  D:009CH         SYMBOL        ADC1
  D:00ABH         SYMBOL        ADC1CF
  D:00AAH         SYMBOL        ADC1CN
  D:00BAH         SYMBOL        AMX0CF
  D:00BBH         SYMBOL        AMX0SL
  D:00ACH         SYMBOL        AMX1SL
  D:00F0H         SYMBOL        B
  C:0BB2H         SYMBOL        BITMASK_TABLE
  N:005AH         SYMBOL        BLINK_TIMER
  N:005BH         SYMBOL        BLINK_TOGGLE
  B:00D8H.0       SYMBOL        CCF0
  B:00D8H.1       SYMBOL        CCF1
  B:00D8H.2       SYMBOL        CCF2
  B:00D8H.3       SYMBOL        CCF3
  B:00D8H.4       SYMBOL        CCF4
  B:00D8H.7       SYMBOL        CF
  D:008EH         SYMBOL        CKCON
  B:00C8H.0       SYMBOL        CPRL2
  D:009EH         SYMBOL        CPT0CN
  D:009FH         SYMBOL        CPT1CN
  B:00D8H.6       SYMBOL        CR
  B:00C8H.1       SYMBOL        CT2
  N:0056H         SYMBOL        CUR_FLR
  B:00D0H.7       SYMBOL        CY
  D:00D4H         SYMBOL        DAC0CN
  D:00D3H         SYMBOL        DAC0H
  D:00D2H         SYMBOL        DAC0L
  D:00D7H         SYMBOL        DAC1CN
  D:00D6H         SYMBOL        DAC1H
  D:00D5H         SYMBOL        DAC1L
  N:0067H         SYMBOL        DEBUG_ON
BL51 BANKED LINKER/LOCATER V6.22.4.0                                                  01/06/2026  22:05:32  PAGE 18


  D:0083H         SYMBOL        DPH
  D:0082H         SYMBOL        DPL
  B:00A8H.7       SYMBOL        EA
  D:00E6H         SYMBOL        EIE1
  D:00E7H         SYMBOL        EIE2
  D:00F6H         SYMBOL        EIP1
  D:00F7H         SYMBOL        EIP2
  N:0022H         SYMBOL        ELEV_ARRIVED
  N:0023H         SYMBOL        ELEV_CLOSE
  N:0064H         SYMBOL        ELEV_DIR
  N:0021H         SYMBOL        ELEV_RUN
  N:0020H         SYMBOL        ELEV_ST
  N:0058H         SYMBOL        ELEV_TARGET
  N:0057H         SYMBOL        ELEV_TIMER
  D:00A3H         SYMBOL        EMI0CF
  D:00AFH         SYMBOL        EMI0CN
  D:00A1H         SYMBOL        EMI0TC
  B:00C0H.6       SYMBOL        ENSMB
  B:00A8H.4       SYMBOL        ES
  B:00A8H.1       SYMBOL        ET0
  B:00A8H.3       SYMBOL        ET1
  B:00A8H.5       SYMBOL        ET2
  B:00A8H.0       SYMBOL        EX0
  B:00A8H.2       SYMBOL        EX1
  B:00C8H.3       SYMBOL        EXEN2
  B:00C8H.6       SYMBOL        EXF2
  N:0063H         SYMBOL        EXT_DN_HI
  N:0062H         SYMBOL        EXT_DN_LO
  N:005FH         SYMBOL        EXT_UP_HI
  N:005EH         SYMBOL        EXT_UP_LO
  B:00D0H.5       SYMBOL        F0
  B:00D0H.1       SYMBOL        F1
  D:00B7H         SYMBOL        FLACL
  D:00B6H         SYMBOL        FLSCL
  D:00A8H         SYMBOL        IE
  B:0088H.1       SYMBOL        IE0
  B:0088H.3       SYMBOL        IE1
  N:0065H         SYMBOL        INPUT_MODE
  N:005DH         SYMBOL        INT_REQ_HI
  N:005CH         SYMBOL        INT_REQ_LO
  D:00B8H         SYMBOL        IP
  B:0088H.0       SYMBOL        IT0
  B:0088H.2       SYMBOL        IT1
  C:0C47H         SYMBOL        LBL_COPY
  C:0C44H         SYMBOL        LBL_DEFAULT
  C:0BFCH         SYMBOL        LBL_L1
  C:0C04H         SYMBOL        LBL_L2
  C:0C0CH         SYMBOL        LBL_L3
  C:0C14H         SYMBOL        LBL_L4
  C:0C1CH         SYMBOL        LBL_L5
  C:0C24H         SYMBOL        LBL_L6
  C:0C2CH         SYMBOL        LBL_L7
  C:0C34H         SYMBOL        LBL_L8
  C:0C3CH         SYMBOL        LBL_L9
  C:0C4BH         SYMBOL        LBL_LOOP
  C:0BEBH         SYMBOL        LED6_EXIT
  B:00F8H.5       SYMBOL        MODF
BL51 BANKED LINKER/LOCATER V6.22.4.0                                                  01/06/2026  22:05:32  PAGE 19


  B:00F8H.1       SYMBOL        MSTEN
  N:0059H         SYMBOL        ONE_SEC_CNT
  N:0011H         SYMBOL        OPT1_ST
  N:0012H         SYMBOL        OPT2_ST
  N:0013H         SYMBOL        OPT3_ST
  N:0001H         SYMBOL        OPT_ST
  D:00B2H         SYMBOL        OSCICN
  D:00B1H         SYMBOL        OSCXCN
  N:0066H         SYMBOL        OUT_SEL_VAL
  B:00D0H.2       SYMBOL        OV
  B:00D0H.0       SYMBOL        P
  D:0080H         SYMBOL        P0
  D:00A4H         SYMBOL        P0MDOUT
  D:0090H         SYMBOL        P1
  D:00BDH         SYMBOL        P1MDIN
  D:00A5H         SYMBOL        P1MDOUT
  D:00A0H         SYMBOL        P2
  D:00A6H         SYMBOL        P2MDOUT
  D:00B0H         SYMBOL        P3
  D:00ADH         SYMBOL        P3IF
  D:00A7H         SYMBOL        P3MDOUT
  D:0084H         SYMBOL        P4
  D:0085H         SYMBOL        P5
  D:0086H         SYMBOL        P6
  D:0096H         SYMBOL        P7
  D:00B5H         SYMBOL        P74OUT
  C:0BB8H         SYMBOL        PASSWORD_TABLE
  N:0002H         SYMBOL        PASS_ST
  D:00D8H         SYMBOL        PCA0CN
  D:00FAH         SYMBOL        PCA0CPH0
  D:00FBH         SYMBOL        PCA0CPH1
  D:00FCH         SYMBOL        PCA0CPH2
  D:00FDH         SYMBOL        PCA0CPH3
  D:00FEH         SYMBOL        PCA0CPH4
  D:00EAH         SYMBOL        PCA0CPL0
  D:00EBH         SYMBOL        PCA0CPL1
  D:00ECH         SYMBOL        PCA0CPL2
  D:00EDH         SYMBOL        PCA0CPL3
  D:00EEH         SYMBOL        PCA0CPL4
  D:00DAH         SYMBOL        PCA0CPM0
  D:00DBH         SYMBOL        PCA0CPM1
  D:00DCH         SYMBOL        PCA0CPM2
  D:00DDH         SYMBOL        PCA0CPM3
  D:00DEH         SYMBOL        PCA0CPM4
  D:00F9H         SYMBOL        PCA0H
  D:00E9H         SYMBOL        PCA0L
  D:00D9H         SYMBOL        PCA0MD
  D:0087H         SYMBOL        PCON
  B:00B8H.4       SYMBOL        PS
  D:008FH         SYMBOL        PSCTL
  D:00D0H         SYMBOL        PSW
  B:00B8H.1       SYMBOL        PT0
  B:00B8H.3       SYMBOL        PT1
  B:00B8H.5       SYMBOL        PT2
  B:00B8H.0       SYMBOL        PX0
  B:00B8H.2       SYMBOL        PX1
  B:0098H.2       SYMBOL        RB8
BL51 BANKED LINKER/LOCATER V6.22.4.0                                                  01/06/2026  22:05:32  PAGE 20


  D:00CBH         SYMBOL        RCAP2H
  D:00CAH         SYMBOL        RCAP2L
  D:00E5H         SYMBOL        RCAP4H
  D:00E4H         SYMBOL        RCAP4L
  B:00C8H.5       SYMBOL        RCLK
  D:00D1H         SYMBOL        REF0CN
  B:0098H.4       SYMBOL        REN
  B:0098H.0       SYMBOL        RI
  B:00D0H.3       SYMBOL        RS0
  B:00D0H.4       SYMBOL        RS1
  D:00EFH         SYMBOL        RSTSRC
  N:0000H         SYMBOL        RUN_ST
  B:00F8H.4       SYMBOL        RXOVRN
  D:00A9H         SYMBOL        SADDR0
  D:00F3H         SYMBOL        SADDR1
  D:00B9H         SYMBOL        SADEN0
  D:00AEH         SYMBOL        SADEN1
  D:0099H         SYMBOL        SBUF0
  D:00F2H         SYMBOL        SBUF1
  D:0098H         SYMBOL        SCON0
  D:00F1H         SYMBOL        SCON1
  C:0B8CH         SYMBOL        SEG_TABLE
  B:00C0H.3       SYMBOL        SI
  B:00F8H.2       SYMBOL        SLVSEL
  B:0098H.7       SYMBOL        SM0
  B:0098H.6       SYMBOL        SM1
  B:0098H.5       SYMBOL        SM2
  D:00C3H         SYMBOL        SMB0ADR
  D:00C0H         SYMBOL        SMB0CN
  D:00CFH         SYMBOL        SMB0CR
  D:00C2H         SYMBOL        SMB0DAT
  D:00C1H         SYMBOL        SMB0STA
  B:00C0H.1       SYMBOL        SMBFTE
  B:00C0H.0       SYMBOL        SMBTOE
  D:0081H         SYMBOL        SP
  D:009AH         SYMBOL        SPI0CFG
  D:009DH         SYMBOL        SPI0CKR
  D:00F8H         SYMBOL        SPI0CN
  D:009BH         SYMBOL        SPI0DAT
  B:00F8H.0       SYMBOL        SPIEN
  B:00F8H.7       SYMBOL        SPIF
  B:00C0H.5       SYMBOL        STA
  B:00C0H.4       SYMBOL        STO
  D:00C8H         SYMBOL        T2CON
  D:00C9H         SYMBOL        T4CON
  C:0B86H         SYMBOL        TABLE_DISPLAY_ALL_OFF
  C:0B4AH         SYMBOL        TABLE_DISPLAY_INIT_BLANK
  C:0B50H         SYMBOL        TABLE_DISPLAY_RUN_BLANK
  C:0B56H         SYMBOL        TABLE_MENU_MAIN_OPT
  C:0B62H         SYMBOL        TABLE_OPT1_PROMPT
  C:0B68H         SYMBOL        TABLE_OPT2_PROMPT
  C:0B6EH         SYMBOL        TABLE_OPT3_PROMPT
  C:0B5CH         SYMBOL        TABLE_OPT_ERR011
  C:0B7AH         SYMBOL        TABLE_PASS_ERROR_FALSEX
  C:0B80H         SYMBOL        TABLE_PASS_ERROR_LOCKED
  C:0B74H         SYMBOL        TABLE_PASS_PROMPT
  B:0098H.3       SYMBOL        TB8
BL51 BANKED LINKER/LOCATER V6.22.4.0                                                  01/06/2026  22:05:32  PAGE 21


  B:00C8H.4       SYMBOL        TCLK
  D:0088H         SYMBOL        TCON
  B:0088H.5       SYMBOL        TF0
  B:0088H.7       SYMBOL        TF1
  B:00C8H.7       SYMBOL        TF2
  D:008CH         SYMBOL        TH0
  D:008DH         SYMBOL        TH1
  D:00CDH         SYMBOL        TH2
  D:00F5H         SYMBOL        TH4
  B:0098H.1       SYMBOL        TI
  D:008AH         SYMBOL        TL0
  D:008BH         SYMBOL        TL1
  D:00CCH         SYMBOL        TL2
  D:00F4H         SYMBOL        TL4
  D:0089H         SYMBOL        TMOD
  D:0091H         SYMBOL        TMR3CN
  D:0095H         SYMBOL        TMR3H
  D:0094H         SYMBOL        TMR3L
  D:0093H         SYMBOL        TMR3RLH
  D:0092H         SYMBOL        TMR3RLL
  B:0088H.4       SYMBOL        TR0
  B:0088H.6       SYMBOL        TR1
  B:00C8H.2       SYMBOL        TR2
  B:00F8H.3       SYMBOL        TXBSY
  B:00F8H.6       SYMBOL        WCOL
  D:00FFH         SYMBOL        WDTCN
  D:00E1H         SYMBOL        XBR0
  D:00E2H         SYMBOL        XBR1
  D:00E3H         SYMBOL        XBR2
  C:0BBDH         LINE#         14
  C:0BC0H         LINE#         15
  C:0BC3H         LINE#         17
  C:0BC5H         LINE#         18
  C:0BC6H         LINE#         19
  C:0BC8H         LINE#         20
  C:0BC9H         LINE#         21
  C:0BCAH         LINE#         22
  C:0BCCH         LINE#         24
  C:0BCFH         LINE#         25
  C:0BD1H         LINE#         26
  C:0BD2H         LINE#         27
  C:0BD4H         LINE#         29
  C:0BD7H         LINE#         30
  C:0BD8H         LINE#         31
  C:0BD9H         LINE#         32
  C:0BDAH         LINE#         33
  C:0BDBH         LINE#         35
  C:0BDDH         LINE#         36
  C:0BDFH         LINE#         38
  C:0BE1H         LINE#         40
  C:0BE3H         LINE#         41
  C:0BE5H         LINE#         42
  C:0BE8H         LINE#         43
  C:0BEBH         LINE#         46
  C:0BECH         LINE#         62
  C:0BEEH         LINE#         63
  C:0BF0H         LINE#         64
BL51 BANKED LINKER/LOCATER V6.22.4.0                                                  01/06/2026  22:05:32  PAGE 22


  C:0BF2H         LINE#         65
  C:0BF4H         LINE#         68
  C:0BF7H         LINE#         69
  C:0BFAH         LINE#         70
  C:0BFCH         LINE#         71
  C:0BFFH         LINE#         72
  C:0C02H         LINE#         73
  C:0C04H         LINE#         74
  C:0C07H         LINE#         75
  C:0C0AH         LINE#         76
  C:0C0CH         LINE#         77
  C:0C0FH         LINE#         78
  C:0C12H         LINE#         79
  C:0C14H         LINE#         80
  C:0C17H         LINE#         81
  C:0C1AH         LINE#         82
  C:0C1CH         LINE#         83
  C:0C1FH         LINE#         84
  C:0C22H         LINE#         85
  C:0C24H         LINE#         86
  C:0C27H         LINE#         87
  C:0C2AH         LINE#         88
  C:0C2CH         LINE#         89
  C:0C2FH         LINE#         90
  C:0C32H         LINE#         91
  C:0C34H         LINE#         92
  C:0C37H         LINE#         93
  C:0C3AH         LINE#         94
  C:0C3CH         LINE#         95
  C:0C3FH         LINE#         96
  C:0C42H         LINE#         97
  C:0C44H         LINE#         100
  C:0C47H         LINE#         103
  C:0C49H         LINE#         104
  C:0C4BH         LINE#         106
  C:0C4CH         LINE#         107
  C:0C4DH         LINE#         108
  C:0C4EH         LINE#         109
  C:0C4FH         LINE#         110
  C:0C50H         LINE#         111
  C:0C51H         LINE#         112
  C:0C54H         LINE#         114
  C:0C56H         LINE#         115
  C:0C58H         LINE#         116
  C:0C5AH         LINE#         117
  C:0C5CH         LINE#         118
  -------         ENDMOD        LED6

  -------         MODULE        DELAY
  C:107AH         SEGMENT       DELAY
  C:107AH         PUBLIC        DELAY_MS
  C:107EH         SYMBOL        L_D1
  C:1080H         SYMBOL        L_D2
  C:1082H         SYMBOL        L_D3
  C:107AH         LINE#         7
  C:107CH         LINE#         8
  C:107EH         LINE#         9
BL51 BANKED LINKER/LOCATER V6.22.4.0                                                  01/06/2026  22:05:32  PAGE 23


  C:1080H         LINE#         10
  C:1082H         LINE#         11
  C:1084H         LINE#         12
  C:1086H         LINE#         13
  C:1088H         LINE#         14
  C:108AH         LINE#         15
  C:108CH         LINE#         16
  -------         ENDMOD        DELAY

  -------         MODULE        KEYBOARD
  C:0C5DH         SEGMENT       KBD
  C:0C5DH         PUBLIC        MATRIXKEY
  B:00C0H.2       SYMBOL        AA
  B:00D0H.6       SYMBOL        AC
  D:00E0H         SYMBOL        ACC
  B:00E8H.4       SYMBOL        AD0BUSY
  B:00E8H.7       SYMBOL        AD0EN
  B:00E8H.5       SYMBOL        AD0INT
  B:00E8H.0       SYMBOL        AD0LJST
  B:00E8H.2       SYMBOL        AD0STM0
  B:00E8H.3       SYMBOL        AD0STM1
  B:00E8H.6       SYMBOL        AD0TM
  B:00E8H.1       SYMBOL        AD0WINT
  D:00BCH         SYMBOL        ADC0CF
  D:00E8H         SYMBOL        ADC0CN
  D:00C5H         SYMBOL        ADC0GTH
  D:00C4H         SYMBOL        ADC0GTL
  D:00BFH         SYMBOL        ADC0H
  D:00BEH         SYMBOL        ADC0L
  D:00C7H         SYMBOL        ADC0LTH
  D:00C6H         SYMBOL        ADC0LTL
  D:009CH         SYMBOL        ADC1
  D:00ABH         SYMBOL        ADC1CF
  D:00AAH         SYMBOL        ADC1CN
  D:00BAH         SYMBOL        AMX0CF
  D:00BBH         SYMBOL        AMX0SL
  D:00ACH         SYMBOL        AMX1SL
  D:00F0H         SYMBOL        B
  B:00D8H.0       SYMBOL        CCF0
  B:00D8H.1       SYMBOL        CCF1
  B:00D8H.2       SYMBOL        CCF2
  B:00D8H.3       SYMBOL        CCF3
  B:00D8H.4       SYMBOL        CCF4
  B:00D8H.7       SYMBOL        CF
  D:008EH         SYMBOL        CKCON
  B:00C8H.0       SYMBOL        CPRL2
  D:009EH         SYMBOL        CPT0CN
  D:009FH         SYMBOL        CPT1CN
  B:00D8H.6       SYMBOL        CR
  B:00C8H.1       SYMBOL        CT2
  B:00D0H.7       SYMBOL        CY
  D:00D4H         SYMBOL        DAC0CN
  D:00D3H         SYMBOL        DAC0H
  D:00D2H         SYMBOL        DAC0L
  D:00D7H         SYMBOL        DAC1CN
  D:00D6H         SYMBOL        DAC1H
  D:00D5H         SYMBOL        DAC1L
BL51 BANKED LINKER/LOCATER V6.22.4.0                                                  01/06/2026  22:05:32  PAGE 24


  D:0083H         SYMBOL        DPH
  D:0082H         SYMBOL        DPL
  B:00A8H.7       SYMBOL        EA
  D:00E6H         SYMBOL        EIE1
  D:00E7H         SYMBOL        EIE2
  D:00F6H         SYMBOL        EIP1
  D:00F7H         SYMBOL        EIP2
  D:00A3H         SYMBOL        EMI0CF
  D:00AFH         SYMBOL        EMI0CN
  D:00A1H         SYMBOL        EMI0TC
  B:00C0H.6       SYMBOL        ENSMB
  B:00A8H.4       SYMBOL        ES
  B:00A8H.1       SYMBOL        ET0
  B:00A8H.3       SYMBOL        ET1
  B:00A8H.5       SYMBOL        ET2
  B:00A8H.0       SYMBOL        EX0
  B:00A8H.2       SYMBOL        EX1
  B:00C8H.3       SYMBOL        EXEN2
  B:00C8H.6       SYMBOL        EXF2
  B:00D0H.5       SYMBOL        F0
  B:00D0H.1       SYMBOL        F1
  D:00B7H         SYMBOL        FLACL
  D:00B6H         SYMBOL        FLSCL
  D:00A8H         SYMBOL        IE
  B:0088H.1       SYMBOL        IE0
  B:0088H.3       SYMBOL        IE1
  D:00B8H         SYMBOL        IP
  B:0088H.0       SYMBOL        IT0
  B:0088H.2       SYMBOL        IT1
  C:0C6AH         SYMBOL        MK_SK1
  C:0CAAH         SYMBOL        MK_SK10
  C:0CB0H         SYMBOL        MK_SK11
  C:0CB6H         SYMBOL        MK_SK12
  C:0CC1H         SYMBOL        MK_SK13
  C:0CC7H         SYMBOL        MK_SK14
  C:0CCDH         SYMBOL        MK_SK15
  C:0CD3H         SYMBOL        MK_SK16
  C:0C70H         SYMBOL        MK_SK2
  C:0C76H         SYMBOL        MK_SK3
  C:0C7CH         SYMBOL        MK_SK4
  C:0C87H         SYMBOL        MK_SK5
  C:0C8DH         SYMBOL        MK_SK6
  C:0C93H         SYMBOL        MK_SK7
  C:0C99H         SYMBOL        MK_SK8
  C:0CA4H         SYMBOL        MK_SK9
  B:00F8H.5       SYMBOL        MODF
  B:00F8H.1       SYMBOL        MSTEN
  C:0D0DH         SYMBOL        MXK_10_CHECK
  C:0D31H         SYMBOL        MXK_11_CHECK
  C:0D55H         SYMBOL        MXK_12_CHECK
  C:0CF2H         SYMBOL        MXK_13_CHECK
  C:0D16H         SYMBOL        MXK_14_CHECK
  C:0D3AH         SYMBOL        MXK_15_CHECK
  C:0D5EH         SYMBOL        MXK_16_CHECK
  C:0CD7H         SYMBOL        MXK_1_CHECK
  C:0CFBH         SYMBOL        MXK_2_CHECK
  C:0D1FH         SYMBOL        MXK_3_CHECK
BL51 BANKED LINKER/LOCATER V6.22.4.0                                                  01/06/2026  22:05:32  PAGE 25


  C:0D43H         SYMBOL        MXK_4_CHECK
  C:0CE0H         SYMBOL        MXK_5_CHECK
  C:0D04H         SYMBOL        MXK_6_CHECK
  C:0D28H         SYMBOL        MXK_7_CHECK
  C:0D4CH         SYMBOL        MXK_8_CHECK
  C:0CE9H         SYMBOL        MXK_9_CHECK
  D:00B2H         SYMBOL        OSCICN
  D:00B1H         SYMBOL        OSCXCN
  B:00D0H.2       SYMBOL        OV
  B:00D0H.0       SYMBOL        P
  D:0080H         SYMBOL        P0
  D:00A4H         SYMBOL        P0MDOUT
  D:0090H         SYMBOL        P1
  D:00BDH         SYMBOL        P1MDIN
  D:00A5H         SYMBOL        P1MDOUT
  D:00A0H         SYMBOL        P2
  D:00A6H         SYMBOL        P2MDOUT
  D:00B0H         SYMBOL        P3
  D:00ADH         SYMBOL        P3IF
  D:00A7H         SYMBOL        P3MDOUT
  D:0084H         SYMBOL        P4
  D:0085H         SYMBOL        P5
  D:0086H         SYMBOL        P6
  D:0096H         SYMBOL        P7
  D:00B5H         SYMBOL        P74OUT
  D:00D8H         SYMBOL        PCA0CN
  D:00FAH         SYMBOL        PCA0CPH0
  D:00FBH         SYMBOL        PCA0CPH1
  D:00FCH         SYMBOL        PCA0CPH2
  D:00FDH         SYMBOL        PCA0CPH3
  D:00FEH         SYMBOL        PCA0CPH4
  D:00EAH         SYMBOL        PCA0CPL0
  D:00EBH         SYMBOL        PCA0CPL1
  D:00ECH         SYMBOL        PCA0CPL2
  D:00EDH         SYMBOL        PCA0CPL3
  D:00EEH         SYMBOL        PCA0CPL4
  D:00DAH         SYMBOL        PCA0CPM0
  D:00DBH         SYMBOL        PCA0CPM1
  D:00DCH         SYMBOL        PCA0CPM2
  D:00DDH         SYMBOL        PCA0CPM3
  D:00DEH         SYMBOL        PCA0CPM4
  D:00F9H         SYMBOL        PCA0H
  D:00E9H         SYMBOL        PCA0L
  D:00D9H         SYMBOL        PCA0MD
  D:0087H         SYMBOL        PCON
  B:00B8H.4       SYMBOL        PS
  D:008FH         SYMBOL        PSCTL
  D:00D0H         SYMBOL        PSW
  B:00B8H.1       SYMBOL        PT0
  B:00B8H.3       SYMBOL        PT1
  B:00B8H.5       SYMBOL        PT2
  B:00B8H.0       SYMBOL        PX0
  B:00B8H.2       SYMBOL        PX1
  B:0098H.2       SYMBOL        RB8
  D:00CBH         SYMBOL        RCAP2H
  D:00CAH         SYMBOL        RCAP2L
  D:00E5H         SYMBOL        RCAP4H
BL51 BANKED LINKER/LOCATER V6.22.4.0                                                  01/06/2026  22:05:32  PAGE 26


  D:00E4H         SYMBOL        RCAP4L
  B:00C8H.5       SYMBOL        RCLK
  D:00D1H         SYMBOL        REF0CN
  B:0098H.4       SYMBOL        REN
  B:0098H.0       SYMBOL        RI
  B:00D0H.3       SYMBOL        RS0
  B:00D0H.4       SYMBOL        RS1
  D:00EFH         SYMBOL        RSTSRC
  B:00F8H.4       SYMBOL        RXOVRN
  D:00A9H         SYMBOL        SADDR0
  D:00F3H         SYMBOL        SADDR1
  D:00B9H         SYMBOL        SADEN0
  D:00AEH         SYMBOL        SADEN1
  D:0099H         SYMBOL        SBUF0
  D:00F2H         SYMBOL        SBUF1
  D:0098H         SYMBOL        SCON0
  D:00F1H         SYMBOL        SCON1
  B:00C0H.3       SYMBOL        SI
  B:00F8H.2       SYMBOL        SLVSEL
  B:0098H.7       SYMBOL        SM0
  B:0098H.6       SYMBOL        SM1
  B:0098H.5       SYMBOL        SM2
  D:00C3H         SYMBOL        SMB0ADR
  D:00C0H         SYMBOL        SMB0CN
  D:00CFH         SYMBOL        SMB0CR
  D:00C2H         SYMBOL        SMB0DAT
  D:00C1H         SYMBOL        SMB0STA
  B:00C0H.1       SYMBOL        SMBFTE
  B:00C0H.0       SYMBOL        SMBTOE
  D:0081H         SYMBOL        SP
  D:009AH         SYMBOL        SPI0CFG
  D:009DH         SYMBOL        SPI0CKR
  D:00F8H         SYMBOL        SPI0CN
  D:009BH         SYMBOL        SPI0DAT
  B:00F8H.0       SYMBOL        SPIEN
  B:00F8H.7       SYMBOL        SPIF
  B:00C0H.5       SYMBOL        STA
  B:00C0H.4       SYMBOL        STO
  D:00C8H         SYMBOL        T2CON
  D:00C9H         SYMBOL        T4CON
  B:0098H.3       SYMBOL        TB8
  B:00C8H.4       SYMBOL        TCLK
  D:0088H         SYMBOL        TCON
  B:0088H.5       SYMBOL        TF0
  B:0088H.7       SYMBOL        TF1
  B:00C8H.7       SYMBOL        TF2
  D:008CH         SYMBOL        TH0
  D:008DH         SYMBOL        TH1
  D:00CDH         SYMBOL        TH2
  D:00F5H         SYMBOL        TH4
  B:0098H.1       SYMBOL        TI
  D:008AH         SYMBOL        TL0
  D:008BH         SYMBOL        TL1
  D:00CCH         SYMBOL        TL2
  D:00F4H         SYMBOL        TL4
  D:0089H         SYMBOL        TMOD
  D:0091H         SYMBOL        TMR3CN
BL51 BANKED LINKER/LOCATER V6.22.4.0                                                  01/06/2026  22:05:32  PAGE 27


  D:0095H         SYMBOL        TMR3H
  D:0094H         SYMBOL        TMR3L
  D:0093H         SYMBOL        TMR3RLH
  D:0092H         SYMBOL        TMR3RLL
  B:0088H.4       SYMBOL        TR0
  B:0088H.6       SYMBOL        TR1
  B:00C8H.2       SYMBOL        TR2
  B:00F8H.3       SYMBOL        TXBSY
  B:00F8H.6       SYMBOL        WCOL
  D:00FFH         SYMBOL        WDTCN
  D:00E1H         SYMBOL        XBR0
  D:00E2H         SYMBOL        XBR1
  D:00E3H         SYMBOL        XBR2
  C:0C5DH         LINE#         11
  C:0C5FH         LINE#         12
  C:0C62H         LINE#         14
  C:0C64H         LINE#         15
  C:0C67H         LINE#         16
  C:0C6AH         LINE#         18
  C:0C6DH         LINE#         19
  C:0C70H         LINE#         21
  C:0C73H         LINE#         22
  C:0C76H         LINE#         24
  C:0C79H         LINE#         25
  C:0C7CH         LINE#         27
  C:0C7FH         LINE#         29
  C:0C81H         LINE#         30
  C:0C84H         LINE#         31
  C:0C87H         LINE#         33
  C:0C8AH         LINE#         34
  C:0C8DH         LINE#         36
  C:0C90H         LINE#         37
  C:0C93H         LINE#         39
  C:0C96H         LINE#         40
  C:0C99H         LINE#         42
  C:0C9CH         LINE#         44
  C:0C9EH         LINE#         45
  C:0CA1H         LINE#         46
  C:0CA4H         LINE#         48
  C:0CA7H         LINE#         49
  C:0CAAH         LINE#         51
  C:0CADH         LINE#         52
  C:0CB0H         LINE#         54
  C:0CB3H         LINE#         55
  C:0CB6H         LINE#         57
  C:0CB9H         LINE#         59
  C:0CBBH         LINE#         60
  C:0CBEH         LINE#         61
  C:0CC1H         LINE#         63
  C:0CC4H         LINE#         64
  C:0CC7H         LINE#         66
  C:0CCAH         LINE#         67
  C:0CCDH         LINE#         69
  C:0CD0H         LINE#         70
  C:0CD3H         LINE#         72
  C:0CD6H         LINE#         73
  C:0CD7H         LINE#         76
BL51 BANKED LINKER/LOCATER V6.22.4.0                                                  01/06/2026  22:05:32  PAGE 28


  C:0CD9H         LINE#         77
  C:0CDCH         LINE#         78
  C:0CDFH         LINE#         79
  C:0CE0H         LINE#         81
  C:0CE2H         LINE#         82
  C:0CE5H         LINE#         83
  C:0CE8H         LINE#         84
  C:0CE9H         LINE#         86
  C:0CEBH         LINE#         87
  C:0CEEH         LINE#         88
  C:0CF1H         LINE#         89
  C:0CF2H         LINE#         91
  C:0CF4H         LINE#         92
  C:0CF7H         LINE#         93
  C:0CFAH         LINE#         94
  C:0CFBH         LINE#         96
  C:0CFDH         LINE#         97
  C:0D00H         LINE#         98
  C:0D03H         LINE#         99
  C:0D04H         LINE#         101
  C:0D06H         LINE#         102
  C:0D09H         LINE#         103
  C:0D0CH         LINE#         104
  C:0D0DH         LINE#         106
  C:0D0FH         LINE#         107
  C:0D12H         LINE#         108
  C:0D15H         LINE#         109
  C:0D16H         LINE#         111
  C:0D18H         LINE#         112
  C:0D1BH         LINE#         113
  C:0D1EH         LINE#         114
  C:0D1FH         LINE#         116
  C:0D21H         LINE#         117
  C:0D24H         LINE#         118
  C:0D27H         LINE#         119
  C:0D28H         LINE#         121
  C:0D2AH         LINE#         122
  C:0D2DH         LINE#         123
  C:0D30H         LINE#         124
  C:0D31H         LINE#         126
  C:0D33H         LINE#         127
  C:0D36H         LINE#         128
  C:0D39H         LINE#         129
  C:0D3AH         LINE#         131
  C:0D3CH         LINE#         132
  C:0D3FH         LINE#         133
  C:0D42H         LINE#         134
  C:0D43H         LINE#         136
  C:0D45H         LINE#         137
  C:0D48H         LINE#         138
  C:0D4BH         LINE#         139
  C:0D4CH         LINE#         141
  C:0D4EH         LINE#         142
  C:0D51H         LINE#         143
  C:0D54H         LINE#         144
  C:0D55H         LINE#         146
  C:0D57H         LINE#         147
BL51 BANKED LINKER/LOCATER V6.22.4.0                                                  01/06/2026  22:05:32  PAGE 29


  C:0D5AH         LINE#         148
  C:0D5DH         LINE#         149
  C:0D5EH         LINE#         151
  C:0D60H         LINE#         152
  C:0D63H         LINE#         153
  C:0D66H         LINE#         154
  -------         ENDMOD        KEYBOARD

  -------         MODULE        TIMER0
  C:0E62H         SEGMENT       TMR0
  C:0E62H         PUBLIC        TIMER0_INIT
  C:0E6BH         PUBLIC        TIMER0_ISR
  B:00C0H.2       SYMBOL        AA
  B:00D0H.6       SYMBOL        AC
  D:00E0H         SYMBOL        ACC
  B:00E8H.4       SYMBOL        AD0BUSY
  B:00E8H.7       SYMBOL        AD0EN
  B:00E8H.5       SYMBOL        AD0INT
  B:00E8H.0       SYMBOL        AD0LJST
  B:00E8H.2       SYMBOL        AD0STM0
  B:00E8H.3       SYMBOL        AD0STM1
  B:00E8H.6       SYMBOL        AD0TM
  B:00E8H.1       SYMBOL        AD0WINT
  D:00BCH         SYMBOL        ADC0CF
  D:00E8H         SYMBOL        ADC0CN
  D:00C5H         SYMBOL        ADC0GTH
  D:00C4H         SYMBOL        ADC0GTL
  D:00BFH         SYMBOL        ADC0H
  D:00BEH         SYMBOL        ADC0L
  D:00C7H         SYMBOL        ADC0LTH
  D:00C6H         SYMBOL        ADC0LTL
  D:009CH         SYMBOL        ADC1
  D:00ABH         SYMBOL        ADC1CF
  D:00AAH         SYMBOL        ADC1CN
  D:00BAH         SYMBOL        AMX0CF
  D:00BBH         SYMBOL        AMX0SL
  D:00ACH         SYMBOL        AMX1SL
  D:00F0H         SYMBOL        B
  B:00D8H.0       SYMBOL        CCF0
  B:00D8H.1       SYMBOL        CCF1
  B:00D8H.2       SYMBOL        CCF2
  B:00D8H.3       SYMBOL        CCF3
  B:00D8H.4       SYMBOL        CCF4
  B:00D8H.7       SYMBOL        CF
  D:008EH         SYMBOL        CKCON
  B:00C8H.0       SYMBOL        CPRL2
  D:009EH         SYMBOL        CPT0CN
  D:009FH         SYMBOL        CPT1CN
  B:00D8H.6       SYMBOL        CR
  B:00C8H.1       SYMBOL        CT2
  B:00D0H.7       SYMBOL        CY
  D:00D4H         SYMBOL        DAC0CN
  D:00D3H         SYMBOL        DAC0H
  D:00D2H         SYMBOL        DAC0L
  D:00D7H         SYMBOL        DAC1CN
  D:00D6H         SYMBOL        DAC1H
  D:00D5H         SYMBOL        DAC1L
BL51 BANKED LINKER/LOCATER V6.22.4.0                                                  01/06/2026  22:05:32  PAGE 30


  D:0083H         SYMBOL        DPH
  D:0082H         SYMBOL        DPL
  B:00A8H.7       SYMBOL        EA
  D:00E6H         SYMBOL        EIE1
  D:00E7H         SYMBOL        EIE2
  D:00F6H         SYMBOL        EIP1
  D:00F7H         SYMBOL        EIP2
  D:00A3H         SYMBOL        EMI0CF
  D:00AFH         SYMBOL        EMI0CN
  D:00A1H         SYMBOL        EMI0TC
  B:00C0H.6       SYMBOL        ENSMB
  B:00A8H.4       SYMBOL        ES
  B:00A8H.1       SYMBOL        ET0
  B:00A8H.3       SYMBOL        ET1
  B:00A8H.5       SYMBOL        ET2
  B:00A8H.0       SYMBOL        EX0
  B:00A8H.2       SYMBOL        EX1
  B:00C8H.3       SYMBOL        EXEN2
  B:00C8H.6       SYMBOL        EXF2
  B:00D0H.5       SYMBOL        F0
  B:00D0H.1       SYMBOL        F1
  D:00B7H         SYMBOL        FLACL
  D:00B6H         SYMBOL        FLSCL
  D:00A8H         SYMBOL        IE
  B:0088H.1       SYMBOL        IE0
  B:0088H.3       SYMBOL        IE1
  D:00B8H         SYMBOL        IP
  B:0088H.0       SYMBOL        IT0
  B:0088H.2       SYMBOL        IT1
  B:00F8H.5       SYMBOL        MODF
  B:00F8H.1       SYMBOL        MSTEN
  D:00B2H         SYMBOL        OSCICN
  D:00B1H         SYMBOL        OSCXCN
  B:00D0H.2       SYMBOL        OV
  B:00D0H.0       SYMBOL        P
  D:0080H         SYMBOL        P0
  D:00A4H         SYMBOL        P0MDOUT
  D:0090H         SYMBOL        P1
  D:00BDH         SYMBOL        P1MDIN
  D:00A5H         SYMBOL        P1MDOUT
  D:00A0H         SYMBOL        P2
  D:00A6H         SYMBOL        P2MDOUT
  D:00B0H         SYMBOL        P3
  D:00ADH         SYMBOL        P3IF
  D:00A7H         SYMBOL        P3MDOUT
  D:0084H         SYMBOL        P4
  D:0085H         SYMBOL        P5
  D:0086H         SYMBOL        P6
  D:0096H         SYMBOL        P7
  D:00B5H         SYMBOL        P74OUT
  D:00D8H         SYMBOL        PCA0CN
  D:00FAH         SYMBOL        PCA0CPH0
  D:00FBH         SYMBOL        PCA0CPH1
  D:00FCH         SYMBOL        PCA0CPH2
  D:00FDH         SYMBOL        PCA0CPH3
  D:00FEH         SYMBOL        PCA0CPH4
  D:00EAH         SYMBOL        PCA0CPL0
BL51 BANKED LINKER/LOCATER V6.22.4.0                                                  01/06/2026  22:05:32  PAGE 31


  D:00EBH         SYMBOL        PCA0CPL1
  D:00ECH         SYMBOL        PCA0CPL2
  D:00EDH         SYMBOL        PCA0CPL3
  D:00EEH         SYMBOL        PCA0CPL4
  D:00DAH         SYMBOL        PCA0CPM0
  D:00DBH         SYMBOL        PCA0CPM1
  D:00DCH         SYMBOL        PCA0CPM2
  D:00DDH         SYMBOL        PCA0CPM3
  D:00DEH         SYMBOL        PCA0CPM4
  D:00F9H         SYMBOL        PCA0H
  D:00E9H         SYMBOL        PCA0L
  D:00D9H         SYMBOL        PCA0MD
  D:0087H         SYMBOL        PCON
  B:00B8H.4       SYMBOL        PS
  D:008FH         SYMBOL        PSCTL
  D:00D0H         SYMBOL        PSW
  B:00B8H.1       SYMBOL        PT0
  B:00B8H.3       SYMBOL        PT1
  B:00B8H.5       SYMBOL        PT2
  B:00B8H.0       SYMBOL        PX0
  B:00B8H.2       SYMBOL        PX1
  B:0098H.2       SYMBOL        RB8
  D:00CBH         SYMBOL        RCAP2H
  D:00CAH         SYMBOL        RCAP2L
  D:00E5H         SYMBOL        RCAP4H
  D:00E4H         SYMBOL        RCAP4L
  B:00C8H.5       SYMBOL        RCLK
  D:00D1H         SYMBOL        REF0CN
  B:0098H.4       SYMBOL        REN
  B:0098H.0       SYMBOL        RI
  B:00D0H.3       SYMBOL        RS0
  B:00D0H.4       SYMBOL        RS1
  D:00EFH         SYMBOL        RSTSRC
  B:00F8H.4       SYMBOL        RXOVRN
  D:00A9H         SYMBOL        SADDR0
  D:00F3H         SYMBOL        SADDR1
  D:00B9H         SYMBOL        SADEN0
  D:00AEH         SYMBOL        SADEN1
  D:0099H         SYMBOL        SBUF0
  D:00F2H         SYMBOL        SBUF1
  D:0098H         SYMBOL        SCON0
  D:00F1H         SYMBOL        SCON1
  B:00C0H.3       SYMBOL        SI
  B:00F8H.2       SYMBOL        SLVSEL
  B:0098H.7       SYMBOL        SM0
  B:0098H.6       SYMBOL        SM1
  B:0098H.5       SYMBOL        SM2
  D:00C3H         SYMBOL        SMB0ADR
  D:00C0H         SYMBOL        SMB0CN
  D:00CFH         SYMBOL        SMB0CR
  D:00C2H         SYMBOL        SMB0DAT
  D:00C1H         SYMBOL        SMB0STA
  B:00C0H.1       SYMBOL        SMBFTE
  B:00C0H.0       SYMBOL        SMBTOE
  D:0081H         SYMBOL        SP
  D:009AH         SYMBOL        SPI0CFG
  D:009DH         SYMBOL        SPI0CKR
BL51 BANKED LINKER/LOCATER V6.22.4.0                                                  01/06/2026  22:05:32  PAGE 32


  D:00F8H         SYMBOL        SPI0CN
  D:009BH         SYMBOL        SPI0DAT
  B:00F8H.0       SYMBOL        SPIEN
  B:00F8H.7       SYMBOL        SPIF
  B:00C0H.5       SYMBOL        STA
  B:00C0H.4       SYMBOL        STO
  C:0EAFH         SYMBOL        T0_CHK_ARR
  C:0EB4H         SYMBOL        T0_CHK_CLS
  C:0EDBH         SYMBOL        T0_CHK_DOWN
  C:0F03H         SYMBOL        T0_CHK_END_ARR
  C:0F14H         SYMBOL        T0_CHK_END_CLS
  C:0EE8H         SYMBOL        T0_CHK_TIMER_NZ
  C:0EB7H         SYMBOL        T0_DO_TIMING
  C:0EA8H         SYMBOL        T0_ELEV_TIMING
  C:0F1CH         SYMBOL        T0_EXIT
  C:0E85H         SYMBOL        T0_INC
  C:0E7EH         SYMBOL        T0_KEY_HELD
  C:0E90H         SYMBOL        T0_LONG_REACHED
  C:0EECH         SYMBOL        T0_TIME_UP_HANDLE
  C:0EE6H         SYMBOL        T0_UPD_FLR
  D:00C8H         SYMBOL        T2CON
  D:00C9H         SYMBOL        T4CON
  B:0098H.3       SYMBOL        TB8
  B:00C8H.4       SYMBOL        TCLK
  D:0088H         SYMBOL        TCON
  B:0088H.5       SYMBOL        TF0
  B:0088H.7       SYMBOL        TF1
  B:00C8H.7       SYMBOL        TF2
  D:008CH         SYMBOL        TH0
  D:008DH         SYMBOL        TH1
  D:00CDH         SYMBOL        TH2
  D:00F5H         SYMBOL        TH4
  B:0098H.1       SYMBOL        TI
  D:008AH         SYMBOL        TL0
  D:008BH         SYMBOL        TL1
  D:00CCH         SYMBOL        TL2
  D:00F4H         SYMBOL        TL4
  D:0089H         SYMBOL        TMOD
  D:0091H         SYMBOL        TMR3CN
  D:0095H         SYMBOL        TMR3H
  D:0094H         SYMBOL        TMR3L
  D:0093H         SYMBOL        TMR3RLH
  D:0092H         SYMBOL        TMR3RLL
  B:0088H.4       SYMBOL        TR0
  B:0088H.6       SYMBOL        TR1
  B:00C8H.2       SYMBOL        TR2
  B:00F8H.3       SYMBOL        TXBSY
  B:00F8H.6       SYMBOL        WCOL
  D:00FFH         SYMBOL        WDTCN
  D:00E1H         SYMBOL        XBR0
  D:00E2H         SYMBOL        XBR1
  D:00E3H         SYMBOL        XBR2
  C:0E62H         LINE#         9
  C:0E65H         LINE#         10
  C:0E68H         LINE#         11
  C:0E6AH         LINE#         12
  C:0E6BH         LINE#         15
BL51 BANKED LINKER/LOCATER V6.22.4.0                                                  01/06/2026  22:05:32  PAGE 33


  C:0E6DH         LINE#         16
  C:0E6FH         LINE#         17
  C:0E71H         LINE#         19
  C:0E74H         LINE#         20
  C:0E77H         LINE#         22
  C:0E79H         LINE#         23
  C:0E7CH         LINE#         24
  C:0E7EH         LINE#         27
  C:0E80H         LINE#         28
  C:0E83H         LINE#         29
  C:0E85H         LINE#         31
  C:0E87H         LINE#         32
  C:0E89H         LINE#         33
  C:0E8AH         LINE#         34
  C:0E8CH         LINE#         35
  C:0E8EH         LINE#         36
  C:0E90H         LINE#         39
  C:0E92H         LINE#         40
  C:0E95H         LINE#         41
  C:0E97H         LINE#         42
  C:0E99H         LINE#         43
  C:0E9BH         LINE#         44
  C:0E9DH         LINE#         45
  C:0EA0H         LINE#         46
  C:0EA3H         LINE#         47
  C:0EA6H         LINE#         48
  C:0EA8H         LINE#         52
  C:0EAAH         LINE#         53
  C:0EADH         LINE#         54
  C:0EAFH         LINE#         56
  C:0EB2H         LINE#         57
  C:0EB4H         LINE#         59
  C:0EB7H         LINE#         62
  C:0EB9H         LINE#         63
  C:0EBBH         LINE#         64
  C:0EBEH         LINE#         65
  C:0EC1H         LINE#         66
  C:0EC3H         LINE#         67
  C:0EC5H         LINE#         68
  C:0EC7H         LINE#         71
  C:0EC9H         LINE#         72
  C:0ECCH         LINE#         75
  C:0ECEH         LINE#         76
  C:0ED1H         LINE#         78
  C:0ED3H         LINE#         79
  C:0ED4H         LINE#         80
  C:0ED7H         LINE#         81
  C:0ED9H         LINE#         82
  C:0EDBH         LINE#         85
  C:0EDEH         LINE#         87
  C:0EE0H         LINE#         88
  C:0EE1H         LINE#         89
  C:0EE4H         LINE#         90
  C:0EE6H         LINE#         93
  C:0EE8H         LINE#         96
  C:0EEAH         LINE#         97
  C:0EECH         LINE#         100
BL51 BANKED LINKER/LOCATER V6.22.4.0                                                  01/06/2026  22:05:32  PAGE 34


  C:0EEEH         LINE#         101
  C:0EF1H         LINE#         103
  C:0EF4H         LINE#         104
  C:0EF7H         LINE#         105
  C:0EFAH         LINE#         106
  C:0EFCH         LINE#         107
  C:0EFEH         LINE#         108
  C:0F01H         LINE#         109
  C:0F03H         LINE#         112
  C:0F06H         LINE#         114
  C:0F09H         LINE#         115
  C:0F0CH         LINE#         116
  C:0F0FH         LINE#         117
  C:0F12H         LINE#         118
  C:0F14H         LINE#         122
  C:0F17H         LINE#         123
  C:0F1AH         LINE#         124
  C:0F1CH         LINE#         127
  C:0F1EH         LINE#         128
  C:0F20H         LINE#         129
  C:0F22H         LINE#         130
  -------         ENDMOD        TIMER0

  -------         MODULE        TIMER1
  C:1013H         SEGMENT       TMR1
  C:1013H         PUBLIC        TIMER1_INIT
  C:1022H         PUBLIC        TIMER1_ISR
  B:00C0H.2       SYMBOL        AA
  B:00D0H.6       SYMBOL        AC
  D:00E0H         SYMBOL        ACC
  B:00E8H.4       SYMBOL        AD0BUSY
  B:00E8H.7       SYMBOL        AD0EN
  B:00E8H.5       SYMBOL        AD0INT
  B:00E8H.0       SYMBOL        AD0LJST
  B:00E8H.2       SYMBOL        AD0STM0
  B:00E8H.3       SYMBOL        AD0STM1
  B:00E8H.6       SYMBOL        AD0TM
  B:00E8H.1       SYMBOL        AD0WINT
  D:00BCH         SYMBOL        ADC0CF
  D:00E8H         SYMBOL        ADC0CN
  D:00C5H         SYMBOL        ADC0GTH
  D:00C4H         SYMBOL        ADC0GTL
  D:00BFH         SYMBOL        ADC0H
  D:00BEH         SYMBOL        ADC0L
  D:00C7H         SYMBOL        ADC0LTH
  D:00C6H         SYMBOL        ADC0LTL
  D:009CH         SYMBOL        ADC1
  D:00ABH         SYMBOL        ADC1CF
  D:00AAH         SYMBOL        ADC1CN
  D:00BAH         SYMBOL        AMX0CF
  D:00BBH         SYMBOL        AMX0SL
  D:00ACH         SYMBOL        AMX1SL
  D:00F0H         SYMBOL        B
  B:00D8H.0       SYMBOL        CCF0
  B:00D8H.1       SYMBOL        CCF1
  B:00D8H.2       SYMBOL        CCF2
  B:00D8H.3       SYMBOL        CCF3
BL51 BANKED LINKER/LOCATER V6.22.4.0                                                  01/06/2026  22:05:32  PAGE 35


  B:00D8H.4       SYMBOL        CCF4
  B:00D8H.7       SYMBOL        CF
  D:008EH         SYMBOL        CKCON
  B:00C8H.0       SYMBOL        CPRL2
  D:009EH         SYMBOL        CPT0CN
  D:009FH         SYMBOL        CPT1CN
  B:00D8H.6       SYMBOL        CR
  B:00C8H.1       SYMBOL        CT2
  B:00D0H.7       SYMBOL        CY
  D:00D4H         SYMBOL        DAC0CN
  D:00D3H         SYMBOL        DAC0H
  D:00D2H         SYMBOL        DAC0L
  D:00D7H         SYMBOL        DAC1CN
  D:00D6H         SYMBOL        DAC1H
  D:00D5H         SYMBOL        DAC1L
  D:0083H         SYMBOL        DPH
  D:0082H         SYMBOL        DPL
  B:00A8H.7       SYMBOL        EA
  D:00E6H         SYMBOL        EIE1
  D:00E7H         SYMBOL        EIE2
  D:00F6H         SYMBOL        EIP1
  D:00F7H         SYMBOL        EIP2
  D:00A3H         SYMBOL        EMI0CF
  D:00AFH         SYMBOL        EMI0CN
  D:00A1H         SYMBOL        EMI0TC
  B:00C0H.6       SYMBOL        ENSMB
  B:00A8H.4       SYMBOL        ES
  B:00A8H.1       SYMBOL        ET0
  B:00A8H.3       SYMBOL        ET1
  B:00A8H.5       SYMBOL        ET2
  B:00A8H.0       SYMBOL        EX0
  B:00A8H.2       SYMBOL        EX1
  B:00C8H.3       SYMBOL        EXEN2
  B:00C8H.6       SYMBOL        EXF2
  B:00D0H.5       SYMBOL        F0
  B:00D0H.1       SYMBOL        F1
  D:00B7H         SYMBOL        FLACL
  D:00B6H         SYMBOL        FLSCL
  D:00A8H         SYMBOL        IE
  B:0088H.1       SYMBOL        IE0
  B:0088H.3       SYMBOL        IE1
  D:00B8H         SYMBOL        IP
  B:0088H.0       SYMBOL        IT0
  B:0088H.2       SYMBOL        IT1
  B:00F8H.5       SYMBOL        MODF
  B:00F8H.1       SYMBOL        MSTEN
  D:00B2H         SYMBOL        OSCICN
  D:00B1H         SYMBOL        OSCXCN
  B:00D0H.2       SYMBOL        OV
  B:00D0H.0       SYMBOL        P
  D:0080H         SYMBOL        P0
  D:00A4H         SYMBOL        P0MDOUT
  D:0090H         SYMBOL        P1
  D:00BDH         SYMBOL        P1MDIN
  D:00A5H         SYMBOL        P1MDOUT
  D:00A0H         SYMBOL        P2
  D:00A6H         SYMBOL        P2MDOUT
[...]
  C:0497H         LINE#         310
  C:0499H         LINE#         311
  C:049BH         LINE#         312
  C:049DH         LINE#         313
  C:04A0H         LINE#         315
  C:04A3H         LINE#         316
  C:04A6H         LINE#         317
  C:04A9H         LINE#         318
  C:04ACH         LINE#         319
  C:04AFH         LINE#         320
  C:04B0H         LINE#         324
  C:04B3H         LINE#         325
  C:04B5H         LINE#         328
  C:04B7H         LINE#         329
  C:04B8H         LINE#         330
  C:04BAH         LINE#         331
  C:04BCH         LINE#         333
  C:04BFH         LINE#         334
  C:04C2H         LINE#         335
  C:04C4H         LINE#         338
BL51 BANKED LINKER/LOCATER V6.22.4.0                                                  01/06/2026  22:05:32  PAGE 54


  C:04C7H         LINE#         339
  C:04CAH         LINE#         341
  C:04CDH         LINE#         342
  C:04D0H         LINE#         343
  C:04D2H         LINE#         344
  C:04D5H         LINE#         345
  C:04D8H         LINE#         346
  C:04DBH         LINE#         347
  C:04DCH         LINE#         349
  C:04DFH         LINE#         350
  C:04E1H         LINE#         351
  C:04E2H         LINE#         352
  C:04E3H         LINE#         353
  C:04E5H         LINE#         354
  C:04E6H         LINE#         356
  C:04E8H         LINE#         357
  C:04EAH         LINE#         360
  C:04ECH         LINE#         361
  C:04EFH         LINE#         364
  C:04F2H         LINE#         365
  C:04F5H         LINE#         366
  C:04F8H         LINE#         368
  C:04F9H         LINE#         371
  C:04FBH         LINE#         372
  C:04FEH         LINE#         375
  C:0500H         LINE#         376
  C:0502H         LINE#         377
  C:0504H         LINE#         378
  C:0506H         LINE#         379
  C:0509H         LINE#         381
  C:050BH         LINE#         383
  C:050EH         LINE#         386
  C:0511H         LINE#         387
  C:0514H         LINE#         388
  C:0517H         LINE#         389
  C:051AH         LINE#         390
  C:051DH         LINE#         391
  C:051EH         LINE#         394
  C:0521H         LINE#         395
  C:0523H         LINE#         398
  C:0525H         LINE#         399
  C:0526H         LINE#         400
  C:0528H         LINE#         401
  C:052AH         LINE#         403
  C:052DH         LINE#         404
  C:0530H         LINE#         405
  C:0532H         LINE#         407
  C:0535H         LINE#         408
  C:0538H         LINE#         410
  C:053BH         LINE#         411
  C:053EH         LINE#         412
  C:0541H         LINE#         413
  C:0544H         LINE#         414
  C:0545H         LINE#         416
  C:0547H         LINE#         417
  C:0549H         LINE#         421
  C:054CH         LINE#         422
BL51 BANKED LINKER/LOCATER V6.22.4.0                                                  01/06/2026  22:05:32  PAGE 55


  C:054FH         LINE#         423
  C:0552H         LINE#         425
  C:0553H         LINE#         429
  C:0556H         LINE#         432
  C:0558H         LINE#         433
  C:055BH         LINE#         434
  C:055EH         LINE#         435
  C:0561H         LINE#         438
  C:0563H         LINE#         439
  C:0566H         LINE#         440
  C:0569H         LINE#         441
  C:056CH         LINE#         442
  C:056EH         LINE#         443
  C:0571H         LINE#         446
  C:0574H         LINE#         447
  C:0577H         LINE#         448
  C:057AH         LINE#         449
  C:057DH         LINE#         450
  C:057FH         LINE#         451
  C:0582H         LINE#         452
  C:0585H         LINE#         453
  C:0588H         LINE#         454
  C:0589H         LINE#         456
  C:058CH         LINE#         457
  C:058EH         LINE#         458
  C:058FH         LINE#         459
  C:0590H         LINE#         460
  C:0592H         LINE#         461
  C:0593H         LINE#         478
  C:0594H         LINE#         479
  C:0595H         LINE#         480
  C:0597H         LINE#         481
  C:0599H         LINE#         484
  C:059AH         LINE#         485
  C:059CH         LINE#         487
  C:059DH         LINE#         488
  C:059FH         LINE#         491
  C:05A0H         LINE#         492
  C:05A1H         LINE#         493
  C:05A2H         LINE#         496
  C:05A4H         LINE#         497
  C:05A5H         LINE#         498
  C:05A6H         LINE#         501
  C:05A8H         LINE#         502
  C:05A9H         LINE#         503
  C:05AAH         LINE#         506
  C:05ABH         LINE#         507
  C:05ACH         LINE#         511
  C:05ADH         LINE#         512
  C:05B0H         LINE#         514
  C:05B2H         LINE#         515
  C:05B5H         LINE#         516
  C:05B6H         LINE#         517
  C:05B8H         LINE#         518
  C:05BBH         LINE#         519
  C:05BCH         LINE#         521
  C:05BEH         LINE#         522
BL51 BANKED LINKER/LOCATER V6.22.4.0                                                  01/06/2026  22:05:32  PAGE 56


  C:05C1H         LINE#         523
  C:05C2H         LINE#         524
  C:05C3H         LINE#         525
  C:05C4H         LINE#         526
  C:05C6H         LINE#         527
  C:05C9H         LINE#         528
  C:05CAH         LINE#         533
  C:05CCH         LINE#         534
  C:05CFH         LINE#         536
  C:05D2H         LINE#         537
  C:05D5H         LINE#         539
  C:05D8H         LINE#         541
  C:05DAH         LINE#         542
  C:05DDH         LINE#         544
  C:05DEH         LINE#         545
  C:05E0H         LINE#         546
  C:05E1H         LINE#         547
  C:05E3H         LINE#         549
  C:05E6H         LINE#         550
  C:05E9H         LINE#         551
  C:05EAH         LINE#         553
  C:05EDH         LINE#         554
  C:05F0H         LINE#         555
  C:05F1H         LINE#         557
  C:05F4H         LINE#         558
  C:05F7H         LINE#         559
  C:05F8H         LINE#         562
  C:05FAH         LINE#         563
  C:05FCH         LINE#         564
  C:05FEH         LINE#         565
  C:0600H         LINE#         566
  C:0601H         LINE#         569
  C:0604H         LINE#         572
  C:0606H         LINE#         573
  C:0608H         LINE#         574
  C:060AH         LINE#         577
  C:060CH         LINE#         578
  C:060EH         LINE#         581
  C:0610H         LINE#         582
  C:0612H         LINE#         583
  C:0615H         LINE#         584
  C:0617H         LINE#         587
  C:0619H         LINE#         588
  C:061CH         LINE#         589
  C:061FH         LINE#         590
  C:0622H         LINE#         591
  C:0624H         LINE#         594
  C:0626H         LINE#         595
  C:0628H         LINE#         599
  C:062BH         LINE#         600
  C:062DH         LINE#         602
  C:0630H         LINE#         603
  C:0632H         LINE#         607
  C:0635H         LINE#         608
  C:0637H         LINE#         610
  C:063AH         LINE#         611
  C:063CH         LINE#         616
BL51 BANKED LINKER/LOCATER V6.22.4.0                                                  01/06/2026  22:05:32  PAGE 57


  C:063FH         LINE#         617
  C:0641H         LINE#         619
  C:0643H         LINE#         621
  C:0645H         LINE#         622
  C:0648H         LINE#         623
  C:064AH         LINE#         627
  C:064DH         LINE#         629
  C:064FH         LINE#         630
  C:0652H         LINE#         631
  C:0654H         LINE#         632
  C:0656H         LINE#         634
  C:0659H         LINE#         636
  C:065BH         LINE#         637
  C:065EH         LINE#         638
  C:0660H         LINE#         641
  C:0662H         LINE#         642
  C:0665H         LINE#         643
  C:0667H         LINE#         647
  C:066AH         LINE#         648
  C:066CH         LINE#         650
  C:066FH         LINE#         651
  C:0671H         LINE#         654
  C:0674H         LINE#         656
  C:0675H         LINE#         667
  C:0676H         LINE#         668
  C:0679H         LINE#         670
  C:067AH         LINE#         671
  C:067BH         LINE#         672
  C:067CH         LINE#         676
  C:067EH         LINE#         677
  C:067FH         LINE#         678
  C:0680H         LINE#         682
  C:0681H         LINE#         683
  C:0684H         LINE#         684
  C:0686H         LINE#         685
  C:0687H         LINE#         687
  C:068AH         LINE#         688
  C:068CH         LINE#         689
  C:068DH         LINE#         692
  C:068EH         LINE#         693
  C:068FH         LINE#         694
  C:0690H         LINE#         698
  C:0693H         LINE#         700
  C:0694H         LINE#         701
  C:0695H         LINE#         702
  C:0697H         LINE#         703
  C:0699H         LINE#         705
  C:069CH         LINE#         706
  C:069EH         LINE#         707
  C:069FH         LINE#         708
  C:06A1H         LINE#         709
  C:06A2H         LINE#         712
  C:06A3H         LINE#         713
  C:06A4H         LINE#         714
  C:06A6H         LINE#         715
  C:06A7H         LINE#         716
  C:06AAH         LINE#         717
BL51 BANKED LINKER/LOCATER V6.22.4.0                                                  01/06/2026  22:05:32  PAGE 58


  C:06ACH         LINE#         718
  C:06ADH         LINE#         719
  C:06AFH         LINE#         720
  C:06B0H         LINE#         724
  C:06B3H         LINE#         725
  C:06B4H         LINE#         726
  C:06B5H         LINE#         727
  C:06B7H         LINE#         728
  C:06B9H         LINE#         729
  C:06BCH         LINE#         730
  C:06BEH         LINE#         731
  C:06BFH         LINE#         732
  C:06C1H         LINE#         733
  C:06C2H         LINE#         735
  C:06C3H         LINE#         736
  C:06C4H         LINE#         737
  C:06C6H         LINE#         738
  C:06C7H         LINE#         739
  C:06CAH         LINE#         740
  C:06CCH         LINE#         741
  C:06CDH         LINE#         742
  C:06CFH         LINE#         743
  C:06D0H         LINE#         747
  C:06D3H         LINE#         748
  C:06D4H         LINE#         749
  C:06D5H         LINE#         750
  C:06D7H         LINE#         751
  C:06D9H         LINE#         752
  C:06DCH         LINE#         753
  C:06DEH         LINE#         754
  C:06DFH         LINE#         755
  C:06E1H         LINE#         756
  C:06E2H         LINE#         758
  C:06E3H         LINE#         759
  C:06E4H         LINE#         760
  C:06E6H         LINE#         761
  C:06E7H         LINE#         762
  C:06EAH         LINE#         763
  C:06ECH         LINE#         764
  C:06EDH         LINE#         765
  C:06EFH         LINE#         766
  C:06F0H         LINE#         770
  C:06F1H         LINE#         771
  C:06F4H         LINE#         772
  C:06F5H         LINE#         773
  C:06F6H         LINE#         774
  C:06FFH         LINE#         781
  C:0702H         LINE#         782
  C:0703H         LINE#         783
  C:0704H         LINE#         784
  C:0706H         LINE#         785
  C:0708H         LINE#         787
  C:070BH         LINE#         788
  C:070CH         LINE#         789
  C:070DH         LINE#         790
  C:070EH         LINE#         791
  C:0710H         LINE#         792
BL51 BANKED LINKER/LOCATER V6.22.4.0                                                  01/06/2026  22:05:32  PAGE 59


  C:0711H         LINE#         793
  C:0713H         LINE#         794
  C:0715H         LINE#         795
  C:0716H         LINE#         796
  C:0718H         LINE#         797
  C:071AH         LINE#         798
  C:071BH         LINE#         799
  C:071DH         LINE#         800
  C:071EH         LINE#         802
  C:071FH         LINE#         803
  C:0720H         LINE#         804
  C:0722H         LINE#         805
  C:0723H         LINE#         806
  C:0726H         LINE#         807
  C:0727H         LINE#         808
  C:0728H         LINE#         809
  C:0729H         LINE#         810
  C:072BH         LINE#         811
  C:072CH         LINE#         812
  C:072EH         LINE#         813
  C:0730H         LINE#         814
  C:0731H         LINE#         815
  C:0733H         LINE#         816
  C:0735H         LINE#         817
  C:0736H         LINE#         818
  C:0738H         LINE#         819
  C:0739H         LINE#         824
  C:073CH         LINE#         825
  C:073DH         LINE#         826
  C:073EH         LINE#         827
  C:0740H         LINE#         828
  C:0742H         LINE#         831
  C:0745H         LINE#         833
  C:0747H         LINE#         834
  C:0748H         LINE#         835
  C:074AH         LINE#         838
  C:074CH         LINE#         839
  C:074FH         LINE#         840
  C:0751H         LINE#         843
  C:0753H         LINE#         844
  C:0754H         LINE#         845
  C:0756H         LINE#         848
  C:0758H         LINE#         849
  C:075BH         LINE#         854
  C:075DH         LINE#         855
  C:075EH         LINE#         856
  C:0760H         LINE#         857
  C:0762H         LINE#         861
  C:0763H         LINE#         862
  C:0764H         LINE#         863
  C:0766H         LINE#         864
  C:0767H         LINE#         865
  C:076AH         LINE#         868
  C:076CH         LINE#         869
  C:076DH         LINE#         870
  C:076FH         LINE#         873
  C:0771H         LINE#         874
BL51 BANKED LINKER/LOCATER V6.22.4.0                                                  01/06/2026  22:05:32  PAGE 60


  C:0774H         LINE#         875
  C:0776H         LINE#         878
  C:0778H         LINE#         879
  C:0779H         LINE#         880
  C:077BH         LINE#         882
  C:077DH         LINE#         883
  C:0780H         LINE#         886
  C:0782H         LINE#         887
  C:0783H         LINE#         888
  C:0785H         LINE#         889
  C:0787H         LINE#         892
  C:0788H         LINE#         893
  C:0789H         LINE#         895
  C:078AH         LINE#         896
  C:078BH         LINE#         904
  C:078DH         LINE#         905
  C:078FH         LINE#         906
  C:0791H         LINE#         907
  C:0793H         LINE#         908
  C:0795H         LINE#         909
  C:0797H         LINE#         910
  C:0799H         LINE#         911
  C:079AH         LINE#         912
  C:079BH         LINE#         916
  C:079DH         LINE#         917
  C:07A0H         LINE#         918
  C:07A1H         LINE#         919
  C:07A2H         LINE#         922
  C:07A4H         LINE#         925
  C:07A6H         LINE#         926
  C:07A8H         LINE#         927
  C:07ABH         LINE#         928
  C:07ADH         LINE#         931
  C:07B0H         LINE#         935
  C:07B1H         LINE#         936
  C:07B3H         LINE#         937
  C:07B4H         LINE#         940
  C:07B5H         LINE#         941
  C:07B6H         LINE#         944
  C:07B9H         LINE#         945
  C:07BAH         LINE#         946
  C:07BDH         LINE#         947
  C:07BFH         LINE#         949
  C:07C2H         LINE#         950
  C:07C4H         LINE#         952
  C:07C5H         LINE#         953
  C:07C6H         LINE#         954
  C:07C9H         LINE#         957
  C:07CAH         LINE#         958
  C:07CCH         LINE#         959
  C:07CEH         LINE#         962
  C:07D1H         LINE#         967
  C:07D2H         LINE#         968
  C:07D4H         LINE#         969
  C:07D5H         LINE#         972
  C:07D6H         LINE#         973
  C:07D7H         LINE#         975
BL51 BANKED LINKER/LOCATER V6.22.4.0                                                  01/06/2026  22:05:32  PAGE 61


  C:07D8H         LINE#         976
  C:07DAH         LINE#         977
  C:07DBH         LINE#         978
  C:07DEH         LINE#         979
  C:07E1H         LINE#         980
  C:07E3H         LINE#         981
  C:07E5H         LINE#         985
  C:07E6H         LINE#         986
  C:07E8H         LINE#         987
  C:07EAH         LINE#         990
  C:07EDH         LINE#         991
  C:07EFH         LINE#         994
  C:07F2H         LINE#         995
  C:07F3H         LINE#         996
  C:07F4H         LINE#         1000
  C:07F5H         LINE#         1001
  C:07F6H         LINE#         1006
  C:07F8H         LINE#         1007
  C:07FBH         LINE#         1008
  C:07FCH         LINE#         1009
  C:07FDH         LINE#         1010
  C:07FFH         LINE#         1011
  C:0801H         LINE#         1012
  C:0804H         LINE#         1014
  C:0806H         LINE#         1015
  C:0807H         LINE#         1016
  C:0809H         LINE#         1018
  C:080BH         LINE#         1019
  C:080CH         LINE#         1020
  C:080EH         LINE#         1021
  C:0810H         LINE#         1023
  C:0811H         LINE#         1024
  C:0812H         LINE#         1025
  C:0814H         LINE#         1026
  C:0815H         LINE#         1027
  C:0818H         LINE#         1028
  C:081AH         LINE#         1029
  C:081BH         LINE#         1030
  C:081DH         LINE#         1031
  C:081FH         LINE#         1032
  C:0820H         LINE#         1033
  C:0822H         LINE#         1035
  C:0824H         LINE#         1036
  C:0825H         LINE#         1037
  C:0826H         LINE#         1039
  C:0828H         LINE#         1040
  C:0829H         LINE#         1041
  C:082AH         LINE#         1046
  C:082CH         LINE#         1047
  C:082FH         LINE#         1048
  C:0830H         LINE#         1049
  C:0831H         LINE#         1050
  C:0833H         LINE#         1051
  C:0835H         LINE#         1052
  C:0838H         LINE#         1054
  C:083AH         LINE#         1055
  C:083BH         LINE#         1056
BL51 BANKED LINKER/LOCATER V6.22.4.0                                                  01/06/2026  22:05:32  PAGE 62


  C:083DH         LINE#         1058
  C:083FH         LINE#         1059
  C:0840H         LINE#         1060
  C:0842H         LINE#         1061
  C:0844H         LINE#         1063
  C:0845H         LINE#         1064
  C:0846H         LINE#         1065
  C:0848H         LINE#         1066
  C:0849H         LINE#         1067
  C:084CH         LINE#         1068
  C:084EH         LINE#         1069
  C:084FH         LINE#         1070
  C:0851H         LINE#         1071
  C:0853H         LINE#         1072
  C:0854H         LINE#         1073
  C:0856H         LINE#         1075
  C:0858H         LINE#         1076
  C:0859H         LINE#         1077
  C:085AH         LINE#         1079
  C:085CH         LINE#         1080
  C:085DH         LINE#         1081
  C:085EH         LINE#         1089
  C:0860H         LINE#         1090
  C:0863H         LINE#         1091
  C:0866H         LINE#         1092
  C:0869H         LINE#         1093
  C:086AH         LINE#         1095
  C:086DH         LINE#         1096
  C:086FH         LINE#         1097
  C:0870H         LINE#         1098
  C:0871H         LINE#         1099
  C:0873H         LINE#         1100
  C:0874H         LINE#         1104
  C:0876H         LINE#         1105
  C:0879H         LINE#         1106
  C:087CH         LINE#         1107
  C:087FH         LINE#         1108
  C:0880H         LINE#         1110
  C:0883H         LINE#         1111
  C:0885H         LINE#         1112
  C:0886H         LINE#         1113
  C:0887H         LINE#         1114
  C:0889H         LINE#         1115
  -------         ENDMOD        RUNNINGTASK

Program Size: data=8.0 xdata=0 code=4237
LINK/LOCATE RUN COMPLETE.  0 WARNING(S),  0 ERROR(S)
