BL51 BANKED LINKER/LOCATER V6.22.4.0                                                    01/10/2026  10:26:27  PAGE 1


BL51 BANKED LINKER/LOCATER V6.22.4.0, INVOKED BY:
C:\KEIL_V5\C51\BIN\BL51.EXE .\Objects\Init_Device.obj, .\Objects\main.obj, .\Objects\KeyInput.obj, .\Objects\LCD1602.obj
>> , .\Objects\LED6.obj, .\Objects\singer.obj, .\Objects\buzzer.obj, .\Objects\Delay.obj, .\Objects\Keyboard.obj, .\Obje
>> cts\timer0.obj, .\Objects\timer1.obj, .\Objects\timer2.obj, .\Objects\configurationTask.obj, .\Objects\inputTask.obj,
>>  .\Objects\runningTask.obj TO .\Objects\C8051F020 PRINT (.\Listings\C8051F020.m51) RAMSIZE (256)


INPUT MODULES INCLUDED:
  .\Objects\Init_Device.obj (INIT_DEVICE)
  .\Objects\main.obj (MAIN)
  .\Objects\KeyInput.obj (KEYINPUT)
  .\Objects\LCD1602.obj (LCD1602)
  .\Objects\LED6.obj (LED6)
  .\Objects\singer.obj (SINGER)
  .\Objects\buzzer.obj (BUZZER)
  .\Objects\Delay.obj (DELAY)
  .\Objects\Keyboard.obj (KEYBOARD)
  .\Objects\timer0.obj (TIMER0)
  .\Objects\timer1.obj (TIMER1)
  .\Objects\timer2.obj (TIMER2)
  .\Objects\configurationTask.obj (CONFIGURATIONTASK)
  .\Objects\inputTask.obj (INPUTTASK)
  .\Objects\runningTask.obj (RUNNINGTASK)


LINK MAP OF MODULE:  .\Objects\C8051F020 (INIT_DEVICE)


            TYPE    BASE      LENGTH    RELOCATION   SEGMENT NAME
            -----------------------------------------------------

            * * * * * * *   D A T A   M E M O R Y   * * * * * * *
            REG     0000H     0008H     ABSOLUTE     "REG BANK 0"

            * * * * * * *   C O D E   M E M O R Y   * * * * * * *
            CODE    0000H     02AAH     ABSOLUTE     
            CODE    02AAH     0712H     UNIT         RUNNING
            CODE    09BCH     03D7H     UNIT         CONFIGURATION
            CODE    0D93H     0191H     UNIT         SINGER_SEGMENT
            CODE    0F24H     0117H     UNIT         LED6
            CODE    103BH     010AH     UNIT         KBD
            CODE    1145H     00FDH     UNIT         INPUT
            CODE    1242H     00D1H     UNIT         TMR0
            CODE    1313H     0096H     UNIT         LCD1602
            CODE    13A9H     005AH     UNIT         KBI
            CODE    1403H     0035H     UNIT         TMR1
            CODE    1438H     0032H     UNIT         INIT
            CODE    146AH     0027H     UNIT         TIMER2_SEGMENT
            CODE    1491H     0013H     UNIT         DELAY
            CODE    14A4H     0010H     UNIT         BUZZER_SEGMENT



SYMBOL TABLE OF MODULE:  .\Objects\C8051F020 (INIT_DEVICE)

  VALUE           TYPE          NAME
  ----------------------------------

BL51 BANKED LINKER/LOCATER V6.22.4.0                                                  01/10/2026  10:26:27  PAGE 2


  -------         MODULE        INIT_DEVICE
  C:1438H         SEGMENT       INIT
  C:145DH         PUBLIC        INIT_DEVICE
  B:00C0H.2       SYMBOL        AA
  B:00D0H.6       SYMBOL        AC
  D:00E0H         SYMBOL        ACC
  B:00E8H.4       SYMBOL        AD0BUSY
  B:00E8H.7       SYMBOL        AD0EN
  B:00E8H.5       SYMBOL        AD0INT
  B:00E8H.0       SYMBOL        AD0LJST
  B:00E8H.2       SYMBOL        AD0STM0
  B:00E8H.3       SYMBOL        AD0STM1
  B:00E8H.6       SYMBOL        AD0TM
  B:00E8H.1       SYMBOL        AD0WINT
  D:00BCH         SYMBOL        ADC0CF
  D:00E8H         SYMBOL        ADC0CN
  D:00C5H         SYMBOL        ADC0GTH
  D:00C4H         SYMBOL        ADC0GTL
  D:00BFH         SYMBOL        ADC0H
  D:00BEH         SYMBOL        ADC0L
  D:00C7H         SYMBOL        ADC0LTH
  D:00C6H         SYMBOL        ADC0LTL
  D:009CH         SYMBOL        ADC1
  D:00ABH         SYMBOL        ADC1CF
  D:00AAH         SYMBOL        ADC1CN
  D:00BAH         SYMBOL        AMX0CF
  D:00BBH         SYMBOL        AMX0SL
  D:00ACH         SYMBOL        AMX1SL
  D:00F0H         SYMBOL        B
  B:00D8H.0       SYMBOL        CCF0
  B:00D8H.1       SYMBOL        CCF1
  B:00D8H.2       SYMBOL        CCF2
  B:00D8H.3       SYMBOL        CCF3
  B:00D8H.4       SYMBOL        CCF4
  B:00D8H.7       SYMBOL        CF
  D:008EH         SYMBOL        CKCON
  B:00C8H.0       SYMBOL        CPRL2
  D:009EH         SYMBOL        CPT0CN
  D:009FH         SYMBOL        CPT1CN
  B:00D8H.6       SYMBOL        CR
  B:00C8H.1       SYMBOL        CT2
  B:00D0H.7       SYMBOL        CY
  D:00D4H         SYMBOL        DAC0CN
  D:00D3H         SYMBOL        DAC0H
  D:00D2H         SYMBOL        DAC0L
  D:00D7H         SYMBOL        DAC1CN
  D:00D6H         SYMBOL        DAC1H
  D:00D5H         SYMBOL        DAC1L
  D:0083H         SYMBOL        DPH
  D:0082H         SYMBOL        DPL
  B:00A8H.7       SYMBOL        EA
  D:00E6H         SYMBOL        EIE1
  D:00E7H         SYMBOL        EIE2
  D:00F6H         SYMBOL        EIP1
  D:00F7H         SYMBOL        EIP2
  D:00A3H         SYMBOL        EMI0CF
  D:00AFH         SYMBOL        EMI0CN
BL51 BANKED LINKER/LOCATER V6.22.4.0                                                  01/10/2026  10:26:27  PAGE 3


  D:00A1H         SYMBOL        EMI0TC
  B:00C0H.6       SYMBOL        ENSMB
  B:00A8H.4       SYMBOL        ES
  B:00A8H.1       SYMBOL        ET0
  B:00A8H.3       SYMBOL        ET1
  B:00A8H.5       SYMBOL        ET2
  B:00A8H.0       SYMBOL        EX0
  B:00A8H.2       SYMBOL        EX1
  B:00C8H.3       SYMBOL        EXEN2
  B:00C8H.6       SYMBOL        EXF2
  B:00D0H.5       SYMBOL        F0
  B:00D0H.1       SYMBOL        F1
  D:00B7H         SYMBOL        FLACL
  D:00B6H         SYMBOL        FLSCL
  D:00A8H         SYMBOL        IE
  B:0088H.1       SYMBOL        IE0
  B:0088H.3       SYMBOL        IE1
  D:00B8H         SYMBOL        IP
  B:0088H.0       SYMBOL        IT0
  B:0088H.2       SYMBOL        IT1
  B:00F8H.5       SYMBOL        MODF
  B:00F8H.1       SYMBOL        MSTEN
  D:00B2H         SYMBOL        OSCICN
  C:1443H         SYMBOL        OSCILLATOR_INIT
  D:00B1H         SYMBOL        OSCXCN
  B:00D0H.2       SYMBOL        OV
  B:00D0H.0       SYMBOL        P
  D:0080H         SYMBOL        P0
  D:00A4H         SYMBOL        P0MDOUT
  D:0090H         SYMBOL        P1
  D:00BDH         SYMBOL        P1MDIN
  D:00A5H         SYMBOL        P1MDOUT
  D:00A0H         SYMBOL        P2
  D:00A6H         SYMBOL        P2MDOUT
  D:00B0H         SYMBOL        P3
  D:00ADH         SYMBOL        P3IF
  D:00A7H         SYMBOL        P3MDOUT
  D:0084H         SYMBOL        P4
  D:0085H         SYMBOL        P5
  D:0086H         SYMBOL        P6
  D:0096H         SYMBOL        P7
  D:00B5H         SYMBOL        P74OUT
  D:00D8H         SYMBOL        PCA0CN
  D:00FAH         SYMBOL        PCA0CPH0
  D:00FBH         SYMBOL        PCA0CPH1
  D:00FCH         SYMBOL        PCA0CPH2
  D:00FDH         SYMBOL        PCA0CPH3
  D:00FEH         SYMBOL        PCA0CPH4
  D:00EAH         SYMBOL        PCA0CPL0
  D:00EBH         SYMBOL        PCA0CPL1
  D:00ECH         SYMBOL        PCA0CPL2
  D:00EDH         SYMBOL        PCA0CPL3
  D:00EEH         SYMBOL        PCA0CPL4
  D:00DAH         SYMBOL        PCA0CPM0
  D:00DBH         SYMBOL        PCA0CPM1
  D:00DCH         SYMBOL        PCA0CPM2
  D:00DDH         SYMBOL        PCA0CPM3
BL51 BANKED LINKER/LOCATER V6.22.4.0                                                  01/10/2026  10:26:27  PAGE 4


  D:00DEH         SYMBOL        PCA0CPM4
  D:00F9H         SYMBOL        PCA0H
  D:00E9H         SYMBOL        PCA0L
  D:00D9H         SYMBOL        PCA0MD
  D:0087H         SYMBOL        PCON
  C:1447H         SYMBOL        PORT_IO_INIT
  B:00B8H.4       SYMBOL        PS
  D:008FH         SYMBOL        PSCTL
  D:00D0H         SYMBOL        PSW
  B:00B8H.1       SYMBOL        PT0
  B:00B8H.3       SYMBOL        PT1
  B:00B8H.5       SYMBOL        PT2
  B:00B8H.0       SYMBOL        PX0
  B:00B8H.2       SYMBOL        PX1
  B:0098H.2       SYMBOL        RB8
  D:00CBH         SYMBOL        RCAP2H
  D:00CAH         SYMBOL        RCAP2L
  D:00E5H         SYMBOL        RCAP4H
  D:00E4H         SYMBOL        RCAP4L
  B:00C8H.5       SYMBOL        RCLK
  D:00D1H         SYMBOL        REF0CN
  B:0098H.4       SYMBOL        REN
  C:1438H         SYMBOL        RESET_SOURCES_INIT
  B:0098H.0       SYMBOL        RI
  B:00D0H.3       SYMBOL        RS0
  B:00D0H.4       SYMBOL        RS1
  D:00EFH         SYMBOL        RSTSRC
  B:00F8H.4       SYMBOL        RXOVRN
  D:00A9H         SYMBOL        SADDR0
  D:00F3H         SYMBOL        SADDR1
  D:00B9H         SYMBOL        SADEN0
  D:00AEH         SYMBOL        SADEN1
  D:0099H         SYMBOL        SBUF0
  D:00F2H         SYMBOL        SBUF1
  D:0098H         SYMBOL        SCON0
  D:00F1H         SYMBOL        SCON1
  B:00C0H.3       SYMBOL        SI
  B:00F8H.2       SYMBOL        SLVSEL
  B:0098H.7       SYMBOL        SM0
  B:0098H.6       SYMBOL        SM1
  B:0098H.5       SYMBOL        SM2
  D:00C3H         SYMBOL        SMB0ADR
  D:00C0H         SYMBOL        SMB0CN
  D:00CFH         SYMBOL        SMB0CR
  D:00C2H         SYMBOL        SMB0DAT
  D:00C1H         SYMBOL        SMB0STA
  B:00C0H.1       SYMBOL        SMBFTE
  B:00C0H.0       SYMBOL        SMBTOE
  D:0081H         SYMBOL        SP
  D:009AH         SYMBOL        SPI0CFG
  D:009DH         SYMBOL        SPI0CKR
  D:00F8H         SYMBOL        SPI0CN
  D:009BH         SYMBOL        SPI0DAT
  B:00F8H.0       SYMBOL        SPIEN
  B:00F8H.7       SYMBOL        SPIF
  B:00C0H.5       SYMBOL        STA
  B:00C0H.4       SYMBOL        STO
BL51 BANKED LINKER/LOCATER V6.22.4.0                                                  01/10/2026  10:26:27  PAGE 5


  D:00C8H         SYMBOL        T2CON
  D:00C9H         SYMBOL        T4CON
  B:0098H.3       SYMBOL        TB8
  B:00C8H.4       SYMBOL        TCLK
  D:0088H         SYMBOL        TCON
  B:0088H.5       SYMBOL        TF0
  B:0088H.7       SYMBOL        TF1
  B:00C8H.7       SYMBOL        TF2
  D:008CH         SYMBOL        TH0
  D:008DH         SYMBOL        TH1
  D:00CDH         SYMBOL        TH2
  D:00F5H         SYMBOL        TH4
  B:0098H.1       SYMBOL        TI
  C:143FH         SYMBOL        TIMER_INIT
  D:008AH         SYMBOL        TL0
  D:008BH         SYMBOL        TL1
  D:00CCH         SYMBOL        TL2
  D:00F4H         SYMBOL        TL4
  D:0089H         SYMBOL        TMOD
  D:0091H         SYMBOL        TMR3CN
  D:0095H         SYMBOL        TMR3H
  D:0094H         SYMBOL        TMR3L
  D:0093H         SYMBOL        TMR3RLH
  D:0092H         SYMBOL        TMR3RLL
  B:0088H.4       SYMBOL        TR0
  B:0088H.6       SYMBOL        TR1
  B:00C8H.2       SYMBOL        TR2
  B:00F8H.3       SYMBOL        TXBSY
  B:00F8H.6       SYMBOL        WCOL
  D:00FFH         SYMBOL        WDTCN
  D:00E1H         SYMBOL        XBR0
  D:00E2H         SYMBOL        XBR1
  D:00E3H         SYMBOL        XBR2
  C:1438H         LINE#         15
  C:143BH         LINE#         16
  C:143EH         LINE#         18
  C:143FH         LINE#         21
  C:1442H         LINE#         22
  C:1443H         LINE#         25
  C:1446H         LINE#         26
  C:1447H         LINE#         68
  C:144AH         LINE#         69
  C:144DH         LINE#         70
  C:1450H         LINE#         71
  C:1453H         LINE#         72
  C:1456H         LINE#         73
  C:1459H         LINE#         76
  C:145CH         LINE#         77
  C:145DH         LINE#         83
  C:1460H         LINE#         84
  C:1463H         LINE#         85
  C:1466H         LINE#         86
  C:1469H         LINE#         87
  -------         ENDMOD        INIT_DEVICE

  -------         MODULE        MAIN
  B:00C0H.2       SYMBOL        AA
BL51 BANKED LINKER/LOCATER V6.22.4.0                                                  01/10/2026  10:26:27  PAGE 6


  B:00D0H.6       SYMBOL        AC
  D:00E0H         SYMBOL        ACC
  B:00E8H.4       SYMBOL        AD0BUSY
  B:00E8H.7       SYMBOL        AD0EN
  B:00E8H.5       SYMBOL        AD0INT
  B:00E8H.0       SYMBOL        AD0LJST
  B:00E8H.2       SYMBOL        AD0STM0
  B:00E8H.3       SYMBOL        AD0STM1
  B:00E8H.6       SYMBOL        AD0TM
  B:00E8H.1       SYMBOL        AD0WINT
  D:00BCH         SYMBOL        ADC0CF
  D:00E8H         SYMBOL        ADC0CN
  D:00C5H         SYMBOL        ADC0GTH
  D:00C4H         SYMBOL        ADC0GTL
  D:00BFH         SYMBOL        ADC0H
  D:00BEH         SYMBOL        ADC0L
  D:00C7H         SYMBOL        ADC0LTH
  D:00C6H         SYMBOL        ADC0LTL
  D:009CH         SYMBOL        ADC1
  D:00ABH         SYMBOL        ADC1CF
  D:00AAH         SYMBOL        ADC1CN
  D:00BAH         SYMBOL        AMX0CF
  D:00BBH         SYMBOL        AMX0SL
  D:00ACH         SYMBOL        AMX1SL
  D:00F0H         SYMBOL        B
  C:0026H         SYMBOL        BITMASK_TABLE
  N:005AH         SYMBOL        BLINK_TIMER
  N:005BH         SYMBOL        BLINK_TOGGLE
  B:00D8H.0       SYMBOL        CCF0
  B:00D8H.1       SYMBOL        CCF1
  B:00D8H.2       SYMBOL        CCF2
  B:00D8H.3       SYMBOL        CCF3
  B:00D8H.4       SYMBOL        CCF4
  B:00D8H.7       SYMBOL        CF
  C:0250H         SYMBOL        CHECK_ELEV
  C:0258H         SYMBOL        CHECK_ELEV2
  C:0260H         SYMBOL        CHECK_ELEV3
  C:0268H         SYMBOL        CHECK_ELEV4
  C:02A0H         SYMBOL        CHECK_NEW_PASS_ST
  C:0270H         SYMBOL        CHECK_OPT
  C:0278H         SYMBOL        CHECK_OPT1
  C:0280H         SYMBOL        CHECK_OPT2
  C:0288H         SYMBOL        CHECK_OPT3
  C:0290H         SYMBOL        CHECK_PASS
  C:0298H         SYMBOL        CHECK_RESET_CHOICE
  D:008EH         SYMBOL        CKCON
  B:00C8H.0       SYMBOL        CPRL2
  D:009EH         SYMBOL        CPT0CN
  D:009FH         SYMBOL        CPT1CN
  B:00D8H.6       SYMBOL        CR
  B:00C8H.1       SYMBOL        CT2
  N:0068H         SYMBOL        CURRENT_PASS
  N:0056H         SYMBOL        CUR_FLR
  B:00D0H.7       SYMBOL        CY
  D:00D4H         SYMBOL        DAC0CN
  D:00D3H         SYMBOL        DAC0H
  D:00D2H         SYMBOL        DAC0L
BL51 BANKED LINKER/LOCATER V6.22.4.0                                                  01/10/2026  10:26:27  PAGE 7


  D:00D7H         SYMBOL        DAC1CN
  D:00D6H         SYMBOL        DAC1H
  D:00D5H         SYMBOL        DAC1L
  N:0067H         SYMBOL        DEBUG_ON
  D:0083H         SYMBOL        DPH
  D:0082H         SYMBOL        DPL
  B:00A8H.7       SYMBOL        EA
  D:00E6H         SYMBOL        EIE1
  D:00E7H         SYMBOL        EIE2
  D:00F6H         SYMBOL        EIP1
  D:00F7H         SYMBOL        EIP2
  N:0022H         SYMBOL        ELEV_ARRIVED
  N:0023H         SYMBOL        ELEV_CLOSE
  N:0064H         SYMBOL        ELEV_DIR
  N:0021H         SYMBOL        ELEV_RUN
  N:0020H         SYMBOL        ELEV_ST
  N:0058H         SYMBOL        ELEV_TARGET
  N:0057H         SYMBOL        ELEV_TIMER
  D:00A3H         SYMBOL        EMI0CF
  D:00AFH         SYMBOL        EMI0CN
  D:00A1H         SYMBOL        EMI0TC
  B:00C0H.6       SYMBOL        ENSMB
  B:00A8H.4       SYMBOL        ES
  B:00A8H.1       SYMBOL        ET0
  B:00A8H.3       SYMBOL        ET1
  B:00A8H.5       SYMBOL        ET2
  B:00A8H.0       SYMBOL        EX0
  B:00A8H.2       SYMBOL        EX1
  B:00C8H.3       SYMBOL        EXEN2
  B:00C8H.6       SYMBOL        EXF2
  N:0063H         SYMBOL        EXT_DN_HI
  N:0062H         SYMBOL        EXT_DN_LO
  N:005FH         SYMBOL        EXT_UP_HI
  N:005EH         SYMBOL        EXT_UP_LO
  B:00D0H.5       SYMBOL        F0
  B:00D0H.1       SYMBOL        F1
  D:00B7H         SYMBOL        FLACL
  D:00B6H         SYMBOL        FLSCL
  D:00A8H         SYMBOL        IE
  B:0088H.1       SYMBOL        IE0
  B:0088H.3       SYMBOL        IE1
  N:0065H         SYMBOL        INPUT_MODE
  N:005DH         SYMBOL        INT_REQ_HI
  N:005CH         SYMBOL        INT_REQ_LO
  D:00B8H         SYMBOL        IP
  B:0088H.0       SYMBOL        IT0
  B:0088H.2       SYMBOL        IT1
  C:0243H         SYMBOL        LOOP
  C:0200H         SYMBOL        MAIN
  B:00F8H.5       SYMBOL        MODF
  B:00F8H.1       SYMBOL        MSTEN
  C:0246H         SYMBOL        MXK_STATE_CHECK
  N:0004H         SYMBOL        NEW_PASS_ST
  N:0059H         SYMBOL        ONE_SEC_CNT
  N:0011H         SYMBOL        OPT1_ST
  N:0012H         SYMBOL        OPT2_ST
  N:0013H         SYMBOL        OPT3_ST
BL51 BANKED LINKER/LOCATER V6.22.4.0                                                  01/10/2026  10:26:27  PAGE 8


  N:0001H         SYMBOL        OPT_ST
  D:00B2H         SYMBOL        OSCICN
  D:00B1H         SYMBOL        OSCXCN
  N:0066H         SYMBOL        OUT_SEL_VAL
  B:00D0H.2       SYMBOL        OV
  B:00D0H.0       SYMBOL        P
  D:0080H         SYMBOL        P0
  D:00A4H         SYMBOL        P0MDOUT
  D:0090H         SYMBOL        P1
  D:00BDH         SYMBOL        P1MDIN
  D:00A5H         SYMBOL        P1MDOUT
  D:00A0H         SYMBOL        P2
  D:00A6H         SYMBOL        P2MDOUT
  D:00B0H         SYMBOL        P3
  D:00ADH         SYMBOL        P3IF
  D:00A7H         SYMBOL        P3MDOUT
  D:0084H         SYMBOL        P4
  D:0085H         SYMBOL        P5
  D:0086H         SYMBOL        P6
  D:0096H         SYMBOL        P7
  D:00B5H         SYMBOL        P74OUT
  C:002CH         SYMBOL        PASSWORD_TABLE
  N:006DH         SYMBOL        PASS_NEXT_ST
  N:0002H         SYMBOL        PASS_ST
  D:00D8H         SYMBOL        PCA0CN
  D:00FAH         SYMBOL        PCA0CPH0
  D:00FBH         SYMBOL        PCA0CPH1
  D:00FCH         SYMBOL        PCA0CPH2
  D:00FDH         SYMBOL        PCA0CPH3
  D:00FEH         SYMBOL        PCA0CPH4
  D:00EAH         SYMBOL        PCA0CPL0
  D:00EBH         SYMBOL        PCA0CPL1
  D:00ECH         SYMBOL        PCA0CPL2
  D:00EDH         SYMBOL        PCA0CPL3
  D:00EEH         SYMBOL        PCA0CPL4
  D:00DAH         SYMBOL        PCA0CPM0
  D:00DBH         SYMBOL        PCA0CPM1
  D:00DCH         SYMBOL        PCA0CPM2
  D:00DDH         SYMBOL        PCA0CPM3
  D:00DEH         SYMBOL        PCA0CPM4
  D:00F9H         SYMBOL        PCA0H
  D:00E9H         SYMBOL        PCA0L
  D:00D9H         SYMBOL        PCA0MD
  D:0087H         SYMBOL        PCON
  B:00B8H.4       SYMBOL        PS
  D:008FH         SYMBOL        PSCTL
  D:00D0H         SYMBOL        PSW
  B:00B8H.1       SYMBOL        PT0
  B:00B8H.3       SYMBOL        PT1
  B:00B8H.5       SYMBOL        PT2
  B:00B8H.0       SYMBOL        PX0
  B:00B8H.2       SYMBOL        PX1
  B:0098H.2       SYMBOL        RB8
  D:00CBH         SYMBOL        RCAP2H
  D:00CAH         SYMBOL        RCAP2L
  D:00E5H         SYMBOL        RCAP4H
  D:00E4H         SYMBOL        RCAP4L
BL51 BANKED LINKER/LOCATER V6.22.4.0                                                  01/10/2026  10:26:27  PAGE 9


  B:00C8H.5       SYMBOL        RCLK
  D:00D1H         SYMBOL        REF0CN
  B:0098H.4       SYMBOL        REN
  N:0003H         SYMBOL        RESET_CHOICE_ST
  B:0098H.0       SYMBOL        RI
  B:00D0H.3       SYMBOL        RS0
  B:00D0H.4       SYMBOL        RS1
  D:00EFH         SYMBOL        RSTSRC
  N:0000H         SYMBOL        RUN_ST
  B:00F8H.4       SYMBOL        RXOVRN
  D:00A9H         SYMBOL        SADDR0
  D:00F3H         SYMBOL        SADDR1
  D:00B9H         SYMBOL        SADEN0
  D:00AEH         SYMBOL        SADEN1
  D:0099H         SYMBOL        SBUF0
  D:00F2H         SYMBOL        SBUF1
  D:0098H         SYMBOL        SCON0
  D:00F1H         SYMBOL        SCON1
  C:0000H         SYMBOL        SEG_TABLE
  B:00C0H.3       SYMBOL        SI
  C:023AH         SYMBOL        SKIP_DEBUG
  C:02A8H         SYMBOL        SKIP_PASS
  B:00F8H.2       SYMBOL        SLVSEL
  B:0098H.7       SYMBOL        SM0
  B:0098H.6       SYMBOL        SM1
  B:0098H.5       SYMBOL        SM2
  D:00C3H         SYMBOL        SMB0ADR
  D:00C0H         SYMBOL        SMB0CN
  D:00CFH         SYMBOL        SMB0CR
  D:00C2H         SYMBOL        SMB0DAT
  D:00C1H         SYMBOL        SMB0STA
  B:00C0H.1       SYMBOL        SMBFTE
  B:00C0H.0       SYMBOL        SMBTOE
  D:0081H         SYMBOL        SP
  D:009AH         SYMBOL        SPI0CFG
  D:009DH         SYMBOL        SPI0CKR
  D:00F8H         SYMBOL        SPI0CN
  D:009BH         SYMBOL        SPI0DAT
  B:00F8H.0       SYMBOL        SPIEN
  B:00F8H.7       SYMBOL        SPIF
  B:00C0H.5       SYMBOL        STA
  B:00C0H.4       SYMBOL        STO
  D:00C8H         SYMBOL        T2CON
  D:00C9H         SYMBOL        T4CON
  B:0098H.3       SYMBOL        TB8
  B:00C8H.4       SYMBOL        TCLK
  D:0088H         SYMBOL        TCON
  B:0088H.5       SYMBOL        TF0
  B:0088H.7       SYMBOL        TF1
  B:00C8H.7       SYMBOL        TF2
  D:008CH         SYMBOL        TH0
  D:008DH         SYMBOL        TH1
  D:00CDH         SYMBOL        TH2
  D:00F5H         SYMBOL        TH4
  B:0098H.1       SYMBOL        TI
  D:008AH         SYMBOL        TL0
  D:008BH         SYMBOL        TL1
BL51 BANKED LINKER/LOCATER V6.22.4.0                                                  01/10/2026  10:26:27  PAGE 10


  D:00CCH         SYMBOL        TL2
  D:00F4H         SYMBOL        TL4
  D:0089H         SYMBOL        TMOD
  D:0091H         SYMBOL        TMR3CN
  D:0095H         SYMBOL        TMR3H
  D:0094H         SYMBOL        TMR3L
  D:0093H         SYMBOL        TMR3RLH
  D:0092H         SYMBOL        TMR3RLL
  B:0088H.4       SYMBOL        TR0
  B:0088H.6       SYMBOL        TR1
  B:00C8H.2       SYMBOL        TR2
  B:00F8H.3       SYMBOL        TXBSY
  B:00F8H.6       SYMBOL        WCOL
  D:00FFH         SYMBOL        WDTCN
  D:00E1H         SYMBOL        XBR0
  D:00E2H         SYMBOL        XBR1
  D:00E3H         SYMBOL        XBR2
  C:0000H         LINE#         23
  C:000BH         LINE#         26
  C:001BH         LINE#         29
  C:002BH         LINE#         32
  C:0200H         LINE#         36
  C:0203H         LINE#         38
  C:0206H         LINE#         39
  C:0209H         LINE#         43
  C:020CH         LINE#         46
  C:020EH         LINE#         47
  C:0211H         LINE#         49
  C:0214H         LINE#         51
  C:0217H         LINE#         52
  C:021AH         LINE#         54
  C:021DH         LINE#         55
  C:0220H         LINE#         56
  C:0223H         LINE#         57
  C:0226H         LINE#         58
  C:0229H         LINE#         59
  C:022CH         LINE#         61
  C:022FH         LINE#         62
  C:0232H         LINE#         63
  C:0235H         LINE#         64
  C:0237H         LINE#         65
  C:023AH         LINE#         72
  C:023DH         LINE#         73
  C:0240H         LINE#         76
  C:0243H         LINE#         104
  C:0246H         LINE#         107
  C:0248H         LINE#         108
  C:024BH         LINE#         109
  C:024EH         LINE#         110
  C:0250H         LINE#         112
  C:0253H         LINE#         113
  C:0256H         LINE#         114
  C:0258H         LINE#         116
  C:025BH         LINE#         117
  C:025EH         LINE#         118
  C:0260H         LINE#         120
  C:0263H         LINE#         121
BL51 BANKED LINKER/LOCATER V6.22.4.0                                                  01/10/2026  10:26:27  PAGE 11


  C:0266H         LINE#         122
  C:0268H         LINE#         124
  C:026BH         LINE#         125
  C:026EH         LINE#         126
  C:0270H         LINE#         128
  C:0273H         LINE#         129
  C:0276H         LINE#         130
  C:0278H         LINE#         132
  C:027BH         LINE#         133
  C:027EH         LINE#         134
  C:0280H         LINE#         136
  C:0283H         LINE#         137
  C:0286H         LINE#         138
  C:0288H         LINE#         140
  C:028BH         LINE#         141
  C:028EH         LINE#         142
  C:0290H         LINE#         144
  C:0293H         LINE#         145
  C:0296H         LINE#         146
  C:0298H         LINE#         148
  C:029BH         LINE#         149
  C:029EH         LINE#         150
  C:02A0H         LINE#         152
  C:02A3H         LINE#         153
  C:02A6H         LINE#         154
  C:02A8H         LINE#         156
  -------         ENDMOD        MAIN

  -------         MODULE        KEYINPUT
  C:13A9H         SEGMENT       KBI
  C:13A9H         PUBLIC        KEYINPUT_PROCESS
  C:13B8H         SYMBOL        KBI_AFTER_STABLE_CHECK
  C:13C4H         SYMBOL        KBI_CONF_CHANGED
  C:13D5H         SYMBOL        KBI_CONF_CHECK_RELEASE
  C:13F3H         SYMBOL        KBI_CONF_PRESSED
  C:13E3H         SYMBOL        KBI_LONG_PRESS
  C:1402H         SYMBOL        KBI_RETURN
  C:13B3H         SYMBOL        KBI_SAMPLE_CHANGED
  C:13EBH         SYMBOL        KBI_SHORT_PRESS
  C:13A9H         LINE#         16
  C:13ACH         LINE#         17
  C:13AFH         LINE#         18
  C:13B1H         LINE#         19
  C:13B3H         LINE#         22
  C:13B5H         LINE#         23
  C:13B8H         LINE#         26
  C:13BAH         LINE#         27
  C:13BDH         LINE#         28
  C:13BFH         LINE#         29
  C:13C2H         LINE#         30
  C:13C4H         LINE#         33
  C:13C6H         LINE#         34
  C:13C8H         LINE#         35
  C:13CAH         LINE#         36
  C:13CDH         LINE#         37
  C:13D0H         LINE#         38
  C:13D3H         LINE#         39
BL51 BANKED LINKER/LOCATER V6.22.4.0                                                  01/10/2026  10:26:27  PAGE 12


  C:13D5H         LINE#         42
  C:13D7H         LINE#         43
  C:13DAH         LINE#         44
  C:13DCH         LINE#         45
  C:13DDH         LINE#         46
  C:13DFH         LINE#         47
  C:13E1H         LINE#         48
  C:13E3H         LINE#         51
  C:13E6H         LINE#         52
  C:13E9H         LINE#         53
  C:13EBH         LINE#         56
  C:13EEH         LINE#         57
  C:13F1H         LINE#         58
  C:13F3H         LINE#         61
  C:13F5H         LINE#         62
  C:13F7H         LINE#         63
  C:13F9H         LINE#         64
  C:13FCH         LINE#         65
  C:13FFH         LINE#         66
  C:1402H         LINE#         69
  -------         ENDMOD        KEYINPUT

  -------         MODULE        LCD1602
  C:1313H         SEGMENT       LCD1602
  C:1398H         PUBLIC        LCD_CLEAR
  C:134BH         PUBLIC        LCD_INIT
  C:139EH         PUBLIC        LCD_SHOW_STR
  C:1378H         PUBLIC        LCD_WR_CMD
  C:1381H         PUBLIC        LCD_WR_DAT
  B:00C0H.2       SYMBOL        AA
  B:00D0H.6       SYMBOL        AC
  D:00E0H         SYMBOL        ACC
  B:00E8H.4       SYMBOL        AD0BUSY
  B:00E8H.7       SYMBOL        AD0EN
  B:00E8H.5       SYMBOL        AD0INT
  B:00E8H.0       SYMBOL        AD0LJST
  B:00E8H.2       SYMBOL        AD0STM0
  B:00E8H.3       SYMBOL        AD0STM1
  B:00E8H.6       SYMBOL        AD0TM
  B:00E8H.1       SYMBOL        AD0WINT
  D:00BCH         SYMBOL        ADC0CF
  D:00E8H         SYMBOL        ADC0CN
  D:00C5H         SYMBOL        ADC0GTH
  D:00C4H         SYMBOL        ADC0GTL
  D:00BFH         SYMBOL        ADC0H
  D:00BEH         SYMBOL        ADC0L
  D:00C7H         SYMBOL        ADC0LTH
  D:00C6H         SYMBOL        ADC0LTL
  D:009CH         SYMBOL        ADC1
  D:00ABH         SYMBOL        ADC1CF
  D:00AAH         SYMBOL        ADC1CN
  D:00BAH         SYMBOL        AMX0CF
  D:00BBH         SYMBOL        AMX0SL
  D:00ACH         SYMBOL        AMX1SL
  D:00F0H         SYMBOL        B
  B:00D8H.0       SYMBOL        CCF0
  B:00D8H.1       SYMBOL        CCF1
BL51 BANKED LINKER/LOCATER V6.22.4.0                                                  01/10/2026  10:26:27  PAGE 13


  B:00D8H.2       SYMBOL        CCF2
  B:00D8H.3       SYMBOL        CCF3
  B:00D8H.4       SYMBOL        CCF4
  B:00D8H.7       SYMBOL        CF
  D:008EH         SYMBOL        CKCON
  B:00C8H.0       SYMBOL        CPRL2
  D:009EH         SYMBOL        CPT0CN
  D:009FH         SYMBOL        CPT1CN
  B:00D8H.6       SYMBOL        CR
  B:00C8H.1       SYMBOL        CT2
  B:00D0H.7       SYMBOL        CY
  D:00D4H         SYMBOL        DAC0CN
  D:00D3H         SYMBOL        DAC0H
  D:00D2H         SYMBOL        DAC0L
  D:00D7H         SYMBOL        DAC1CN
  D:00D6H         SYMBOL        DAC1H
  D:00D5H         SYMBOL        DAC1L
  D:0083H         SYMBOL        DPH
  D:0082H         SYMBOL        DPL
  B:00A8H.7       SYMBOL        EA
  D:00E6H         SYMBOL        EIE1
  D:00E7H         SYMBOL        EIE2
  D:00F6H         SYMBOL        EIP1
  D:00F7H         SYMBOL        EIP2
  D:00A3H         SYMBOL        EMI0CF
  D:00AFH         SYMBOL        EMI0CN
  D:00A1H         SYMBOL        EMI0TC
  B:00C0H.6       SYMBOL        ENSMB
  B:00A8H.4       SYMBOL        ES
  B:00A8H.1       SYMBOL        ET0
  B:00A8H.3       SYMBOL        ET1
  B:00A8H.5       SYMBOL        ET2
  B:00A8H.0       SYMBOL        EX0
  B:00A8H.2       SYMBOL        EX1
  B:00C8H.3       SYMBOL        EXEN2
  B:00C8H.6       SYMBOL        EXF2
  B:00D0H.5       SYMBOL        F0
  B:00D0H.1       SYMBOL        F1
  D:00B7H         SYMBOL        FLACL
  D:00B6H         SYMBOL        FLSCL
  D:00A8H         SYMBOL        IE
  B:0088H.1       SYMBOL        IE0
  B:0088H.3       SYMBOL        IE1
  D:00B8H         SYMBOL        IP
  B:0088H.0       SYMBOL        IT0
  B:0088H.2       SYMBOL        IT1
  D:00B0H         SYMBOL        LCD_BUS
  C:133DH         SYMBOL        LCD_CLR_E
  C:1321H         SYMBOL        LCD_CLR_RS
  N:0080H         SYMBOL        LCD_E_MASK
  N:0040H         SYMBOL        LCD_RS_MASK
  C:132FH         SYMBOL        LCD_SET_E
  C:1313H         SYMBOL        LCD_SET_RS
  C:13A8H         SYMBOL        LCD_STR_END
  C:139EH         SYMBOL        LCD_STR_LOOP
  C:1388H         SYMBOL        LCD_WR_COM
  B:00F8H.5       SYMBOL        MODF
BL51 BANKED LINKER/LOCATER V6.22.4.0                                                  01/10/2026  10:26:27  PAGE 14


  B:00F8H.1       SYMBOL        MSTEN
  D:00B2H         SYMBOL        OSCICN
  D:00B1H         SYMBOL        OSCXCN
  B:00D0H.2       SYMBOL        OV
  B:00D0H.0       SYMBOL        P
  D:0080H         SYMBOL        P0
  D:00A4H         SYMBOL        P0MDOUT
  D:0090H         SYMBOL        P1
  D:00BDH         SYMBOL        P1MDIN
  D:00A5H         SYMBOL        P1MDOUT
  D:00A0H         SYMBOL        P2
  D:00A6H         SYMBOL        P2MDOUT
  D:00B0H         SYMBOL        P3
  D:00ADH         SYMBOL        P3IF
  D:00A7H         SYMBOL        P3MDOUT
  D:0084H         SYMBOL        P4
  D:00A4H         SYMBOL        P4MDOUT
  D:0085H         SYMBOL        P5
  D:0086H         SYMBOL        P6
  D:0096H         SYMBOL        P7
  D:00B5H         SYMBOL        P74OUT
  D:00D8H         SYMBOL        PCA0CN
  D:00FAH         SYMBOL        PCA0CPH0
  D:00FBH         SYMBOL        PCA0CPH1
  D:00FCH         SYMBOL        PCA0CPH2
  D:00FDH         SYMBOL        PCA0CPH3
  D:00FEH         SYMBOL        PCA0CPH4
  D:00EAH         SYMBOL        PCA0CPL0
  D:00EBH         SYMBOL        PCA0CPL1
  D:00ECH         SYMBOL        PCA0CPL2
  D:00EDH         SYMBOL        PCA0CPL3
  D:00EEH         SYMBOL        PCA0CPL4
  D:00DAH         SYMBOL        PCA0CPM0
  D:00DBH         SYMBOL        PCA0CPM1
  D:00DCH         SYMBOL        PCA0CPM2
  D:00DDH         SYMBOL        PCA0CPM3
  D:00DEH         SYMBOL        PCA0CPM4
  D:00F9H         SYMBOL        PCA0H
  D:00E9H         SYMBOL        PCA0L
  D:00D9H         SYMBOL        PCA0MD
  D:0087H         SYMBOL        PCON
  B:00B8H.4       SYMBOL        PS
  D:008FH         SYMBOL        PSCTL
  D:00D0H         SYMBOL        PSW
  B:00B8H.1       SYMBOL        PT0
  B:00B8H.3       SYMBOL        PT1
  B:00B8H.5       SYMBOL        PT2
  B:00B8H.0       SYMBOL        PX0
  B:00B8H.2       SYMBOL        PX1
  B:0098H.2       SYMBOL        RB8
  D:00CBH         SYMBOL        RCAP2H
  D:00CAH         SYMBOL        RCAP2L
  D:00E5H         SYMBOL        RCAP4H
  D:00E4H         SYMBOL        RCAP4L
  B:00C8H.5       SYMBOL        RCLK
  D:00D1H         SYMBOL        REF0CN
  B:0098H.4       SYMBOL        REN
BL51 BANKED LINKER/LOCATER V6.22.4.0                                                  01/10/2026  10:26:27  PAGE 15


  B:0098H.0       SYMBOL        RI
  B:00D0H.3       SYMBOL        RS0
  B:00D0H.4       SYMBOL        RS1
  D:00EFH         SYMBOL        RSTSRC
  B:00F8H.4       SYMBOL        RXOVRN
  D:00A9H         SYMBOL        SADDR0
  D:00F3H         SYMBOL        SADDR1
  D:00B9H         SYMBOL        SADEN0
  D:00AEH         SYMBOL        SADEN1
  D:0099H         SYMBOL        SBUF0
  D:00F2H         SYMBOL        SBUF1
  D:0098H         SYMBOL        SCON0
  D:00F1H         SYMBOL        SCON1
  D:00F1H         SYMBOL        SFRPAGE
  B:00C0H.3       SYMBOL        SI
  B:00F8H.2       SYMBOL        SLVSEL
  B:0098H.7       SYMBOL        SM0
  B:0098H.6       SYMBOL        SM1
  B:0098H.5       SYMBOL        SM2
  D:00C3H         SYMBOL        SMB0ADR
  D:00C0H         SYMBOL        SMB0CN
  D:00CFH         SYMBOL        SMB0CR
  D:00C2H         SYMBOL        SMB0DAT
  D:00C1H         SYMBOL        SMB0STA
  B:00C0H.1       SYMBOL        SMBFTE
  B:00C0H.0       SYMBOL        SMBTOE
  D:0081H         SYMBOL        SP
  D:009AH         SYMBOL        SPI0CFG
  D:009DH         SYMBOL        SPI0CKR
  D:00F8H         SYMBOL        SPI0CN
  D:009BH         SYMBOL        SPI0DAT
  B:00F8H.0       SYMBOL        SPIEN
  B:00F8H.7       SYMBOL        SPIF
  B:00C0H.5       SYMBOL        STA
  B:00C0H.4       SYMBOL        STO
  D:00C8H         SYMBOL        T2CON
  D:00C9H         SYMBOL        T4CON
  B:0098H.3       SYMBOL        TB8
  B:00C8H.4       SYMBOL        TCLK
  D:0088H         SYMBOL        TCON
  B:0088H.5       SYMBOL        TF0
  B:0088H.7       SYMBOL        TF1
  B:00C8H.7       SYMBOL        TF2
  D:008CH         SYMBOL        TH0
  D:008DH         SYMBOL        TH1
  D:00CDH         SYMBOL        TH2
  D:00F5H         SYMBOL        TH4
  B:0098H.1       SYMBOL        TI
  D:008AH         SYMBOL        TL0
  D:008BH         SYMBOL        TL1
  D:00CCH         SYMBOL        TL2
  D:00F4H         SYMBOL        TL4
  D:0089H         SYMBOL        TMOD
  D:0091H         SYMBOL        TMR3CN
  D:0095H         SYMBOL        TMR3H
  D:0094H         SYMBOL        TMR3L
  D:0093H         SYMBOL        TMR3RLH
BL51 BANKED LINKER/LOCATER V6.22.4.0                                                  01/10/2026  10:26:27  PAGE 16


  D:0092H         SYMBOL        TMR3RLL
  B:0088H.4       SYMBOL        TR0
  B:0088H.6       SYMBOL        TR1
  B:00C8H.2       SYMBOL        TR2
  B:00F8H.3       SYMBOL        TXBSY
  B:00F8H.6       SYMBOL        WCOL
  D:00FFH         SYMBOL        WDTCN
  D:00E1H         SYMBOL        XBR0
  D:00E2H         SYMBOL        XBR1
  D:00E3H         SYMBOL        XBR2
  C:1313H         LINE#         24
  C:1315H         LINE#         25
  C:1318H         LINE#         26
  C:131BH         LINE#         27
  C:131EH         LINE#         28
  C:1320H         LINE#         29
  C:1321H         LINE#         32
  C:1323H         LINE#         33
  C:1326H         LINE#         34
  C:1329H         LINE#         35
  C:132CH         LINE#         36
  C:132EH         LINE#         37
  C:132FH         LINE#         40
  C:1331H         LINE#         41
  C:1334H         LINE#         42
  C:1337H         LINE#         43
  C:133AH         LINE#         44
  C:133CH         LINE#         45
  C:133DH         LINE#         48
  C:133FH         LINE#         49
  C:1342H         LINE#         50
  C:1345H         LINE#         51
  C:1348H         LINE#         52
  C:134AH         LINE#         53
  C:134BH         LINE#         57
  C:134EH         LINE#         58
  C:1351H         LINE#         59
  C:1354H         LINE#         61
  C:1356H         LINE#         62
  C:1359H         LINE#         63
  C:135BH         LINE#         64
  C:135EH         LINE#         65
  C:1360H         LINE#         66
  C:1363H         LINE#         67
  C:1365H         LINE#         68
  C:1368H         LINE#         69
  C:136AH         LINE#         70
  C:136DH         LINE#         71
  C:136FH         LINE#         72
  C:1372H         LINE#         73
  C:1374H         LINE#         74
  C:1377H         LINE#         75
  C:1378H         LINE#         78
  C:137AH         LINE#         79
  C:137DH         LINE#         80
  C:137FH         LINE#         81
  C:1381H         LINE#         83
BL51 BANKED LINKER/LOCATER V6.22.4.0                                                  01/10/2026  10:26:27  PAGE 17


  C:1383H         LINE#         84
  C:1386H         LINE#         85
  C:1388H         LINE#         87
  C:138AH         LINE#         88
  C:138DH         LINE#         89
  C:138EH         LINE#         90
  C:138FH         LINE#         91
  C:1392H         LINE#         92
  C:1394H         LINE#         93
  C:1397H         LINE#         94
  C:1398H         LINE#         97
  C:139AH         LINE#         98
  C:139DH         LINE#         99
  C:139EH         LINE#         103
  C:139FH         LINE#         104
  C:13A0H         LINE#         105
  C:13A2H         LINE#         106
  C:13A5H         LINE#         107
  C:13A6H         LINE#         108
  C:13A8H         LINE#         110
  -------         ENDMOD        LCD1602

  -------         MODULE        LED6
  C:0F24H         SEGMENT       LED6
  C:0FC6H         PUBLIC        LED6_APPLYTABLE
  C:0F97H         PUBLIC        LED6_REFRESH
  B:00C0H.2       SYMBOL        AA
  B:00D0H.6       SYMBOL        AC
  D:00E0H         SYMBOL        ACC
  B:00E8H.4       SYMBOL        AD0BUSY
  B:00E8H.7       SYMBOL        AD0EN
  B:00E8H.5       SYMBOL        AD0INT
  B:00E8H.0       SYMBOL        AD0LJST
  B:00E8H.2       SYMBOL        AD0STM0
  B:00E8H.3       SYMBOL        AD0STM1
  B:00E8H.6       SYMBOL        AD0TM
  B:00E8H.1       SYMBOL        AD0WINT
  D:00BCH         SYMBOL        ADC0CF
  D:00E8H         SYMBOL        ADC0CN
  D:00C5H         SYMBOL        ADC0GTH
  D:00C4H         SYMBOL        ADC0GTL
  D:00BFH         SYMBOL        ADC0H
  D:00BEH         SYMBOL        ADC0L
  D:00C7H         SYMBOL        ADC0LTH
  D:00C6H         SYMBOL        ADC0LTL
  D:009CH         SYMBOL        ADC1
  D:00ABH         SYMBOL        ADC1CF
  D:00AAH         SYMBOL        ADC1CN
  D:00BAH         SYMBOL        AMX0CF
  D:00BBH         SYMBOL        AMX0SL
  D:00ACH         SYMBOL        AMX1SL
  D:00F0H         SYMBOL        B
  C:0F8CH         SYMBOL        BITMASK_TABLE
  N:005AH         SYMBOL        BLINK_TIMER
  N:005BH         SYMBOL        BLINK_TOGGLE
  B:00D8H.0       SYMBOL        CCF0
  B:00D8H.1       SYMBOL        CCF1
BL51 BANKED LINKER/LOCATER V6.22.4.0                                                  01/10/2026  10:26:27  PAGE 18


  B:00D8H.2       SYMBOL        CCF2
  B:00D8H.3       SYMBOL        CCF3
  B:00D8H.4       SYMBOL        CCF4
  B:00D8H.7       SYMBOL        CF
  D:008EH         SYMBOL        CKCON
  B:00C8H.0       SYMBOL        CPRL2
  D:009EH         SYMBOL        CPT0CN
  D:009FH         SYMBOL        CPT1CN
  B:00D8H.6       SYMBOL        CR
  B:00C8H.1       SYMBOL        CT2
  N:0068H         SYMBOL        CURRENT_PASS
  N:0056H         SYMBOL        CUR_FLR
  B:00D0H.7       SYMBOL        CY
  D:00D4H         SYMBOL        DAC0CN
  D:00D3H         SYMBOL        DAC0H
  D:00D2H         SYMBOL        DAC0L
  D:00D7H         SYMBOL        DAC1CN
  D:00D6H         SYMBOL        DAC1H
  D:00D5H         SYMBOL        DAC1L
  N:0067H         SYMBOL        DEBUG_ON
  D:0083H         SYMBOL        DPH
  D:0082H         SYMBOL        DPL
  B:00A8H.7       SYMBOL        EA
  D:00E6H         SYMBOL        EIE1
  D:00E7H         SYMBOL        EIE2
  D:00F6H         SYMBOL        EIP1
  D:00F7H         SYMBOL        EIP2
  N:0022H         SYMBOL        ELEV_ARRIVED
  N:0023H         SYMBOL        ELEV_CLOSE
  N:0064H         SYMBOL        ELEV_DIR
  N:0021H         SYMBOL        ELEV_RUN
  N:0020H         SYMBOL        ELEV_ST
  N:0058H         SYMBOL        ELEV_TARGET
  N:0057H         SYMBOL        ELEV_TIMER
  D:00A3H         SYMBOL        EMI0CF
  D:00AFH         SYMBOL        EMI0CN
  D:00A1H         SYMBOL        EMI0TC
  B:00C0H.6       SYMBOL        ENSMB
  B:00A8H.4       SYMBOL        ES
  B:00A8H.1       SYMBOL        ET0
  B:00A8H.3       SYMBOL        ET1
  B:00A8H.5       SYMBOL        ET2
  B:00A8H.0       SYMBOL        EX0
  B:00A8H.2       SYMBOL        EX1
  B:00C8H.3       SYMBOL        EXEN2
  B:00C8H.6       SYMBOL        EXF2
  N:0063H         SYMBOL        EXT_DN_HI
  N:0062H         SYMBOL        EXT_DN_LO
  N:005FH         SYMBOL        EXT_UP_HI
  N:005EH         SYMBOL        EXT_UP_LO
  B:00D0H.5       SYMBOL        F0
  B:00D0H.1       SYMBOL        F1
  D:00B7H         SYMBOL        FLACL
  D:00B6H         SYMBOL        FLSCL
  D:00A8H         SYMBOL        IE
  B:0088H.1       SYMBOL        IE0
  B:0088H.3       SYMBOL        IE1
BL51 BANKED LINKER/LOCATER V6.22.4.0                                                  01/10/2026  10:26:27  PAGE 19


  N:0065H         SYMBOL        INPUT_MODE
  N:005DH         SYMBOL        INT_REQ_HI
  N:005CH         SYMBOL        INT_REQ_LO
  D:00B8H         SYMBOL        IP
  B:0088H.0       SYMBOL        IT0
  B:0088H.2       SYMBOL        IT1
  C:1021H         SYMBOL        LBL_COPY
  C:101EH         SYMBOL        LBL_DEFAULT
  C:0FD6H         SYMBOL        LBL_L1
  C:0FDEH         SYMBOL        LBL_L2
  C:0FE6H         SYMBOL        LBL_L3
  C:0FEEH         SYMBOL        LBL_L4
  C:0FF6H         SYMBOL        LBL_L5
  C:0FFEH         SYMBOL        LBL_L6
  C:1006H         SYMBOL        LBL_L7
  C:100EH         SYMBOL        LBL_L8
  C:1016H         SYMBOL        LBL_L9
  C:1027H         SYMBOL        LBL_LOOP
  C:0FC5H         SYMBOL        LED6_EXIT
  B:00F8H.5       SYMBOL        MODF
  B:00F8H.1       SYMBOL        MSTEN
  N:0004H         SYMBOL        NEW_PASS_ST
  N:0059H         SYMBOL        ONE_SEC_CNT
  N:0011H         SYMBOL        OPT1_ST
  N:0012H         SYMBOL        OPT2_ST
  N:0013H         SYMBOL        OPT3_ST
  N:0001H         SYMBOL        OPT_ST
  D:00B2H         SYMBOL        OSCICN
  D:00B1H         SYMBOL        OSCXCN
  N:0066H         SYMBOL        OUT_SEL_VAL
  B:00D0H.2       SYMBOL        OV
  B:00D0H.0       SYMBOL        P
  D:0080H         SYMBOL        P0
  D:00A4H         SYMBOL        P0MDOUT
  D:0090H         SYMBOL        P1
  D:00BDH         SYMBOL        P1MDIN
  D:00A5H         SYMBOL        P1MDOUT
  D:00A0H         SYMBOL        P2
  D:00A6H         SYMBOL        P2MDOUT
  D:00B0H         SYMBOL        P3
  D:00ADH         SYMBOL        P3IF
  D:00A7H         SYMBOL        P3MDOUT
  D:0084H         SYMBOL        P4
  D:0085H         SYMBOL        P5
  D:0086H         SYMBOL        P6
  D:0096H         SYMBOL        P7
  D:00B5H         SYMBOL        P74OUT
  C:0F92H         SYMBOL        PASSWORD_TABLE
  N:006DH         SYMBOL        PASS_NEXT_ST
  N:0002H         SYMBOL        PASS_ST
  D:00D8H         SYMBOL        PCA0CN
  D:00FAH         SYMBOL        PCA0CPH0
  D:00FBH         SYMBOL        PCA0CPH1
  D:00FCH         SYMBOL        PCA0CPH2
  D:00FDH         SYMBOL        PCA0CPH3
  D:00FEH         SYMBOL        PCA0CPH4
  D:00EAH         SYMBOL        PCA0CPL0
BL51 BANKED LINKER/LOCATER V6.22.4.0                                                  01/10/2026  10:26:27  PAGE 20


  D:00EBH         SYMBOL        PCA0CPL1
  D:00ECH         SYMBOL        PCA0CPL2
  D:00EDH         SYMBOL        PCA0CPL3
  D:00EEH         SYMBOL        PCA0CPL4
  D:00DAH         SYMBOL        PCA0CPM0
  D:00DBH         SYMBOL        PCA0CPM1
  D:00DCH         SYMBOL        PCA0CPM2
  D:00DDH         SYMBOL        PCA0CPM3
  D:00DEH         SYMBOL        PCA0CPM4
  D:00F9H         SYMBOL        PCA0H
  D:00E9H         SYMBOL        PCA0L
  D:00D9H         SYMBOL        PCA0MD
  D:0087H         SYMBOL        PCON
  B:00B8H.4       SYMBOL        PS
  D:008FH         SYMBOL        PSCTL
  D:00D0H         SYMBOL        PSW
  B:00B8H.1       SYMBOL        PT0
  B:00B8H.3       SYMBOL        PT1
  B:00B8H.5       SYMBOL        PT2
  B:00B8H.0       SYMBOL        PX0
  B:00B8H.2       SYMBOL        PX1
  B:0098H.2       SYMBOL        RB8
  D:00CBH         SYMBOL        RCAP2H
  D:00CAH         SYMBOL        RCAP2L
  D:00E5H         SYMBOL        RCAP4H
  D:00E4H         SYMBOL        RCAP4L
  B:00C8H.5       SYMBOL        RCLK
  D:00D1H         SYMBOL        REF0CN
  B:0098H.4       SYMBOL        REN
  N:0003H         SYMBOL        RESET_CHOICE_ST
  B:0098H.0       SYMBOL        RI
  B:00D0H.3       SYMBOL        RS0
  B:00D0H.4       SYMBOL        RS1
  D:00EFH         SYMBOL        RSTSRC
  N:0000H         SYMBOL        RUN_ST
  B:00F8H.4       SYMBOL        RXOVRN
  D:00A9H         SYMBOL        SADDR0
  D:00F3H         SYMBOL        SADDR1
  D:00B9H         SYMBOL        SADEN0
  D:00AEH         SYMBOL        SADEN1
  D:0099H         SYMBOL        SBUF0
  D:00F2H         SYMBOL        SBUF1
  D:0098H         SYMBOL        SCON0
  D:00F1H         SYMBOL        SCON1
  C:0F66H         SYMBOL        SEG_TABLE
  B:00C0H.3       SYMBOL        SI
  B:00F8H.2       SYMBOL        SLVSEL
  B:0098H.7       SYMBOL        SM0
  B:0098H.6       SYMBOL        SM1
  B:0098H.5       SYMBOL        SM2
  D:00C3H         SYMBOL        SMB0ADR
  D:00C0H         SYMBOL        SMB0CN
  D:00CFH         SYMBOL        SMB0CR
  D:00C2H         SYMBOL        SMB0DAT
  D:00C1H         SYMBOL        SMB0STA
  B:00C0H.1       SYMBOL        SMBFTE
  B:00C0H.0       SYMBOL        SMBTOE
BL51 BANKED LINKER/LOCATER V6.22.4.0                                                  01/10/2026  10:26:27  PAGE 21


  D:0081H         SYMBOL        SP
  D:009AH         SYMBOL        SPI0CFG
  D:009DH         SYMBOL        SPI0CKR
  D:00F8H         SYMBOL        SPI0CN
  D:009BH         SYMBOL        SPI0DAT
  B:00F8H.0       SYMBOL        SPIEN
  B:00F8H.7       SYMBOL        SPIF
  B:00C0H.5       SYMBOL        STA
  B:00C0H.4       SYMBOL        STO
  D:00C8H         SYMBOL        T2CON
  D:00C9H         SYMBOL        T4CON
  C:0F60H         SYMBOL        TABLE_DISPLAY_ALL_OFF
  C:0F24H         SYMBOL        TABLE_DISPLAY_INIT_BLANK
  C:0F2AH         SYMBOL        TABLE_DISPLAY_RUN_BLANK
  C:0F30H         SYMBOL        TABLE_MENU_MAIN_OPT
  C:0F3CH         SYMBOL        TABLE_OPT1_PROMPT
  C:0F42H         SYMBOL        TABLE_OPT2_PROMPT
  C:0F48H         SYMBOL        TABLE_OPT3_PROMPT
  C:0F36H         SYMBOL        TABLE_OPT_ERR011
  C:0F54H         SYMBOL        TABLE_PASS_ERROR_FALSEX
  C:0F5AH         SYMBOL        TABLE_PASS_ERROR_LOCKED
  C:0F4EH         SYMBOL        TABLE_PASS_PROMPT
  B:0098H.3       SYMBOL        TB8
  B:00C8H.4       SYMBOL        TCLK
  D:0088H         SYMBOL        TCON
  B:0088H.5       SYMBOL        TF0
  B:0088H.7       SYMBOL        TF1
  B:00C8H.7       SYMBOL        TF2
  D:008CH         SYMBOL        TH0
  D:008DH         SYMBOL        TH1
  D:00CDH         SYMBOL        TH2
  D:00F5H         SYMBOL        TH4
  B:0098H.1       SYMBOL        TI
  D:008AH         SYMBOL        TL0
  D:008BH         SYMBOL        TL1
  D:00CCH         SYMBOL        TL2
  D:00F4H         SYMBOL        TL4
  D:0089H         SYMBOL        TMOD
  D:0091H         SYMBOL        TMR3CN
  D:0095H         SYMBOL        TMR3H
  D:0094H         SYMBOL        TMR3L
  D:0093H         SYMBOL        TMR3RLH
  D:0092H         SYMBOL        TMR3RLL
  B:0088H.4       SYMBOL        TR0
  B:0088H.6       SYMBOL        TR1
  B:00C8H.2       SYMBOL        TR2
  B:00F8H.3       SYMBOL        TXBSY
  B:00F8H.6       SYMBOL        WCOL
  D:00FFH         SYMBOL        WDTCN
  D:00E1H         SYMBOL        XBR0
  D:00E2H         SYMBOL        XBR1
  D:00E3H         SYMBOL        XBR2
  C:0F97H         LINE#         14
  C:0F9AH         LINE#         15
  C:0F9DH         LINE#         17
  C:0F9FH         LINE#         18
  C:0FA0H         LINE#         19
BL51 BANKED LINKER/LOCATER V6.22.4.0                                                  01/10/2026  10:26:27  PAGE 22


  C:0FA2H         LINE#         20
  C:0FA3H         LINE#         21
  C:0FA4H         LINE#         22
  C:0FA6H         LINE#         24
  C:0FA9H         LINE#         25
  C:0FABH         LINE#         26
  C:0FACH         LINE#         27
  C:0FAEH         LINE#         29
  C:0FB1H         LINE#         30
  C:0FB2H         LINE#         31
  C:0FB3H         LINE#         32
  C:0FB4H         LINE#         33
  C:0FB5H         LINE#         35
  C:0FB7H         LINE#         36
  C:0FB9H         LINE#         38
  C:0FBBH         LINE#         40
  C:0FBDH         LINE#         41
  C:0FBFH         LINE#         42
  C:0FC2H         LINE#         43
  C:0FC5H         LINE#         46
  C:0FC6H         LINE#         62
  C:0FC8H         LINE#         63
  C:0FCAH         LINE#         64
  C:0FCCH         LINE#         65
  C:0FCEH         LINE#         68
  C:0FD1H         LINE#         69
  C:0FD4H         LINE#         70
  C:0FD6H         LINE#         71
  C:0FD9H         LINE#         72
  C:0FDCH         LINE#         73
  C:0FDEH         LINE#         74
  C:0FE1H         LINE#         75
  C:0FE4H         LINE#         76
  C:0FE6H         LINE#         77
  C:0FE9H         LINE#         78
  C:0FECH         LINE#         79
  C:0FEEH         LINE#         80
  C:0FF1H         LINE#         81
  C:0FF4H         LINE#         82
  C:0FF6H         LINE#         83
  C:0FF9H         LINE#         84
  C:0FFCH         LINE#         85
  C:0FFEH         LINE#         86
  C:1001H         LINE#         87
  C:1004H         LINE#         88
  C:1006H         LINE#         89
  C:1009H         LINE#         90
  C:100CH         LINE#         91
  C:100EH         LINE#         92
  C:1011H         LINE#         93
  C:1014H         LINE#         94
  C:1016H         LINE#         95
  C:1019H         LINE#         96
  C:101CH         LINE#         97
  C:101EH         LINE#         100
  C:1021H         LINE#         103
  C:1023H         LINE#         104
BL51 BANKED LINKER/LOCATER V6.22.4.0                                                  01/10/2026  10:26:27  PAGE 23


  C:1025H         LINE#         105
  C:1027H         LINE#         107
  C:1028H         LINE#         108
  C:1029H         LINE#         109
  C:102AH         LINE#         110
  C:102BH         LINE#         111
  C:102CH         LINE#         112
  C:102DH         LINE#         113
  C:1030H         LINE#         114
  C:1032H         LINE#         116
  C:1034H         LINE#         117
  C:1036H         LINE#         118
  C:1038H         LINE#         119
  C:103AH         LINE#         120
  -------         ENDMOD        LED6

  -------         MODULE        SINGER
  C:0D93H         SEGMENT       SINGER_SEGMENT
  C:0D93H         PUBLIC        SINGER_INIT
  C:0DDFH         PUBLIC        SINGER_PLAY
  C:0D97H         PUBLIC        SINGER_PLAYNOTE
  B:00C0H.2       SYMBOL        AA
  B:00D0H.6       SYMBOL        AC
  D:00E0H         SYMBOL        ACC
  B:00E8H.4       SYMBOL        AD0BUSY
  B:00E8H.7       SYMBOL        AD0EN
  B:00E8H.5       SYMBOL        AD0INT
  B:00E8H.0       SYMBOL        AD0LJST
  B:00E8H.2       SYMBOL        AD0STM0
  B:00E8H.3       SYMBOL        AD0STM1
  B:00E8H.6       SYMBOL        AD0TM
  B:00E8H.1       SYMBOL        AD0WINT
  D:00BCH         SYMBOL        ADC0CF
  D:00E8H         SYMBOL        ADC0CN
  D:00C5H         SYMBOL        ADC0GTH
  D:00C4H         SYMBOL        ADC0GTL
  D:00BFH         SYMBOL        ADC0H
  D:00BEH         SYMBOL        ADC0L
  D:00C7H         SYMBOL        ADC0LTH
  D:00C6H         SYMBOL        ADC0LTL
  D:009CH         SYMBOL        ADC1
  D:00ABH         SYMBOL        ADC1CF
  D:00AAH         SYMBOL        ADC1CN
  D:00BAH         SYMBOL        AMX0CF
  D:00BBH         SYMBOL        AMX0SL
  D:00ACH         SYMBOL        AMX1SL
  D:00F0H         SYMBOL        B
  B:00D8H.0       SYMBOL        CCF0
  B:00D8H.1       SYMBOL        CCF1
  B:00D8H.2       SYMBOL        CCF2
  B:00D8H.3       SYMBOL        CCF3
  B:00D8H.4       SYMBOL        CCF4
  B:00D8H.7       SYMBOL        CF
  D:008EH         SYMBOL        CKCON
  B:00C8H.0       SYMBOL        CPRL2
  D:009EH         SYMBOL        CPT0CN
  D:009FH         SYMBOL        CPT1CN
BL51 BANKED LINKER/LOCATER V6.22.4.0                                                  01/10/2026  10:26:27  PAGE 24


  B:00D8H.6       SYMBOL        CR
  B:00C8H.1       SYMBOL        CT2
  B:00D0H.7       SYMBOL        CY
  D:00D4H         SYMBOL        DAC0CN
  D:00D3H         SYMBOL        DAC0H
  D:00D2H         SYMBOL        DAC0L
  D:00D7H         SYMBOL        DAC1CN
  D:00D6H         SYMBOL        DAC1H
  D:00D5H         SYMBOL        DAC1L
  D:0083H         SYMBOL        DPH
  D:0082H         SYMBOL        DPL
  B:00A8H.7       SYMBOL        EA
  D:00E6H         SYMBOL        EIE1
  D:00E7H         SYMBOL        EIE2
  D:00F6H         SYMBOL        EIP1
  D:00F7H         SYMBOL        EIP2
  D:00A3H         SYMBOL        EMI0CF
  D:00AFH         SYMBOL        EMI0CN
  D:00A1H         SYMBOL        EMI0TC
  B:00C0H.6       SYMBOL        ENSMB
  B:00A8H.4       SYMBOL        ES
  B:00A8H.1       SYMBOL        ET0
  B:00A8H.3       SYMBOL        ET1
  B:00A8H.5       SYMBOL        ET2
  B:00A8H.0       SYMBOL        EX0
  B:00A8H.2       SYMBOL        EX1
  B:00C8H.3       SYMBOL        EXEN2
  B:00C8H.6       SYMBOL        EXF2
  B:00D0H.5       SYMBOL        F0
  B:00D0H.1       SYMBOL        F1
  D:00B7H         SYMBOL        FLACL
  D:00B6H         SYMBOL        FLSCL
  D:00A8H         SYMBOL        IE
  B:0088H.1       SYMBOL        IE0
  B:0088H.3       SYMBOL        IE1
  D:00B8H         SYMBOL        IP
  B:0088H.0       SYMBOL        IT0
  B:0088H.2       SYMBOL        IT1
  B:00F8H.5       SYMBOL        MODF
  B:00F8H.1       SYMBOL        MSTEN
  C:0E3BH         SYMBOL        NOTE_RELOAD_TABLE
  C:0E2DH         SYMBOL        NO_WAIT
  D:00B2H         SYMBOL        OSCICN
  D:00B1H         SYMBOL        OSCXCN
  B:00D0H.2       SYMBOL        OV
  B:00D0H.0       SYMBOL        P
  D:0080H         SYMBOL        P0
  D:00A4H         SYMBOL        P0MDOUT
  D:0090H         SYMBOL        P1
  D:00BDH         SYMBOL        P1MDIN
  D:00A5H         SYMBOL        P1MDOUT
  D:00A0H         SYMBOL        P2
  D:00A6H         SYMBOL        P2MDOUT
  D:00B0H         SYMBOL        P3
  D:00ADH         SYMBOL        P3IF
  D:00A7H         SYMBOL        P3MDOUT
  D:0084H         SYMBOL        P4
BL51 BANKED LINKER/LOCATER V6.22.4.0                                                  01/10/2026  10:26:27  PAGE 25


  D:0085H         SYMBOL        P5
  D:0086H         SYMBOL        P6
  D:0096H         SYMBOL        P7
  D:00B5H         SYMBOL        P74OUT
  D:00D8H         SYMBOL        PCA0CN
  D:00FAH         SYMBOL        PCA0CPH0
  D:00FBH         SYMBOL        PCA0CPH1
  D:00FCH         SYMBOL        PCA0CPH2
  D:00FDH         SYMBOL        PCA0CPH3
  D:00FEH         SYMBOL        PCA0CPH4
  D:00EAH         SYMBOL        PCA0CPL0
  D:00EBH         SYMBOL        PCA0CPL1
  D:00ECH         SYMBOL        PCA0CPL2
  D:00EDH         SYMBOL        PCA0CPL3
  D:00EEH         SYMBOL        PCA0CPL4
  D:00DAH         SYMBOL        PCA0CPM0
  D:00DBH         SYMBOL        PCA0CPM1
  D:00DCH         SYMBOL        PCA0CPM2
  D:00DDH         SYMBOL        PCA0CPM3
  D:00DEH         SYMBOL        PCA0CPM4
  D:00F9H         SYMBOL        PCA0H
  D:00E9H         SYMBOL        PCA0L
  D:00D9H         SYMBOL        PCA0MD
  D:0087H         SYMBOL        PCON
  C:0E0EH         SYMBOL        PLAY_NOTE_REST
  B:00B8H.4       SYMBOL        PS
  D:008FH         SYMBOL        PSCTL
  D:00D0H         SYMBOL        PSW
  B:00B8H.1       SYMBOL        PT0
  B:00B8H.3       SYMBOL        PT1
  B:00B8H.5       SYMBOL        PT2
  B:00B8H.0       SYMBOL        PX0
  B:00B8H.2       SYMBOL        PX1
  B:0098H.2       SYMBOL        RB8
  D:00CBH         SYMBOL        RCAP2H
  D:00CAH         SYMBOL        RCAP2L
  D:00E5H         SYMBOL        RCAP4H
  D:00E4H         SYMBOL        RCAP4L
  B:00C8H.5       SYMBOL        RCLK
  C:0DEEH         SYMBOL        READ_DURATION
  D:00D1H         SYMBOL        REF0CN
  B:0098H.4       SYMBOL        REN
  B:0098H.0       SYMBOL        RI
  B:00D0H.3       SYMBOL        RS0
  B:00D0H.4       SYMBOL        RS1
  D:00EFH         SYMBOL        RSTSRC
  B:00F8H.4       SYMBOL        RXOVRN
  D:00A9H         SYMBOL        SADDR0
  D:00F3H         SYMBOL        SADDR1
  D:00B9H         SYMBOL        SADEN0
  D:00AEH         SYMBOL        SADEN1
  D:0099H         SYMBOL        SBUF0
  D:00F2H         SYMBOL        SBUF1
  D:0098H         SYMBOL        SCON0
  D:00F1H         SYMBOL        SCON1
  B:00C0H.3       SYMBOL        SI
  C:0E33H         SYMBOL        SINGER_DONE
BL51 BANKED LINKER/LOCATER V6.22.4.0                                                  01/10/2026  10:26:27  PAGE 26


  C:0DE6H         SYMBOL        SINGER_LOOP
  B:00F8H.2       SYMBOL        SLVSEL
  B:0098H.7       SYMBOL        SM0
  B:0098H.6       SYMBOL        SM1
  B:0098H.5       SYMBOL        SM2
  D:00C3H         SYMBOL        SMB0ADR
  D:00C0H         SYMBOL        SMB0CN
  D:00CFH         SYMBOL        SMB0CR
  D:00C2H         SYMBOL        SMB0DAT
  D:00C1H         SYMBOL        SMB0STA
  B:00C0H.1       SYMBOL        SMBFTE
  B:00C0H.0       SYMBOL        SMBTOE
  C:0E59H         SYMBOL        SONG_TABLE
  D:0081H         SYMBOL        SP
  D:009AH         SYMBOL        SPI0CFG
  D:009DH         SYMBOL        SPI0CKR
  D:00F8H         SYMBOL        SPI0CN
  D:009BH         SYMBOL        SPI0DAT
  B:00F8H.0       SYMBOL        SPIEN
  B:00F8H.7       SYMBOL        SPIF
  C:0DA3H         SYMBOL        SPN_CHECK_NM1
  C:0DAAH         SYMBOL        SPN_CHECK_POS
  C:0DADH         SYMBOL        SPN_LE8
  C:0DB2H         SYMBOL        SPN_PLAY
  C:0DDAH         SYMBOL        SPN_RET
  B:00C0H.5       SYMBOL        STA
  B:00C0H.4       SYMBOL        STO
  D:00C8H         SYMBOL        T2CON
  D:00C9H         SYMBOL        T4CON
  B:0098H.3       SYMBOL        TB8
  B:00C8H.4       SYMBOL        TCLK
  D:0088H         SYMBOL        TCON
  B:0088H.5       SYMBOL        TF0
  B:0088H.7       SYMBOL        TF1
  B:00C8H.7       SYMBOL        TF2
  D:008CH         SYMBOL        TH0
  D:008DH         SYMBOL        TH1
  D:00CDH         SYMBOL        TH2
  D:00F5H         SYMBOL        TH4
  B:0098H.1       SYMBOL        TI
  D:008AH         SYMBOL        TL0
  D:008BH         SYMBOL        TL1
  D:00CCH         SYMBOL        TL2
  D:00F4H         SYMBOL        TL4
  D:0089H         SYMBOL        TMOD
  D:0091H         SYMBOL        TMR3CN
  D:0095H         SYMBOL        TMR3H
  D:0094H         SYMBOL        TMR3L
  D:0093H         SYMBOL        TMR3RLH
  D:0092H         SYMBOL        TMR3RLL
  B:0088H.4       SYMBOL        TR0
  B:0088H.6       SYMBOL        TR1
  B:00C8H.2       SYMBOL        TR2
  B:00F8H.3       SYMBOL        TXBSY
  C:0E11H         SYMBOL        WAIT_DURATION
  C:0E14H         SYMBOL        WAIT_LOOP
  B:00F8H.6       SYMBOL        WCOL
BL51 BANKED LINKER/LOCATER V6.22.4.0                                                  01/10/2026  10:26:27  PAGE 27


  D:00FFH         SYMBOL        WDTCN
  D:00E1H         SYMBOL        XBR0
  D:00E2H         SYMBOL        XBR1
  D:00E3H         SYMBOL        XBR2
  C:0D93H         LINE#         15
  C:0D96H         LINE#         16
  C:0D97H         LINE#         19
  C:0D99H         LINE#         20
  C:0D9BH         LINE#         22
  C:0D9CH         LINE#         23
  C:0D9FH         LINE#         25
  C:0DA1H         LINE#         26
  C:0DA3H         LINE#         29
  C:0DA6H         LINE#         31
  C:0DA8H         LINE#         32
  C:0DAAH         LINE#         36
  C:0DADH         LINE#         38
  C:0DAFH         LINE#         41
  C:0DB1H         LINE#         44
  C:0DB2H         LINE#         48
  C:0DB3H         LINE#         49
  C:0DB4H         LINE#         50
  C:0DB5H         LINE#         51
  C:0DB6H         LINE#         54
  C:0DB8H         LINE#         55
  C:0DBAH         LINE#         56
  C:0DBDH         LINE#         59
  C:0DBEH         LINE#         60
  C:0DBFH         LINE#         63
  C:0DC0H         LINE#         64
  C:0DC1H         LINE#         65
  C:0DC2H         LINE#         66
  C:0DC3H         LINE#         68
  C:0DC5H         LINE#         69
  C:0DC7H         LINE#         72
  C:0DCAH         LINE#         73
  C:0DCDH         LINE#         75
  C:0DCFH         LINE#         76
  C:0DD2H         LINE#         77
  C:0DD4H         LINE#         78
  C:0DD7H         LINE#         80
  C:0DDAH         LINE#         83
  C:0DDCH         LINE#         84
  C:0DDEH         LINE#         85
  C:0DDFH         LINE#         88
  C:0DE1H         LINE#         89
  C:0DE3H         LINE#         91
  C:0DE6H         LINE#         95
  C:0DE7H         LINE#         96
  C:0DE8H         LINE#         97
  C:0DE9H         LINE#         100
  C:0DECH         LINE#         101
  C:0DEEH         LINE#         104
  C:0DEFH         LINE#         105
  C:0DF0H         LINE#         106
  C:0DF1H         LINE#         107
  C:0DF2H         LINE#         108
BL51 BANKED LINKER/LOCATER V6.22.4.0                                                  01/10/2026  10:26:27  PAGE 28


  C:0DF3H         LINE#         111
  C:0DF5H         LINE#         112
  C:0DF7H         LINE#         115
  C:0DF8H         LINE#         116
  C:0DFAH         LINE#         119
  C:0DFBH         LINE#         120
  C:0DFCH         LINE#         121
  C:0DFDH         LINE#         123
  C:0E00H         LINE#         126
  C:0E01H         LINE#         127
  C:0E02H         LINE#         130
  C:0E03H         LINE#         131
  C:0E04H         LINE#         132
  C:0E05H         LINE#         133
  C:0E06H         LINE#         136
  C:0E09H         LINE#         137
  C:0E0CH         LINE#         138
  C:0E0EH         LINE#         141
  C:0E11H         LINE#         147
  C:0E12H         LINE#         148
  C:0E14H         LINE#         151
  C:0E16H         LINE#         152
  C:0E18H         LINE#         153
  C:0E1BH         LINE#         154
  C:0E1DH         LINE#         155
  C:0E20H         LINE#         156
  C:0E22H         LINE#         157
  C:0E23H         LINE#         158
  C:0E25H         LINE#         161
  C:0E28H         LINE#         162
  C:0E2AH         LINE#         163
  C:0E2DH         LINE#         167
  C:0E2FH         LINE#         168
  C:0E31H         LINE#         170
  C:0E33H         LINE#         173
  C:0E35H         LINE#         174
  C:0E37H         LINE#         175
  C:0E3AH         LINE#         176
  -------         ENDMOD        SINGER

  -------         MODULE        BUZZER
  C:14A4H         SEGMENT       BUZZER_SEGMENT
  C:14A4H         PUBLIC        BUZZER_INIT
  C:14B0H         PUBLIC        BUZZER_SET_FREQUENCY
  C:14A8H         PUBLIC        BUZZER_START
  C:14ACH         PUBLIC        BUZZER_STOP
  B:00C0H.2       SYMBOL        AA
  B:00D0H.6       SYMBOL        AC
  D:00E0H         SYMBOL        ACC
  B:00E8H.4       SYMBOL        AD0BUSY
  B:00E8H.7       SYMBOL        AD0EN
  B:00E8H.5       SYMBOL        AD0INT
  B:00E8H.0       SYMBOL        AD0LJST
  B:00E8H.2       SYMBOL        AD0STM0
  B:00E8H.3       SYMBOL        AD0STM1
  B:00E8H.6       SYMBOL        AD0TM
  B:00E8H.1       SYMBOL        AD0WINT
BL51 BANKED LINKER/LOCATER V6.22.4.0                                                  01/10/2026  10:26:27  PAGE 29


  D:00BCH         SYMBOL        ADC0CF
  D:00E8H         SYMBOL        ADC0CN
  D:00C5H         SYMBOL        ADC0GTH
  D:00C4H         SYMBOL        ADC0GTL
  D:00BFH         SYMBOL        ADC0H
  D:00BEH         SYMBOL        ADC0L
  D:00C7H         SYMBOL        ADC0LTH
  D:00C6H         SYMBOL        ADC0LTL
  D:009CH         SYMBOL        ADC1
  D:00ABH         SYMBOL        ADC1CF
  D:00AAH         SYMBOL        ADC1CN
  D:00BAH         SYMBOL        AMX0CF
  D:00BBH         SYMBOL        AMX0SL
  D:00ACH         SYMBOL        AMX1SL
  D:00F0H         SYMBOL        B
  B:00D8H.0       SYMBOL        CCF0
  B:00D8H.1       SYMBOL        CCF1
  B:00D8H.2       SYMBOL        CCF2
  B:00D8H.3       SYMBOL        CCF3
  B:00D8H.4       SYMBOL        CCF4
  B:00D8H.7       SYMBOL        CF
  D:008EH         SYMBOL        CKCON
  B:00C8H.0       SYMBOL        CPRL2
  D:009EH         SYMBOL        CPT0CN
  D:009FH         SYMBOL        CPT1CN
  B:00D8H.6       SYMBOL        CR
  B:00C8H.1       SYMBOL        CT2
  B:00D0H.7       SYMBOL        CY
  D:00D4H         SYMBOL        DAC0CN
  D:00D3H         SYMBOL        DAC0H
  D:00D2H         SYMBOL        DAC0L
  D:00D7H         SYMBOL        DAC1CN
  D:00D6H         SYMBOL        DAC1H
  D:00D5H         SYMBOL        DAC1L
  D:0083H         SYMBOL        DPH
  D:0082H         SYMBOL        DPL
  B:00A8H.7       SYMBOL        EA
  D:00E6H         SYMBOL        EIE1
  D:00E7H         SYMBOL        EIE2
  D:00F6H         SYMBOL        EIP1
  D:00F7H         SYMBOL        EIP2
  D:00A3H         SYMBOL        EMI0CF
  D:00AFH         SYMBOL        EMI0CN
  D:00A1H         SYMBOL        EMI0TC
  B:00C0H.6       SYMBOL        ENSMB
  B:00A8H.4       SYMBOL        ES
  B:00A8H.1       SYMBOL        ET0
  B:00A8H.3       SYMBOL        ET1
  B:00A8H.5       SYMBOL        ET2
  B:00A8H.0       SYMBOL        EX0
  B:00A8H.2       SYMBOL        EX1
  B:00C8H.3       SYMBOL        EXEN2
  B:00C8H.6       SYMBOL        EXF2
  B:00D0H.5       SYMBOL        F0
  B:00D0H.1       SYMBOL        F1
  D:00B7H         SYMBOL        FLACL
  D:00B6H         SYMBOL        FLSCL
BL51 BANKED LINKER/LOCATER V6.22.4.0                                                  01/10/2026  10:26:27  PAGE 30


  D:00A8H         SYMBOL        IE
  B:0088H.1       SYMBOL        IE0
  B:0088H.3       SYMBOL        IE1
  D:00B8H         SYMBOL        IP
  B:0088H.0       SYMBOL        IT0
  B:0088H.2       SYMBOL        IT1
  B:00F8H.5       SYMBOL        MODF
  B:00F8H.1       SYMBOL        MSTEN
  D:00B2H         SYMBOL        OSCICN
  D:00B1H         SYMBOL        OSCXCN
  B:00D0H.2       SYMBOL        OV
  B:00D0H.0       SYMBOL        P
  D:0080H         SYMBOL        P0
  D:00A4H         SYMBOL        P0MDOUT
  D:0090H         SYMBOL        P1
  D:00BDH         SYMBOL        P1MDIN
  D:00A5H         SYMBOL        P1MDOUT
  D:00A0H         SYMBOL        P2
  D:00A6H         SYMBOL        P2MDOUT
  D:00B0H         SYMBOL        P3
  D:00ADH         SYMBOL        P3IF
  D:00A7H         SYMBOL        P3MDOUT
  D:0084H         SYMBOL        P4
  D:0085H         SYMBOL        P5
  D:0086H         SYMBOL        P6
  D:0096H         SYMBOL        P7
  D:00B5H         SYMBOL        P74OUT
  D:00D8H         SYMBOL        PCA0CN
  D:00FAH         SYMBOL        PCA0CPH0
  D:00FBH         SYMBOL        PCA0CPH1
  D:00FCH         SYMBOL        PCA0CPH2
  D:00FDH         SYMBOL        PCA0CPH3
  D:00FEH         SYMBOL        PCA0CPH4
  D:00EAH         SYMBOL        PCA0CPL0
  D:00EBH         SYMBOL        PCA0CPL1
  D:00ECH         SYMBOL        PCA0CPL2
  D:00EDH         SYMBOL        PCA0CPL3
  D:00EEH         SYMBOL        PCA0CPL4
  D:00DAH         SYMBOL        PCA0CPM0
  D:00DBH         SYMBOL        PCA0CPM1
  D:00DCH         SYMBOL        PCA0CPM2
  D:00DDH         SYMBOL        PCA0CPM3
  D:00DEH         SYMBOL        PCA0CPM4
  D:00F9H         SYMBOL        PCA0H
  D:00E9H         SYMBOL        PCA0L
  D:00D9H         SYMBOL        PCA0MD
  D:0087H         SYMBOL        PCON
  B:00B8H.4       SYMBOL        PS
  D:008FH         SYMBOL        PSCTL
  D:00D0H         SYMBOL        PSW
  B:00B8H.1       SYMBOL        PT0
  B:00B8H.3       SYMBOL        PT1
  B:00B8H.5       SYMBOL        PT2
  B:00B8H.0       SYMBOL        PX0
  B:00B8H.2       SYMBOL        PX1
  B:0098H.2       SYMBOL        RB8
  D:00CBH         SYMBOL        RCAP2H
BL51 BANKED LINKER/LOCATER V6.22.4.0                                                  01/10/2026  10:26:27  PAGE 31


  D:00CAH         SYMBOL        RCAP2L
  D:00E5H         SYMBOL        RCAP4H
  D:00E4H         SYMBOL        RCAP4L
  B:00C8H.5       SYMBOL        RCLK
  D:00D1H         SYMBOL        REF0CN
  B:0098H.4       SYMBOL        REN
  B:0098H.0       SYMBOL        RI
  B:00D0H.3       SYMBOL        RS0
  B:00D0H.4       SYMBOL        RS1
  D:00EFH         SYMBOL        RSTSRC
  B:00F8H.4       SYMBOL        RXOVRN
  D:00A9H         SYMBOL        SADDR0
  D:00F3H         SYMBOL        SADDR1
  D:00B9H         SYMBOL        SADEN0
  D:00AEH         SYMBOL        SADEN1
  D:0099H         SYMBOL        SBUF0
  D:00F2H         SYMBOL        SBUF1
  D:0098H         SYMBOL        SCON0
  D:00F1H         SYMBOL        SCON1
  B:00C0H.3       SYMBOL        SI
  B:00F8H.2       SYMBOL        SLVSEL
  B:0098H.7       SYMBOL        SM0
  B:0098H.6       SYMBOL        SM1
  B:0098H.5       SYMBOL        SM2
  D:00C3H         SYMBOL        SMB0ADR
  D:00C0H         SYMBOL        SMB0CN
  D:00CFH         SYMBOL        SMB0CR
  D:00C2H         SYMBOL        SMB0DAT
  D:00C1H         SYMBOL        SMB0STA
  B:00C0H.1       SYMBOL        SMBFTE
  B:00C0H.0       SYMBOL        SMBTOE
  D:0081H         SYMBOL        SP
  D:009AH         SYMBOL        SPI0CFG
  D:009DH         SYMBOL        SPI0CKR
  D:00F8H         SYMBOL        SPI0CN
  D:009BH         SYMBOL        SPI0DAT
  B:00F8H.0       SYMBOL        SPIEN
  B:00F8H.7       SYMBOL        SPIF
  B:00C0H.5       SYMBOL        STA
  B:00C0H.4       SYMBOL        STO
  D:00C8H         SYMBOL        T2CON
  D:00C9H         SYMBOL        T4CON
  B:0098H.3       SYMBOL        TB8
  B:00C8H.4       SYMBOL        TCLK
  D:0088H         SYMBOL        TCON
  B:0088H.5       SYMBOL        TF0
  B:0088H.7       SYMBOL        TF1
  B:00C8H.7       SYMBOL        TF2
  D:008CH         SYMBOL        TH0
  D:008DH         SYMBOL        TH1
  D:00CDH         SYMBOL        TH2
  D:00F5H         SYMBOL        TH4
  B:0098H.1       SYMBOL        TI
  D:008AH         SYMBOL        TL0
  D:008BH         SYMBOL        TL1
  D:00CCH         SYMBOL        TL2
  D:00F4H         SYMBOL        TL4
BL51 BANKED LINKER/LOCATER V6.22.4.0                                                  01/10/2026  10:26:27  PAGE 32


  D:0089H         SYMBOL        TMOD
  D:0091H         SYMBOL        TMR3CN
  D:0095H         SYMBOL        TMR3H
  D:0094H         SYMBOL        TMR3L
  D:0093H         SYMBOL        TMR3RLH
  D:0092H         SYMBOL        TMR3RLL
  B:0088H.4       SYMBOL        TR0
  B:0088H.6       SYMBOL        TR1
  B:00C8H.2       SYMBOL        TR2
  B:00F8H.3       SYMBOL        TXBSY
  B:00F8H.6       SYMBOL        WCOL
  D:00FFH         SYMBOL        WDTCN
  D:00E1H         SYMBOL        XBR0
  D:00E2H         SYMBOL        XBR1
  D:00E3H         SYMBOL        XBR2
  C:14A4H         LINE#         15
  C:14A7H         LINE#         16
  C:14A8H         LINE#         19
  C:14ABH         LINE#         20
  C:14ACH         LINE#         23
  C:14AFH         LINE#         24
  C:14B0H         LINE#         27
  C:14B3H         LINE#         28
  -------         ENDMOD        BUZZER

  -------         MODULE        DELAY
  C:1491H         SEGMENT       DELAY
  C:1491H         PUBLIC        DELAY_MS
  C:1495H         SYMBOL        L_D1
  C:1497H         SYMBOL        L_D2
  C:1499H         SYMBOL        L_D3
  C:1491H         LINE#         7
  C:1493H         LINE#         8
  C:1495H         LINE#         9
  C:1497H         LINE#         10
  C:1499H         LINE#         11
  C:149BH         LINE#         12
  C:149DH         LINE#         13
  C:149FH         LINE#         14
  C:14A1H         LINE#         15
  C:14A3H         LINE#         16
  -------         ENDMOD        DELAY

  -------         MODULE        KEYBOARD
  C:103BH         SEGMENT       KBD
  C:103BH         PUBLIC        MATRIXKEY
  B:00C0H.2       SYMBOL        AA
  B:00D0H.6       SYMBOL        AC
  D:00E0H         SYMBOL        ACC
  B:00E8H.4       SYMBOL        AD0BUSY
  B:00E8H.7       SYMBOL        AD0EN
  B:00E8H.5       SYMBOL        AD0INT
  B:00E8H.0       SYMBOL        AD0LJST
  B:00E8H.2       SYMBOL        AD0STM0
  B:00E8H.3       SYMBOL        AD0STM1
  B:00E8H.6       SYMBOL        AD0TM
  B:00E8H.1       SYMBOL        AD0WINT
BL51 BANKED LINKER/LOCATER V6.22.4.0                                                  01/10/2026  10:26:27  PAGE 33


  D:00BCH         SYMBOL        ADC0CF
  D:00E8H         SYMBOL        ADC0CN
  D:00C5H         SYMBOL        ADC0GTH
  D:00C4H         SYMBOL        ADC0GTL
  D:00BFH         SYMBOL        ADC0H
  D:00BEH         SYMBOL        ADC0L
  D:00C7H         SYMBOL        ADC0LTH
  D:00C6H         SYMBOL        ADC0LTL
  D:009CH         SYMBOL        ADC1
  D:00ABH         SYMBOL        ADC1CF
  D:00AAH         SYMBOL        ADC1CN
  D:00BAH         SYMBOL        AMX0CF
  D:00BBH         SYMBOL        AMX0SL
  D:00ACH         SYMBOL        AMX1SL
  D:00F0H         SYMBOL        B
  B:00D8H.0       SYMBOL        CCF0
  B:00D8H.1       SYMBOL        CCF1
  B:00D8H.2       SYMBOL        CCF2
  B:00D8H.3       SYMBOL        CCF3
  B:00D8H.4       SYMBOL        CCF4
  B:00D8H.7       SYMBOL        CF
  D:008EH         SYMBOL        CKCON
  B:00C8H.0       SYMBOL        CPRL2
  D:009EH         SYMBOL        CPT0CN
  D:009FH         SYMBOL        CPT1CN
  B:00D8H.6       SYMBOL        CR
  B:00C8H.1       SYMBOL        CT2
  B:00D0H.7       SYMBOL        CY
  D:00D4H         SYMBOL        DAC0CN
  D:00D3H         SYMBOL        DAC0H
  D:00D2H         SYMBOL        DAC0L
  D:00D7H         SYMBOL        DAC1CN
  D:00D6H         SYMBOL        DAC1H
  D:00D5H         SYMBOL        DAC1L
  D:0083H         SYMBOL        DPH
  D:0082H         SYMBOL        DPL
  B:00A8H.7       SYMBOL        EA
  D:00E6H         SYMBOL        EIE1
  D:00E7H         SYMBOL        EIE2
  D:00F6H         SYMBOL        EIP1
  D:00F7H         SYMBOL        EIP2
  D:00A3H         SYMBOL        EMI0CF
  D:00AFH         SYMBOL        EMI0CN
  D:00A1H         SYMBOL        EMI0TC
  B:00C0H.6       SYMBOL        ENSMB
  B:00A8H.4       SYMBOL        ES
  B:00A8H.1       SYMBOL        ET0
  B:00A8H.3       SYMBOL        ET1
  B:00A8H.5       SYMBOL        ET2
  B:00A8H.0       SYMBOL        EX0
  B:00A8H.2       SYMBOL        EX1
  B:00C8H.3       SYMBOL        EXEN2
  B:00C8H.6       SYMBOL        EXF2
  B:00D0H.5       SYMBOL        F0
  B:00D0H.1       SYMBOL        F1
  D:00B7H         SYMBOL        FLACL
  D:00B6H         SYMBOL        FLSCL
BL51 BANKED LINKER/LOCATER V6.22.4.0                                                  01/10/2026  10:26:27  PAGE 34


  D:00A8H         SYMBOL        IE
  B:0088H.1       SYMBOL        IE0
  B:0088H.3       SYMBOL        IE1
  D:00B8H         SYMBOL        IP
  B:0088H.0       SYMBOL        IT0
  B:0088H.2       SYMBOL        IT1
  C:1048H         SYMBOL        MK_SK1
  C:1088H         SYMBOL        MK_SK10
  C:108EH         SYMBOL        MK_SK11
  C:1094H         SYMBOL        MK_SK12
  C:109FH         SYMBOL        MK_SK13
  C:10A5H         SYMBOL        MK_SK14
  C:10ABH         SYMBOL        MK_SK15
  C:10B1H         SYMBOL        MK_SK16
  C:104EH         SYMBOL        MK_SK2
  C:1054H         SYMBOL        MK_SK3
  C:105AH         SYMBOL        MK_SK4
  C:1065H         SYMBOL        MK_SK5
  C:106BH         SYMBOL        MK_SK6
  C:1071H         SYMBOL        MK_SK7
  C:1077H         SYMBOL        MK_SK8
  C:1082H         SYMBOL        MK_SK9
  B:00F8H.5       SYMBOL        MODF
  B:00F8H.1       SYMBOL        MSTEN
  C:10EBH         SYMBOL        MXK_10_CHECK
  C:110FH         SYMBOL        MXK_11_CHECK
  C:1133H         SYMBOL        MXK_12_CHECK
  C:10D0H         SYMBOL        MXK_13_CHECK
  C:10F4H         SYMBOL        MXK_14_CHECK
  C:1118H         SYMBOL        MXK_15_CHECK
  C:113CH         SYMBOL        MXK_16_CHECK
  C:10B5H         SYMBOL        MXK_1_CHECK
  C:10D9H         SYMBOL        MXK_2_CHECK
  C:10FDH         SYMBOL        MXK_3_CHECK
  C:1121H         SYMBOL        MXK_4_CHECK
  C:10BEH         SYMBOL        MXK_5_CHECK
  C:10E2H         SYMBOL        MXK_6_CHECK
  C:1106H         SYMBOL        MXK_7_CHECK
  C:112AH         SYMBOL        MXK_8_CHECK
  C:10C7H         SYMBOL        MXK_9_CHECK
  D:00B2H         SYMBOL        OSCICN
  D:00B1H         SYMBOL        OSCXCN
  B:00D0H.2       SYMBOL        OV
  B:00D0H.0       SYMBOL        P
  D:0080H         SYMBOL        P0
  D:00A4H         SYMBOL        P0MDOUT
  D:0090H         SYMBOL        P1
  D:00BDH         SYMBOL        P1MDIN
  D:00A5H         SYMBOL        P1MDOUT
  D:00A0H         SYMBOL        P2
  D:00A6H         SYMBOL        P2MDOUT
  D:00B0H         SYMBOL        P3
  D:00ADH         SYMBOL        P3IF
  D:00A7H         SYMBOL        P3MDOUT
  D:0084H         SYMBOL        P4
  D:0085H         SYMBOL        P5
  D:0086H         SYMBOL        P6
BL51 BANKED LINKER/LOCATER V6.22.4.0                                                  01/10/2026  10:26:27  PAGE 35


  D:0096H         SYMBOL        P7
  D:00B5H         SYMBOL        P74OUT
  D:00D8H         SYMBOL        PCA0CN
  D:00FAH         SYMBOL        PCA0CPH0
  D:00FBH         SYMBOL        PCA0CPH1
  D:00FCH         SYMBOL        PCA0CPH2
  D:00FDH         SYMBOL        PCA0CPH3
  D:00FEH         SYMBOL        PCA0CPH4
  D:00EAH         SYMBOL        PCA0CPL0
  D:00EBH         SYMBOL        PCA0CPL1
  D:00ECH         SYMBOL        PCA0CPL2
  D:00EDH         SYMBOL        PCA0CPL3
  D:00EEH         SYMBOL        PCA0CPL4
  D:00DAH         SYMBOL        PCA0CPM0
  D:00DBH         SYMBOL        PCA0CPM1
  D:00DCH         SYMBOL        PCA0CPM2
  D:00DDH         SYMBOL        PCA0CPM3
  D:00DEH         SYMBOL        PCA0CPM4
  D:00F9H         SYMBOL        PCA0H
  D:00E9H         SYMBOL        PCA0L
  D:00D9H         SYMBOL        PCA0MD
  D:0087H         SYMBOL        PCON
  B:00B8H.4       SYMBOL        PS
  D:008FH         SYMBOL        PSCTL
  D:00D0H         SYMBOL        PSW
  B:00B8H.1       SYMBOL        PT0
  B:00B8H.3       SYMBOL        PT1
  B:00B8H.5       SYMBOL        PT2
  B:00B8H.0       SYMBOL        PX0
  B:00B8H.2       SYMBOL        PX1
  B:0098H.2       SYMBOL        RB8
  D:00CBH         SYMBOL        RCAP2H
  D:00CAH         SYMBOL        RCAP2L
  D:00E5H         SYMBOL        RCAP4H
  D:00E4H         SYMBOL        RCAP4L
  B:00C8H.5       SYMBOL        RCLK
  D:00D1H         SYMBOL        REF0CN
  B:0098H.4       SYMBOL        REN
  B:0098H.0       SYMBOL        RI
  B:00D0H.3       SYMBOL        RS0
  B:00D0H.4       SYMBOL        RS1
  D:00EFH         SYMBOL        RSTSRC
  B:00F8H.4       SYMBOL        RXOVRN
  D:00A9H         SYMBOL        SADDR0
  D:00F3H         SYMBOL        SADDR1
  D:00B9H         SYMBOL        SADEN0
  D:00AEH         SYMBOL        SADEN1
  D:0099H         SYMBOL        SBUF0
  D:00F2H         SYMBOL        SBUF1
  D:0098H         SYMBOL        SCON0
  D:00F1H         SYMBOL        SCON1
  B:00C0H.3       SYMBOL        SI
  B:00F8H.2       SYMBOL        SLVSEL
  B:0098H.7       SYMBOL        SM0
  B:0098H.6       SYMBOL        SM1
  B:0098H.5       SYMBOL        SM2
  D:00C3H         SYMBOL        SMB0ADR
BL51 BANKED LINKER/LOCATER V6.22.4.0                                                  01/10/2026  10:26:27  PAGE 36


  D:00C0H         SYMBOL        SMB0CN
  D:00CFH         SYMBOL        SMB0CR
  D:00C2H         SYMBOL        SMB0DAT
  D:00C1H         SYMBOL        SMB0STA
  B:00C0H.1       SYMBOL        SMBFTE
[...]


  C:0611H         LINE#         566
  C:0612H         LINE#         567
  C:0613H         LINE#         568
  C:0614H         LINE#         569
  C:0616H         LINE#         570
  C:0619H         LINE#         571
  C:061AH         LINE#         576
  C:061CH         LINE#         577
  C:061FH         LINE#         579
  C:0622H         LINE#         580
  C:0625H         LINE#         582
  C:0628H         LINE#         584
  C:062AH         LINE#         585
  C:062DH         LINE#         587
  C:062EH         LINE#         588
  C:0630H         LINE#         589
  C:0631H         LINE#         590
  C:0633H         LINE#         592
  C:0636H         LINE#         593
  C:0639H         LINE#         594
  C:063AH         LINE#         596
  C:063DH         LINE#         597
  C:0640H         LINE#         598
  C:0641H         LINE#         600
  C:0644H         LINE#         601
  C:0647H         LINE#         602
  C:0648H         LINE#         605
  C:064AH         LINE#         606
  C:064CH         LINE#         607
  C:064DH         LINE#         611
  C:064FH         LINE#         612
  C:0652H         LINE#         613
  C:0655H         LINE#         614
  C:0658H         LINE#         615
  C:065BH         LINE#         616
  C:065CH         LINE#         619
  C:065EH         LINE#         620
  C:065FH         LINE#         623
  C:0662H         LINE#         626
  C:0664H         LINE#         627
  C:0666H         LINE#         628
  C:0668H         LINE#         631
  C:066AH         LINE#         632
  C:066CH         LINE#         635
  C:066EH         LINE#         636
  C:0670H         LINE#         637
  C:0673H         LINE#         638
  C:0675H         LINE#         641
  C:0677H         LINE#         642
  C:067AH         LINE#         643
  C:067DH         LINE#         644
  C:0680H         LINE#         645
  C:0682H         LINE#         648
  C:0684H         LINE#         649
  C:0686H         LINE#         653
  C:0689H         LINE#         654
  C:068BH         LINE#         656
BL51 BANKED LINKER/LOCATER V6.22.4.0                                                  01/10/2026  10:26:27  PAGE 74


  C:068EH         LINE#         657
  C:0690H         LINE#         661
  C:0693H         LINE#         662
  C:0695H         LINE#         664
  C:0698H         LINE#         665
  C:069AH         LINE#         670
  C:069DH         LINE#         671
  C:069FH         LINE#         673
  C:06A1H         LINE#         675
  C:06A3H         LINE#         676
  C:06A6H         LINE#         677
  C:06A8H         LINE#         681
  C:06ABH         LINE#         683
  C:06ADH         LINE#         684
  C:06B0H         LINE#         685
  C:06B2H         LINE#         686
  C:06B4H         LINE#         688
  C:06B7H         LINE#         690
  C:06B9H         LINE#         691
  C:06BCH         LINE#         692
  C:06BEH         LINE#         695
  C:06C0H         LINE#         696
  C:06C3H         LINE#         697
  C:06C5H         LINE#         701
  C:06C8H         LINE#         702
  C:06CAH         LINE#         704
  C:06CDH         LINE#         705
  C:06CFH         LINE#         708
  C:06D2H         LINE#         710
  C:06D3H         LINE#         721
  C:06D4H         LINE#         722
  C:06D7H         LINE#         724
  C:06D8H         LINE#         725
  C:06D9H         LINE#         726
  C:06DAH         LINE#         730
  C:06DCH         LINE#         731
  C:06DDH         LINE#         732
  C:06DEH         LINE#         736
  C:06DFH         LINE#         737
  C:06E2H         LINE#         738
  C:06E4H         LINE#         739
  C:06E5H         LINE#         741
  C:06E8H         LINE#         742
  C:06EAH         LINE#         743
  C:06EBH         LINE#         746
  C:06ECH         LINE#         747
  C:06EDH         LINE#         748
  C:06EEH         LINE#         752
  C:06F1H         LINE#         754
  C:06F2H         LINE#         755
  C:06F3H         LINE#         756
  C:06F5H         LINE#         757
  C:06F7H         LINE#         759
  C:06FAH         LINE#         760
  C:06FCH         LINE#         761
  C:06FDH         LINE#         762
  C:06FFH         LINE#         763
BL51 BANKED LINKER/LOCATER V6.22.4.0                                                  01/10/2026  10:26:27  PAGE 75


  C:0700H         LINE#         766
  C:0701H         LINE#         767
  C:0702H         LINE#         768
  C:0704H         LINE#         769
  C:0705H         LINE#         770
  C:0708H         LINE#         771
  C:070AH         LINE#         772
  C:070BH         LINE#         773
  C:070DH         LINE#         774
  C:070EH         LINE#         778
  C:0711H         LINE#         779
  C:0712H         LINE#         780
  C:0713H         LINE#         781
  C:0715H         LINE#         782
  C:0717H         LINE#         783
  C:071AH         LINE#         784
  C:071CH         LINE#         785
  C:071DH         LINE#         786
  C:071FH         LINE#         787
  C:0720H         LINE#         789
  C:0721H         LINE#         790
  C:0722H         LINE#         791
  C:0724H         LINE#         792
  C:0725H         LINE#         793
  C:0728H         LINE#         794
  C:072AH         LINE#         795
  C:072BH         LINE#         796
  C:072DH         LINE#         797
  C:072EH         LINE#         801
  C:0731H         LINE#         802
  C:0732H         LINE#         803
  C:0733H         LINE#         804
  C:0735H         LINE#         805
  C:0737H         LINE#         806
  C:073AH         LINE#         807
  C:073CH         LINE#         808
  C:073DH         LINE#         809
  C:073FH         LINE#         810
  C:0740H         LINE#         812
  C:0741H         LINE#         813
  C:0742H         LINE#         814
  C:0744H         LINE#         815
  C:0745H         LINE#         816
  C:0748H         LINE#         817
  C:074AH         LINE#         818
  C:074BH         LINE#         819
  C:074DH         LINE#         820
  C:074EH         LINE#         824
  C:074FH         LINE#         825
  C:0752H         LINE#         826
  C:0753H         LINE#         827
  C:0754H         LINE#         828
  C:075DH         LINE#         835
  C:0760H         LINE#         836
  C:0761H         LINE#         837
  C:0762H         LINE#         838
  C:0764H         LINE#         839
BL51 BANKED LINKER/LOCATER V6.22.4.0                                                  01/10/2026  10:26:27  PAGE 76


  C:0766H         LINE#         841
  C:0769H         LINE#         842
  C:076AH         LINE#         843
  C:076BH         LINE#         844
  C:076CH         LINE#         845
  C:076EH         LINE#         846
  C:076FH         LINE#         847
  C:0771H         LINE#         848
  C:0773H         LINE#         849
  C:0774H         LINE#         850
  C:0776H         LINE#         851
  C:0778H         LINE#         852
  C:0779H         LINE#         853
  C:077BH         LINE#         854
  C:077CH         LINE#         856
  C:077DH         LINE#         857
  C:077EH         LINE#         858
  C:0780H         LINE#         859
  C:0781H         LINE#         860
  C:0784H         LINE#         861
  C:0785H         LINE#         862
  C:0786H         LINE#         863
  C:0787H         LINE#         864
  C:0789H         LINE#         865
  C:078AH         LINE#         866
  C:078CH         LINE#         867
  C:078EH         LINE#         868
  C:078FH         LINE#         869
  C:0791H         LINE#         870
  C:0793H         LINE#         871
  C:0794H         LINE#         872
  C:0796H         LINE#         873
  C:0797H         LINE#         878
  C:079AH         LINE#         879
  C:079BH         LINE#         880
  C:079CH         LINE#         881
  C:079EH         LINE#         882
  C:07A0H         LINE#         885
  C:07A3H         LINE#         887
  C:07A5H         LINE#         888
  C:07A6H         LINE#         889
  C:07A8H         LINE#         892
  C:07AAH         LINE#         893
  C:07ADH         LINE#         894
  C:07AFH         LINE#         897
  C:07B1H         LINE#         898
  C:07B2H         LINE#         899
  C:07B4H         LINE#         902
  C:07B6H         LINE#         903
  C:07B9H         LINE#         908
  C:07BBH         LINE#         909
  C:07BCH         LINE#         910
  C:07BEH         LINE#         911
  C:07C0H         LINE#         915
  C:07C1H         LINE#         916
  C:07C2H         LINE#         917
  C:07C4H         LINE#         918
BL51 BANKED LINKER/LOCATER V6.22.4.0                                                  01/10/2026  10:26:27  PAGE 77


  C:07C5H         LINE#         919
  C:07C8H         LINE#         922
  C:07CAH         LINE#         923
  C:07CBH         LINE#         924
  C:07CDH         LINE#         927
  C:07CFH         LINE#         928
  C:07D2H         LINE#         929
  C:07D4H         LINE#         932
  C:07D6H         LINE#         933
  C:07D7H         LINE#         934
  C:07D9H         LINE#         936
  C:07DBH         LINE#         937
  C:07DEH         LINE#         940
  C:07E0H         LINE#         941
  C:07E1H         LINE#         942
  C:07E3H         LINE#         943
  C:07E5H         LINE#         946
  C:07E6H         LINE#         947
  C:07E7H         LINE#         949
  C:07E8H         LINE#         950
  C:07E9H         LINE#         958
  C:07EBH         LINE#         959
  C:07EDH         LINE#         960
  C:07EFH         LINE#         961
  C:07F1H         LINE#         962
  C:07F3H         LINE#         963
  C:07F5H         LINE#         964
  C:07F7H         LINE#         965
  C:07F8H         LINE#         966
  C:07F9H         LINE#         970
  C:07FBH         LINE#         971
  C:07FEH         LINE#         972
  C:07FFH         LINE#         973
  C:0800H         LINE#         976
  C:0802H         LINE#         979
  C:0804H         LINE#         980
  C:0806H         LINE#         981
  C:0809H         LINE#         982
  C:080BH         LINE#         985
  C:080EH         LINE#         989
  C:080FH         LINE#         990
  C:0811H         LINE#         991
  C:0812H         LINE#         995
  C:0813H         LINE#         996
  C:0814H         LINE#         999
  C:0817H         LINE#         1000
  C:0818H         LINE#         1001
  C:081BH         LINE#         1002
  C:081DH         LINE#         1004
  C:0820H         LINE#         1005
  C:0822H         LINE#         1007
  C:0823H         LINE#         1008
  C:0824H         LINE#         1009
  C:0827H         LINE#         1012
  C:0829H         LINE#         1014
  C:082AH         LINE#         1015
  C:082BH         LINE#         1016
BL51 BANKED LINKER/LOCATER V6.22.4.0                                                  01/10/2026  10:26:27  PAGE 78


  C:082CH         LINE#         1017
  C:082EH         LINE#         1018
  C:0830H         LINE#         1020
  C:0833H         LINE#         1021
  C:0836H         LINE#         1022
  C:0838H         LINE#         1024
  C:0839H         LINE#         1025
  C:083BH         LINE#         1030
  C:083CH         LINE#         1031
  C:083EH         LINE#         1032
  C:0840H         LINE#         1035
  C:0843H         LINE#         1040
  C:0844H         LINE#         1041
  C:0846H         LINE#         1042
  C:0847H         LINE#         1045
  C:0848H         LINE#         1046
  C:0849H         LINE#         1048
  C:084AH         LINE#         1049
  C:084CH         LINE#         1050
  C:084DH         LINE#         1051
  C:0850H         LINE#         1052
  C:0853H         LINE#         1053
  C:0855H         LINE#         1054
  C:0857H         LINE#         1057
  C:0859H         LINE#         1059
  C:085AH         LINE#         1060
  C:085BH         LINE#         1061
  C:085CH         LINE#         1062
  C:085EH         LINE#         1063
  C:0860H         LINE#         1065
  C:0863H         LINE#         1066
  C:0866H         LINE#         1067
  C:0868H         LINE#         1069
  C:0869H         LINE#         1070
  C:086BH         LINE#         1074
  C:086CH         LINE#         1075
  C:086EH         LINE#         1076
  C:0870H         LINE#         1079
  C:0873H         LINE#         1080
  C:0875H         LINE#         1083
  C:0878H         LINE#         1084
  C:0879H         LINE#         1085
  C:087AH         LINE#         1089
  C:087BH         LINE#         1090
  C:087CH         LINE#         1095
  C:087EH         LINE#         1096
  C:0881H         LINE#         1097
  C:0882H         LINE#         1098
  C:0883H         LINE#         1099
  C:0885H         LINE#         1100
  C:0887H         LINE#         1101
  C:088AH         LINE#         1103
  C:088CH         LINE#         1104
  C:088DH         LINE#         1105
  C:088FH         LINE#         1107
  C:0891H         LINE#         1108
  C:0892H         LINE#         1109
BL51 BANKED LINKER/LOCATER V6.22.4.0                                                  01/10/2026  10:26:27  PAGE 79


  C:0894H         LINE#         1110
  C:0896H         LINE#         1112
  C:0897H         LINE#         1113
  C:0898H         LINE#         1114
  C:089AH         LINE#         1115
  C:089BH         LINE#         1116
  C:089EH         LINE#         1117
  C:08A0H         LINE#         1118
  C:08A1H         LINE#         1119
  C:08A3H         LINE#         1120
  C:08A5H         LINE#         1121
  C:08A6H         LINE#         1122
  C:08A8H         LINE#         1125
  C:08AAH         LINE#         1126
  C:08ABH         LINE#         1127
  C:08ACH         LINE#         1129
  C:08AEH         LINE#         1130
  C:08AFH         LINE#         1131
  C:08B0H         LINE#         1136
  C:08B2H         LINE#         1137
  C:08B5H         LINE#         1138
  C:08B6H         LINE#         1139
  C:08B7H         LINE#         1140
  C:08B9H         LINE#         1141
  C:08BBH         LINE#         1142
  C:08BEH         LINE#         1144
  C:08C0H         LINE#         1145
  C:08C1H         LINE#         1146
  C:08C3H         LINE#         1148
  C:08C5H         LINE#         1149
  C:08C6H         LINE#         1150
  C:08C8H         LINE#         1151
  C:08CAH         LINE#         1153
  C:08CBH         LINE#         1154
  C:08CCH         LINE#         1155
  C:08CEH         LINE#         1156
  C:08CFH         LINE#         1157
  C:08D2H         LINE#         1158
  C:08D4H         LINE#         1159
  C:08D5H         LINE#         1160
  C:08D7H         LINE#         1161
  C:08D9H         LINE#         1162
  C:08DAH         LINE#         1163
  C:08DCH         LINE#         1166
  C:08DEH         LINE#         1167
  C:08DFH         LINE#         1168
  C:08E0H         LINE#         1170
  C:08E2H         LINE#         1171
  C:08E3H         LINE#         1172
  C:08E4H         LINE#         1180
  C:08E6H         LINE#         1181
  C:08E9H         LINE#         1182
  C:08EAH         LINE#         1183
  C:08EBH         LINE#         1184
  C:08EDH         LINE#         1185
  C:08EFH         LINE#         1187
  C:08F2H         LINE#         1188
BL51 BANKED LINKER/LOCATER V6.22.4.0                                                  01/10/2026  10:26:27  PAGE 80


  C:08F4H         LINE#         1189
  C:08F5H         LINE#         1190
  C:08F7H         LINE#         1191
  C:08F9H         LINE#         1192
  C:08FAH         LINE#         1193
  C:08FCH         LINE#         1194
  C:08FEH         LINE#         1197
  C:08FFH         LINE#         1198
  C:0902H         LINE#         1199
  C:0904H         LINE#         1200
  C:0905H         LINE#         1201
  C:0907H         LINE#         1202
  C:0909H         LINE#         1203
  C:090AH         LINE#         1204
  C:090CH         LINE#         1206
  C:090EH         LINE#         1207
  C:090FH         LINE#         1208
  C:0910H         LINE#         1210
  C:0912H         LINE#         1211
  C:0913H         LINE#         1212
  C:0914H         LINE#         1216
  C:0916H         LINE#         1217
  C:0919H         LINE#         1218
  C:091AH         LINE#         1219
  C:091BH         LINE#         1220
  C:091DH         LINE#         1221
  C:091FH         LINE#         1223
  C:0922H         LINE#         1224
  C:0924H         LINE#         1225
  C:0925H         LINE#         1226
  C:0927H         LINE#         1227
  C:0929H         LINE#         1228
  C:092AH         LINE#         1229
  C:092CH         LINE#         1230
  C:092EH         LINE#         1233
  C:092FH         LINE#         1234
  C:0932H         LINE#         1235
  C:0934H         LINE#         1236
  C:0935H         LINE#         1237
  C:0937H         LINE#         1238
  C:0939H         LINE#         1239
  C:093AH         LINE#         1240
  C:093CH         LINE#         1242
  C:093EH         LINE#         1243
  C:093FH         LINE#         1244
  C:0940H         LINE#         1246
  C:0942H         LINE#         1247
  C:0943H         LINE#         1248
  C:0944H         LINE#         1254
  C:0946H         LINE#         1255
  C:0949H         LINE#         1256
  C:094AH         LINE#         1257
  C:094BH         LINE#         1258
  C:094DH         LINE#         1259
  C:094FH         LINE#         1261
  C:0952H         LINE#         1262
  C:0954H         LINE#         1263
BL51 BANKED LINKER/LOCATER V6.22.4.0                                                  01/10/2026  10:26:27  PAGE 81


  C:0955H         LINE#         1264
  C:0957H         LINE#         1265
  C:0959H         LINE#         1268
  C:095AH         LINE#         1269
  C:095DH         LINE#         1270
  C:095FH         LINE#         1271
  C:0960H         LINE#         1272
  C:0962H         LINE#         1274
  C:0964H         LINE#         1275
  C:0965H         LINE#         1276
  C:0966H         LINE#         1278
  C:0968H         LINE#         1279
  C:0969H         LINE#         1280
  C:096AH         LINE#         1284
  C:096CH         LINE#         1285
  C:096FH         LINE#         1286
  C:0970H         LINE#         1287
  C:0971H         LINE#         1288
  C:0973H         LINE#         1289
  C:0975H         LINE#         1291
  C:0978H         LINE#         1292
  C:097AH         LINE#         1293
  C:097BH         LINE#         1294
  C:097DH         LINE#         1295
  C:097FH         LINE#         1298
  C:0980H         LINE#         1299
  C:0983H         LINE#         1300
  C:0985H         LINE#         1301
  C:0986H         LINE#         1302
  C:0988H         LINE#         1304
  C:098AH         LINE#         1305
  C:098BH         LINE#         1306
  C:098CH         LINE#         1308
  C:098EH         LINE#         1309
  C:098FH         LINE#         1310
  C:0990H         LINE#         1318
  C:0992H         LINE#         1319
  C:0995H         LINE#         1320
  C:0998H         LINE#         1321
  C:099BH         LINE#         1322
  C:099CH         LINE#         1324
  C:099FH         LINE#         1325
  C:09A1H         LINE#         1326
  C:09A2H         LINE#         1327
  C:09A3H         LINE#         1328
  C:09A5H         LINE#         1329
  C:09A6H         LINE#         1333
  C:09A8H         LINE#         1334
  C:09ABH         LINE#         1335
  C:09AEH         LINE#         1336
  C:09B1H         LINE#         1337
  C:09B2H         LINE#         1339
  C:09B5H         LINE#         1340
  C:09B7H         LINE#         1341
  C:09B8H         LINE#         1342
  C:09B9H         LINE#         1343
  C:09BBH         LINE#         1344
BL51 BANKED LINKER/LOCATER V6.22.4.0                                                  01/10/2026  10:26:27  PAGE 82


  -------         ENDMOD        RUNNINGTASK

Program Size: data=8.0 xdata=0 code=5300
LINK/LOCATE RUN COMPLETE.  0 WARNING(S),  0 ERROR(S)
