BL51 BANKED LINKER/LOCATER V6.22.4.0                                                    01/09/2026  16:23:41  PAGE 1


BL51 BANKED LINKER/LOCATER V6.22.4.0, INVOKED BY:
C:\KEIL_V5\C51\BIN\BL51.EXE .\Objects\Init_Device.obj, .\Objects\main.obj, .\Objects\KeyInput.obj, .\Objects\LCD1602.obj
>> , .\Objects\LED6.obj, .\Objects\singer.obj, .\Objects\buzzer.obj, .\Objects\Delay.obj, .\Objects\Keyboard.obj, .\Obje
>> cts\timer0.obj, .\Objects\timer1.obj, .\Objects\timer2.obj, .\Objects\configurationTask.obj, .\Objects\inputTask.obj,
>>  .\Objects\runningTask.obj TO .\Objects\C8051F020 PRINT (.\Listings\C8051F020.m51) RAMSIZE (256)


INPUT MODULES INCLUDED:
  .\Objects\Init_Device.obj (INIT_DEVICE)
  .\Objects\main.obj (MAIN)
  .\Objects\KeyInput.obj (KEYINPUT)
  .\Objects\LCD1602.obj (LCD1602)
  .\Objects\LED6.obj (LED6)
  .\Objects\singer.obj (SINGER)
  .\Objects\buzzer.obj (BUZZER)
  .\Objects\Delay.obj (DELAY)
  .\Objects\Keyboard.obj (KEYBOARD)
  .\Objects\timer0.obj (TIMER0)
  .\Objects\timer1.obj (TIMER1)
  .\Objects\timer2.obj (TIMER2)
  .\Objects\configurationTask.obj (CONFIGURATIONTASK)
  .\Objects\inputTask.obj (INPUTTASK)
  .\Objects\runningTask.obj (RUNNINGTASK)


LINK MAP OF MODULE:  .\Objects\C8051F020 (INIT_DEVICE)


            TYPE    BASE      LENGTH    RELOCATION   SEGMENT NAME
            -----------------------------------------------------

            * * * * * * *   D A T A   M E M O R Y   * * * * * * *
            REG     0000H     0008H     ABSOLUTE     "REG BANK 0"

            * * * * * * *   C O D E   M E M O R Y   * * * * * * *
            CODE    0000H     0291H     ABSOLUTE     
            CODE    0291H     06F7H     UNIT         RUNNING
            CODE    0988H     02C0H     UNIT         CONFIGURATION
            CODE    0C48H     0191H     UNIT         SINGER_SEGMENT
            CODE    0DD9H     0113H     UNIT         LED6
            CODE    0EECH     010AH     UNIT         KBD
            CODE    0FF6H     00FBH     UNIT         INPUT
            CODE    10F1H     00D1H     UNIT         TMR0
            CODE    11C2H     0096H     UNIT         LCD1602
            CODE    1258H     005AH     UNIT         KBI
            CODE    12B2H     0035H     UNIT         TMR1
            CODE    12E7H     0032H     UNIT         INIT
            CODE    1319H     0027H     UNIT         TIMER2_SEGMENT
            CODE    1340H     0013H     UNIT         DELAY
            CODE    1353H     0010H     UNIT         BUZZER_SEGMENT



SYMBOL TABLE OF MODULE:  .\Objects\C8051F020 (INIT_DEVICE)

  VALUE           TYPE          NAME
  ----------------------------------

BL51 BANKED LINKER/LOCATER V6.22.4.0                                                  01/09/2026  16:23:41  PAGE 2


  -------         MODULE        INIT_DEVICE
  C:12E7H         SEGMENT       INIT
  C:130CH         PUBLIC        INIT_DEVICE
  B:00C0H.2       SYMBOL        AA
  B:00D0H.6       SYMBOL        AC
  D:00E0H         SYMBOL        ACC
  B:00E8H.4       SYMBOL        AD0BUSY
  B:00E8H.7       SYMBOL        AD0EN
  B:00E8H.5       SYMBOL        AD0INT
  B:00E8H.0       SYMBOL        AD0LJST
  B:00E8H.2       SYMBOL        AD0STM0
  B:00E8H.3       SYMBOL        AD0STM1
  B:00E8H.6       SYMBOL        AD0TM
  B:00E8H.1       SYMBOL        AD0WINT
  D:00BCH         SYMBOL        ADC0CF
  D:00E8H         SYMBOL        ADC0CN
  D:00C5H         SYMBOL        ADC0GTH
  D:00C4H         SYMBOL        ADC0GTL
  D:00BFH         SYMBOL        ADC0H
  D:00BEH         SYMBOL        ADC0L
  D:00C7H         SYMBOL        ADC0LTH
  D:00C6H         SYMBOL        ADC0LTL
  D:009CH         SYMBOL        ADC1
  D:00ABH         SYMBOL        ADC1CF
  D:00AAH         SYMBOL        ADC1CN
  D:00BAH         SYMBOL        AMX0CF
  D:00BBH         SYMBOL        AMX0SL
  D:00ACH         SYMBOL        AMX1SL
  D:00F0H         SYMBOL        B
  B:00D8H.0       SYMBOL        CCF0
  B:00D8H.1       SYMBOL        CCF1
  B:00D8H.2       SYMBOL        CCF2
  B:00D8H.3       SYMBOL        CCF3
  B:00D8H.4       SYMBOL        CCF4
  B:00D8H.7       SYMBOL        CF
  D:008EH         SYMBOL        CKCON
  B:00C8H.0       SYMBOL        CPRL2
  D:009EH         SYMBOL        CPT0CN
  D:009FH         SYMBOL        CPT1CN
  B:00D8H.6       SYMBOL        CR
  B:00C8H.1       SYMBOL        CT2
  B:00D0H.7       SYMBOL        CY
  D:00D4H         SYMBOL        DAC0CN
  D:00D3H         SYMBOL        DAC0H
  D:00D2H         SYMBOL        DAC0L
  D:00D7H         SYMBOL        DAC1CN
  D:00D6H         SYMBOL        DAC1H
  D:00D5H         SYMBOL        DAC1L
  D:0083H         SYMBOL        DPH
  D:0082H         SYMBOL        DPL
  B:00A8H.7       SYMBOL        EA
  D:00E6H         SYMBOL        EIE1
  D:00E7H         SYMBOL        EIE2
  D:00F6H         SYMBOL        EIP1
  D:00F7H         SYMBOL        EIP2
  D:00A3H         SYMBOL        EMI0CF
  D:00AFH         SYMBOL        EMI0CN
BL51 BANKED LINKER/LOCATER V6.22.4.0                                                  01/09/2026  16:23:41  PAGE 3


  D:00A1H         SYMBOL        EMI0TC
  B:00C0H.6       SYMBOL        ENSMB
  B:00A8H.4       SYMBOL        ES
  B:00A8H.1       SYMBOL        ET0
  B:00A8H.3       SYMBOL        ET1
  B:00A8H.5       SYMBOL        ET2
  B:00A8H.0       SYMBOL        EX0
  B:00A8H.2       SYMBOL        EX1
  B:00C8H.3       SYMBOL        EXEN2
  B:00C8H.6       SYMBOL        EXF2
  B:00D0H.5       SYMBOL        F0
  B:00D0H.1       SYMBOL        F1
  D:00B7H         SYMBOL        FLACL
  D:00B6H         SYMBOL        FLSCL
  D:00A8H         SYMBOL        IE
  B:0088H.1       SYMBOL        IE0
  B:0088H.3       SYMBOL        IE1
  D:00B8H         SYMBOL        IP
  B:0088H.0       SYMBOL        IT0
  B:0088H.2       SYMBOL        IT1
  B:00F8H.5       SYMBOL        MODF
  B:00F8H.1       SYMBOL        MSTEN
  D:00B2H         SYMBOL        OSCICN
  C:12F2H         SYMBOL        OSCILLATOR_INIT
  D:00B1H         SYMBOL        OSCXCN
  B:00D0H.2       SYMBOL        OV
  B:00D0H.0       SYMBOL        P
  D:0080H         SYMBOL        P0
  D:00A4H         SYMBOL        P0MDOUT
  D:0090H         SYMBOL        P1
  D:00BDH         SYMBOL        P1MDIN
  D:00A5H         SYMBOL        P1MDOUT
  D:00A0H         SYMBOL        P2
  D:00A6H         SYMBOL        P2MDOUT
  D:00B0H         SYMBOL        P3
  D:00ADH         SYMBOL        P3IF
  D:00A7H         SYMBOL        P3MDOUT
  D:0084H         SYMBOL        P4
  D:0085H         SYMBOL        P5
  D:0086H         SYMBOL        P6
  D:0096H         SYMBOL        P7
  D:00B5H         SYMBOL        P74OUT
  D:00D8H         SYMBOL        PCA0CN
  D:00FAH         SYMBOL        PCA0CPH0
  D:00FBH         SYMBOL        PCA0CPH1
  D:00FCH         SYMBOL        PCA0CPH2
  D:00FDH         SYMBOL        PCA0CPH3
  D:00FEH         SYMBOL        PCA0CPH4
  D:00EAH         SYMBOL        PCA0CPL0
  D:00EBH         SYMBOL        PCA0CPL1
  D:00ECH         SYMBOL        PCA0CPL2
  D:00EDH         SYMBOL        PCA0CPL3
  D:00EEH         SYMBOL        PCA0CPL4
  D:00DAH         SYMBOL        PCA0CPM0
  D:00DBH         SYMBOL        PCA0CPM1
  D:00DCH         SYMBOL        PCA0CPM2
  D:00DDH         SYMBOL        PCA0CPM3
BL51 BANKED LINKER/LOCATER V6.22.4.0                                                  01/09/2026  16:23:41  PAGE 4


  D:00DEH         SYMBOL        PCA0CPM4
  D:00F9H         SYMBOL        PCA0H
  D:00E9H         SYMBOL        PCA0L
  D:00D9H         SYMBOL        PCA0MD
  D:0087H         SYMBOL        PCON
  C:12F6H         SYMBOL        PORT_IO_INIT
  B:00B8H.4       SYMBOL        PS
  D:008FH         SYMBOL        PSCTL
  D:00D0H         SYMBOL        PSW
  B:00B8H.1       SYMBOL        PT0
  B:00B8H.3       SYMBOL        PT1
  B:00B8H.5       SYMBOL        PT2
  B:00B8H.0       SYMBOL        PX0
  B:00B8H.2       SYMBOL        PX1
  B:0098H.2       SYMBOL        RB8
  D:00CBH         SYMBOL        RCAP2H
  D:00CAH         SYMBOL        RCAP2L
  D:00E5H         SYMBOL        RCAP4H
  D:00E4H         SYMBOL        RCAP4L
  B:00C8H.5       SYMBOL        RCLK
  D:00D1H         SYMBOL        REF0CN
  B:0098H.4       SYMBOL        REN
  C:12E7H         SYMBOL        RESET_SOURCES_INIT
  B:0098H.0       SYMBOL        RI
  B:00D0H.3       SYMBOL        RS0
  B:00D0H.4       SYMBOL        RS1
  D:00EFH         SYMBOL        RSTSRC
  B:00F8H.4       SYMBOL        RXOVRN
  D:00A9H         SYMBOL        SADDR0
  D:00F3H         SYMBOL        SADDR1
  D:00B9H         SYMBOL        SADEN0
  D:00AEH         SYMBOL        SADEN1
  D:0099H         SYMBOL        SBUF0
  D:00F2H         SYMBOL        SBUF1
  D:0098H         SYMBOL        SCON0
  D:00F1H         SYMBOL        SCON1
  B:00C0H.3       SYMBOL        SI
  B:00F8H.2       SYMBOL        SLVSEL
  B:0098H.7       SYMBOL        SM0
  B:0098H.6       SYMBOL        SM1
  B:0098H.5       SYMBOL        SM2
  D:00C3H         SYMBOL        SMB0ADR
  D:00C0H         SYMBOL        SMB0CN
  D:00CFH         SYMBOL        SMB0CR
  D:00C2H         SYMBOL        SMB0DAT
  D:00C1H         SYMBOL        SMB0STA
  B:00C0H.1       SYMBOL        SMBFTE
  B:00C0H.0       SYMBOL        SMBTOE
  D:0081H         SYMBOL        SP
  D:009AH         SYMBOL        SPI0CFG
  D:009DH         SYMBOL        SPI0CKR
  D:00F8H         SYMBOL        SPI0CN
  D:009BH         SYMBOL        SPI0DAT
  B:00F8H.0       SYMBOL        SPIEN
  B:00F8H.7       SYMBOL        SPIF
  B:00C0H.5       SYMBOL        STA
  B:00C0H.4       SYMBOL        STO
BL51 BANKED LINKER/LOCATER V6.22.4.0                                                  01/09/2026  16:23:41  PAGE 5


  D:00C8H         SYMBOL        T2CON
  D:00C9H         SYMBOL        T4CON
  B:0098H.3       SYMBOL        TB8
  B:00C8H.4       SYMBOL        TCLK
  D:0088H         SYMBOL        TCON
  B:0088H.5       SYMBOL        TF0
  B:0088H.7       SYMBOL        TF1
  B:00C8H.7       SYMBOL        TF2
  D:008CH         SYMBOL        TH0
  D:008DH         SYMBOL        TH1
  D:00CDH         SYMBOL        TH2
  D:00F5H         SYMBOL        TH4
  B:0098H.1       SYMBOL        TI
  C:12EEH         SYMBOL        TIMER_INIT
  D:008AH         SYMBOL        TL0
  D:008BH         SYMBOL        TL1
  D:00CCH         SYMBOL        TL2
  D:00F4H         SYMBOL        TL4
  D:0089H         SYMBOL        TMOD
  D:0091H         SYMBOL        TMR3CN
  D:0095H         SYMBOL        TMR3H
  D:0094H         SYMBOL        TMR3L
  D:0093H         SYMBOL        TMR3RLH
  D:0092H         SYMBOL        TMR3RLL
  B:0088H.4       SYMBOL        TR0
  B:0088H.6       SYMBOL        TR1
  B:00C8H.2       SYMBOL        TR2
  B:00F8H.3       SYMBOL        TXBSY
  B:00F8H.6       SYMBOL        WCOL
  D:00FFH         SYMBOL        WDTCN
  D:00E1H         SYMBOL        XBR0
  D:00E2H         SYMBOL        XBR1
  D:00E3H         SYMBOL        XBR2
  C:12E7H         LINE#         15
  C:12EAH         LINE#         16
  C:12EDH         LINE#         17
  C:12EEH         LINE#         20
  C:12F1H         LINE#         21
  C:12F2H         LINE#         24
  C:12F5H         LINE#         25
  C:12F6H         LINE#         67
  C:12F9H         LINE#         68
  C:12FCH         LINE#         69
  C:12FFH         LINE#         70
  C:1302H         LINE#         71
  C:1305H         LINE#         72
  C:1308H         LINE#         75
  C:130BH         LINE#         76
  C:130CH         LINE#         82
  C:130FH         LINE#         83
  C:1312H         LINE#         84
  C:1315H         LINE#         85
  C:1318H         LINE#         86
  -------         ENDMOD        INIT_DEVICE

  -------         MODULE        MAIN
  B:00C0H.2       SYMBOL        AA
BL51 BANKED LINKER/LOCATER V6.22.4.0                                                  01/09/2026  16:23:41  PAGE 6


  B:00D0H.6       SYMBOL        AC
  D:00E0H         SYMBOL        ACC
  B:00E8H.4       SYMBOL        AD0BUSY
  B:00E8H.7       SYMBOL        AD0EN
  B:00E8H.5       SYMBOL        AD0INT
  B:00E8H.0       SYMBOL        AD0LJST
  B:00E8H.2       SYMBOL        AD0STM0
  B:00E8H.3       SYMBOL        AD0STM1
  B:00E8H.6       SYMBOL        AD0TM
  B:00E8H.1       SYMBOL        AD0WINT
  D:00BCH         SYMBOL        ADC0CF
  D:00E8H         SYMBOL        ADC0CN
  D:00C5H         SYMBOL        ADC0GTH
  D:00C4H         SYMBOL        ADC0GTL
  D:00BFH         SYMBOL        ADC0H
  D:00BEH         SYMBOL        ADC0L
  D:00C7H         SYMBOL        ADC0LTH
  D:00C6H         SYMBOL        ADC0LTL
  D:009CH         SYMBOL        ADC1
  D:00ABH         SYMBOL        ADC1CF
  D:00AAH         SYMBOL        ADC1CN
  D:00BAH         SYMBOL        AMX0CF
  D:00BBH         SYMBOL        AMX0SL
  D:00ACH         SYMBOL        AMX1SL
  D:00F0H         SYMBOL        B
  C:0026H         SYMBOL        BITMASK_TABLE
  N:005AH         SYMBOL        BLINK_TIMER
  N:005BH         SYMBOL        BLINK_TOGGLE
  B:00D8H.0       SYMBOL        CCF0
  B:00D8H.1       SYMBOL        CCF1
  B:00D8H.2       SYMBOL        CCF2
  B:00D8H.3       SYMBOL        CCF3
  B:00D8H.4       SYMBOL        CCF4
  B:00D8H.7       SYMBOL        CF
  C:0247H         SYMBOL        CHECK_ELEV
  C:024FH         SYMBOL        CHECK_ELEV2
  C:0257H         SYMBOL        CHECK_ELEV3
  C:025FH         SYMBOL        CHECK_ELEV4
  C:0267H         SYMBOL        CHECK_OPT
  C:026FH         SYMBOL        CHECK_OPT1
  C:0277H         SYMBOL        CHECK_OPT2
  C:027FH         SYMBOL        CHECK_OPT3
  C:0287H         SYMBOL        CHECK_PASS
  D:008EH         SYMBOL        CKCON
  B:00C8H.0       SYMBOL        CPRL2
  D:009EH         SYMBOL        CPT0CN
  D:009FH         SYMBOL        CPT1CN
  B:00D8H.6       SYMBOL        CR
  B:00C8H.1       SYMBOL        CT2
  N:0056H         SYMBOL        CUR_FLR
  B:00D0H.7       SYMBOL        CY
  D:00D4H         SYMBOL        DAC0CN
  D:00D3H         SYMBOL        DAC0H
  D:00D2H         SYMBOL        DAC0L
  D:00D7H         SYMBOL        DAC1CN
  D:00D6H         SYMBOL        DAC1H
  D:00D5H         SYMBOL        DAC1L
BL51 BANKED LINKER/LOCATER V6.22.4.0                                                  01/09/2026  16:23:41  PAGE 7


  N:0067H         SYMBOL        DEBUG_ON
  D:0083H         SYMBOL        DPH
  D:0082H         SYMBOL        DPL
  B:00A8H.7       SYMBOL        EA
  D:00E6H         SYMBOL        EIE1
  D:00E7H         SYMBOL        EIE2
  D:00F6H         SYMBOL        EIP1
  D:00F7H         SYMBOL        EIP2
  N:0022H         SYMBOL        ELEV_ARRIVED
  N:0023H         SYMBOL        ELEV_CLOSE
  N:0064H         SYMBOL        ELEV_DIR
  N:0021H         SYMBOL        ELEV_RUN
  N:0020H         SYMBOL        ELEV_ST
  N:0058H         SYMBOL        ELEV_TARGET
  N:0057H         SYMBOL        ELEV_TIMER
  D:00A3H         SYMBOL        EMI0CF
  D:00AFH         SYMBOL        EMI0CN
  D:00A1H         SYMBOL        EMI0TC
  B:00C0H.6       SYMBOL        ENSMB
  B:00A8H.4       SYMBOL        ES
  B:00A8H.1       SYMBOL        ET0
  B:00A8H.3       SYMBOL        ET1
  B:00A8H.5       SYMBOL        ET2
  B:00A8H.0       SYMBOL        EX0
  B:00A8H.2       SYMBOL        EX1
  B:00C8H.3       SYMBOL        EXEN2
  B:00C8H.6       SYMBOL        EXF2
  N:0063H         SYMBOL        EXT_DN_HI
  N:0062H         SYMBOL        EXT_DN_LO
  N:005FH         SYMBOL        EXT_UP_HI
  N:005EH         SYMBOL        EXT_UP_LO
  B:00D0H.5       SYMBOL        F0
  B:00D0H.1       SYMBOL        F1
  D:00B7H         SYMBOL        FLACL
  D:00B6H         SYMBOL        FLSCL
  D:00A8H         SYMBOL        IE
  B:0088H.1       SYMBOL        IE0
  B:0088H.3       SYMBOL        IE1
  N:0065H         SYMBOL        INPUT_MODE
  N:005DH         SYMBOL        INT_REQ_HI
  N:005CH         SYMBOL        INT_REQ_LO
  D:00B8H         SYMBOL        IP
  B:0088H.0       SYMBOL        IT0
  B:0088H.2       SYMBOL        IT1
  C:023AH         SYMBOL        LOOP
  C:0200H         SYMBOL        MAIN
  B:00F8H.5       SYMBOL        MODF
  B:00F8H.1       SYMBOL        MSTEN
  C:023DH         SYMBOL        MXK_STATE_CHECK
  N:0059H         SYMBOL        ONE_SEC_CNT
  N:0011H         SYMBOL        OPT1_ST
  N:0012H         SYMBOL        OPT2_ST
  N:0013H         SYMBOL        OPT3_ST
  N:0001H         SYMBOL        OPT_ST
  D:00B2H         SYMBOL        OSCICN
  D:00B1H         SYMBOL        OSCXCN
  N:0066H         SYMBOL        OUT_SEL_VAL
BL51 BANKED LINKER/LOCATER V6.22.4.0                                                  01/09/2026  16:23:41  PAGE 8


  B:00D0H.2       SYMBOL        OV
  B:00D0H.0       SYMBOL        P
  D:0080H         SYMBOL        P0
  D:00A4H         SYMBOL        P0MDOUT
  D:0090H         SYMBOL        P1
  D:00BDH         SYMBOL        P1MDIN
  D:00A5H         SYMBOL        P1MDOUT
  D:00A0H         SYMBOL        P2
  D:00A6H         SYMBOL        P2MDOUT
  D:00B0H         SYMBOL        P3
  D:00ADH         SYMBOL        P3IF
  D:00A7H         SYMBOL        P3MDOUT
  D:0084H         SYMBOL        P4
  D:0085H         SYMBOL        P5
  D:0086H         SYMBOL        P6
  D:0096H         SYMBOL        P7
  D:00B5H         SYMBOL        P74OUT
  C:002CH         SYMBOL        PASSWORD_TABLE
  N:0002H         SYMBOL        PASS_ST
  D:00D8H         SYMBOL        PCA0CN
  D:00FAH         SYMBOL        PCA0CPH0
  D:00FBH         SYMBOL        PCA0CPH1
  D:00FCH         SYMBOL        PCA0CPH2
  D:00FDH         SYMBOL        PCA0CPH3
  D:00FEH         SYMBOL        PCA0CPH4
  D:00EAH         SYMBOL        PCA0CPL0
  D:00EBH         SYMBOL        PCA0CPL1
  D:00ECH         SYMBOL        PCA0CPL2
  D:00EDH         SYMBOL        PCA0CPL3
  D:00EEH         SYMBOL        PCA0CPL4
  D:00DAH         SYMBOL        PCA0CPM0
  D:00DBH         SYMBOL        PCA0CPM1
  D:00DCH         SYMBOL        PCA0CPM2
  D:00DDH         SYMBOL        PCA0CPM3
  D:00DEH         SYMBOL        PCA0CPM4
  D:00F9H         SYMBOL        PCA0H
  D:00E9H         SYMBOL        PCA0L
  D:00D9H         SYMBOL        PCA0MD
  D:0087H         SYMBOL        PCON
  B:00B8H.4       SYMBOL        PS
  D:008FH         SYMBOL        PSCTL
  D:00D0H         SYMBOL        PSW
  B:00B8H.1       SYMBOL        PT0
  B:00B8H.3       SYMBOL        PT1
  B:00B8H.5       SYMBOL        PT2
  B:00B8H.0       SYMBOL        PX0
  B:00B8H.2       SYMBOL        PX1
  B:0098H.2       SYMBOL        RB8
  D:00CBH         SYMBOL        RCAP2H
  D:00CAH         SYMBOL        RCAP2L
  D:00E5H         SYMBOL        RCAP4H
  D:00E4H         SYMBOL        RCAP4L
  B:00C8H.5       SYMBOL        RCLK
  D:00D1H         SYMBOL        REF0CN
  B:0098H.4       SYMBOL        REN
  B:0098H.0       SYMBOL        RI
  B:00D0H.3       SYMBOL        RS0
BL51 BANKED LINKER/LOCATER V6.22.4.0                                                  01/09/2026  16:23:41  PAGE 9


  B:00D0H.4       SYMBOL        RS1
  D:00EFH         SYMBOL        RSTSRC
  N:0000H         SYMBOL        RUN_ST
  B:00F8H.4       SYMBOL        RXOVRN
  D:00A9H         SYMBOL        SADDR0
  D:00F3H         SYMBOL        SADDR1
  D:00B9H         SYMBOL        SADEN0
  D:00AEH         SYMBOL        SADEN1
  D:0099H         SYMBOL        SBUF0
  D:00F2H         SYMBOL        SBUF1
  D:0098H         SYMBOL        SCON0
  D:00F1H         SYMBOL        SCON1
  C:0000H         SYMBOL        SEG_TABLE
  B:00C0H.3       SYMBOL        SI
  C:0234H         SYMBOL        SKIP_DEBUG
  C:028FH         SYMBOL        SKIP_PASS
  B:00F8H.2       SYMBOL        SLVSEL
  B:0098H.7       SYMBOL        SM0
  B:0098H.6       SYMBOL        SM1
  B:0098H.5       SYMBOL        SM2
  D:00C3H         SYMBOL        SMB0ADR
  D:00C0H         SYMBOL        SMB0CN
  D:00CFH         SYMBOL        SMB0CR
  D:00C2H         SYMBOL        SMB0DAT
  D:00C1H         SYMBOL        SMB0STA
  B:00C0H.1       SYMBOL        SMBFTE
  B:00C0H.0       SYMBOL        SMBTOE
  D:0081H         SYMBOL        SP
  D:009AH         SYMBOL        SPI0CFG
  D:009DH         SYMBOL        SPI0CKR
  D:00F8H         SYMBOL        SPI0CN
  D:009BH         SYMBOL        SPI0DAT
  B:00F8H.0       SYMBOL        SPIEN
  B:00F8H.7       SYMBOL        SPIF
  B:00C0H.5       SYMBOL        STA
  B:00C0H.4       SYMBOL        STO
  D:00C8H         SYMBOL        T2CON
  D:00C9H         SYMBOL        T4CON
  B:0098H.3       SYMBOL        TB8
  B:00C8H.4       SYMBOL        TCLK
  D:0088H         SYMBOL        TCON
  B:0088H.5       SYMBOL        TF0
  B:0088H.7       SYMBOL        TF1
  B:00C8H.7       SYMBOL        TF2
  D:008CH         SYMBOL        TH0
  D:008DH         SYMBOL        TH1
  D:00CDH         SYMBOL        TH2
  D:00F5H         SYMBOL        TH4
  B:0098H.1       SYMBOL        TI
  D:008AH         SYMBOL        TL0
  D:008BH         SYMBOL        TL1
  D:00CCH         SYMBOL        TL2
  D:00F4H         SYMBOL        TL4
  D:0089H         SYMBOL        TMOD
  D:0091H         SYMBOL        TMR3CN
  D:0095H         SYMBOL        TMR3H
  D:0094H         SYMBOL        TMR3L
BL51 BANKED LINKER/LOCATER V6.22.4.0                                                  01/09/2026  16:23:41  PAGE 10


  D:0093H         SYMBOL        TMR3RLH
  D:0092H         SYMBOL        TMR3RLL
  B:0088H.4       SYMBOL        TR0
  B:0088H.6       SYMBOL        TR1
  B:00C8H.2       SYMBOL        TR2
  B:00F8H.3       SYMBOL        TXBSY
  B:00F8H.6       SYMBOL        WCOL
  D:00FFH         SYMBOL        WDTCN
  D:00E1H         SYMBOL        XBR0
  D:00E2H         SYMBOL        XBR1
  D:00E3H         SYMBOL        XBR2
  C:0000H         LINE#         23
  C:000BH         LINE#         26
  C:001BH         LINE#         29
  C:002BH         LINE#         32
  C:0200H         LINE#         36
  C:0203H         LINE#         38
  C:0206H         LINE#         39
  C:0209H         LINE#         42
  C:020BH         LINE#         43
  C:020EH         LINE#         45
  C:0211H         LINE#         47
  C:0214H         LINE#         48
  C:0217H         LINE#         50
  C:021AH         LINE#         51
  C:021DH         LINE#         52
  C:0220H         LINE#         53
  C:0223H         LINE#         54
  C:0226H         LINE#         55
  C:0229H         LINE#         57
  C:022CH         LINE#         58
  C:022FH         LINE#         59
  C:0232H         LINE#         60
  C:0234H         LINE#         68
  C:0237H         LINE#         69
  C:023AH         LINE#         97
  C:023DH         LINE#         100
  C:023FH         LINE#         101
  C:0242H         LINE#         102
  C:0245H         LINE#         103
  C:0247H         LINE#         105
  C:024AH         LINE#         106
  C:024DH         LINE#         107
  C:024FH         LINE#         109
  C:0252H         LINE#         110
  C:0255H         LINE#         111
  C:0257H         LINE#         113
  C:025AH         LINE#         114
  C:025DH         LINE#         115
  C:025FH         LINE#         117
  C:0262H         LINE#         118
  C:0265H         LINE#         119
  C:0267H         LINE#         121
  C:026AH         LINE#         122
  C:026DH         LINE#         123
  C:026FH         LINE#         125
  C:0272H         LINE#         126
BL51 BANKED LINKER/LOCATER V6.22.4.0                                                  01/09/2026  16:23:41  PAGE 11


  C:0275H         LINE#         127
  C:0277H         LINE#         129
  C:027AH         LINE#         130
  C:027DH         LINE#         131
  C:027FH         LINE#         133
  C:0282H         LINE#         134
  C:0285H         LINE#         135
  C:0287H         LINE#         137
  C:028AH         LINE#         138
  C:028DH         LINE#         139
  C:028FH         LINE#         141
  -------         ENDMOD        MAIN

  -------         MODULE        KEYINPUT
  C:1258H         SEGMENT       KBI
  C:1258H         PUBLIC        KEYINPUT_PROCESS
  C:1267H         SYMBOL        KBI_AFTER_STABLE_CHECK
  C:1273H         SYMBOL        KBI_CONF_CHANGED
  C:1284H         SYMBOL        KBI_CONF_CHECK_RELEASE
  C:12A2H         SYMBOL        KBI_CONF_PRESSED
  C:1292H         SYMBOL        KBI_LONG_PRESS
  C:12B1H         SYMBOL        KBI_RETURN
  C:1262H         SYMBOL        KBI_SAMPLE_CHANGED
  C:129AH         SYMBOL        KBI_SHORT_PRESS
  C:1258H         LINE#         16
  C:125BH         LINE#         17
  C:125EH         LINE#         18
  C:1260H         LINE#         19
  C:1262H         LINE#         22
  C:1264H         LINE#         23
  C:1267H         LINE#         26
  C:1269H         LINE#         27
  C:126CH         LINE#         28
  C:126EH         LINE#         29
  C:1271H         LINE#         30
  C:1273H         LINE#         33
  C:1275H         LINE#         34
  C:1277H         LINE#         35
  C:1279H         LINE#         36
  C:127CH         LINE#         37
  C:127FH         LINE#         38
  C:1282H         LINE#         39
  C:1284H         LINE#         42
  C:1286H         LINE#         43
  C:1289H         LINE#         44
  C:128BH         LINE#         45
  C:128CH         LINE#         46
  C:128EH         LINE#         47
  C:1290H         LINE#         48
  C:1292H         LINE#         51
  C:1295H         LINE#         52
  C:1298H         LINE#         53
  C:129AH         LINE#         56
  C:129DH         LINE#         57
  C:12A0H         LINE#         58
  C:12A2H         LINE#         61
  C:12A4H         LINE#         62
BL51 BANKED LINKER/LOCATER V6.22.4.0                                                  01/09/2026  16:23:41  PAGE 12


  C:12A6H         LINE#         63
  C:12A8H         LINE#         64
  C:12ABH         LINE#         65
  C:12AEH         LINE#         66
  C:12B1H         LINE#         69
  -------         ENDMOD        KEYINPUT

  -------         MODULE        LCD1602
  C:11C2H         SEGMENT       LCD1602
  C:1247H         PUBLIC        LCD_CLEAR
  C:11FAH         PUBLIC        LCD_INIT
  C:124DH         PUBLIC        LCD_SHOW_STR
  C:1227H         PUBLIC        LCD_WR_CMD
  C:1230H         PUBLIC        LCD_WR_DAT
  B:00C0H.2       SYMBOL        AA
  B:00D0H.6       SYMBOL        AC
  D:00E0H         SYMBOL        ACC
  B:00E8H.4       SYMBOL        AD0BUSY
  B:00E8H.7       SYMBOL        AD0EN
  B:00E8H.5       SYMBOL        AD0INT
  B:00E8H.0       SYMBOL        AD0LJST
  B:00E8H.2       SYMBOL        AD0STM0
  B:00E8H.3       SYMBOL        AD0STM1
  B:00E8H.6       SYMBOL        AD0TM
  B:00E8H.1       SYMBOL        AD0WINT
  D:00BCH         SYMBOL        ADC0CF
  D:00E8H         SYMBOL        ADC0CN
  D:00C5H         SYMBOL        ADC0GTH
  D:00C4H         SYMBOL        ADC0GTL
  D:00BFH         SYMBOL        ADC0H
  D:00BEH         SYMBOL        ADC0L
  D:00C7H         SYMBOL        ADC0LTH
  D:00C6H         SYMBOL        ADC0LTL
  D:009CH         SYMBOL        ADC1
  D:00ABH         SYMBOL        ADC1CF
  D:00AAH         SYMBOL        ADC1CN
  D:00BAH         SYMBOL        AMX0CF
  D:00BBH         SYMBOL        AMX0SL
  D:00ACH         SYMBOL        AMX1SL
  D:00F0H         SYMBOL        B
  B:00D8H.0       SYMBOL        CCF0
  B:00D8H.1       SYMBOL        CCF1
  B:00D8H.2       SYMBOL        CCF2
  B:00D8H.3       SYMBOL        CCF3
  B:00D8H.4       SYMBOL        CCF4
  B:00D8H.7       SYMBOL        CF
  D:008EH         SYMBOL        CKCON
  B:00C8H.0       SYMBOL        CPRL2
  D:009EH         SYMBOL        CPT0CN
  D:009FH         SYMBOL        CPT1CN
  B:00D8H.6       SYMBOL        CR
  B:00C8H.1       SYMBOL        CT2
  B:00D0H.7       SYMBOL        CY
  D:00D4H         SYMBOL        DAC0CN
  D:00D3H         SYMBOL        DAC0H
  D:00D2H         SYMBOL        DAC0L
  D:00D7H         SYMBOL        DAC1CN
BL51 BANKED LINKER/LOCATER V6.22.4.0                                                  01/09/2026  16:23:41  PAGE 13


  D:00D6H         SYMBOL        DAC1H
  D:00D5H         SYMBOL        DAC1L
  D:0083H         SYMBOL        DPH
  D:0082H         SYMBOL        DPL
  B:00A8H.7       SYMBOL        EA
  D:00E6H         SYMBOL        EIE1
  D:00E7H         SYMBOL        EIE2
  D:00F6H         SYMBOL        EIP1
  D:00F7H         SYMBOL        EIP2
  D:00A3H         SYMBOL        EMI0CF
  D:00AFH         SYMBOL        EMI0CN
  D:00A1H         SYMBOL        EMI0TC
  B:00C0H.6       SYMBOL        ENSMB
  B:00A8H.4       SYMBOL        ES
  B:00A8H.1       SYMBOL        ET0
  B:00A8H.3       SYMBOL        ET1
  B:00A8H.5       SYMBOL        ET2
  B:00A8H.0       SYMBOL        EX0
  B:00A8H.2       SYMBOL        EX1
  B:00C8H.3       SYMBOL        EXEN2
  B:00C8H.6       SYMBOL        EXF2
  B:00D0H.5       SYMBOL        F0
  B:00D0H.1       SYMBOL        F1
  D:00B7H         SYMBOL        FLACL
  D:00B6H         SYMBOL        FLSCL
  D:00A8H         SYMBOL        IE
  B:0088H.1       SYMBOL        IE0
  B:0088H.3       SYMBOL        IE1
  D:00B8H         SYMBOL        IP
  B:0088H.0       SYMBOL        IT0
  B:0088H.2       SYMBOL        IT1
  D:00B0H         SYMBOL        LCD_BUS
  C:11ECH         SYMBOL        LCD_CLR_E
  C:11D0H         SYMBOL        LCD_CLR_RS
  N:0080H         SYMBOL        LCD_E_MASK
  N:0040H         SYMBOL        LCD_RS_MASK
  C:11DEH         SYMBOL        LCD_SET_E
  C:11C2H         SYMBOL        LCD_SET_RS
  C:1257H         SYMBOL        LCD_STR_END
  C:124DH         SYMBOL        LCD_STR_LOOP
  C:1237H         SYMBOL        LCD_WR_COM
  B:00F8H.5       SYMBOL        MODF
  B:00F8H.1       SYMBOL        MSTEN
  D:00B2H         SYMBOL        OSCICN
  D:00B1H         SYMBOL        OSCXCN
  B:00D0H.2       SYMBOL        OV
  B:00D0H.0       SYMBOL        P
  D:0080H         SYMBOL        P0
  D:00A4H         SYMBOL        P0MDOUT
  D:0090H         SYMBOL        P1
  D:00BDH         SYMBOL        P1MDIN
  D:00A5H         SYMBOL        P1MDOUT
  D:00A0H         SYMBOL        P2
  D:00A6H         SYMBOL        P2MDOUT
  D:00B0H         SYMBOL        P3
  D:00ADH         SYMBOL        P3IF
  D:00A7H         SYMBOL        P3MDOUT
BL51 BANKED LINKER/LOCATER V6.22.4.0                                                  01/09/2026  16:23:41  PAGE 14


  D:0084H         SYMBOL        P4
  D:00A4H         SYMBOL        P4MDOUT
  D:0085H         SYMBOL        P5
  D:0086H         SYMBOL        P6
  D:0096H         SYMBOL        P7
  D:00B5H         SYMBOL        P74OUT
  D:00D8H         SYMBOL        PCA0CN
  D:00FAH         SYMBOL        PCA0CPH0
  D:00FBH         SYMBOL        PCA0CPH1
  D:00FCH         SYMBOL        PCA0CPH2
  D:00FDH         SYMBOL        PCA0CPH3
  D:00FEH         SYMBOL        PCA0CPH4
  D:00EAH         SYMBOL        PCA0CPL0
  D:00EBH         SYMBOL        PCA0CPL1
  D:00ECH         SYMBOL        PCA0CPL2
  D:00EDH         SYMBOL        PCA0CPL3
  D:00EEH         SYMBOL        PCA0CPL4
  D:00DAH         SYMBOL        PCA0CPM0
  D:00DBH         SYMBOL        PCA0CPM1
  D:00DCH         SYMBOL        PCA0CPM2
  D:00DDH         SYMBOL        PCA0CPM3
  D:00DEH         SYMBOL        PCA0CPM4
  D:00F9H         SYMBOL        PCA0H
  D:00E9H         SYMBOL        PCA0L
  D:00D9H         SYMBOL        PCA0MD
  D:0087H         SYMBOL        PCON
  B:00B8H.4       SYMBOL        PS
  D:008FH         SYMBOL        PSCTL
  D:00D0H         SYMBOL        PSW
  B:00B8H.1       SYMBOL        PT0
  B:00B8H.3       SYMBOL        PT1
  B:00B8H.5       SYMBOL        PT2
  B:00B8H.0       SYMBOL        PX0
  B:00B8H.2       SYMBOL        PX1
  B:0098H.2       SYMBOL        RB8
  D:00CBH         SYMBOL        RCAP2H
  D:00CAH         SYMBOL        RCAP2L
  D:00E5H         SYMBOL        RCAP4H
  D:00E4H         SYMBOL        RCAP4L
  B:00C8H.5       SYMBOL        RCLK
  D:00D1H         SYMBOL        REF0CN
  B:0098H.4       SYMBOL        REN
  B:0098H.0       SYMBOL        RI
  B:00D0H.3       SYMBOL        RS0
  B:00D0H.4       SYMBOL        RS1
  D:00EFH         SYMBOL        RSTSRC
  B:00F8H.4       SYMBOL        RXOVRN
  D:00A9H         SYMBOL        SADDR0
  D:00F3H         SYMBOL        SADDR1
  D:00B9H         SYMBOL        SADEN0
  D:00AEH         SYMBOL        SADEN1
  D:0099H         SYMBOL        SBUF0
  D:00F2H         SYMBOL        SBUF1
  D:0098H         SYMBOL        SCON0
  D:00F1H         SYMBOL        SCON1
  D:00F1H         SYMBOL        SFRPAGE
  B:00C0H.3       SYMBOL        SI
BL51 BANKED LINKER/LOCATER V6.22.4.0                                                  01/09/2026  16:23:41  PAGE 15


  B:00F8H.2       SYMBOL        SLVSEL
  B:0098H.7       SYMBOL        SM0
  B:0098H.6       SYMBOL        SM1
  B:0098H.5       SYMBOL        SM2
  D:00C3H         SYMBOL        SMB0ADR
  D:00C0H         SYMBOL        SMB0CN
  D:00CFH         SYMBOL        SMB0CR
  D:00C2H         SYMBOL        SMB0DAT
  D:00C1H         SYMBOL        SMB0STA
  B:00C0H.1       SYMBOL        SMBFTE
  B:00C0H.0       SYMBOL        SMBTOE
  D:0081H         SYMBOL        SP
  D:009AH         SYMBOL        SPI0CFG
  D:009DH         SYMBOL        SPI0CKR
  D:00F8H         SYMBOL        SPI0CN
  D:009BH         SYMBOL        SPI0DAT
  B:00F8H.0       SYMBOL        SPIEN
  B:00F8H.7       SYMBOL        SPIF
  B:00C0H.5       SYMBOL        STA
  B:00C0H.4       SYMBOL        STO
  D:00C8H         SYMBOL        T2CON
  D:00C9H         SYMBOL        T4CON
  B:0098H.3       SYMBOL        TB8
  B:00C8H.4       SYMBOL        TCLK
  D:0088H         SYMBOL        TCON
  B:0088H.5       SYMBOL        TF0
  B:0088H.7       SYMBOL        TF1
  B:00C8H.7       SYMBOL        TF2
  D:008CH         SYMBOL        TH0
  D:008DH         SYMBOL        TH1
  D:00CDH         SYMBOL        TH2
  D:00F5H         SYMBOL        TH4
  B:0098H.1       SYMBOL        TI
  D:008AH         SYMBOL        TL0
  D:008BH         SYMBOL        TL1
  D:00CCH         SYMBOL        TL2
  D:00F4H         SYMBOL        TL4
  D:0089H         SYMBOL        TMOD
  D:0091H         SYMBOL        TMR3CN
  D:0095H         SYMBOL        TMR3H
  D:0094H         SYMBOL        TMR3L
  D:0093H         SYMBOL        TMR3RLH
  D:0092H         SYMBOL        TMR3RLL
  B:0088H.4       SYMBOL        TR0
  B:0088H.6       SYMBOL        TR1
  B:00C8H.2       SYMBOL        TR2
  B:00F8H.3       SYMBOL        TXBSY
  B:00F8H.6       SYMBOL        WCOL
  D:00FFH         SYMBOL        WDTCN
  D:00E1H         SYMBOL        XBR0
  D:00E2H         SYMBOL        XBR1
  D:00E3H         SYMBOL        XBR2
  C:11C2H         LINE#         24
  C:11C4H         LINE#         25
  C:11C7H         LINE#         26
  C:11CAH         LINE#         27
  C:11CDH         LINE#         28
BL51 BANKED LINKER/LOCATER V6.22.4.0                                                  01/09/2026  16:23:41  PAGE 16


  C:11CFH         LINE#         29
  C:11D0H         LINE#         32
  C:11D2H         LINE#         33
  C:11D5H         LINE#         34
  C:11D8H         LINE#         35
  C:11DBH         LINE#         36
  C:11DDH         LINE#         37
  C:11DEH         LINE#         40
  C:11E0H         LINE#         41
  C:11E3H         LINE#         42
  C:11E6H         LINE#         43
  C:11E9H         LINE#         44
  C:11EBH         LINE#         45
  C:11ECH         LINE#         48
  C:11EEH         LINE#         49
  C:11F1H         LINE#         50
  C:11F4H         LINE#         51
  C:11F7H         LINE#         52
  C:11F9H         LINE#         53
  C:11FAH         LINE#         57
  C:11FDH         LINE#         58
  C:1200H         LINE#         59
  C:1203H         LINE#         61
  C:1205H         LINE#         62
  C:1208H         LINE#         63
  C:120AH         LINE#         64
  C:120DH         LINE#         65
  C:120FH         LINE#         66
  C:1212H         LINE#         67
  C:1214H         LINE#         68
  C:1217H         LINE#         69
  C:1219H         LINE#         70
  C:121CH         LINE#         71
  C:121EH         LINE#         72
  C:1221H         LINE#         73
  C:1223H         LINE#         74
  C:1226H         LINE#         75
  C:1227H         LINE#         78
  C:1229H         LINE#         79
  C:122CH         LINE#         80
  C:122EH         LINE#         81
  C:1230H         LINE#         83
  C:1232H         LINE#         84
  C:1235H         LINE#         85
  C:1237H         LINE#         87
  C:1239H         LINE#         88
  C:123CH         LINE#         89
  C:123DH         LINE#         90
  C:123EH         LINE#         91
  C:1241H         LINE#         92
  C:1243H         LINE#         93
  C:1246H         LINE#         94
  C:1247H         LINE#         97
  C:1249H         LINE#         98
  C:124CH         LINE#         99
  C:124DH         LINE#         103
  C:124EH         LINE#         104
BL51 BANKED LINKER/LOCATER V6.22.4.0                                                  01/09/2026  16:23:41  PAGE 17


  C:124FH         LINE#         105
  C:1251H         LINE#         106
  C:1254H         LINE#         107
  C:1255H         LINE#         108
  C:1257H         LINE#         110
  -------         ENDMOD        LCD1602

  -------         MODULE        LED6
  C:0DD9H         SEGMENT       LED6
  C:0E7BH         PUBLIC        LED6_APPLYTABLE
  C:0E4CH         PUBLIC        LED6_REFRESH
  B:00C0H.2       SYMBOL        AA
  B:00D0H.6       SYMBOL        AC
  D:00E0H         SYMBOL        ACC
  B:00E8H.4       SYMBOL        AD0BUSY
  B:00E8H.7       SYMBOL        AD0EN
  B:00E8H.5       SYMBOL        AD0INT
  B:00E8H.0       SYMBOL        AD0LJST
  B:00E8H.2       SYMBOL        AD0STM0
  B:00E8H.3       SYMBOL        AD0STM1
  B:00E8H.6       SYMBOL        AD0TM
  B:00E8H.1       SYMBOL        AD0WINT
  D:00BCH         SYMBOL        ADC0CF
  D:00E8H         SYMBOL        ADC0CN
  D:00C5H         SYMBOL        ADC0GTH
  D:00C4H         SYMBOL        ADC0GTL
  D:00BFH         SYMBOL        ADC0H
  D:00BEH         SYMBOL        ADC0L
  D:00C7H         SYMBOL        ADC0LTH
  D:00C6H         SYMBOL        ADC0LTL
  D:009CH         SYMBOL        ADC1
  D:00ABH         SYMBOL        ADC1CF
  D:00AAH         SYMBOL        ADC1CN
  D:00BAH         SYMBOL        AMX0CF
  D:00BBH         SYMBOL        AMX0SL
  D:00ACH         SYMBOL        AMX1SL
  D:00F0H         SYMBOL        B
  C:0E41H         SYMBOL        BITMASK_TABLE
  N:005AH         SYMBOL        BLINK_TIMER
  N:005BH         SYMBOL        BLINK_TOGGLE
  B:00D8H.0       SYMBOL        CCF0
  B:00D8H.1       SYMBOL        CCF1
  B:00D8H.2       SYMBOL        CCF2
  B:00D8H.3       SYMBOL        CCF3
  B:00D8H.4       SYMBOL        CCF4
  B:00D8H.7       SYMBOL        CF
  D:008EH         SYMBOL        CKCON
  B:00C8H.0       SYMBOL        CPRL2
  D:009EH         SYMBOL        CPT0CN
  D:009FH         SYMBOL        CPT1CN
  B:00D8H.6       SYMBOL        CR
  B:00C8H.1       SYMBOL        CT2
  N:0056H         SYMBOL        CUR_FLR
  B:00D0H.7       SYMBOL        CY
  D:00D4H         SYMBOL        DAC0CN
  D:00D3H         SYMBOL        DAC0H
  D:00D2H         SYMBOL        DAC0L
BL51 BANKED LINKER/LOCATER V6.22.4.0                                                  01/09/2026  16:23:41  PAGE 18


  D:00D7H         SYMBOL        DAC1CN
  D:00D6H         SYMBOL        DAC1H
  D:00D5H         SYMBOL        DAC1L
  N:0067H         SYMBOL        DEBUG_ON
  D:0083H         SYMBOL        DPH
  D:0082H         SYMBOL        DPL
  B:00A8H.7       SYMBOL        EA
  D:00E6H         SYMBOL        EIE1
  D:00E7H         SYMBOL        EIE2
  D:00F6H         SYMBOL        EIP1
  D:00F7H         SYMBOL        EIP2
  N:0022H         SYMBOL        ELEV_ARRIVED
  N:0023H         SYMBOL        ELEV_CLOSE
  N:0064H         SYMBOL        ELEV_DIR
  N:0021H         SYMBOL        ELEV_RUN
  N:0020H         SYMBOL        ELEV_ST
  N:0058H         SYMBOL        ELEV_TARGET
  N:0057H         SYMBOL        ELEV_TIMER
  D:00A3H         SYMBOL        EMI0CF
  D:00AFH         SYMBOL        EMI0CN
  D:00A1H         SYMBOL        EMI0TC
  B:00C0H.6       SYMBOL        ENSMB
  B:00A8H.4       SYMBOL        ES
  B:00A8H.1       SYMBOL        ET0
  B:00A8H.3       SYMBOL        ET1
  B:00A8H.5       SYMBOL        ET2
  B:00A8H.0       SYMBOL        EX0
  B:00A8H.2       SYMBOL        EX1
  B:00C8H.3       SYMBOL        EXEN2
  B:00C8H.6       SYMBOL        EXF2
  N:0063H         SYMBOL        EXT_DN_HI
  N:0062H         SYMBOL        EXT_DN_LO
  N:005FH         SYMBOL        EXT_UP_HI
  N:005EH         SYMBOL        EXT_UP_LO
  B:00D0H.5       SYMBOL        F0
  B:00D0H.1       SYMBOL        F1
  D:00B7H         SYMBOL        FLACL
  D:00B6H         SYMBOL        FLSCL
  D:00A8H         SYMBOL        IE
  B:0088H.1       SYMBOL        IE0
  B:0088H.3       SYMBOL        IE1
  N:0065H         SYMBOL        INPUT_MODE
  N:005DH         SYMBOL        INT_REQ_HI
  N:005CH         SYMBOL        INT_REQ_LO
  D:00B8H         SYMBOL        IP
  B:0088H.0       SYMBOL        IT0
  B:0088H.2       SYMBOL        IT1
  C:0ED6H         SYMBOL        LBL_COPY
  C:0ED3H         SYMBOL        LBL_DEFAULT
  C:0E8BH         SYMBOL        LBL_L1
  C:0E93H         SYMBOL        LBL_L2
  C:0E9BH         SYMBOL        LBL_L3
  C:0EA3H         SYMBOL        LBL_L4
  C:0EABH         SYMBOL        LBL_L5
  C:0EB3H         SYMBOL        LBL_L6
  C:0EBBH         SYMBOL        LBL_L7
  C:0EC3H         SYMBOL        LBL_L8
BL51 BANKED LINKER/LOCATER V6.22.4.0                                                  01/09/2026  16:23:41  PAGE 19


  C:0ECBH         SYMBOL        LBL_L9
  C:0EDAH         SYMBOL        LBL_LOOP
  C:0E7AH         SYMBOL        LED6_EXIT
  B:00F8H.5       SYMBOL        MODF
  B:00F8H.1       SYMBOL        MSTEN
  N:0059H         SYMBOL        ONE_SEC_CNT
  N:0011H         SYMBOL        OPT1_ST
  N:0012H         SYMBOL        OPT2_ST
  N:0013H         SYMBOL        OPT3_ST
  N:0001H         SYMBOL        OPT_ST
  D:00B2H         SYMBOL        OSCICN
  D:00B1H         SYMBOL        OSCXCN
  N:0066H         SYMBOL        OUT_SEL_VAL
  B:00D0H.2       SYMBOL        OV
  B:00D0H.0       SYMBOL        P
  D:0080H         SYMBOL        P0
  D:00A4H         SYMBOL        P0MDOUT
  D:0090H         SYMBOL        P1
  D:00BDH         SYMBOL        P1MDIN
  D:00A5H         SYMBOL        P1MDOUT
  D:00A0H         SYMBOL        P2
  D:00A6H         SYMBOL        P2MDOUT
  D:00B0H         SYMBOL        P3
  D:00ADH         SYMBOL        P3IF
  D:00A7H         SYMBOL        P3MDOUT
  D:0084H         SYMBOL        P4
  D:0085H         SYMBOL        P5
  D:0086H         SYMBOL        P6
  D:0096H         SYMBOL        P7
  D:00B5H         SYMBOL        P74OUT
  C:0E47H         SYMBOL        PASSWORD_TABLE
  N:0002H         SYMBOL        PASS_ST
  D:00D8H         SYMBOL        PCA0CN
  D:00FAH         SYMBOL        PCA0CPH0
  D:00FBH         SYMBOL        PCA0CPH1
  D:00FCH         SYMBOL        PCA0CPH2
  D:00FDH         SYMBOL        PCA0CPH3
  D:00FEH         SYMBOL        PCA0CPH4
  D:00EAH         SYMBOL        PCA0CPL0
  D:00EBH         SYMBOL        PCA0CPL1
  D:00ECH         SYMBOL        PCA0CPL2
  D:00EDH         SYMBOL        PCA0CPL3
  D:00EEH         SYMBOL        PCA0CPL4
  D:00DAH         SYMBOL        PCA0CPM0
  D:00DBH         SYMBOL        PCA0CPM1
  D:00DCH         SYMBOL        PCA0CPM2
  D:00DDH         SYMBOL        PCA0CPM3
  D:00DEH         SYMBOL        PCA0CPM4
  D:00F9H         SYMBOL        PCA0H
  D:00E9H         SYMBOL        PCA0L
  D:00D9H         SYMBOL        PCA0MD
  D:0087H         SYMBOL        PCON
  B:00B8H.4       SYMBOL        PS
  D:008FH         SYMBOL        PSCTL
  D:00D0H         SYMBOL        PSW
  B:00B8H.1       SYMBOL        PT0
  B:00B8H.3       SYMBOL        PT1
BL51 BANKED LINKER/LOCATER V6.22.4.0                                                  01/09/2026  16:23:41  PAGE 20


  B:00B8H.5       SYMBOL        PT2
  B:00B8H.0       SYMBOL        PX0
  B:00B8H.2       SYMBOL        PX1
  B:0098H.2       SYMBOL        RB8
  D:00CBH         SYMBOL        RCAP2H
  D:00CAH         SYMBOL        RCAP2L
  D:00E5H         SYMBOL        RCAP4H
  D:00E4H         SYMBOL        RCAP4L
  B:00C8H.5       SYMBOL        RCLK
  D:00D1H         SYMBOL        REF0CN
  B:0098H.4       SYMBOL        REN
  B:0098H.0       SYMBOL        RI
  B:00D0H.3       SYMBOL        RS0
  B:00D0H.4       SYMBOL        RS1
  D:00EFH         SYMBOL        RSTSRC
  N:0000H         SYMBOL        RUN_ST
  B:00F8H.4       SYMBOL        RXOVRN
  D:00A9H         SYMBOL        SADDR0
  D:00F3H         SYMBOL        SADDR1
  D:00B9H         SYMBOL        SADEN0
  D:00AEH         SYMBOL        SADEN1
  D:0099H         SYMBOL        SBUF0
  D:00F2H         SYMBOL        SBUF1
  D:0098H         SYMBOL        SCON0
  D:00F1H         SYMBOL        SCON1
  C:0E1BH         SYMBOL        SEG_TABLE
  B:00C0H.3       SYMBOL        SI
  B:00F8H.2       SYMBOL        SLVSEL
  B:0098H.7       SYMBOL        SM0
  B:0098H.6       SYMBOL        SM1
  B:0098H.5       SYMBOL        SM2
  D:00C3H         SYMBOL        SMB0ADR
  D:00C0H         SYMBOL        SMB0CN
  D:00CFH         SYMBOL        SMB0CR
  D:00C2H         SYMBOL        SMB0DAT
  D:00C1H         SYMBOL        SMB0STA
  B:00C0H.1       SYMBOL        SMBFTE
  B:00C0H.0       SYMBOL        SMBTOE
  D:0081H         SYMBOL        SP
  D:009AH         SYMBOL        SPI0CFG
  D:009DH         SYMBOL        SPI0CKR
  D:00F8H         SYMBOL        SPI0CN
  D:009BH         SYMBOL        SPI0DAT
  B:00F8H.0       SYMBOL        SPIEN
  B:00F8H.7       SYMBOL        SPIF
  B:00C0H.5       SYMBOL        STA
  B:00C0H.4       SYMBOL        STO
  D:00C8H         SYMBOL        T2CON
  D:00C9H         SYMBOL        T4CON
  C:0E15H         SYMBOL        TABLE_DISPLAY_ALL_OFF
  C:0DD9H         SYMBOL        TABLE_DISPLAY_INIT_BLANK
  C:0DDFH         SYMBOL        TABLE_DISPLAY_RUN_BLANK
  C:0DE5H         SYMBOL        TABLE_MENU_MAIN_OPT
  C:0DF1H         SYMBOL        TABLE_OPT1_PROMPT
  C:0DF7H         SYMBOL        TABLE_OPT2_PROMPT
  C:0DFDH         SYMBOL        TABLE_OPT3_PROMPT
  C:0DEBH         SYMBOL        TABLE_OPT_ERR011
BL51 BANKED LINKER/LOCATER V6.22.4.0                                                  01/09/2026  16:23:41  PAGE 21


  C:0E09H         SYMBOL        TABLE_PASS_ERROR_FALSEX
  C:0E0FH         SYMBOL        TABLE_PASS_ERROR_LOCKED
  C:0E03H         SYMBOL        TABLE_PASS_PROMPT
  B:0098H.3       SYMBOL        TB8
  B:00C8H.4       SYMBOL        TCLK
  D:0088H         SYMBOL        TCON
  B:0088H.5       SYMBOL        TF0
  B:0088H.7       SYMBOL        TF1
  B:00C8H.7       SYMBOL        TF2
  D:008CH         SYMBOL        TH0
  D:008DH         SYMBOL        TH1
  D:00CDH         SYMBOL        TH2
  D:00F5H         SYMBOL        TH4
  B:0098H.1       SYMBOL        TI
  D:008AH         SYMBOL        TL0
  D:008BH         SYMBOL        TL1
  D:00CCH         SYMBOL        TL2
  D:00F4H         SYMBOL        TL4
  D:0089H         SYMBOL        TMOD
  D:0091H         SYMBOL        TMR3CN
  D:0095H         SYMBOL        TMR3H
  D:0094H         SYMBOL        TMR3L
  D:0093H         SYMBOL        TMR3RLH
  D:0092H         SYMBOL        TMR3RLL
  B:0088H.4       SYMBOL        TR0
  B:0088H.6       SYMBOL        TR1
  B:00C8H.2       SYMBOL        TR2
  B:00F8H.3       SYMBOL        TXBSY
  B:00F8H.6       SYMBOL        WCOL
  D:00FFH         SYMBOL        WDTCN
  D:00E1H         SYMBOL        XBR0
  D:00E2H         SYMBOL        XBR1
  D:00E3H         SYMBOL        XBR2
  C:0E4CH         LINE#         14
  C:0E4FH         LINE#         15
  C:0E52H         LINE#         17
  C:0E54H         LINE#         18
  C:0E55H         LINE#         19
  C:0E57H         LINE#         20
  C:0E58H         LINE#         21
  C:0E59H         LINE#         22
  C:0E5BH         LINE#         24
  C:0E5EH         LINE#         25
  C:0E60H         LINE#         26
  C:0E61H         LINE#         27
  C:0E63H         LINE#         29
  C:0E66H         LINE#         30
  C:0E67H         LINE#         31
  C:0E68H         LINE#         32
  C:0E69H         LINE#         33
  C:0E6AH         LINE#         35
  C:0E6CH         LINE#         36
  C:0E6EH         LINE#         38
  C:0E70H         LINE#         40
  C:0E72H         LINE#         41
  C:0E74H         LINE#         42
  C:0E77H         LINE#         43
BL51 BANKED LINKER/LOCATER V6.22.4.0                                                  01/09/2026  16:23:41  PAGE 22


  C:0E7AH         LINE#         46
  C:0E7BH         LINE#         62
  C:0E7DH         LINE#         63
  C:0E7FH         LINE#         64
  C:0E81H         LINE#         65
  C:0E83H         LINE#         68
  C:0E86H         LINE#         69
  C:0E89H         LINE#         70
  C:0E8BH         LINE#         71
  C:0E8EH         LINE#         72
  C:0E91H         LINE#         73
  C:0E93H         LINE#         74
  C:0E96H         LINE#         75
  C:0E99H         LINE#         76
  C:0E9BH         LINE#         77
  C:0E9EH         LINE#         78
  C:0EA1H         LINE#         79
  C:0EA3H         LINE#         80
  C:0EA6H         LINE#         81
  C:0EA9H         LINE#         82
  C:0EABH         LINE#         83
  C:0EAEH         LINE#         84
  C:0EB1H         LINE#         85
  C:0EB3H         LINE#         86
  C:0EB6H         LINE#         87
  C:0EB9H         LINE#         88
  C:0EBBH         LINE#         89
  C:0EBEH         LINE#         90
  C:0EC1H         LINE#         91
  C:0EC3H         LINE#         92
  C:0EC6H         LINE#         93
  C:0EC9H         LINE#         94
  C:0ECBH         LINE#         95
  C:0ECEH         LINE#         96
  C:0ED1H         LINE#         97
  C:0ED3H         LINE#         100
  C:0ED6H         LINE#         103
  C:0ED8H         LINE#         104
  C:0EDAH         LINE#         106
  C:0EDBH         LINE#         107
  C:0EDCH         LINE#         108
  C:0EDDH         LINE#         109
  C:0EDEH         LINE#         110
  C:0EDFH         LINE#         111
  C:0EE0H         LINE#         112
  C:0EE3H         LINE#         114
  C:0EE5H         LINE#         115
  C:0EE7H         LINE#         116
  C:0EE9H         LINE#         117
  C:0EEBH         LINE#         118
  -------         ENDMOD        LED6

  -------         MODULE        SINGER
  C:0C48H         SEGMENT       SINGER_SEGMENT
  C:0C48H         PUBLIC        SINGER_INIT
  C:0C94H         PUBLIC        SINGER_PLAY
  C:0C4CH         PUBLIC        SINGER_PLAYNOTE
BL51 BANKED LINKER/LOCATER V6.22.4.0                                                  01/09/2026  16:23:41  PAGE 23


  B:00C0H.2       SYMBOL        AA
  B:00D0H.6       SYMBOL        AC
  D:00E0H         SYMBOL        ACC
  B:00E8H.4       SYMBOL        AD0BUSY
  B:00E8H.7       SYMBOL        AD0EN
  B:00E8H.5       SYMBOL        AD0INT
  B:00E8H.0       SYMBOL        AD0LJST
  B:00E8H.2       SYMBOL        AD0STM0
  B:00E8H.3       SYMBOL        AD0STM1
  B:00E8H.6       SYMBOL        AD0TM
  B:00E8H.1       SYMBOL        AD0WINT
  D:00BCH         SYMBOL        ADC0CF
  D:00E8H         SYMBOL        ADC0CN
  D:00C5H         SYMBOL        ADC0GTH
  D:00C4H         SYMBOL        ADC0GTL
  D:00BFH         SYMBOL        ADC0H
  D:00BEH         SYMBOL        ADC0L
  D:00C7H         SYMBOL        ADC0LTH
  D:00C6H         SYMBOL        ADC0LTL
  D:009CH         SYMBOL        ADC1
  D:00ABH         SYMBOL        ADC1CF
  D:00AAH         SYMBOL        ADC1CN
  D:00BAH         SYMBOL        AMX0CF
  D:00BBH         SYMBOL        AMX0SL
  D:00ACH         SYMBOL        AMX1SL
  D:00F0H         SYMBOL        B
  B:00D8H.0       SYMBOL        CCF0
  B:00D8H.1       SYMBOL        CCF1
  B:00D8H.2       SYMBOL        CCF2
  B:00D8H.3       SYMBOL        CCF3
  B:00D8H.4       SYMBOL        CCF4
  B:00D8H.7       SYMBOL        CF
  D:008EH         SYMBOL        CKCON
  B:00C8H.0       SYMBOL        CPRL2
  D:009EH         SYMBOL        CPT0CN
  D:009FH         SYMBOL        CPT1CN
  B:00D8H.6       SYMBOL        CR
  B:00C8H.1       SYMBOL        CT2
  B:00D0H.7       SYMBOL        CY
  D:00D4H         SYMBOL        DAC0CN
  D:00D3H         SYMBOL        DAC0H
  D:00D2H         SYMBOL        DAC0L
  D:00D7H         SYMBOL        DAC1CN
  D:00D6H         SYMBOL        DAC1H
  D:00D5H         SYMBOL        DAC1L
  D:0083H         SYMBOL        DPH
  D:0082H         SYMBOL        DPL
  B:00A8H.7       SYMBOL        EA
  D:00E6H         SYMBOL        EIE1
  D:00E7H         SYMBOL        EIE2
  D:00F6H         SYMBOL        EIP1
  D:00F7H         SYMBOL        EIP2
  D:00A3H         SYMBOL        EMI0CF
  D:00AFH         SYMBOL        EMI0CN
  D:00A1H         SYMBOL        EMI0TC
  B:00C0H.6       SYMBOL        ENSMB
  B:00A8H.4       SYMBOL        ES
BL51 BANKED LINKER/LOCATER V6.22.4.0                                                  01/09/2026  16:23:41  PAGE 24


  B:00A8H.1       SYMBOL        ET0
  B:00A8H.3       SYMBOL        ET1
  B:00A8H.5       SYMBOL        ET2
  B:00A8H.0       SYMBOL        EX0
  B:00A8H.2       SYMBOL        EX1
  B:00C8H.3       SYMBOL        EXEN2
  B:00C8H.6       SYMBOL        EXF2
  B:00D0H.5       SYMBOL        F0
  B:00D0H.1       SYMBOL        F1
  D:00B7H         SYMBOL        FLACL
  D:00B6H         SYMBOL        FLSCL
  D:00A8H         SYMBOL        IE
  B:0088H.1       SYMBOL        IE0
  B:0088H.3       SYMBOL        IE1
  D:00B8H         SYMBOL        IP
  B:0088H.0       SYMBOL        IT0
  B:0088H.2       SYMBOL        IT1
  B:00F8H.5       SYMBOL        MODF
  B:00F8H.1       SYMBOL        MSTEN
  C:0CF0H         SYMBOL        NOTE_RELOAD_TABLE
  C:0CE2H         SYMBOL        NO_WAIT
  D:00B2H         SYMBOL        OSCICN
  D:00B1H         SYMBOL        OSCXCN
  B:00D0H.2       SYMBOL        OV
  B:00D0H.0       SYMBOL        P
  D:0080H         SYMBOL        P0
  D:00A4H         SYMBOL        P0MDOUT
  D:0090H         SYMBOL        P1
  D:00BDH         SYMBOL        P1MDIN
  D:00A5H         SYMBOL        P1MDOUT
  D:00A0H         SYMBOL        P2
  D:00A6H         SYMBOL        P2MDOUT
  D:00B0H         SYMBOL        P3
  D:00ADH         SYMBOL        P3IF
  D:00A7H         SYMBOL        P3MDOUT
  D:0084H         SYMBOL        P4
  D:0085H         SYMBOL        P5
  D:0086H         SYMBOL        P6
  D:0096H         SYMBOL        P7
  D:00B5H         SYMBOL        P74OUT
  D:00D8H         SYMBOL        PCA0CN
  D:00FAH         SYMBOL        PCA0CPH0
  D:00FBH         SYMBOL        PCA0CPH1
  D:00FCH         SYMBOL        PCA0CPH2
  D:00FDH         SYMBOL        PCA0CPH3
  D:00FEH         SYMBOL        PCA0CPH4
  D:00EAH         SYMBOL        PCA0CPL0
  D:00EBH         SYMBOL        PCA0CPL1
  D:00ECH         SYMBOL        PCA0CPL2
  D:00EDH         SYMBOL        PCA0CPL3
  D:00EEH         SYMBOL        PCA0CPL4
  D:00DAH         SYMBOL        PCA0CPM0
  D:00DBH         SYMBOL        PCA0CPM1
  D:00DCH         SYMBOL        PCA0CPM2
  D:00DDH         SYMBOL        PCA0CPM3
  D:00DEH         SYMBOL        PCA0CPM4
  D:00F9H         SYMBOL        PCA0H
BL51 BANKED LINKER/LOCATER V6.22.4.0                                                  01/09/2026  16:23:41  PAGE 25


  D:00E9H         SYMBOL        PCA0L
  D:00D9H         SYMBOL        PCA0MD
  D:0087H         SYMBOL        PCON
  C:0CC3H         SYMBOL        PLAY_NOTE_REST
  B:00B8H.4       SYMBOL        PS
  D:008FH         SYMBOL        PSCTL
  D:00D0H         SYMBOL        PSW
  B:00B8H.1       SYMBOL        PT0
  B:00B8H.3       SYMBOL        PT1
  B:00B8H.5       SYMBOL        PT2
  B:00B8H.0       SYMBOL        PX0
  B:00B8H.2       SYMBOL        PX1
  B:0098H.2       SYMBOL        RB8
  D:00CBH         SYMBOL        RCAP2H
  D:00CAH         SYMBOL        RCAP2L
  D:00E5H         SYMBOL        RCAP4H
  D:00E4H         SYMBOL        RCAP4L
  B:00C8H.5       SYMBOL        RCLK
  C:0CA3H         SYMBOL        READ_DURATION
  D:00D1H         SYMBOL        REF0CN
  B:0098H.4       SYMBOL        REN
  B:0098H.0       SYMBOL        RI
  B:00D0H.3       SYMBOL        RS0
  B:00D0H.4       SYMBOL        RS1
  D:00EFH         SYMBOL        RSTSRC
  B:00F8H.4       SYMBOL        RXOVRN
  D:00A9H         SYMBOL        SADDR0
  D:00F3H         SYMBOL        SADDR1
  D:00B9H         SYMBOL        SADEN0
  D:00AEH         SYMBOL        SADEN1
  D:0099H         SYMBOL        SBUF0
  D:00F2H         SYMBOL        SBUF1
  D:0098H         SYMBOL        SCON0
  D:00F1H         SYMBOL        SCON1
  B:00C0H.3       SYMBOL        SI
  C:0CE8H         SYMBOL        SINGER_DONE
  C:0C9BH         SYMBOL        SINGER_LOOP
  B:00F8H.2       SYMBOL        SLVSEL
  B:0098H.7       SYMBOL        SM0
  B:0098H.6       SYMBOL        SM1
  B:0098H.5       SYMBOL        SM2
  D:00C3H         SYMBOL        SMB0ADR
  D:00C0H         SYMBOL        SMB0CN
  D:00CFH         SYMBOL        SMB0CR
  D:00C2H         SYMBOL        SMB0DAT
  D:00C1H         SYMBOL        SMB0STA
  B:00C0H.1       SYMBOL        SMBFTE
  B:00C0H.0       SYMBOL        SMBTOE
  C:0D0EH         SYMBOL        SONG_TABLE
  D:0081H         SYMBOL        SP
  D:009AH         SYMBOL        SPI0CFG
  D:009DH         SYMBOL        SPI0CKR
  D:00F8H         SYMBOL        SPI0CN
  D:009BH         SYMBOL        SPI0DAT
  B:00F8H.0       SYMBOL        SPIEN
  B:00F8H.7       SYMBOL        SPIF
  C:0C58H         SYMBOL        SPN_CHECK_NM1
BL51 BANKED LINKER/LOCATER V6.22.4.0                                                  01/09/2026  16:23:41  PAGE 26


  C:0C5FH         SYMBOL        SPN_CHECK_POS
  C:0C62H         SYMBOL        SPN_LE8
  C:0C67H         SYMBOL        SPN_PLAY
  C:0C8FH         SYMBOL        SPN_RET
  B:00C0H.5       SYMBOL        STA
  B:00C0H.4       SYMBOL        STO
  D:00C8H         SYMBOL        T2CON
  D:00C9H         SYMBOL        T4CON
  B:0098H.3       SYMBOL        TB8
  B:00C8H.4       SYMBOL        TCLK
  D:0088H         SYMBOL        TCON
  B:0088H.5       SYMBOL        TF0
  B:0088H.7       SYMBOL        TF1
  B:00C8H.7       SYMBOL        TF2
  D:008CH         SYMBOL        TH0
  D:008DH         SYMBOL        TH1
  D:00CDH         SYMBOL        TH2
  D:00F5H         SYMBOL        TH4
  B:0098H.1       SYMBOL        TI
  D:008AH         SYMBOL        TL0
  D:008BH         SYMBOL        TL1
  D:00CCH         SYMBOL        TL2
  D:00F4H         SYMBOL        TL4
  D:0089H         SYMBOL        TMOD
  D:0091H         SYMBOL        TMR3CN
  D:0095H         SYMBOL        TMR3H
  D:0094H         SYMBOL        TMR3L
  D:0093H         SYMBOL        TMR3RLH
  D:0092H         SYMBOL        TMR3RLL
  B:0088H.4       SYMBOL        TR0
  B:0088H.6       SYMBOL        TR1
  B:00C8H.2       SYMBOL        TR2
  B:00F8H.3       SYMBOL        TXBSY
  C:0CC6H         SYMBOL        WAIT_DURATION
  C:0CC9H         SYMBOL        WAIT_LOOP
  B:00F8H.6       SYMBOL        WCOL
  D:00FFH         SYMBOL        WDTCN
  D:00E1H         SYMBOL        XBR0
  D:00E2H         SYMBOL        XBR1
  D:00E3H         SYMBOL        XBR2
  C:0C48H         LINE#         25
  C:0C4BH         LINE#         26
  C:0C4CH         LINE#         37
  C:0C4EH         LINE#         38
  C:0C50H         LINE#         48
  C:0C51H         LINE#         49
  C:0C54H         LINE#         51
  C:0C56H         LINE#         52
  C:0C58H         LINE#         55
  C:0C5BH         LINE#         57
  C:0C5DH         LINE#         58
  C:0C5FH         LINE#         62
  C:0C62H         LINE#         64
  C:0C64H         LINE#         67
  C:0C66H         LINE#         70
  C:0C67H         LINE#         74
  C:0C68H         LINE#         75
BL51 BANKED LINKER/LOCATER V6.22.4.0                                                  01/09/2026  16:23:41  PAGE 27


  C:0C69H         LINE#         76
  C:0C6AH         LINE#         77
  C:0C6BH         LINE#         80
  C:0C6DH         LINE#         81
  C:0C6FH         LINE#         82
  C:0C72H         LINE#         85
  C:0C73H         LINE#         86
  C:0C74H         LINE#         89
  C:0C75H         LINE#         90
  C:0C76H         LINE#         91
  C:0C77H         LINE#         92
  C:0C78H         LINE#         94
  C:0C7AH         LINE#         95
  C:0C7CH         LINE#         98
  C:0C7FH         LINE#         99
  C:0C82H         LINE#         101
  C:0C84H         LINE#         102
  C:0C87H         LINE#         103
  C:0C89H         LINE#         104
  C:0C8CH         LINE#         106
  C:0C8FH         LINE#         109
  C:0C91H         LINE#         110
  C:0C93H         LINE#         111
  C:0C94H         LINE#         119
  C:0C96H         LINE#         120
  C:0C98H         LINE#         122
  C:0C9BH         LINE#         126
  C:0C9CH         LINE#         127
  C:0C9DH         LINE#         128
  C:0C9EH         LINE#         131
  C:0CA1H         LINE#         132
  C:0CA3H         LINE#         135
  C:0CA4H         LINE#         136
  C:0CA5H         LINE#         137
  C:0CA6H         LINE#         138
  C:0CA7H         LINE#         139
  C:0CA8H         LINE#         142
  C:0CAAH         LINE#         143
  C:0CACH         LINE#         146
  C:0CADH         LINE#         147
  C:0CAFH         LINE#         150
  C:0CB0H         LINE#         151
  C:0CB1H         LINE#         152
  C:0CB2H         LINE#         154
  C:0CB5H         LINE#         157
  C:0CB6H         LINE#         158
  C:0CB7H         LINE#         161
  C:0CB8H         LINE#         162
  C:0CB9H         LINE#         163
  C:0CBAH         LINE#         164
  C:0CBBH         LINE#         167
  C:0CBEH         LINE#         168
  C:0CC1H         LINE#         169
  C:0CC3H         LINE#         172
  C:0CC6H         LINE#         178
  C:0CC7H         LINE#         179
  C:0CC9H         LINE#         182
BL51 BANKED LINKER/LOCATER V6.22.4.0                                                  01/09/2026  16:23:41  PAGE 28


  C:0CCBH         LINE#         183
  C:0CCDH         LINE#         184
  C:0CD0H         LINE#         185
  C:0CD2H         LINE#         186
  C:0CD5H         LINE#         187
  C:0CD7H         LINE#         188
  C:0CD8H         LINE#         189
  C:0CDAH         LINE#         192
  C:0CDDH         LINE#         193
  C:0CDFH         LINE#         194
  C:0CE2H         LINE#         198
  C:0CE4H         LINE#         199
  C:0CE6H         LINE#         201
  C:0CE8H         LINE#         204
  C:0CEAH         LINE#         205
  C:0CECH         LINE#         206
  C:0CEFH         LINE#         207
  -------         ENDMOD        SINGER

  -------         MODULE        BUZZER
  C:1353H         SEGMENT       BUZZER_SEGMENT
  C:1353H         PUBLIC        BUZZER_INIT
  C:135FH         PUBLIC        BUZZER_SET_FREQUENCY
  C:1357H         PUBLIC        BUZZER_START
  C:135BH         PUBLIC        BUZZER_STOP
  B:00C0H.2       SYMBOL        AA
  B:00D0H.6       SYMBOL        AC
  D:00E0H         SYMBOL        ACC
  B:00E8H.4       SYMBOL        AD0BUSY
  B:00E8H.7       SYMBOL        AD0EN
  B:00E8H.5       SYMBOL        AD0INT
  B:00E8H.0       SYMBOL        AD0LJST
  B:00E8H.2       SYMBOL        AD0STM0
  B:00E8H.3       SYMBOL        AD0STM1
  B:00E8H.6       SYMBOL        AD0TM
  B:00E8H.1       SYMBOL        AD0WINT
  D:00BCH         SYMBOL        ADC0CF
  D:00E8H         SYMBOL        ADC0CN
  D:00C5H         SYMBOL        ADC0GTH
  D:00C4H         SYMBOL        ADC0GTL
  D:00BFH         SYMBOL        ADC0H
  D:00BEH         SYMBOL        ADC0L
  D:00C7H         SYMBOL        ADC0LTH
  D:00C6H         SYMBOL        ADC0LTL
  D:009CH         SYMBOL        ADC1
  D:00ABH         SYMBOL        ADC1CF
  D:00AAH         SYMBOL        ADC1CN
  D:00BAH         SYMBOL        AMX0CF
  D:00BBH         SYMBOL        AMX0SL
  D:00ACH         SYMBOL        AMX1SL
  D:00F0H         SYMBOL        B
  B:00D8H.0       SYMBOL        CCF0
  B:00D8H.1       SYMBOL        CCF1
  B:00D8H.2       SYMBOL        CCF2
  B:00D8H.3       SYMBOL        CCF3
  B:00D8H.4       SYMBOL        CCF4
  B:00D8H.7       SYMBOL        CF
BL51 BANKED LINKER/LOCATER V6.22.4.0                                                  01/09/2026  16:23:41  PAGE 29


  D:008EH         SYMBOL        CKCON
  B:00C8H.0       SYMBOL        CPRL2
  D:009EH         SYMBOL        CPT0CN
  D:009FH         SYMBOL        CPT1CN
  B:00D8H.6       SYMBOL        CR
  B:00C8H.1       SYMBOL        CT2
  B:00D0H.7       SYMBOL        CY
  D:00D4H         SYMBOL        DAC0CN
  D:00D3H         SYMBOL        DAC0H
  D:00D2H         SYMBOL        DAC0L
  D:00D7H         SYMBOL        DAC1CN
  D:00D6H         SYMBOL        DAC1H
  D:00D5H         SYMBOL        DAC1L
  D:0083H         SYMBOL        DPH
  D:0082H         SYMBOL        DPL
  B:00A8H.7       SYMBOL        EA
  D:00E6H         SYMBOL        EIE1
  D:00E7H         SYMBOL        EIE2
  D:00F6H         SYMBOL        EIP1
  D:00F7H         SYMBOL        EIP2
  D:00A3H         SYMBOL        EMI0CF
  D:00AFH         SYMBOL        EMI0CN
  D:00A1H         SYMBOL        EMI0TC
  B:00C0H.6       SYMBOL        ENSMB
  B:00A8H.4       SYMBOL        ES
  B:00A8H.1       SYMBOL        ET0
  B:00A8H.3       SYMBOL        ET1
  B:00A8H.5       SYMBOL        ET2
  B:00A8H.0       SYMBOL        EX0
  B:00A8H.2       SYMBOL        EX1
  B:00C8H.3       SYMBOL        EXEN2
  B:00C8H.6       SYMBOL        EXF2
  B:00D0H.5       SYMBOL        F0
  B:00D0H.1       SYMBOL        F1
  D:00B7H         SYMBOL        FLACL
  D:00B6H         SYMBOL        FLSCL
  D:00A8H         SYMBOL        IE
  B:0088H.1       SYMBOL        IE0
  B:0088H.3       SYMBOL        IE1
  D:00B8H         SYMBOL        IP
  B:0088H.0       SYMBOL        IT0
  B:0088H.2       SYMBOL        IT1
  B:00F8H.5       SYMBOL        MODF
  B:00F8H.1       SYMBOL        MSTEN
  D:00B2H         SYMBOL        OSCICN
  D:00B1H         SYMBOL        OSCXCN
  B:00D0H.2       SYMBOL        OV
  B:00D0H.0       SYMBOL        P
  D:0080H         SYMBOL        P0
  D:00A4H         SYMBOL        P0MDOUT
  D:0090H         SYMBOL        P1
  D:00BDH         SYMBOL        P1MDIN
  D:00A5H         SYMBOL        P1MDOUT
  D:00A0H         SYMBOL        P2
  D:00A6H         SYMBOL        P2MDOUT
  D:00B0H         SYMBOL        P3
  D:00ADH         SYMBOL        P3IF
BL51 BANKED LINKER/LOCATER V6.22.4.0                                                  01/09/2026  16:23:41  PAGE 30


  D:00A7H         SYMBOL        P3MDOUT
  D:0084H         SYMBOL        P4
  D:0085H         SYMBOL        P5
  D:0086H         SYMBOL        P6
  D:0096H         SYMBOL        P7
  D:00B5H         SYMBOL        P74OUT
  D:00D8H         SYMBOL        PCA0CN
  D:00FAH         SYMBOL        PCA0CPH0
  D:00FBH         SYMBOL        PCA0CPH1
  D:00FCH         SYMBOL        PCA0CPH2
  D:00FDH         SYMBOL        PCA0CPH3
  D:00FEH         SYMBOL        PCA0CPH4
  D:00EAH         SYMBOL        PCA0CPL0
  D:00EBH         SYMBOL        PCA0CPL1
  D:00ECH         SYMBOL        PCA0CPL2
  D:00EDH         SYMBOL        PCA0CPL3
  D:00EEH         SYMBOL        PCA0CPL4
  D:00DAH         SYMBOL        PCA0CPM0
  D:00DBH         SYMBOL        PCA0CPM1
  D:00DCH         SYMBOL        PCA0CPM2
  D:00DDH         SYMBOL        PCA0CPM3
  D:00DEH         SYMBOL        PCA0CPM4
  D:00F9H         SYMBOL        PCA0H
  D:00E9H         SYMBOL        PCA0L
  D:00D9H         SYMBOL        PCA0MD
  D:0087H         SYMBOL        PCON
  B:00B8H.4       SYMBOL        PS
  D:008FH         SYMBOL        PSCTL
  D:00D0H         SYMBOL        PSW
  B:00B8H.1       SYMBOL        PT0
  B:00B8H.3       SYMBOL        PT1
  B:00B8H.5       SYMBOL        PT2
  B:00B8H.0       SYMBOL        PX0
  B:00B8H.2       SYMBOL        PX1
  B:0098H.2       SYMBOL        RB8
  D:00CBH         SYMBOL        RCAP2H
  D:00CAH         SYMBOL        RCAP2L
  D:00E5H         SYMBOL        RCAP4H
  D:00E4H         SYMBOL        RCAP4L
  B:00C8H.5       SYMBOL        RCLK
  D:00D1H         SYMBOL        REF0CN
  B:0098H.4       SYMBOL        REN
  B:0098H.0       SYMBOL        RI
  B:00D0H.3       SYMBOL        RS0
  B:00D0H.4       SYMBOL        RS1
  D:00EFH         SYMBOL        RSTSRC
  B:00F8H.4       SYMBOL        RXOVRN
  D:00A9H         SYMBOL        SADDR0
  D:00F3H         SYMBOL        SADDR1
  D:00B9H         SYMBOL        SADEN0
  D:00AEH         SYMBOL        SADEN1
  D:0099H         SYMBOL        SBUF0
  D:00F2H         SYMBOL        SBUF1
  D:0098H         SYMBOL        SCON0
  D:00F1H         SYMBOL        SCON1
  B:00C0H.3       SYMBOL        SI
  B:00F8H.2       SYMBOL        SLVSEL
BL51 BANKED LINKER/LOCATER V6.22.4.0                                                  01/09/2026  16:23:41  PAGE 31


  B:0098H.7       SYMBOL        SM0
  B:0098H.6       SYMBOL        SM1
  B:0098H.5       SYMBOL        SM2
  D:00C3H         SYMBOL        SMB0ADR
  D:00C0H         SYMBOL        SMB0CN
  D:00CFH         SYMBOL        SMB0CR
  D:00C2H         SYMBOL        SMB0DAT
  D:00C1H         SYMBOL        SMB0STA
  B:00C0H.1       SYMBOL        SMBFTE
  B:00C0H.0       SYMBOL        SMBTOE
  D:0081H         SYMBOL        SP
  D:009AH         SYMBOL        SPI0CFG
  D:009DH         SYMBOL        SPI0CKR
  D:00F8H         SYMBOL        SPI0CN
  D:009BH         SYMBOL        SPI0DAT
  B:00F8H.0       SYMBOL        SPIEN
  B:00F8H.7       SYMBOL        SPIF
  B:00C0H.5       SYMBOL        STA
  B:00C0H.4       SYMBOL        STO
  D:00C8H         SYMBOL        T2CON
  D:00C9H         SYMBOL        T4CON
  B:0098H.3       SYMBOL        TB8
  B:00C8H.4       SYMBOL        TCLK
  D:0088H         SYMBOL        TCON
  B:0088H.5       SYMBOL        TF0
  B:0088H.7       SYMBOL        TF1
  B:00C8H.7       SYMBOL        TF2
  D:008CH         SYMBOL        TH0
  D:008DH         SYMBOL        TH1
  D:00CDH         SYMBOL        TH2
  D:00F5H         SYMBOL        TH4
  B:0098H.1       SYMBOL        TI
  D:008AH         SYMBOL        TL0
  D:008BH         SYMBOL        TL1
  D:00CCH         SYMBOL        TL2
  D:00F4H         SYMBOL        TL4
  D:0089H         SYMBOL        TMOD
  D:0091H         SYMBOL        TMR3CN
  D:0095H         SYMBOL        TMR3H
  D:0094H         SYMBOL        TMR3L
  D:0093H         SYMBOL        TMR3RLH
  D:0092H         SYMBOL        TMR3RLL
  B:0088H.4       SYMBOL        TR0
  B:0088H.6       SYMBOL        TR1
  B:00C8H.2       SYMBOL        TR2
  B:00F8H.3       SYMBOL        TXBSY
  B:00F8H.6       SYMBOL        WCOL
  D:00FFH         SYMBOL        WDTCN
  D:00E1H         SYMBOL        XBR0
  D:00E2H         SYMBOL        XBR1
  D:00E3H         SYMBOL        XBR2
  C:1353H         LINE#         31
  C:1356H         LINE#         32
  C:1357H         LINE#         40
  C:135AH         LINE#         41
  C:135BH         LINE#         49
  C:135EH         LINE#         50
BL51 BANKED LINKER/LOCATER V6.22.4.0                                                  01/09/2026  16:23:41  PAGE 32


  C:135FH         LINE#         59
  C:1362H         LINE#         60
  -------         ENDMOD        BUZZER

  -------         MODULE        DELAY
  C:1340H         SEGMENT       DELAY
  C:1340H         PUBLIC        DELAY_MS
  C:1344H         SYMBOL        L_D1
  C:1346H         SYMBOL        L_D2
  C:1348H         SYMBOL        L_D3
  C:1340H         LINE#         7
  C:1342H         LINE#         8
  C:1344H         LINE#         9
  C:1346H         LINE#         10
  C:1348H         LINE#         11
  C:134AH         LINE#         12
  C:134CH         LINE#         13
  C:134EH         LINE#         14
  C:1350H         LINE#         15
  C:1352H         LINE#         16
  -------         ENDMOD        DELAY

  -------         MODULE        KEYBOARD
  C:0EECH         SEGMENT       KBD
  C:0EECH         PUBLIC        MATRIXKEY
  B:00C0H.2       SYMBOL        AA
  B:00D0H.6       SYMBOL        AC
  D:00E0H         SYMBOL        ACC
  B:00E8H.4       SYMBOL        AD0BUSY
  B:00E8H.7       SYMBOL        AD0EN
  B:00E8H.5       SYMBOL        AD0INT
  B:00E8H.0       SYMBOL        AD0LJST
  B:00E8H.2       SYMBOL        AD0STM0
  B:00E8H.3       SYMBOL        AD0STM1
  B:00E8H.6       SYMBOL        AD0TM
  B:00E8H.1       SYMBOL        AD0WINT
  D:00BCH         SYMBOL        ADC0CF
  D:00E8H         SYMBOL        ADC0CN
  D:00C5H         SYMBOL        ADC0GTH
  D:00C4H         SYMBOL        ADC0GTL
  D:00BFH         SYMBOL        ADC0H
  D:00BEH         SYMBOL        ADC0L
  D:00C7H         SYMBOL        ADC0LTH
  D:00C6H         SYMBOL        ADC0LTL
  D:009CH         SYMBOL        ADC1
  D:00ABH         SYMBOL        ADC1CF
  D:00AAH         SYMBOL        ADC1CN
  D:00BAH         SYMBOL        AMX0CF
  D:00BBH         SYMBOL        AMX0SL
  D:00ACH         SYMBOL        AMX1SL
  D:00F0H         SYMBOL        B
  B:00D8H.0       SYMBOL        CCF0
  B:00D8H.1       SYMBOL        CCF1
  B:00D8H.2       SYMBOL        CCF2
  B:00D8H.3       SYMBOL        CCF3
  B:00D8H.4       SYMBOL        CCF4
  B:00D8H.7       SYMBOL        CF
BL51 BANKED LINKER/LOCATER V6.22.4.0                                                  01/09/2026  16:23:41  PAGE 33


  D:008EH         SYMBOL        CKCON
  B:00C8H.0       SYMBOL        CPRL2
  D:009EH         SYMBOL        CPT0CN
  D:009FH         SYMBOL        CPT1CN
  B:00D8H.6       SYMBOL        CR
  B:00C8H.1       SYMBOL        CT2
  B:00D0H.7       SYMBOL        CY
  D:00D4H         SYMBOL        DAC0CN
  D:00D3H         SYMBOL        DAC0H
  D:00D2H         SYMBOL        DAC0L
  D:00D7H         SYMBOL        DAC1CN
  D:00D6H         SYMBOL        DAC1H
  D:00D5H         SYMBOL        DAC1L
  D:0083H         SYMBOL        DPH
  D:0082H         SYMBOL        DPL
  B:00A8H.7       SYMBOL        EA
  D:00E6H         SYMBOL        EIE1
  D:00E7H         SYMBOL        EIE2
  D:00F6H         SYMBOL        EIP1
  D:00F7H         SYMBOL        EIP2
  D:00A3H         SYMBOL        EMI0CF
  D:00AFH         SYMBOL        EMI0CN
  D:00A1H         SYMBOL        EMI0TC
  B:00C0H.6       SYMBOL        ENSMB
  B:00A8H.4       SYMBOL        ES
  B:00A8H.1       SYMBOL        ET0
  B:00A8H.3       SYMBOL        ET1
  B:00A8H.5       SYMBOL        ET2
  B:00A8H.0       SYMBOL        EX0
  B:00A8H.2       SYMBOL        EX1
  B:00C8H.3       SYMBOL        EXEN2
  B:00C8H.6       SYMBOL        EXF2
  B:00D0H.5       SYMBOL        F0
  B:00D0H.1       SYMBOL        F1
  D:00B7H         SYMBOL        FLACL
  D:00B6H         SYMBOL        FLSCL
  D:00A8H         SYMBOL        IE
  B:0088H.1       SYMBOL        IE0
  B:0088H.3       SYMBOL        IE1
  D:00B8H         SYMBOL        IP
  B:0088H.0       SYMBOL        IT0
  B:0088H.2       SYMBOL        IT1
  C:0EF9H         SYMBOL        MK_SK1
  C:0F39H         SYMBOL        MK_SK10
  C:0F3FH         SYMBOL        MK_SK11
  C:0F45H         SYMBOL        MK_SK12
  C:0F50H         SYMBOL        MK_SK13
  C:0F56H         SYMBOL        MK_SK14
  C:0F5CH         SYMBOL        MK_SK15
  C:0F62H         SYMBOL        MK_SK16
  C:0EFFH         SYMBOL        MK_SK2
  C:0F05H         SYMBOL        MK_SK3
  C:0F0BH         SYMBOL        MK_SK4
  C:0F16H         SYMBOL        MK_SK5
  C:0F1CH         SYMBOL        MK_SK6
  C:0F22H         SYMBOL        MK_SK7
  C:0F28H         SYMBOL        MK_SK8
BL51 BANKED LINKER/LOCATER V6.22.4.0                                                  01/09/2026  16:23:41  PAGE 34


  C:0F33H         SYMBOL        MK_SK9
  B:00F8H.5       SYMBOL        MODF
  B:00F8H.1       SYMBOL        MSTEN
  C:0F9CH         SYMBOL        MXK_10_CHECK
  C:0FC0H         SYMBOL        MXK_11_CHECK
  C:0FE4H         SYMBOL        MXK_12_CHECK
  C:0F81H         SYMBOL        MXK_13_CHECK
  C:0FA5H         SYMBOL        MXK_14_CHECK
  C:0FC9H         SYMBOL        MXK_15_CHECK
  C:0FEDH         SYMBOL        MXK_16_CHECK
  C:0F66H         SYMBOL        MXK_1_CHECK
  C:0F8AH         SYMBOL        MXK_2_CHECK
  C:0FAEH         SYMBOL        MXK_3_CHECK
  C:0FD2H         SYMBOL        MXK_4_CHECK
  C:0F6FH         SYMBOL        MXK_5_CHECK
  C:0F93H         SYMBOL        MXK_6_CHECK
  C:0FB7H         SYMBOL        MXK_7_CHECK
  C:0FDBH         SYMBOL        MXK_8_CHECK
  C:0F78H         SYMBOL        MXK_9_CHECK
  D:00B2H         SYMBOL        OSCICN
  D:00B1H         SYMBOL        OSCXCN
  B:00D0H.2       SYMBOL        OV
  B:00D0H.0       SYMBOL        P
  D:0080H         SYMBOL        P0
  D:00A4H         SYMBOL        P0MDOUT
  D:0090H         SYMBOL        P1
  D:00BDH         SYMBOL        P1MDIN
  D:00A5H         SYMBOL        P1MDOUT
  D:00A0H         SYMBOL        P2
  D:00A6H         SYMBOL        P2MDOUT
  D:00B0H         SYMBOL        P3
  D:00ADH         SYMBOL        P3IF
  D:00A7H         SYMBOL        P3MDOUT
  D:0084H         SYMBOL        P4
  D:0085H         SYMBOL        P5
  D:0086H         SYMBOL        P6
  D:0096H         SYMBOL        P7
  D:00B5H         SYMBOL        P74OUT
  D:00D8H         SYMBOL        PCA0CN
  D:00FAH         SYMBOL        PCA0CPH0
  D:00FBH         SYMBOL        PCA0CPH1
  D:00FCH         SYMBOL        PCA0CPH2
  D:00FDH         SYMBOL        PCA0CPH3
  D:00FEH         SYMBOL        PCA0CPH4
  D:00EAH         SYMBOL        PCA0CPL0
  D:00EBH         SYMBOL        PCA0CPL1
  D:00ECH         SYMBOL        PCA0CPL2
  D:00EDH         SYMBOL        PCA0CPL3
  D:00EEH         SYMBOL        PCA0CPL4
  D:00DAH         SYMBOL        PCA0CPM0
  D:00DBH         SYMBOL        PCA0CPM1
  D:00DCH         SYMBOL        PCA0CPM2
  D:00DDH         SYMBOL        PCA0CPM3
  D:00DEH         SYMBOL        PCA0CPM4
  D:00F9H         SYMBOL        PCA0H
  D:00E9H         SYMBOL        PCA0L
  D:00D9H         SYMBOL        PCA0MD
BL51 BANKED LINKER/LOCATER V6.22.4.0                                                  01/09/2026  16:23:41  PAGE 35


  D:0087H         SYMBOL        PCON
  B:00B8H.4       SYMBOL        PS
  D:008FH         SYMBOL        PSCTL
  D:00D0H         SYMBOL        PSW
  B:00B8H.1       SYMBOL        PT0
  B:00B8H.3       SYMBOL        PT1
  B:00B8H.5       SYMBOL        PT2
  B:00B8H.0       SYMBOL        PX0
  B:00B8H.2       SYMBOL        PX1
  B:0098H.2       SYMBOL        RB8
  D:00CBH         SYMBOL        RCAP2H
  D:00CAH         SYMBOL        RCAP2L
  D:00E5H         SYMBOL        RCAP4H
  D:00E4H         SYMBOL        RCAP4L
  B:00C8H.5       SYMBOL        RCLK
  D:00D1H         SYMBOL        REF0CN
  B:0098H.4       SYMBOL        REN
  B:0098H.0       SYMBOL        RI
  B:00D0H.3       SYMBOL        RS0
  B:00D0H.4       SYMBOL        RS1
  D:00EFH         SYMBOL        RSTSRC
  B:00F8H.4       SYMBOL        RXOVRN
  D:00A9H         SYMBOL        SADDR0
  D:00F3H         SYMBOL        SADDR1
  D:00B9H         SYMBOL        SADEN0
  D:00AEH         SYMBOL        SADEN1
  D:0099H         SYMBOL        SBUF0
  D:00F2H         SYMBOL        SBUF1
  D:0098H         SYMBOL        SCON0
  D:00F1H         SYMBOL        SCON1
  B:00C0H.3       SYMBOL        SI
  B:00F8H.2       SYMBOL        SLVSEL
  B:0098H.7       SYMBOL        SM0
  B:0098H.6       SYMBOL        SM1
  B:0098H.5       SYMBOL        SM2
  D:00C3H         SYMBOL        SMB0ADR
  D:00C0H         SYMBOL        SMB0CN
  D:00CFH         SYMBOL        SMB0CR
  D:00C2H         SYMBOL        SMB0DAT
  D:00C1H         SYMBOL        SMB0STA
  B:00C0H.1       SYMBOL        SMBFTE
  B:00C0H.0       SYMBOL        SMBTOE
  D:0081H         SYMBOL        SP
  D:009AH         SYMBOL        SPI0CFG
  D:009DH         SYMBOL        SPI0CKR
  D:00F8H         SYMBOL        SPI0CN
  D:009BH         SYMBOL        SPI0DAT
  B:00F8H.0       SYMBOL        SPIEN
  B:00F8H.7       SYMBOL        SPIF
  B:00C0H.5       SYMBOL        STA
  B:00C0H.4       SYMBOL        STO
  D:00C8H         SYMBOL        T2CON
  D:00C9H         SYMBOL        T4CON
  B:0098H.3       SYMBOL        TB8
  B:00C8H.4       SYMBOL        TCLK
  D:0088H         SYMBOL        TCON
  B:0088H.5       SYMBOL        TF0
BL51 BANKED LINKER/LOCATER V6.22.4.0                                                  01/09/2026  16:23:41  PAGE 36


  B:0088H.7       SYMBOL        TF1
  B:00C8H.7       SYMBOL        TF2
  D:008CH         SYMBOL        TH0
  D:008DH         SYMBOL        TH1
  D:00CDH         SYMBOL        TH2
  D:00F5H         SYMBOL        TH4
[...]


  C:05DCH         LINE#         550
  C:05DFH         LINE#         551
  C:05E0H         LINE#         552
  C:05E2H         LINE#         553
  C:05E5H         LINE#         554
  C:05E6H         LINE#         556
  C:05E8H         LINE#         557
  C:05EBH         LINE#         558
  C:05ECH         LINE#         559
  C:05EDH         LINE#         560
  C:05EEH         LINE#         561
  C:05F0H         LINE#         562
  C:05F3H         LINE#         563
  C:05F4H         LINE#         568
  C:05F6H         LINE#         569
  C:05F9H         LINE#         571
  C:05FCH         LINE#         572
  C:05FFH         LINE#         574
  C:0602H         LINE#         576
  C:0604H         LINE#         577
  C:0607H         LINE#         579
  C:0608H         LINE#         580
  C:060AH         LINE#         581
  C:060BH         LINE#         582
  C:060DH         LINE#         584
  C:0610H         LINE#         585
  C:0613H         LINE#         586
  C:0614H         LINE#         588
  C:0617H         LINE#         589
  C:061AH         LINE#         590
  C:061BH         LINE#         592
  C:061EH         LINE#         593
  C:0621H         LINE#         594
  C:0622H         LINE#         597
  C:0624H         LINE#         598
  C:0626H         LINE#         599
  C:0628H         LINE#         600
  C:062AH         LINE#         601
  C:062BH         LINE#         604
  C:062EH         LINE#         607
  C:0630H         LINE#         608
  C:0632H         LINE#         609
  C:0634H         LINE#         612
  C:0636H         LINE#         613
  C:0638H         LINE#         616
  C:063AH         LINE#         617
  C:063CH         LINE#         618
  C:063FH         LINE#         619
  C:0641H         LINE#         622
  C:0643H         LINE#         623
  C:0646H         LINE#         624
  C:0649H         LINE#         625
  C:064CH         LINE#         626
  C:064EH         LINE#         629
  C:0650H         LINE#         630
  C:0652H         LINE#         634
  C:0655H         LINE#         635
BL51 BANKED LINKER/LOCATER V6.22.4.0                                                  01/09/2026  16:23:41  PAGE 71


  C:0657H         LINE#         637
  C:065AH         LINE#         638
  C:065CH         LINE#         642
  C:065FH         LINE#         643
  C:0661H         LINE#         645
  C:0664H         LINE#         646
  C:0666H         LINE#         651
  C:0669H         LINE#         652
  C:066BH         LINE#         654
  C:066DH         LINE#         656
  C:066FH         LINE#         657
  C:0672H         LINE#         658
  C:0674H         LINE#         662
  C:0677H         LINE#         664
  C:0679H         LINE#         665
  C:067CH         LINE#         666
  C:067EH         LINE#         667
  C:0680H         LINE#         669
  C:0683H         LINE#         671
  C:0685H         LINE#         672
  C:0688H         LINE#         673
  C:068AH         LINE#         676
  C:068CH         LINE#         677
  C:068FH         LINE#         678
  C:0691H         LINE#         682
  C:0694H         LINE#         683
  C:0696H         LINE#         685
  C:0699H         LINE#         686
  C:069BH         LINE#         689
  C:069EH         LINE#         691
  C:069FH         LINE#         702
  C:06A0H         LINE#         703
  C:06A3H         LINE#         705
  C:06A4H         LINE#         706
  C:06A5H         LINE#         707
  C:06A6H         LINE#         711
  C:06A8H         LINE#         712
  C:06A9H         LINE#         713
  C:06AAH         LINE#         717
  C:06ABH         LINE#         718
  C:06AEH         LINE#         719
  C:06B0H         LINE#         720
  C:06B1H         LINE#         722
  C:06B4H         LINE#         723
  C:06B6H         LINE#         724
  C:06B7H         LINE#         727
  C:06B8H         LINE#         728
  C:06B9H         LINE#         729
  C:06BAH         LINE#         733
  C:06BDH         LINE#         735
  C:06BEH         LINE#         736
  C:06BFH         LINE#         737
  C:06C1H         LINE#         738
  C:06C3H         LINE#         740
  C:06C6H         LINE#         741
  C:06C8H         LINE#         742
  C:06C9H         LINE#         743
BL51 BANKED LINKER/LOCATER V6.22.4.0                                                  01/09/2026  16:23:41  PAGE 72


  C:06CBH         LINE#         744
  C:06CCH         LINE#         747
  C:06CDH         LINE#         748
  C:06CEH         LINE#         749
  C:06D0H         LINE#         750
  C:06D1H         LINE#         751
  C:06D4H         LINE#         752
  C:06D6H         LINE#         753
  C:06D7H         LINE#         754
  C:06D9H         LINE#         755
  C:06DAH         LINE#         759
  C:06DDH         LINE#         760
  C:06DEH         LINE#         761
  C:06DFH         LINE#         762
  C:06E1H         LINE#         763
  C:06E3H         LINE#         764
  C:06E6H         LINE#         765
  C:06E8H         LINE#         766
  C:06E9H         LINE#         767
  C:06EBH         LINE#         768
  C:06ECH         LINE#         770
  C:06EDH         LINE#         771
  C:06EEH         LINE#         772
  C:06F0H         LINE#         773
  C:06F1H         LINE#         774
  C:06F4H         LINE#         775
  C:06F6H         LINE#         776
  C:06F7H         LINE#         777
  C:06F9H         LINE#         778
  C:06FAH         LINE#         782
  C:06FDH         LINE#         783
  C:06FEH         LINE#         784
  C:06FFH         LINE#         785
  C:0701H         LINE#         786
  C:0703H         LINE#         787
  C:0706H         LINE#         788
  C:0708H         LINE#         789
  C:0709H         LINE#         790
  C:070BH         LINE#         791
  C:070CH         LINE#         793
  C:070DH         LINE#         794
  C:070EH         LINE#         795
  C:0710H         LINE#         796
  C:0711H         LINE#         797
  C:0714H         LINE#         798
  C:0716H         LINE#         799
  C:0717H         LINE#         800
  C:0719H         LINE#         801
  C:071AH         LINE#         805
  C:071BH         LINE#         806
  C:071EH         LINE#         807
  C:071FH         LINE#         808
  C:0720H         LINE#         809
  C:0729H         LINE#         816
  C:072CH         LINE#         817
  C:072DH         LINE#         818
  C:072EH         LINE#         819
BL51 BANKED LINKER/LOCATER V6.22.4.0                                                  01/09/2026  16:23:41  PAGE 73


  C:0730H         LINE#         820
  C:0732H         LINE#         822
  C:0735H         LINE#         823
  C:0736H         LINE#         824
  C:0737H         LINE#         825
  C:0738H         LINE#         826
  C:073AH         LINE#         827
  C:073BH         LINE#         828
  C:073DH         LINE#         829
  C:073FH         LINE#         830
  C:0740H         LINE#         831
  C:0742H         LINE#         832
  C:0744H         LINE#         833
  C:0745H         LINE#         834
  C:0747H         LINE#         835
  C:0748H         LINE#         837
  C:0749H         LINE#         838
  C:074AH         LINE#         839
  C:074CH         LINE#         840
  C:074DH         LINE#         841
  C:0750H         LINE#         842
  C:0751H         LINE#         843
  C:0752H         LINE#         844
  C:0753H         LINE#         845
  C:0755H         LINE#         846
  C:0756H         LINE#         847
  C:0758H         LINE#         848
  C:075AH         LINE#         849
  C:075BH         LINE#         850
  C:075DH         LINE#         851
  C:075FH         LINE#         852
  C:0760H         LINE#         853
  C:0762H         LINE#         854
  C:0763H         LINE#         859
  C:0766H         LINE#         860
  C:0767H         LINE#         861
  C:0768H         LINE#         862
  C:076AH         LINE#         863
  C:076CH         LINE#         866
  C:076FH         LINE#         868
  C:0771H         LINE#         869
  C:0772H         LINE#         870
  C:0774H         LINE#         873
  C:0776H         LINE#         874
  C:0779H         LINE#         875
  C:077BH         LINE#         878
  C:077DH         LINE#         879
  C:077EH         LINE#         880
  C:0780H         LINE#         883
  C:0782H         LINE#         884
  C:0785H         LINE#         889
  C:0787H         LINE#         890
  C:0788H         LINE#         891
  C:078AH         LINE#         892
  C:078CH         LINE#         896
  C:078DH         LINE#         897
  C:078EH         LINE#         898
BL51 BANKED LINKER/LOCATER V6.22.4.0                                                  01/09/2026  16:23:41  PAGE 74


  C:0790H         LINE#         899
  C:0791H         LINE#         900
  C:0794H         LINE#         903
  C:0796H         LINE#         904
  C:0797H         LINE#         905
  C:0799H         LINE#         908
  C:079BH         LINE#         909
  C:079EH         LINE#         910
  C:07A0H         LINE#         913
  C:07A2H         LINE#         914
  C:07A3H         LINE#         915
  C:07A5H         LINE#         917
  C:07A7H         LINE#         918
  C:07AAH         LINE#         921
  C:07ACH         LINE#         922
  C:07ADH         LINE#         923
  C:07AFH         LINE#         924
  C:07B1H         LINE#         927
  C:07B2H         LINE#         928
  C:07B3H         LINE#         930
  C:07B4H         LINE#         931
  C:07B5H         LINE#         939
  C:07B7H         LINE#         940
  C:07B9H         LINE#         941
  C:07BBH         LINE#         942
  C:07BDH         LINE#         943
  C:07BFH         LINE#         944
  C:07C1H         LINE#         945
  C:07C3H         LINE#         946
  C:07C4H         LINE#         947
  C:07C5H         LINE#         951
  C:07C7H         LINE#         952
  C:07CAH         LINE#         953
  C:07CBH         LINE#         954
  C:07CCH         LINE#         957
  C:07CEH         LINE#         960
  C:07D0H         LINE#         961
  C:07D2H         LINE#         962
  C:07D5H         LINE#         963
  C:07D7H         LINE#         966
  C:07DAH         LINE#         970
  C:07DBH         LINE#         971
  C:07DDH         LINE#         972
  C:07DEH         LINE#         976
  C:07DFH         LINE#         977
  C:07E0H         LINE#         980
  C:07E3H         LINE#         981
  C:07E4H         LINE#         982
  C:07E7H         LINE#         983
  C:07E9H         LINE#         985
  C:07ECH         LINE#         986
  C:07EEH         LINE#         988
  C:07EFH         LINE#         989
  C:07F0H         LINE#         990
  C:07F3H         LINE#         993
  C:07F5H         LINE#         995
  C:07F6H         LINE#         996
BL51 BANKED LINKER/LOCATER V6.22.4.0                                                  01/09/2026  16:23:41  PAGE 75


  C:07F7H         LINE#         997
  C:07F8H         LINE#         998
  C:07FAH         LINE#         999
  C:07FCH         LINE#         1001
  C:07FFH         LINE#         1002
  C:0802H         LINE#         1003
  C:0804H         LINE#         1005
  C:0805H         LINE#         1006
  C:0807H         LINE#         1011
  C:0808H         LINE#         1012
  C:080AH         LINE#         1013
  C:080CH         LINE#         1016
  C:080FH         LINE#         1021
  C:0810H         LINE#         1022
  C:0812H         LINE#         1023
  C:0813H         LINE#         1026
  C:0814H         LINE#         1027
  C:0815H         LINE#         1029
  C:0816H         LINE#         1030
  C:0818H         LINE#         1031
  C:0819H         LINE#         1032
  C:081CH         LINE#         1033
  C:081FH         LINE#         1034
  C:0821H         LINE#         1035
  C:0823H         LINE#         1038
  C:0825H         LINE#         1040
  C:0826H         LINE#         1041
  C:0827H         LINE#         1042
  C:0828H         LINE#         1043
  C:082AH         LINE#         1044
  C:082CH         LINE#         1046
  C:082FH         LINE#         1047
  C:0832H         LINE#         1048
  C:0834H         LINE#         1050
  C:0835H         LINE#         1051
  C:0837H         LINE#         1055
  C:0838H         LINE#         1056
  C:083AH         LINE#         1057
  C:083CH         LINE#         1060
  C:083FH         LINE#         1061
  C:0841H         LINE#         1064
  C:0844H         LINE#         1065
  C:0845H         LINE#         1066
  C:0846H         LINE#         1070
  C:0847H         LINE#         1071
  C:0848H         LINE#         1076
  C:084AH         LINE#         1077
  C:084DH         LINE#         1078
  C:084EH         LINE#         1079
  C:084FH         LINE#         1080
  C:0851H         LINE#         1081
  C:0853H         LINE#         1082
  C:0856H         LINE#         1084
  C:0858H         LINE#         1085
  C:0859H         LINE#         1086
  C:085BH         LINE#         1088
  C:085DH         LINE#         1089
BL51 BANKED LINKER/LOCATER V6.22.4.0                                                  01/09/2026  16:23:41  PAGE 76


  C:085EH         LINE#         1090
  C:0860H         LINE#         1091
  C:0862H         LINE#         1093
  C:0863H         LINE#         1094
  C:0864H         LINE#         1095
  C:0866H         LINE#         1096
  C:0867H         LINE#         1097
  C:086AH         LINE#         1098
  C:086CH         LINE#         1099
  C:086DH         LINE#         1100
  C:086FH         LINE#         1101
  C:0871H         LINE#         1102
  C:0872H         LINE#         1103
  C:0874H         LINE#         1106
  C:0876H         LINE#         1107
  C:0877H         LINE#         1108
  C:0878H         LINE#         1110
  C:087AH         LINE#         1111
  C:087BH         LINE#         1112
  C:087CH         LINE#         1117
  C:087EH         LINE#         1118
  C:0881H         LINE#         1119
  C:0882H         LINE#         1120
  C:0883H         LINE#         1121
  C:0885H         LINE#         1122
  C:0887H         LINE#         1123
  C:088AH         LINE#         1125
  C:088CH         LINE#         1126
  C:088DH         LINE#         1127
  C:088FH         LINE#         1129
  C:0891H         LINE#         1130
  C:0892H         LINE#         1131
  C:0894H         LINE#         1132
  C:0896H         LINE#         1134
  C:0897H         LINE#         1135
  C:0898H         LINE#         1136
  C:089AH         LINE#         1137
  C:089BH         LINE#         1138
  C:089EH         LINE#         1139
  C:08A0H         LINE#         1140
  C:08A1H         LINE#         1141
  C:08A3H         LINE#         1142
  C:08A5H         LINE#         1143
  C:08A6H         LINE#         1144
  C:08A8H         LINE#         1147
  C:08AAH         LINE#         1148
  C:08ABH         LINE#         1149
  C:08ACH         LINE#         1151
  C:08AEH         LINE#         1152
  C:08AFH         LINE#         1153
  C:08B0H         LINE#         1161
  C:08B2H         LINE#         1162
  C:08B5H         LINE#         1163
  C:08B6H         LINE#         1164
  C:08B7H         LINE#         1165
  C:08B9H         LINE#         1166
  C:08BBH         LINE#         1168
BL51 BANKED LINKER/LOCATER V6.22.4.0                                                  01/09/2026  16:23:41  PAGE 77


  C:08BEH         LINE#         1169
  C:08C0H         LINE#         1170
  C:08C1H         LINE#         1171
  C:08C3H         LINE#         1172
  C:08C5H         LINE#         1173
  C:08C6H         LINE#         1174
  C:08C8H         LINE#         1175
  C:08CAH         LINE#         1178
  C:08CBH         LINE#         1179
  C:08CEH         LINE#         1180
  C:08D0H         LINE#         1181
  C:08D1H         LINE#         1182
  C:08D3H         LINE#         1183
  C:08D5H         LINE#         1184
  C:08D6H         LINE#         1185
  C:08D8H         LINE#         1187
  C:08DAH         LINE#         1188
  C:08DBH         LINE#         1189
  C:08DCH         LINE#         1191
  C:08DEH         LINE#         1192
  C:08DFH         LINE#         1193
  C:08E0H         LINE#         1197
  C:08E2H         LINE#         1198
  C:08E5H         LINE#         1199
  C:08E6H         LINE#         1200
  C:08E7H         LINE#         1201
  C:08E9H         LINE#         1202
  C:08EBH         LINE#         1204
  C:08EEH         LINE#         1205
  C:08F0H         LINE#         1206
  C:08F1H         LINE#         1207
  C:08F3H         LINE#         1208
  C:08F5H         LINE#         1209
  C:08F6H         LINE#         1210
  C:08F8H         LINE#         1211
  C:08FAH         LINE#         1214
  C:08FBH         LINE#         1215
  C:08FEH         LINE#         1216
  C:0900H         LINE#         1217
  C:0901H         LINE#         1218
  C:0903H         LINE#         1219
  C:0905H         LINE#         1220
  C:0906H         LINE#         1221
  C:0908H         LINE#         1223
  C:090AH         LINE#         1224
  C:090BH         LINE#         1225
  C:090CH         LINE#         1227
  C:090EH         LINE#         1228
  C:090FH         LINE#         1229
  C:0910H         LINE#         1235
  C:0912H         LINE#         1236
  C:0915H         LINE#         1237
  C:0916H         LINE#         1238
  C:0917H         LINE#         1239
  C:0919H         LINE#         1240
  C:091BH         LINE#         1242
  C:091EH         LINE#         1243
BL51 BANKED LINKER/LOCATER V6.22.4.0                                                  01/09/2026  16:23:41  PAGE 78


  C:0920H         LINE#         1244
  C:0921H         LINE#         1245
  C:0923H         LINE#         1246
  C:0925H         LINE#         1249
  C:0926H         LINE#         1250
  C:0929H         LINE#         1251
  C:092BH         LINE#         1252
  C:092CH         LINE#         1253
  C:092EH         LINE#         1255
  C:0930H         LINE#         1256
  C:0931H         LINE#         1257
  C:0932H         LINE#         1259
  C:0934H         LINE#         1260
  C:0935H         LINE#         1261
  C:0936H         LINE#         1265
  C:0938H         LINE#         1266
  C:093BH         LINE#         1267
  C:093CH         LINE#         1268
  C:093DH         LINE#         1269
  C:093FH         LINE#         1270
  C:0941H         LINE#         1272
  C:0944H         LINE#         1273
  C:0946H         LINE#         1274
  C:0947H         LINE#         1275
  C:0949H         LINE#         1276
  C:094BH         LINE#         1279
  C:094CH         LINE#         1280
  C:094FH         LINE#         1281
  C:0951H         LINE#         1282
  C:0952H         LINE#         1283
  C:0954H         LINE#         1285
  C:0956H         LINE#         1286
  C:0957H         LINE#         1287
  C:0958H         LINE#         1289
  C:095AH         LINE#         1290
  C:095BH         LINE#         1291
  C:095CH         LINE#         1299
  C:095EH         LINE#         1300
  C:0961H         LINE#         1301
  C:0964H         LINE#         1302
  C:0967H         LINE#         1303
  C:0968H         LINE#         1305
  C:096BH         LINE#         1306
  C:096DH         LINE#         1307
  C:096EH         LINE#         1308
  C:096FH         LINE#         1309
  C:0971H         LINE#         1310
  C:0972H         LINE#         1314
  C:0974H         LINE#         1315
  C:0977H         LINE#         1316
  C:097AH         LINE#         1317
  C:097DH         LINE#         1318
  C:097EH         LINE#         1320
  C:0981H         LINE#         1321
  C:0983H         LINE#         1322
  C:0984H         LINE#         1323
  C:0985H         LINE#         1324
BL51 BANKED LINKER/LOCATER V6.22.4.0                                                  01/09/2026  16:23:41  PAGE 79


  C:0987H         LINE#         1325
  -------         ENDMOD        RUNNINGTASK

Program Size: data=8.0 xdata=0 code=4963
LINK/LOCATE RUN COMPLETE.  0 WARNING(S),  0 ERROR(S)
