BL51 BANKED LINKER/LOCATER V6.22.4.0                                                    01/09/2026  23:24:06  PAGE 1


BL51 BANKED LINKER/LOCATER V6.22.4.0, INVOKED BY:
C:\KEIL_V5\C51\BIN\BL51.EXE .\Objects\Init_Device.obj, .\Objects\main.obj, .\Objects\KeyInput.obj, .\Objects\LCD1602.obj
>> , .\Objects\LED6.obj, .\Objects\singer.obj, .\Objects\buzzer.obj, .\Objects\Delay.obj, .\Objects\Keyboard.obj, .\Obje
>> cts\timer0.obj, .\Objects\timer1.obj, .\Objects\timer2.obj, .\Objects\configurationTask.obj, .\Objects\inputTask.obj,
>>  .\Objects\runningTask.obj TO .\Objects\C8051F020 PRINT (.\Listings\C8051F020.m51) RAMSIZE (256)


INPUT MODULES INCLUDED:
  .\Objects\Init_Device.obj (INIT_DEVICE)
  .\Objects\main.obj (MAIN)
  .\Objects\KeyInput.obj (KEYINPUT)
  .\Objects\LCD1602.obj (LCD1602)
  .\Objects\LED6.obj (LED6)
  .\Objects\singer.obj (SINGER)
  .\Objects\buzzer.obj (BUZZER)
  .\Objects\Delay.obj (DELAY)
  .\Objects\Keyboard.obj (KEYBOARD)
  .\Objects\timer0.obj (TIMER0)
  .\Objects\timer1.obj (TIMER1)
  .\Objects\timer2.obj (TIMER2)
  .\Objects\configurationTask.obj (CONFIGURATIONTASK)
  .\Objects\inputTask.obj (INPUTTASK)
  .\Objects\runningTask.obj (RUNNINGTASK)


LINK MAP OF MODULE:  .\Objects\C8051F020 (INIT_DEVICE)


            TYPE    BASE      LENGTH    RELOCATION   SEGMENT NAME
            -----------------------------------------------------

            * * * * * * *   D A T A   M E M O R Y   * * * * * * *
            REG     0000H     0008H     ABSOLUTE     "REG BANK 0"

            * * * * * * *   C O D E   M E M O R Y   * * * * * * *
            CODE    0000H     02A7H     ABSOLUTE     
            CODE    02A7H     0708H     UNIT         RUNNING
            CODE    09AFH     03BBH     UNIT         CONFIGURATION
            CODE    0D6AH     0191H     UNIT         SINGER_SEGMENT
            CODE    0EFBH     0117H     UNIT         LED6
            CODE    1012H     010AH     UNIT         KBD
            CODE    111CH     00FDH     UNIT         INPUT
            CODE    1219H     00D1H     UNIT         TMR0
            CODE    12EAH     0096H     UNIT         LCD1602
            CODE    1380H     005AH     UNIT         KBI
            CODE    13DAH     0035H     UNIT         TMR1
            CODE    140FH     0032H     UNIT         INIT
            CODE    1441H     0027H     UNIT         TIMER2_SEGMENT
            CODE    1468H     0013H     UNIT         DELAY
            CODE    147BH     0010H     UNIT         BUZZER_SEGMENT



SYMBOL TABLE OF MODULE:  .\Objects\C8051F020 (INIT_DEVICE)

  VALUE           TYPE          NAME
  ----------------------------------

BL51 BANKED LINKER/LOCATER V6.22.4.0                                                  01/09/2026  23:24:06  PAGE 2


  -------         MODULE        INIT_DEVICE
  C:140FH         SEGMENT       INIT
  C:1434H         PUBLIC        INIT_DEVICE
  B:00C0H.2       SYMBOL        AA
  B:00D0H.6       SYMBOL        AC
  D:00E0H         SYMBOL        ACC
  B:00E8H.4       SYMBOL        AD0BUSY
  B:00E8H.7       SYMBOL        AD0EN
  B:00E8H.5       SYMBOL        AD0INT
  B:00E8H.0       SYMBOL        AD0LJST
  B:00E8H.2       SYMBOL        AD0STM0
  B:00E8H.3       SYMBOL        AD0STM1
  B:00E8H.6       SYMBOL        AD0TM
  B:00E8H.1       SYMBOL        AD0WINT
  D:00BCH         SYMBOL        ADC0CF
  D:00E8H         SYMBOL        ADC0CN
  D:00C5H         SYMBOL        ADC0GTH
  D:00C4H         SYMBOL        ADC0GTL
  D:00BFH         SYMBOL        ADC0H
  D:00BEH         SYMBOL        ADC0L
  D:00C7H         SYMBOL        ADC0LTH
  D:00C6H         SYMBOL        ADC0LTL
  D:009CH         SYMBOL        ADC1
  D:00ABH         SYMBOL        ADC1CF
  D:00AAH         SYMBOL        ADC1CN
  D:00BAH         SYMBOL        AMX0CF
  D:00BBH         SYMBOL        AMX0SL
  D:00ACH         SYMBOL        AMX1SL
  D:00F0H         SYMBOL        B
  B:00D8H.0       SYMBOL        CCF0
  B:00D8H.1       SYMBOL        CCF1
  B:00D8H.2       SYMBOL        CCF2
  B:00D8H.3       SYMBOL        CCF3
  B:00D8H.4       SYMBOL        CCF4
  B:00D8H.7       SYMBOL        CF
  D:008EH         SYMBOL        CKCON
  B:00C8H.0       SYMBOL        CPRL2
  D:009EH         SYMBOL        CPT0CN
  D:009FH         SYMBOL        CPT1CN
  B:00D8H.6       SYMBOL        CR
  B:00C8H.1       SYMBOL        CT2
  B:00D0H.7       SYMBOL        CY
  D:00D4H         SYMBOL        DAC0CN
  D:00D3H         SYMBOL        DAC0H
  D:00D2H         SYMBOL        DAC0L
  D:00D7H         SYMBOL        DAC1CN
  D:00D6H         SYMBOL        DAC1H
  D:00D5H         SYMBOL        DAC1L
  D:0083H         SYMBOL        DPH
  D:0082H         SYMBOL        DPL
  B:00A8H.7       SYMBOL        EA
  D:00E6H         SYMBOL        EIE1
  D:00E7H         SYMBOL        EIE2
  D:00F6H         SYMBOL        EIP1
  D:00F7H         SYMBOL        EIP2
  D:00A3H         SYMBOL        EMI0CF
  D:00AFH         SYMBOL        EMI0CN
BL51 BANKED LINKER/LOCATER V6.22.4.0                                                  01/09/2026  23:24:06  PAGE 3


  D:00A1H         SYMBOL        EMI0TC
  B:00C0H.6       SYMBOL        ENSMB
  B:00A8H.4       SYMBOL        ES
  B:00A8H.1       SYMBOL        ET0
  B:00A8H.3       SYMBOL        ET1
  B:00A8H.5       SYMBOL        ET2
  B:00A8H.0       SYMBOL        EX0
  B:00A8H.2       SYMBOL        EX1
  B:00C8H.3       SYMBOL        EXEN2
  B:00C8H.6       SYMBOL        EXF2
  B:00D0H.5       SYMBOL        F0
  B:00D0H.1       SYMBOL        F1
  D:00B7H         SYMBOL        FLACL
  D:00B6H         SYMBOL        FLSCL
  D:00A8H         SYMBOL        IE
  B:0088H.1       SYMBOL        IE0
  B:0088H.3       SYMBOL        IE1
  D:00B8H         SYMBOL        IP
  B:0088H.0       SYMBOL        IT0
  B:0088H.2       SYMBOL        IT1
  B:00F8H.5       SYMBOL        MODF
  B:00F8H.1       SYMBOL        MSTEN
  D:00B2H         SYMBOL        OSCICN
  C:141AH         SYMBOL        OSCILLATOR_INIT
  D:00B1H         SYMBOL        OSCXCN
  B:00D0H.2       SYMBOL        OV
  B:00D0H.0       SYMBOL        P
  D:0080H         SYMBOL        P0
  D:00A4H         SYMBOL        P0MDOUT
  D:0090H         SYMBOL        P1
  D:00BDH         SYMBOL        P1MDIN
  D:00A5H         SYMBOL        P1MDOUT
  D:00A0H         SYMBOL        P2
  D:00A6H         SYMBOL        P2MDOUT
  D:00B0H         SYMBOL        P3
  D:00ADH         SYMBOL        P3IF
  D:00A7H         SYMBOL        P3MDOUT
  D:0084H         SYMBOL        P4
  D:0085H         SYMBOL        P5
  D:0086H         SYMBOL        P6
  D:0096H         SYMBOL        P7
  D:00B5H         SYMBOL        P74OUT
  D:00D8H         SYMBOL        PCA0CN
  D:00FAH         SYMBOL        PCA0CPH0
  D:00FBH         SYMBOL        PCA0CPH1
  D:00FCH         SYMBOL        PCA0CPH2
  D:00FDH         SYMBOL        PCA0CPH3
  D:00FEH         SYMBOL        PCA0CPH4
  D:00EAH         SYMBOL        PCA0CPL0
  D:00EBH         SYMBOL        PCA0CPL1
  D:00ECH         SYMBOL        PCA0CPL2
  D:00EDH         SYMBOL        PCA0CPL3
  D:00EEH         SYMBOL        PCA0CPL4
  D:00DAH         SYMBOL        PCA0CPM0
  D:00DBH         SYMBOL        PCA0CPM1
  D:00DCH         SYMBOL        PCA0CPM2
  D:00DDH         SYMBOL        PCA0CPM3
BL51 BANKED LINKER/LOCATER V6.22.4.0                                                  01/09/2026  23:24:06  PAGE 4


  D:00DEH         SYMBOL        PCA0CPM4
  D:00F9H         SYMBOL        PCA0H
  D:00E9H         SYMBOL        PCA0L
  D:00D9H         SYMBOL        PCA0MD
  D:0087H         SYMBOL        PCON
  C:141EH         SYMBOL        PORT_IO_INIT
  B:00B8H.4       SYMBOL        PS
  D:008FH         SYMBOL        PSCTL
  D:00D0H         SYMBOL        PSW
  B:00B8H.1       SYMBOL        PT0
  B:00B8H.3       SYMBOL        PT1
  B:00B8H.5       SYMBOL        PT2
  B:00B8H.0       SYMBOL        PX0
  B:00B8H.2       SYMBOL        PX1
  B:0098H.2       SYMBOL        RB8
  D:00CBH         SYMBOL        RCAP2H
  D:00CAH         SYMBOL        RCAP2L
  D:00E5H         SYMBOL        RCAP4H
  D:00E4H         SYMBOL        RCAP4L
  B:00C8H.5       SYMBOL        RCLK
  D:00D1H         SYMBOL        REF0CN
  B:0098H.4       SYMBOL        REN
  C:140FH         SYMBOL        RESET_SOURCES_INIT
  B:0098H.0       SYMBOL        RI
  B:00D0H.3       SYMBOL        RS0
  B:00D0H.4       SYMBOL        RS1
  D:00EFH         SYMBOL        RSTSRC
  B:00F8H.4       SYMBOL        RXOVRN
  D:00A9H         SYMBOL        SADDR0
  D:00F3H         SYMBOL        SADDR1
  D:00B9H         SYMBOL        SADEN0
  D:00AEH         SYMBOL        SADEN1
  D:0099H         SYMBOL        SBUF0
  D:00F2H         SYMBOL        SBUF1
  D:0098H         SYMBOL        SCON0
  D:00F1H         SYMBOL        SCON1
  B:00C0H.3       SYMBOL        SI
  B:00F8H.2       SYMBOL        SLVSEL
  B:0098H.7       SYMBOL        SM0
  B:0098H.6       SYMBOL        SM1
  B:0098H.5       SYMBOL        SM2
  D:00C3H         SYMBOL        SMB0ADR
  D:00C0H         SYMBOL        SMB0CN
  D:00CFH         SYMBOL        SMB0CR
  D:00C2H         SYMBOL        SMB0DAT
  D:00C1H         SYMBOL        SMB0STA
  B:00C0H.1       SYMBOL        SMBFTE
  B:00C0H.0       SYMBOL        SMBTOE
  D:0081H         SYMBOL        SP
  D:009AH         SYMBOL        SPI0CFG
  D:009DH         SYMBOL        SPI0CKR
  D:00F8H         SYMBOL        SPI0CN
  D:009BH         SYMBOL        SPI0DAT
  B:00F8H.0       SYMBOL        SPIEN
  B:00F8H.7       SYMBOL        SPIF
  B:00C0H.5       SYMBOL        STA
  B:00C0H.4       SYMBOL        STO
BL51 BANKED LINKER/LOCATER V6.22.4.0                                                  01/09/2026  23:24:06  PAGE 5


  D:00C8H         SYMBOL        T2CON
  D:00C9H         SYMBOL        T4CON
  B:0098H.3       SYMBOL        TB8
  B:00C8H.4       SYMBOL        TCLK
  D:0088H         SYMBOL        TCON
  B:0088H.5       SYMBOL        TF0
  B:0088H.7       SYMBOL        TF1
  B:00C8H.7       SYMBOL        TF2
  D:008CH         SYMBOL        TH0
  D:008DH         SYMBOL        TH1
  D:00CDH         SYMBOL        TH2
  D:00F5H         SYMBOL        TH4
  B:0098H.1       SYMBOL        TI
  C:1416H         SYMBOL        TIMER_INIT
  D:008AH         SYMBOL        TL0
  D:008BH         SYMBOL        TL1
  D:00CCH         SYMBOL        TL2
  D:00F4H         SYMBOL        TL4
  D:0089H         SYMBOL        TMOD
  D:0091H         SYMBOL        TMR3CN
  D:0095H         SYMBOL        TMR3H
  D:0094H         SYMBOL        TMR3L
  D:0093H         SYMBOL        TMR3RLH
  D:0092H         SYMBOL        TMR3RLL
  B:0088H.4       SYMBOL        TR0
  B:0088H.6       SYMBOL        TR1
  B:00C8H.2       SYMBOL        TR2
  B:00F8H.3       SYMBOL        TXBSY
  B:00F8H.6       SYMBOL        WCOL
  D:00FFH         SYMBOL        WDTCN
  D:00E1H         SYMBOL        XBR0
  D:00E2H         SYMBOL        XBR1
  D:00E3H         SYMBOL        XBR2
  C:140FH         LINE#         15
  C:1412H         LINE#         16
  C:1415H         LINE#         18
  C:1416H         LINE#         21
  C:1419H         LINE#         22
  C:141AH         LINE#         25
  C:141DH         LINE#         26
  C:141EH         LINE#         68
  C:1421H         LINE#         69
  C:1424H         LINE#         70
  C:1427H         LINE#         71
  C:142AH         LINE#         72
  C:142DH         LINE#         73
  C:1430H         LINE#         76
  C:1433H         LINE#         77
  C:1434H         LINE#         83
  C:1437H         LINE#         84
  C:143AH         LINE#         85
  C:143DH         LINE#         86
  C:1440H         LINE#         87
  -------         ENDMOD        INIT_DEVICE

  -------         MODULE        MAIN
  B:00C0H.2       SYMBOL        AA
BL51 BANKED LINKER/LOCATER V6.22.4.0                                                  01/09/2026  23:24:06  PAGE 6


  B:00D0H.6       SYMBOL        AC
  D:00E0H         SYMBOL        ACC
  B:00E8H.4       SYMBOL        AD0BUSY
  B:00E8H.7       SYMBOL        AD0EN
  B:00E8H.5       SYMBOL        AD0INT
  B:00E8H.0       SYMBOL        AD0LJST
  B:00E8H.2       SYMBOL        AD0STM0
  B:00E8H.3       SYMBOL        AD0STM1
  B:00E8H.6       SYMBOL        AD0TM
  B:00E8H.1       SYMBOL        AD0WINT
  D:00BCH         SYMBOL        ADC0CF
  D:00E8H         SYMBOL        ADC0CN
  D:00C5H         SYMBOL        ADC0GTH
  D:00C4H         SYMBOL        ADC0GTL
  D:00BFH         SYMBOL        ADC0H
  D:00BEH         SYMBOL        ADC0L
  D:00C7H         SYMBOL        ADC0LTH
  D:00C6H         SYMBOL        ADC0LTL
  D:009CH         SYMBOL        ADC1
  D:00ABH         SYMBOL        ADC1CF
  D:00AAH         SYMBOL        ADC1CN
  D:00BAH         SYMBOL        AMX0CF
  D:00BBH         SYMBOL        AMX0SL
  D:00ACH         SYMBOL        AMX1SL
  D:00F0H         SYMBOL        B
  C:0026H         SYMBOL        BITMASK_TABLE
  N:005AH         SYMBOL        BLINK_TIMER
  N:005BH         SYMBOL        BLINK_TOGGLE
  B:00D8H.0       SYMBOL        CCF0
  B:00D8H.1       SYMBOL        CCF1
  B:00D8H.2       SYMBOL        CCF2
  B:00D8H.3       SYMBOL        CCF3
  B:00D8H.4       SYMBOL        CCF4
  B:00D8H.7       SYMBOL        CF
  C:024DH         SYMBOL        CHECK_ELEV
  C:0255H         SYMBOL        CHECK_ELEV2
  C:025DH         SYMBOL        CHECK_ELEV3
  C:0265H         SYMBOL        CHECK_ELEV4
  C:029DH         SYMBOL        CHECK_NEW_PASS_ST
  C:026DH         SYMBOL        CHECK_OPT
  C:0275H         SYMBOL        CHECK_OPT1
  C:027DH         SYMBOL        CHECK_OPT2
  C:0285H         SYMBOL        CHECK_OPT3
  C:028DH         SYMBOL        CHECK_PASS
  C:0295H         SYMBOL        CHECK_RESET_CHOICE
  D:008EH         SYMBOL        CKCON
  B:00C8H.0       SYMBOL        CPRL2
  D:009EH         SYMBOL        CPT0CN
  D:009FH         SYMBOL        CPT1CN
  B:00D8H.6       SYMBOL        CR
  B:00C8H.1       SYMBOL        CT2
  N:0068H         SYMBOL        CURRENT_PASS
  N:0056H         SYMBOL        CUR_FLR
  B:00D0H.7       SYMBOL        CY
  D:00D4H         SYMBOL        DAC0CN
  D:00D3H         SYMBOL        DAC0H
  D:00D2H         SYMBOL        DAC0L
BL51 BANKED LINKER/LOCATER V6.22.4.0                                                  01/09/2026  23:24:06  PAGE 7


  D:00D7H         SYMBOL        DAC1CN
  D:00D6H         SYMBOL        DAC1H
  D:00D5H         SYMBOL        DAC1L
  N:0067H         SYMBOL        DEBUG_ON
  D:0083H         SYMBOL        DPH
  D:0082H         SYMBOL        DPL
  B:00A8H.7       SYMBOL        EA
  D:00E6H         SYMBOL        EIE1
  D:00E7H         SYMBOL        EIE2
  D:00F6H         SYMBOL        EIP1
  D:00F7H         SYMBOL        EIP2
  N:0022H         SYMBOL        ELEV_ARRIVED
  N:0023H         SYMBOL        ELEV_CLOSE
  N:0064H         SYMBOL        ELEV_DIR
  N:0021H         SYMBOL        ELEV_RUN
  N:0020H         SYMBOL        ELEV_ST
  N:0058H         SYMBOL        ELEV_TARGET
  N:0057H         SYMBOL        ELEV_TIMER
  D:00A3H         SYMBOL        EMI0CF
  D:00AFH         SYMBOL        EMI0CN
  D:00A1H         SYMBOL        EMI0TC
  B:00C0H.6       SYMBOL        ENSMB
  B:00A8H.4       SYMBOL        ES
  B:00A8H.1       SYMBOL        ET0
  B:00A8H.3       SYMBOL        ET1
  B:00A8H.5       SYMBOL        ET2
  B:00A8H.0       SYMBOL        EX0
  B:00A8H.2       SYMBOL        EX1
  B:00C8H.3       SYMBOL        EXEN2
  B:00C8H.6       SYMBOL        EXF2
  N:0063H         SYMBOL        EXT_DN_HI
  N:0062H         SYMBOL        EXT_DN_LO
  N:005FH         SYMBOL        EXT_UP_HI
  N:005EH         SYMBOL        EXT_UP_LO
  B:00D0H.5       SYMBOL        F0
  B:00D0H.1       SYMBOL        F1
  D:00B7H         SYMBOL        FLACL
  D:00B6H         SYMBOL        FLSCL
  D:00A8H         SYMBOL        IE
  B:0088H.1       SYMBOL        IE0
  B:0088H.3       SYMBOL        IE1
  N:0065H         SYMBOL        INPUT_MODE
  N:005DH         SYMBOL        INT_REQ_HI
  N:005CH         SYMBOL        INT_REQ_LO
  D:00B8H         SYMBOL        IP
  B:0088H.0       SYMBOL        IT0
  B:0088H.2       SYMBOL        IT1
  C:0240H         SYMBOL        LOOP
  C:0200H         SYMBOL        MAIN
  B:00F8H.5       SYMBOL        MODF
  B:00F8H.1       SYMBOL        MSTEN
  C:0243H         SYMBOL        MXK_STATE_CHECK
  N:0004H         SYMBOL        NEW_PASS_ST
  N:0059H         SYMBOL        ONE_SEC_CNT
  N:0011H         SYMBOL        OPT1_ST
  N:0012H         SYMBOL        OPT2_ST
  N:0013H         SYMBOL        OPT3_ST
BL51 BANKED LINKER/LOCATER V6.22.4.0                                                  01/09/2026  23:24:06  PAGE 8


  N:0001H         SYMBOL        OPT_ST
  D:00B2H         SYMBOL        OSCICN
  D:00B1H         SYMBOL        OSCXCN
  N:0066H         SYMBOL        OUT_SEL_VAL
  B:00D0H.2       SYMBOL        OV
  B:00D0H.0       SYMBOL        P
  D:0080H         SYMBOL        P0
  D:00A4H         SYMBOL        P0MDOUT
  D:0090H         SYMBOL        P1
  D:00BDH         SYMBOL        P1MDIN
  D:00A5H         SYMBOL        P1MDOUT
  D:00A0H         SYMBOL        P2
  D:00A6H         SYMBOL        P2MDOUT
  D:00B0H         SYMBOL        P3
  D:00ADH         SYMBOL        P3IF
  D:00A7H         SYMBOL        P3MDOUT
  D:0084H         SYMBOL        P4
  D:0085H         SYMBOL        P5
  D:0086H         SYMBOL        P6
  D:0096H         SYMBOL        P7
  D:00B5H         SYMBOL        P74OUT
  C:002CH         SYMBOL        PASSWORD_TABLE
  N:006DH         SYMBOL        PASS_NEXT_ST
  N:0002H         SYMBOL        PASS_ST
  D:00D8H         SYMBOL        PCA0CN
  D:00FAH         SYMBOL        PCA0CPH0
  D:00FBH         SYMBOL        PCA0CPH1
  D:00FCH         SYMBOL        PCA0CPH2
  D:00FDH         SYMBOL        PCA0CPH3
  D:00FEH         SYMBOL        PCA0CPH4
  D:00EAH         SYMBOL        PCA0CPL0
  D:00EBH         SYMBOL        PCA0CPL1
  D:00ECH         SYMBOL        PCA0CPL2
  D:00EDH         SYMBOL        PCA0CPL3
  D:00EEH         SYMBOL        PCA0CPL4
  D:00DAH         SYMBOL        PCA0CPM0
  D:00DBH         SYMBOL        PCA0CPM1
  D:00DCH         SYMBOL        PCA0CPM2
  D:00DDH         SYMBOL        PCA0CPM3
  D:00DEH         SYMBOL        PCA0CPM4
  D:00F9H         SYMBOL        PCA0H
  D:00E9H         SYMBOL        PCA0L
  D:00D9H         SYMBOL        PCA0MD
  D:0087H         SYMBOL        PCON
  B:00B8H.4       SYMBOL        PS
  D:008FH         SYMBOL        PSCTL
  D:00D0H         SYMBOL        PSW
  B:00B8H.1       SYMBOL        PT0
  B:00B8H.3       SYMBOL        PT1
  B:00B8H.5       SYMBOL        PT2
  B:00B8H.0       SYMBOL        PX0
  B:00B8H.2       SYMBOL        PX1
  B:0098H.2       SYMBOL        RB8
  D:00CBH         SYMBOL        RCAP2H
  D:00CAH         SYMBOL        RCAP2L
  D:00E5H         SYMBOL        RCAP4H
  D:00E4H         SYMBOL        RCAP4L
BL51 BANKED LINKER/LOCATER V6.22.4.0                                                  01/09/2026  23:24:06  PAGE 9


  B:00C8H.5       SYMBOL        RCLK
  D:00D1H         SYMBOL        REF0CN
  B:0098H.4       SYMBOL        REN
  N:0003H         SYMBOL        RESET_CHOICE_ST
  B:0098H.0       SYMBOL        RI
  B:00D0H.3       SYMBOL        RS0
  B:00D0H.4       SYMBOL        RS1
  D:00EFH         SYMBOL        RSTSRC
  N:0000H         SYMBOL        RUN_ST
  B:00F8H.4       SYMBOL        RXOVRN
  D:00A9H         SYMBOL        SADDR0
  D:00F3H         SYMBOL        SADDR1
  D:00B9H         SYMBOL        SADEN0
  D:00AEH         SYMBOL        SADEN1
  D:0099H         SYMBOL        SBUF0
  D:00F2H         SYMBOL        SBUF1
  D:0098H         SYMBOL        SCON0
  D:00F1H         SYMBOL        SCON1
  C:0000H         SYMBOL        SEG_TABLE
  B:00C0H.3       SYMBOL        SI
  C:0237H         SYMBOL        SKIP_DEBUG
  C:02A5H         SYMBOL        SKIP_PASS
  B:00F8H.2       SYMBOL        SLVSEL
  B:0098H.7       SYMBOL        SM0
  B:0098H.6       SYMBOL        SM1
  B:0098H.5       SYMBOL        SM2
  D:00C3H         SYMBOL        SMB0ADR
  D:00C0H         SYMBOL        SMB0CN
  D:00CFH         SYMBOL        SMB0CR
  D:00C2H         SYMBOL        SMB0DAT
  D:00C1H         SYMBOL        SMB0STA
  B:00C0H.1       SYMBOL        SMBFTE
  B:00C0H.0       SYMBOL        SMBTOE
  D:0081H         SYMBOL        SP
  D:009AH         SYMBOL        SPI0CFG
  D:009DH         SYMBOL        SPI0CKR
  D:00F8H         SYMBOL        SPI0CN
  D:009BH         SYMBOL        SPI0DAT
  B:00F8H.0       SYMBOL        SPIEN
  B:00F8H.7       SYMBOL        SPIF
  B:00C0H.5       SYMBOL        STA
  B:00C0H.4       SYMBOL        STO
  D:00C8H         SYMBOL        T2CON
  D:00C9H         SYMBOL        T4CON
  B:0098H.3       SYMBOL        TB8
  B:00C8H.4       SYMBOL        TCLK
  D:0088H         SYMBOL        TCON
  B:0088H.5       SYMBOL        TF0
  B:0088H.7       SYMBOL        TF1
  B:00C8H.7       SYMBOL        TF2
  D:008CH         SYMBOL        TH0
  D:008DH         SYMBOL        TH1
  D:00CDH         SYMBOL        TH2
  D:00F5H         SYMBOL        TH4
  B:0098H.1       SYMBOL        TI
  D:008AH         SYMBOL        TL0
  D:008BH         SYMBOL        TL1
BL51 BANKED LINKER/LOCATER V6.22.4.0                                                  01/09/2026  23:24:06  PAGE 10


  D:00CCH         SYMBOL        TL2
  D:00F4H         SYMBOL        TL4
  D:0089H         SYMBOL        TMOD
  D:0091H         SYMBOL        TMR3CN
  D:0095H         SYMBOL        TMR3H
  D:0094H         SYMBOL        TMR3L
  D:0093H         SYMBOL        TMR3RLH
  D:0092H         SYMBOL        TMR3RLL
  B:0088H.4       SYMBOL        TR0
  B:0088H.6       SYMBOL        TR1
  B:00C8H.2       SYMBOL        TR2
  B:00F8H.3       SYMBOL        TXBSY
  B:00F8H.6       SYMBOL        WCOL
  D:00FFH         SYMBOL        WDTCN
  D:00E1H         SYMBOL        XBR0
  D:00E2H         SYMBOL        XBR1
  D:00E3H         SYMBOL        XBR2
  C:0000H         LINE#         23
  C:000BH         LINE#         26
  C:001BH         LINE#         29
  C:002BH         LINE#         32
  C:0200H         LINE#         36
  C:0203H         LINE#         38
  C:0206H         LINE#         39
  C:0209H         LINE#         43
  C:020CH         LINE#         46
  C:020EH         LINE#         47
  C:0211H         LINE#         49
  C:0214H         LINE#         51
  C:0217H         LINE#         52
  C:021AH         LINE#         54
  C:021DH         LINE#         55
  C:0220H         LINE#         56
  C:0223H         LINE#         57
  C:0226H         LINE#         58
  C:0229H         LINE#         59
  C:022CH         LINE#         61
  C:022FH         LINE#         62
  C:0232H         LINE#         63
  C:0235H         LINE#         64
  C:0237H         LINE#         72
  C:023AH         LINE#         73
  C:023DH         LINE#         76
  C:0240H         LINE#         104
  C:0243H         LINE#         107
  C:0245H         LINE#         108
  C:0248H         LINE#         109
  C:024BH         LINE#         110
  C:024DH         LINE#         112
  C:0250H         LINE#         113
  C:0253H         LINE#         114
  C:0255H         LINE#         116
  C:0258H         LINE#         117
  C:025BH         LINE#         118
  C:025DH         LINE#         120
  C:0260H         LINE#         121
  C:0263H         LINE#         122
BL51 BANKED LINKER/LOCATER V6.22.4.0                                                  01/09/2026  23:24:06  PAGE 11


  C:0265H         LINE#         124
  C:0268H         LINE#         125
  C:026BH         LINE#         126
  C:026DH         LINE#         128
  C:0270H         LINE#         129
  C:0273H         LINE#         130
  C:0275H         LINE#         132
  C:0278H         LINE#         133
  C:027BH         LINE#         134
  C:027DH         LINE#         136
  C:0280H         LINE#         137
  C:0283H         LINE#         138
  C:0285H         LINE#         140
  C:0288H         LINE#         141
  C:028BH         LINE#         142
  C:028DH         LINE#         144
  C:0290H         LINE#         145
  C:0293H         LINE#         146
  C:0295H         LINE#         148
  C:0298H         LINE#         149
  C:029BH         LINE#         150
  C:029DH         LINE#         152
  C:02A0H         LINE#         153
  C:02A3H         LINE#         154
  C:02A5H         LINE#         156
  -------         ENDMOD        MAIN

  -------         MODULE        KEYINPUT
  C:1380H         SEGMENT       KBI
  C:1380H         PUBLIC        KEYINPUT_PROCESS
  C:138FH         SYMBOL        KBI_AFTER_STABLE_CHECK
  C:139BH         SYMBOL        KBI_CONF_CHANGED
  C:13ACH         SYMBOL        KBI_CONF_CHECK_RELEASE
  C:13CAH         SYMBOL        KBI_CONF_PRESSED
  C:13BAH         SYMBOL        KBI_LONG_PRESS
  C:13D9H         SYMBOL        KBI_RETURN
  C:138AH         SYMBOL        KBI_SAMPLE_CHANGED
  C:13C2H         SYMBOL        KBI_SHORT_PRESS
  C:1380H         LINE#         16
  C:1383H         LINE#         17
  C:1386H         LINE#         18
  C:1388H         LINE#         19
  C:138AH         LINE#         22
  C:138CH         LINE#         23
  C:138FH         LINE#         26
  C:1391H         LINE#         27
  C:1394H         LINE#         28
  C:1396H         LINE#         29
  C:1399H         LINE#         30
  C:139BH         LINE#         33
  C:139DH         LINE#         34
  C:139FH         LINE#         35
  C:13A1H         LINE#         36
  C:13A4H         LINE#         37
  C:13A7H         LINE#         38
  C:13AAH         LINE#         39
  C:13ACH         LINE#         42
BL51 BANKED LINKER/LOCATER V6.22.4.0                                                  01/09/2026  23:24:06  PAGE 12


  C:13AEH         LINE#         43
  C:13B1H         LINE#         44
  C:13B3H         LINE#         45
  C:13B4H         LINE#         46
  C:13B6H         LINE#         47
  C:13B8H         LINE#         48
  C:13BAH         LINE#         51
  C:13BDH         LINE#         52
  C:13C0H         LINE#         53
  C:13C2H         LINE#         56
  C:13C5H         LINE#         57
  C:13C8H         LINE#         58
  C:13CAH         LINE#         61
  C:13CCH         LINE#         62
  C:13CEH         LINE#         63
  C:13D0H         LINE#         64
  C:13D3H         LINE#         65
  C:13D6H         LINE#         66
  C:13D9H         LINE#         69
  -------         ENDMOD        KEYINPUT

  -------         MODULE        LCD1602
  C:12EAH         SEGMENT       LCD1602
  C:136FH         PUBLIC        LCD_CLEAR
  C:1322H         PUBLIC        LCD_INIT
  C:1375H         PUBLIC        LCD_SHOW_STR
  C:134FH         PUBLIC        LCD_WR_CMD
  C:1358H         PUBLIC        LCD_WR_DAT
  B:00C0H.2       SYMBOL        AA
  B:00D0H.6       SYMBOL        AC
  D:00E0H         SYMBOL        ACC
  B:00E8H.4       SYMBOL        AD0BUSY
  B:00E8H.7       SYMBOL        AD0EN
  B:00E8H.5       SYMBOL        AD0INT
  B:00E8H.0       SYMBOL        AD0LJST
  B:00E8H.2       SYMBOL        AD0STM0
  B:00E8H.3       SYMBOL        AD0STM1
  B:00E8H.6       SYMBOL        AD0TM
  B:00E8H.1       SYMBOL        AD0WINT
  D:00BCH         SYMBOL        ADC0CF
  D:00E8H         SYMBOL        ADC0CN
  D:00C5H         SYMBOL        ADC0GTH
  D:00C4H         SYMBOL        ADC0GTL
  D:00BFH         SYMBOL        ADC0H
  D:00BEH         SYMBOL        ADC0L
  D:00C7H         SYMBOL        ADC0LTH
  D:00C6H         SYMBOL        ADC0LTL
  D:009CH         SYMBOL        ADC1
  D:00ABH         SYMBOL        ADC1CF
  D:00AAH         SYMBOL        ADC1CN
  D:00BAH         SYMBOL        AMX0CF
  D:00BBH         SYMBOL        AMX0SL
  D:00ACH         SYMBOL        AMX1SL
  D:00F0H         SYMBOL        B
  B:00D8H.0       SYMBOL        CCF0
  B:00D8H.1       SYMBOL        CCF1
  B:00D8H.2       SYMBOL        CCF2
BL51 BANKED LINKER/LOCATER V6.22.4.0                                                  01/09/2026  23:24:06  PAGE 13


  B:00D8H.3       SYMBOL        CCF3
  B:00D8H.4       SYMBOL        CCF4
  B:00D8H.7       SYMBOL        CF
  D:008EH         SYMBOL        CKCON
  B:00C8H.0       SYMBOL        CPRL2
  D:009EH         SYMBOL        CPT0CN
  D:009FH         SYMBOL        CPT1CN
  B:00D8H.6       SYMBOL        CR
  B:00C8H.1       SYMBOL        CT2
  B:00D0H.7       SYMBOL        CY
  D:00D4H         SYMBOL        DAC0CN
  D:00D3H         SYMBOL        DAC0H
  D:00D2H         SYMBOL        DAC0L
  D:00D7H         SYMBOL        DAC1CN
  D:00D6H         SYMBOL        DAC1H
  D:00D5H         SYMBOL        DAC1L
  D:0083H         SYMBOL        DPH
  D:0082H         SYMBOL        DPL
  B:00A8H.7       SYMBOL        EA
  D:00E6H         SYMBOL        EIE1
  D:00E7H         SYMBOL        EIE2
  D:00F6H         SYMBOL        EIP1
  D:00F7H         SYMBOL        EIP2
  D:00A3H         SYMBOL        EMI0CF
  D:00AFH         SYMBOL        EMI0CN
  D:00A1H         SYMBOL        EMI0TC
  B:00C0H.6       SYMBOL        ENSMB
  B:00A8H.4       SYMBOL        ES
  B:00A8H.1       SYMBOL        ET0
  B:00A8H.3       SYMBOL        ET1
  B:00A8H.5       SYMBOL        ET2
  B:00A8H.0       SYMBOL        EX0
  B:00A8H.2       SYMBOL        EX1
  B:00C8H.3       SYMBOL        EXEN2
  B:00C8H.6       SYMBOL        EXF2
  B:00D0H.5       SYMBOL        F0
  B:00D0H.1       SYMBOL        F1
  D:00B7H         SYMBOL        FLACL
  D:00B6H         SYMBOL        FLSCL
  D:00A8H         SYMBOL        IE
  B:0088H.1       SYMBOL        IE0
  B:0088H.3       SYMBOL        IE1
  D:00B8H         SYMBOL        IP
  B:0088H.0       SYMBOL        IT0
  B:0088H.2       SYMBOL        IT1
  D:00B0H         SYMBOL        LCD_BUS
  C:1314H         SYMBOL        LCD_CLR_E
  C:12F8H         SYMBOL        LCD_CLR_RS
  N:0080H         SYMBOL        LCD_E_MASK
  N:0040H         SYMBOL        LCD_RS_MASK
  C:1306H         SYMBOL        LCD_SET_E
  C:12EAH         SYMBOL        LCD_SET_RS
  C:137FH         SYMBOL        LCD_STR_END
  C:1375H         SYMBOL        LCD_STR_LOOP
  C:135FH         SYMBOL        LCD_WR_COM
  B:00F8H.5       SYMBOL        MODF
  B:00F8H.1       SYMBOL        MSTEN
BL51 BANKED LINKER/LOCATER V6.22.4.0                                                  01/09/2026  23:24:06  PAGE 14


  D:00B2H         SYMBOL        OSCICN
  D:00B1H         SYMBOL        OSCXCN
  B:00D0H.2       SYMBOL        OV
  B:00D0H.0       SYMBOL        P
  D:0080H         SYMBOL        P0
  D:00A4H         SYMBOL        P0MDOUT
  D:0090H         SYMBOL        P1
  D:00BDH         SYMBOL        P1MDIN
  D:00A5H         SYMBOL        P1MDOUT
  D:00A0H         SYMBOL        P2
  D:00A6H         SYMBOL        P2MDOUT
  D:00B0H         SYMBOL        P3
  D:00ADH         SYMBOL        P3IF
  D:00A7H         SYMBOL        P3MDOUT
  D:0084H         SYMBOL        P4
  D:00A4H         SYMBOL        P4MDOUT
  D:0085H         SYMBOL        P5
  D:0086H         SYMBOL        P6
  D:0096H         SYMBOL        P7
  D:00B5H         SYMBOL        P74OUT
  D:00D8H         SYMBOL        PCA0CN
  D:00FAH         SYMBOL        PCA0CPH0
  D:00FBH         SYMBOL        PCA0CPH1
  D:00FCH         SYMBOL        PCA0CPH2
  D:00FDH         SYMBOL        PCA0CPH3
  D:00FEH         SYMBOL        PCA0CPH4
  D:00EAH         SYMBOL        PCA0CPL0
  D:00EBH         SYMBOL        PCA0CPL1
  D:00ECH         SYMBOL        PCA0CPL2
  D:00EDH         SYMBOL        PCA0CPL3
  D:00EEH         SYMBOL        PCA0CPL4
  D:00DAH         SYMBOL        PCA0CPM0
  D:00DBH         SYMBOL        PCA0CPM1
  D:00DCH         SYMBOL        PCA0CPM2
  D:00DDH         SYMBOL        PCA0CPM3
  D:00DEH         SYMBOL        PCA0CPM4
  D:00F9H         SYMBOL        PCA0H
  D:00E9H         SYMBOL        PCA0L
  D:00D9H         SYMBOL        PCA0MD
  D:0087H         SYMBOL        PCON
  B:00B8H.4       SYMBOL        PS
  D:008FH         SYMBOL        PSCTL
  D:00D0H         SYMBOL        PSW
  B:00B8H.1       SYMBOL        PT0
  B:00B8H.3       SYMBOL        PT1
  B:00B8H.5       SYMBOL        PT2
  B:00B8H.0       SYMBOL        PX0
  B:00B8H.2       SYMBOL        PX1
  B:0098H.2       SYMBOL        RB8
  D:00CBH         SYMBOL        RCAP2H
  D:00CAH         SYMBOL        RCAP2L
  D:00E5H         SYMBOL        RCAP4H
  D:00E4H         SYMBOL        RCAP4L
  B:00C8H.5       SYMBOL        RCLK
  D:00D1H         SYMBOL        REF0CN
  B:0098H.4       SYMBOL        REN
  B:0098H.0       SYMBOL        RI
BL51 BANKED LINKER/LOCATER V6.22.4.0                                                  01/09/2026  23:24:06  PAGE 15


  B:00D0H.3       SYMBOL        RS0
  B:00D0H.4       SYMBOL        RS1
  D:00EFH         SYMBOL        RSTSRC
  B:00F8H.4       SYMBOL        RXOVRN
  D:00A9H         SYMBOL        SADDR0
  D:00F3H         SYMBOL        SADDR1
  D:00B9H         SYMBOL        SADEN0
  D:00AEH         SYMBOL        SADEN1
  D:0099H         SYMBOL        SBUF0
  D:00F2H         SYMBOL        SBUF1
  D:0098H         SYMBOL        SCON0
  D:00F1H         SYMBOL        SCON1
  D:00F1H         SYMBOL        SFRPAGE
  B:00C0H.3       SYMBOL        SI
  B:00F8H.2       SYMBOL        SLVSEL
  B:0098H.7       SYMBOL        SM0
  B:0098H.6       SYMBOL        SM1
  B:0098H.5       SYMBOL        SM2
  D:00C3H         SYMBOL        SMB0ADR
  D:00C0H         SYMBOL        SMB0CN
  D:00CFH         SYMBOL        SMB0CR
  D:00C2H         SYMBOL        SMB0DAT
  D:00C1H         SYMBOL        SMB0STA
  B:00C0H.1       SYMBOL        SMBFTE
  B:00C0H.0       SYMBOL        SMBTOE
  D:0081H         SYMBOL        SP
  D:009AH         SYMBOL        SPI0CFG
  D:009DH         SYMBOL        SPI0CKR
  D:00F8H         SYMBOL        SPI0CN
  D:009BH         SYMBOL        SPI0DAT
  B:00F8H.0       SYMBOL        SPIEN
  B:00F8H.7       SYMBOL        SPIF
  B:00C0H.5       SYMBOL        STA
  B:00C0H.4       SYMBOL        STO
  D:00C8H         SYMBOL        T2CON
  D:00C9H         SYMBOL        T4CON
  B:0098H.3       SYMBOL        TB8
  B:00C8H.4       SYMBOL        TCLK
  D:0088H         SYMBOL        TCON
  B:0088H.5       SYMBOL        TF0
  B:0088H.7       SYMBOL        TF1
  B:00C8H.7       SYMBOL        TF2
  D:008CH         SYMBOL        TH0
  D:008DH         SYMBOL        TH1
  D:00CDH         SYMBOL        TH2
  D:00F5H         SYMBOL        TH4
  B:0098H.1       SYMBOL        TI
  D:008AH         SYMBOL        TL0
  D:008BH         SYMBOL        TL1
  D:00CCH         SYMBOL        TL2
  D:00F4H         SYMBOL        TL4
  D:0089H         SYMBOL        TMOD
  D:0091H         SYMBOL        TMR3CN
  D:0095H         SYMBOL        TMR3H
  D:0094H         SYMBOL        TMR3L
  D:0093H         SYMBOL        TMR3RLH
  D:0092H         SYMBOL        TMR3RLL
BL51 BANKED LINKER/LOCATER V6.22.4.0                                                  01/09/2026  23:24:06  PAGE 16


  B:0088H.4       SYMBOL        TR0
  B:0088H.6       SYMBOL        TR1
  B:00C8H.2       SYMBOL        TR2
  B:00F8H.3       SYMBOL        TXBSY
  B:00F8H.6       SYMBOL        WCOL
  D:00FFH         SYMBOL        WDTCN
  D:00E1H         SYMBOL        XBR0
  D:00E2H         SYMBOL        XBR1
  D:00E3H         SYMBOL        XBR2
  C:12EAH         LINE#         24
  C:12ECH         LINE#         25
  C:12EFH         LINE#         26
  C:12F2H         LINE#         27
  C:12F5H         LINE#         28
  C:12F7H         LINE#         29
  C:12F8H         LINE#         32
  C:12FAH         LINE#         33
  C:12FDH         LINE#         34
  C:1300H         LINE#         35
  C:1303H         LINE#         36
  C:1305H         LINE#         37
  C:1306H         LINE#         40
  C:1308H         LINE#         41
  C:130BH         LINE#         42
  C:130EH         LINE#         43
  C:1311H         LINE#         44
  C:1313H         LINE#         45
  C:1314H         LINE#         48
  C:1316H         LINE#         49
  C:1319H         LINE#         50
  C:131CH         LINE#         51
  C:131FH         LINE#         52
  C:1321H         LINE#         53
  C:1322H         LINE#         57
  C:1325H         LINE#         58
  C:1328H         LINE#         59
  C:132BH         LINE#         61
  C:132DH         LINE#         62
  C:1330H         LINE#         63
  C:1332H         LINE#         64
  C:1335H         LINE#         65
  C:1337H         LINE#         66
  C:133AH         LINE#         67
  C:133CH         LINE#         68
  C:133FH         LINE#         69
  C:1341H         LINE#         70
  C:1344H         LINE#         71
  C:1346H         LINE#         72
  C:1349H         LINE#         73
  C:134BH         LINE#         74
  C:134EH         LINE#         75
  C:134FH         LINE#         78
  C:1351H         LINE#         79
  C:1354H         LINE#         80
  C:1356H         LINE#         81
  C:1358H         LINE#         83
  C:135AH         LINE#         84
BL51 BANKED LINKER/LOCATER V6.22.4.0                                                  01/09/2026  23:24:06  PAGE 17


  C:135DH         LINE#         85
  C:135FH         LINE#         87
  C:1361H         LINE#         88
  C:1364H         LINE#         89
  C:1365H         LINE#         90
  C:1366H         LINE#         91
  C:1369H         LINE#         92
  C:136BH         LINE#         93
  C:136EH         LINE#         94
  C:136FH         LINE#         97
  C:1371H         LINE#         98
  C:1374H         LINE#         99
  C:1375H         LINE#         103
  C:1376H         LINE#         104
  C:1377H         LINE#         105
  C:1379H         LINE#         106
  C:137CH         LINE#         107
  C:137DH         LINE#         108
  C:137FH         LINE#         110
  -------         ENDMOD        LCD1602

  -------         MODULE        LED6
  C:0EFBH         SEGMENT       LED6
  C:0F9DH         PUBLIC        LED6_APPLYTABLE
  C:0F6EH         PUBLIC        LED6_REFRESH
  B:00C0H.2       SYMBOL        AA
  B:00D0H.6       SYMBOL        AC
  D:00E0H         SYMBOL        ACC
  B:00E8H.4       SYMBOL        AD0BUSY
  B:00E8H.7       SYMBOL        AD0EN
  B:00E8H.5       SYMBOL        AD0INT
  B:00E8H.0       SYMBOL        AD0LJST
  B:00E8H.2       SYMBOL        AD0STM0
  B:00E8H.3       SYMBOL        AD0STM1
  B:00E8H.6       SYMBOL        AD0TM
  B:00E8H.1       SYMBOL        AD0WINT
  D:00BCH         SYMBOL        ADC0CF
  D:00E8H         SYMBOL        ADC0CN
  D:00C5H         SYMBOL        ADC0GTH
  D:00C4H         SYMBOL        ADC0GTL
  D:00BFH         SYMBOL        ADC0H
  D:00BEH         SYMBOL        ADC0L
  D:00C7H         SYMBOL        ADC0LTH
  D:00C6H         SYMBOL        ADC0LTL
  D:009CH         SYMBOL        ADC1
  D:00ABH         SYMBOL        ADC1CF
  D:00AAH         SYMBOL        ADC1CN
  D:00BAH         SYMBOL        AMX0CF
  D:00BBH         SYMBOL        AMX0SL
  D:00ACH         SYMBOL        AMX1SL
  D:00F0H         SYMBOL        B
  C:0F63H         SYMBOL        BITMASK_TABLE
  N:005AH         SYMBOL        BLINK_TIMER
  N:005BH         SYMBOL        BLINK_TOGGLE
  B:00D8H.0       SYMBOL        CCF0
  B:00D8H.1       SYMBOL        CCF1
  B:00D8H.2       SYMBOL        CCF2
BL51 BANKED LINKER/LOCATER V6.22.4.0                                                  01/09/2026  23:24:06  PAGE 18


  B:00D8H.3       SYMBOL        CCF3
  B:00D8H.4       SYMBOL        CCF4
  B:00D8H.7       SYMBOL        CF
  D:008EH         SYMBOL        CKCON
  B:00C8H.0       SYMBOL        CPRL2
  D:009EH         SYMBOL        CPT0CN
  D:009FH         SYMBOL        CPT1CN
  B:00D8H.6       SYMBOL        CR
  B:00C8H.1       SYMBOL        CT2
  N:0068H         SYMBOL        CURRENT_PASS
  N:0056H         SYMBOL        CUR_FLR
  B:00D0H.7       SYMBOL        CY
  D:00D4H         SYMBOL        DAC0CN
  D:00D3H         SYMBOL        DAC0H
  D:00D2H         SYMBOL        DAC0L
  D:00D7H         SYMBOL        DAC1CN
  D:00D6H         SYMBOL        DAC1H
  D:00D5H         SYMBOL        DAC1L
  N:0067H         SYMBOL        DEBUG_ON
  D:0083H         SYMBOL        DPH
  D:0082H         SYMBOL        DPL
  B:00A8H.7       SYMBOL        EA
  D:00E6H         SYMBOL        EIE1
  D:00E7H         SYMBOL        EIE2
  D:00F6H         SYMBOL        EIP1
  D:00F7H         SYMBOL        EIP2
  N:0022H         SYMBOL        ELEV_ARRIVED
  N:0023H         SYMBOL        ELEV_CLOSE
  N:0064H         SYMBOL        ELEV_DIR
  N:0021H         SYMBOL        ELEV_RUN
  N:0020H         SYMBOL        ELEV_ST
  N:0058H         SYMBOL        ELEV_TARGET
  N:0057H         SYMBOL        ELEV_TIMER
  D:00A3H         SYMBOL        EMI0CF
  D:00AFH         SYMBOL        EMI0CN
  D:00A1H         SYMBOL        EMI0TC
  B:00C0H.6       SYMBOL        ENSMB
  B:00A8H.4       SYMBOL        ES
  B:00A8H.1       SYMBOL        ET0
  B:00A8H.3       SYMBOL        ET1
  B:00A8H.5       SYMBOL        ET2
  B:00A8H.0       SYMBOL        EX0
  B:00A8H.2       SYMBOL        EX1
  B:00C8H.3       SYMBOL        EXEN2
  B:00C8H.6       SYMBOL        EXF2
  N:0063H         SYMBOL        EXT_DN_HI
  N:0062H         SYMBOL        EXT_DN_LO
  N:005FH         SYMBOL        EXT_UP_HI
  N:005EH         SYMBOL        EXT_UP_LO
  B:00D0H.5       SYMBOL        F0
  B:00D0H.1       SYMBOL        F1
  D:00B7H         SYMBOL        FLACL
  D:00B6H         SYMBOL        FLSCL
  D:00A8H         SYMBOL        IE
  B:0088H.1       SYMBOL        IE0
  B:0088H.3       SYMBOL        IE1
  N:0065H         SYMBOL        INPUT_MODE
BL51 BANKED LINKER/LOCATER V6.22.4.0                                                  01/09/2026  23:24:06  PAGE 19


  N:005DH         SYMBOL        INT_REQ_HI
  N:005CH         SYMBOL        INT_REQ_LO
  D:00B8H         SYMBOL        IP
  B:0088H.0       SYMBOL        IT0
  B:0088H.2       SYMBOL        IT1
  C:0FF8H         SYMBOL        LBL_COPY
  C:0FF5H         SYMBOL        LBL_DEFAULT
  C:0FADH         SYMBOL        LBL_L1
  C:0FB5H         SYMBOL        LBL_L2
  C:0FBDH         SYMBOL        LBL_L3
  C:0FC5H         SYMBOL        LBL_L4
  C:0FCDH         SYMBOL        LBL_L5
  C:0FD5H         SYMBOL        LBL_L6
  C:0FDDH         SYMBOL        LBL_L7
  C:0FE5H         SYMBOL        LBL_L8
  C:0FEDH         SYMBOL        LBL_L9
  C:0FFEH         SYMBOL        LBL_LOOP
  C:0F9CH         SYMBOL        LED6_EXIT
  B:00F8H.5       SYMBOL        MODF
  B:00F8H.1       SYMBOL        MSTEN
  N:0004H         SYMBOL        NEW_PASS_ST
  N:0059H         SYMBOL        ONE_SEC_CNT
  N:0011H         SYMBOL        OPT1_ST
  N:0012H         SYMBOL        OPT2_ST
  N:0013H         SYMBOL        OPT3_ST
  N:0001H         SYMBOL        OPT_ST
  D:00B2H         SYMBOL        OSCICN
  D:00B1H         SYMBOL        OSCXCN
  N:0066H         SYMBOL        OUT_SEL_VAL
  B:00D0H.2       SYMBOL        OV
  B:00D0H.0       SYMBOL        P
  D:0080H         SYMBOL        P0
  D:00A4H         SYMBOL        P0MDOUT
  D:0090H         SYMBOL        P1
  D:00BDH         SYMBOL        P1MDIN
  D:00A5H         SYMBOL        P1MDOUT
  D:00A0H         SYMBOL        P2
  D:00A6H         SYMBOL        P2MDOUT
  D:00B0H         SYMBOL        P3
  D:00ADH         SYMBOL        P3IF
  D:00A7H         SYMBOL        P3MDOUT
  D:0084H         SYMBOL        P4
  D:0085H         SYMBOL        P5
  D:0086H         SYMBOL        P6
  D:0096H         SYMBOL        P7
  D:00B5H         SYMBOL        P74OUT
  C:0F69H         SYMBOL        PASSWORD_TABLE
  N:006DH         SYMBOL        PASS_NEXT_ST
  N:0002H         SYMBOL        PASS_ST
  D:00D8H         SYMBOL        PCA0CN
  D:00FAH         SYMBOL        PCA0CPH0
  D:00FBH         SYMBOL        PCA0CPH1
  D:00FCH         SYMBOL        PCA0CPH2
  D:00FDH         SYMBOL        PCA0CPH3
  D:00FEH         SYMBOL        PCA0CPH4
  D:00EAH         SYMBOL        PCA0CPL0
  D:00EBH         SYMBOL        PCA0CPL1
BL51 BANKED LINKER/LOCATER V6.22.4.0                                                  01/09/2026  23:24:06  PAGE 20


  D:00ECH         SYMBOL        PCA0CPL2
  D:00EDH         SYMBOL        PCA0CPL3
  D:00EEH         SYMBOL        PCA0CPL4
  D:00DAH         SYMBOL        PCA0CPM0
  D:00DBH         SYMBOL        PCA0CPM1
  D:00DCH         SYMBOL        PCA0CPM2
  D:00DDH         SYMBOL        PCA0CPM3
  D:00DEH         SYMBOL        PCA0CPM4
  D:00F9H         SYMBOL        PCA0H
  D:00E9H         SYMBOL        PCA0L
  D:00D9H         SYMBOL        PCA0MD
  D:0087H         SYMBOL        PCON
  B:00B8H.4       SYMBOL        PS
  D:008FH         SYMBOL        PSCTL
  D:00D0H         SYMBOL        PSW
  B:00B8H.1       SYMBOL        PT0
  B:00B8H.3       SYMBOL        PT1
  B:00B8H.5       SYMBOL        PT2
  B:00B8H.0       SYMBOL        PX0
  B:00B8H.2       SYMBOL        PX1
  B:0098H.2       SYMBOL        RB8
  D:00CBH         SYMBOL        RCAP2H
  D:00CAH         SYMBOL        RCAP2L
  D:00E5H         SYMBOL        RCAP4H
  D:00E4H         SYMBOL        RCAP4L
  B:00C8H.5       SYMBOL        RCLK
  D:00D1H         SYMBOL        REF0CN
  B:0098H.4       SYMBOL        REN
  N:0003H         SYMBOL        RESET_CHOICE_ST
  B:0098H.0       SYMBOL        RI
  B:00D0H.3       SYMBOL        RS0
  B:00D0H.4       SYMBOL        RS1
  D:00EFH         SYMBOL        RSTSRC
  N:0000H         SYMBOL        RUN_ST
  B:00F8H.4       SYMBOL        RXOVRN
  D:00A9H         SYMBOL        SADDR0
  D:00F3H         SYMBOL        SADDR1
  D:00B9H         SYMBOL        SADEN0
  D:00AEH         SYMBOL        SADEN1
  D:0099H         SYMBOL        SBUF0
  D:00F2H         SYMBOL        SBUF1
  D:0098H         SYMBOL        SCON0
  D:00F1H         SYMBOL        SCON1
  C:0F3DH         SYMBOL        SEG_TABLE
  B:00C0H.3       SYMBOL        SI
  B:00F8H.2       SYMBOL        SLVSEL
  B:0098H.7       SYMBOL        SM0
  B:0098H.6       SYMBOL        SM1
  B:0098H.5       SYMBOL        SM2
  D:00C3H         SYMBOL        SMB0ADR
  D:00C0H         SYMBOL        SMB0CN
  D:00CFH         SYMBOL        SMB0CR
  D:00C2H         SYMBOL        SMB0DAT
  D:00C1H         SYMBOL        SMB0STA
  B:00C0H.1       SYMBOL        SMBFTE
  B:00C0H.0       SYMBOL        SMBTOE
  D:0081H         SYMBOL        SP
BL51 BANKED LINKER/LOCATER V6.22.4.0                                                  01/09/2026  23:24:06  PAGE 21


  D:009AH         SYMBOL        SPI0CFG
  D:009DH         SYMBOL        SPI0CKR
  D:00F8H         SYMBOL        SPI0CN
  D:009BH         SYMBOL        SPI0DAT
  B:00F8H.0       SYMBOL        SPIEN
  B:00F8H.7       SYMBOL        SPIF
  B:00C0H.5       SYMBOL        STA
  B:00C0H.4       SYMBOL        STO
  D:00C8H         SYMBOL        T2CON
  D:00C9H         SYMBOL        T4CON
  C:0F37H         SYMBOL        TABLE_DISPLAY_ALL_OFF
  C:0EFBH         SYMBOL        TABLE_DISPLAY_INIT_BLANK
  C:0F01H         SYMBOL        TABLE_DISPLAY_RUN_BLANK
  C:0F07H         SYMBOL        TABLE_MENU_MAIN_OPT
  C:0F13H         SYMBOL        TABLE_OPT1_PROMPT
  C:0F19H         SYMBOL        TABLE_OPT2_PROMPT
  C:0F1FH         SYMBOL        TABLE_OPT3_PROMPT
  C:0F0DH         SYMBOL        TABLE_OPT_ERR011
  C:0F2BH         SYMBOL        TABLE_PASS_ERROR_FALSEX
  C:0F31H         SYMBOL        TABLE_PASS_ERROR_LOCKED
  C:0F25H         SYMBOL        TABLE_PASS_PROMPT
  B:0098H.3       SYMBOL        TB8
  B:00C8H.4       SYMBOL        TCLK
  D:0088H         SYMBOL        TCON
  B:0088H.5       SYMBOL        TF0
  B:0088H.7       SYMBOL        TF1
  B:00C8H.7       SYMBOL        TF2
  D:008CH         SYMBOL        TH0
  D:008DH         SYMBOL        TH1
  D:00CDH         SYMBOL        TH2
  D:00F5H         SYMBOL        TH4
  B:0098H.1       SYMBOL        TI
  D:008AH         SYMBOL        TL0
  D:008BH         SYMBOL        TL1
  D:00CCH         SYMBOL        TL2
  D:00F4H         SYMBOL        TL4
  D:0089H         SYMBOL        TMOD
  D:0091H         SYMBOL        TMR3CN
  D:0095H         SYMBOL        TMR3H
  D:0094H         SYMBOL        TMR3L
  D:0093H         SYMBOL        TMR3RLH
  D:0092H         SYMBOL        TMR3RLL
  B:0088H.4       SYMBOL        TR0
  B:0088H.6       SYMBOL        TR1
  B:00C8H.2       SYMBOL        TR2
  B:00F8H.3       SYMBOL        TXBSY
  B:00F8H.6       SYMBOL        WCOL
  D:00FFH         SYMBOL        WDTCN
  D:00E1H         SYMBOL        XBR0
  D:00E2H         SYMBOL        XBR1
  D:00E3H         SYMBOL        XBR2
  C:0F6EH         LINE#         14
  C:0F71H         LINE#         15
  C:0F74H         LINE#         17
  C:0F76H         LINE#         18
  C:0F77H         LINE#         19
  C:0F79H         LINE#         20
BL51 BANKED LINKER/LOCATER V6.22.4.0                                                  01/09/2026  23:24:06  PAGE 22


  C:0F7AH         LINE#         21
  C:0F7BH         LINE#         22
  C:0F7DH         LINE#         24
  C:0F80H         LINE#         25
  C:0F82H         LINE#         26
  C:0F83H         LINE#         27
  C:0F85H         LINE#         29
  C:0F88H         LINE#         30
  C:0F89H         LINE#         31
  C:0F8AH         LINE#         32
  C:0F8BH         LINE#         33
  C:0F8CH         LINE#         35
  C:0F8EH         LINE#         36
  C:0F90H         LINE#         38
  C:0F92H         LINE#         40
  C:0F94H         LINE#         41
  C:0F96H         LINE#         42
  C:0F99H         LINE#         43
  C:0F9CH         LINE#         46
  C:0F9DH         LINE#         62
  C:0F9FH         LINE#         63
  C:0FA1H         LINE#         64
  C:0FA3H         LINE#         65
  C:0FA5H         LINE#         68
  C:0FA8H         LINE#         69
  C:0FABH         LINE#         70
  C:0FADH         LINE#         71
  C:0FB0H         LINE#         72
  C:0FB3H         LINE#         73
  C:0FB5H         LINE#         74
  C:0FB8H         LINE#         75
  C:0FBBH         LINE#         76
  C:0FBDH         LINE#         77
  C:0FC0H         LINE#         78
  C:0FC3H         LINE#         79
  C:0FC5H         LINE#         80
  C:0FC8H         LINE#         81
  C:0FCBH         LINE#         82
  C:0FCDH         LINE#         83
  C:0FD0H         LINE#         84
  C:0FD3H         LINE#         85
  C:0FD5H         LINE#         86
  C:0FD8H         LINE#         87
  C:0FDBH         LINE#         88
  C:0FDDH         LINE#         89
  C:0FE0H         LINE#         90
  C:0FE3H         LINE#         91
  C:0FE5H         LINE#         92
  C:0FE8H         LINE#         93
  C:0FEBH         LINE#         94
  C:0FEDH         LINE#         95
  C:0FF0H         LINE#         96
  C:0FF3H         LINE#         97
  C:0FF5H         LINE#         100
  C:0FF8H         LINE#         103
  C:0FFAH         LINE#         104
  C:0FFCH         LINE#         105
BL51 BANKED LINKER/LOCATER V6.22.4.0                                                  01/09/2026  23:24:06  PAGE 23


  C:0FFEH         LINE#         107
  C:0FFFH         LINE#         108
  C:1000H         LINE#         109
  C:1001H         LINE#         110
  C:1002H         LINE#         111
  C:1003H         LINE#         112
  C:1004H         LINE#         113
  C:1007H         LINE#         114
  C:1009H         LINE#         116
  C:100BH         LINE#         117
  C:100DH         LINE#         118
  C:100FH         LINE#         119
  C:1011H         LINE#         120
  -------         ENDMOD        LED6

  -------         MODULE        SINGER
  C:0D6AH         SEGMENT       SINGER_SEGMENT
  C:0D6AH         PUBLIC        SINGER_INIT
  C:0DB6H         PUBLIC        SINGER_PLAY
  C:0D6EH         PUBLIC        SINGER_PLAYNOTE
  B:00C0H.2       SYMBOL        AA
  B:00D0H.6       SYMBOL        AC
  D:00E0H         SYMBOL        ACC
  B:00E8H.4       SYMBOL        AD0BUSY
  B:00E8H.7       SYMBOL        AD0EN
  B:00E8H.5       SYMBOL        AD0INT
  B:00E8H.0       SYMBOL        AD0LJST
  B:00E8H.2       SYMBOL        AD0STM0
  B:00E8H.3       SYMBOL        AD0STM1
  B:00E8H.6       SYMBOL        AD0TM
  B:00E8H.1       SYMBOL        AD0WINT
  D:00BCH         SYMBOL        ADC0CF
  D:00E8H         SYMBOL        ADC0CN
  D:00C5H         SYMBOL        ADC0GTH
  D:00C4H         SYMBOL        ADC0GTL
  D:00BFH         SYMBOL        ADC0H
  D:00BEH         SYMBOL        ADC0L
  D:00C7H         SYMBOL        ADC0LTH
  D:00C6H         SYMBOL        ADC0LTL
  D:009CH         SYMBOL        ADC1
  D:00ABH         SYMBOL        ADC1CF
  D:00AAH         SYMBOL        ADC1CN
  D:00BAH         SYMBOL        AMX0CF
  D:00BBH         SYMBOL        AMX0SL
  D:00ACH         SYMBOL        AMX1SL
  D:00F0H         SYMBOL        B
  B:00D8H.0       SYMBOL        CCF0
  B:00D8H.1       SYMBOL        CCF1
  B:00D8H.2       SYMBOL        CCF2
  B:00D8H.3       SYMBOL        CCF3
  B:00D8H.4       SYMBOL        CCF4
  B:00D8H.7       SYMBOL        CF
  D:008EH         SYMBOL        CKCON
  B:00C8H.0       SYMBOL        CPRL2
  D:009EH         SYMBOL        CPT0CN
  D:009FH         SYMBOL        CPT1CN
  B:00D8H.6       SYMBOL        CR
BL51 BANKED LINKER/LOCATER V6.22.4.0                                                  01/09/2026  23:24:06  PAGE 24


  B:00C8H.1       SYMBOL        CT2
  B:00D0H.7       SYMBOL        CY
  D:00D4H         SYMBOL        DAC0CN
  D:00D3H         SYMBOL        DAC0H
  D:00D2H         SYMBOL        DAC0L
  D:00D7H         SYMBOL        DAC1CN
  D:00D6H         SYMBOL        DAC1H
  D:00D5H         SYMBOL        DAC1L
  D:0083H         SYMBOL        DPH
  D:0082H         SYMBOL        DPL
  B:00A8H.7       SYMBOL        EA
  D:00E6H         SYMBOL        EIE1
  D:00E7H         SYMBOL        EIE2
  D:00F6H         SYMBOL        EIP1
  D:00F7H         SYMBOL        EIP2
  D:00A3H         SYMBOL        EMI0CF
  D:00AFH         SYMBOL        EMI0CN
  D:00A1H         SYMBOL        EMI0TC
  B:00C0H.6       SYMBOL        ENSMB
  B:00A8H.4       SYMBOL        ES
  B:00A8H.1       SYMBOL        ET0
  B:00A8H.3       SYMBOL        ET1
  B:00A8H.5       SYMBOL        ET2
  B:00A8H.0       SYMBOL        EX0
  B:00A8H.2       SYMBOL        EX1
  B:00C8H.3       SYMBOL        EXEN2
  B:00C8H.6       SYMBOL        EXF2
  B:00D0H.5       SYMBOL        F0
  B:00D0H.1       SYMBOL        F1
  D:00B7H         SYMBOL        FLACL
  D:00B6H         SYMBOL        FLSCL
  D:00A8H         SYMBOL        IE
  B:0088H.1       SYMBOL        IE0
  B:0088H.3       SYMBOL        IE1
  D:00B8H         SYMBOL        IP
  B:0088H.0       SYMBOL        IT0
  B:0088H.2       SYMBOL        IT1
  B:00F8H.5       SYMBOL        MODF
  B:00F8H.1       SYMBOL        MSTEN
  C:0E12H         SYMBOL        NOTE_RELOAD_TABLE
  C:0E04H         SYMBOL        NO_WAIT
  D:00B2H         SYMBOL        OSCICN
  D:00B1H         SYMBOL        OSCXCN
  B:00D0H.2       SYMBOL        OV
  B:00D0H.0       SYMBOL        P
  D:0080H         SYMBOL        P0
  D:00A4H         SYMBOL        P0MDOUT
  D:0090H         SYMBOL        P1
  D:00BDH         SYMBOL        P1MDIN
  D:00A5H         SYMBOL        P1MDOUT
  D:00A0H         SYMBOL        P2
  D:00A6H         SYMBOL        P2MDOUT
  D:00B0H         SYMBOL        P3
  D:00ADH         SYMBOL        P3IF
  D:00A7H         SYMBOL        P3MDOUT
  D:0084H         SYMBOL        P4
  D:0085H         SYMBOL        P5
BL51 BANKED LINKER/LOCATER V6.22.4.0                                                  01/09/2026  23:24:06  PAGE 25


  D:0086H         SYMBOL        P6
  D:0096H         SYMBOL        P7
  D:00B5H         SYMBOL        P74OUT
  D:00D8H         SYMBOL        PCA0CN
  D:00FAH         SYMBOL        PCA0CPH0
  D:00FBH         SYMBOL        PCA0CPH1
  D:00FCH         SYMBOL        PCA0CPH2
  D:00FDH         SYMBOL        PCA0CPH3
  D:00FEH         SYMBOL        PCA0CPH4
  D:00EAH         SYMBOL        PCA0CPL0
  D:00EBH         SYMBOL        PCA0CPL1
  D:00ECH         SYMBOL        PCA0CPL2
  D:00EDH         SYMBOL        PCA0CPL3
  D:00EEH         SYMBOL        PCA0CPL4
  D:00DAH         SYMBOL        PCA0CPM0
  D:00DBH         SYMBOL        PCA0CPM1
  D:00DCH         SYMBOL        PCA0CPM2
  D:00DDH         SYMBOL        PCA0CPM3
  D:00DEH         SYMBOL        PCA0CPM4
  D:00F9H         SYMBOL        PCA0H
  D:00E9H         SYMBOL        PCA0L
  D:00D9H         SYMBOL        PCA0MD
  D:0087H         SYMBOL        PCON
  C:0DE5H         SYMBOL        PLAY_NOTE_REST
  B:00B8H.4       SYMBOL        PS
  D:008FH         SYMBOL        PSCTL
  D:00D0H         SYMBOL        PSW
  B:00B8H.1       SYMBOL        PT0
  B:00B8H.3       SYMBOL        PT1
  B:00B8H.5       SYMBOL        PT2
  B:00B8H.0       SYMBOL        PX0
  B:00B8H.2       SYMBOL        PX1
  B:0098H.2       SYMBOL        RB8
  D:00CBH         SYMBOL        RCAP2H
  D:00CAH         SYMBOL        RCAP2L
  D:00E5H         SYMBOL        RCAP4H
  D:00E4H         SYMBOL        RCAP4L
  B:00C8H.5       SYMBOL        RCLK
  C:0DC5H         SYMBOL        READ_DURATION
  D:00D1H         SYMBOL        REF0CN
  B:0098H.4       SYMBOL        REN
  B:0098H.0       SYMBOL        RI
  B:00D0H.3       SYMBOL        RS0
  B:00D0H.4       SYMBOL        RS1
  D:00EFH         SYMBOL        RSTSRC
  B:00F8H.4       SYMBOL        RXOVRN
  D:00A9H         SYMBOL        SADDR0
  D:00F3H         SYMBOL        SADDR1
  D:00B9H         SYMBOL        SADEN0
  D:00AEH         SYMBOL        SADEN1
  D:0099H         SYMBOL        SBUF0
  D:00F2H         SYMBOL        SBUF1
  D:0098H         SYMBOL        SCON0
  D:00F1H         SYMBOL        SCON1
  B:00C0H.3       SYMBOL        SI
  C:0E0AH         SYMBOL        SINGER_DONE
  C:0DBDH         SYMBOL        SINGER_LOOP
BL51 BANKED LINKER/LOCATER V6.22.4.0                                                  01/09/2026  23:24:06  PAGE 26


  B:00F8H.2       SYMBOL        SLVSEL
  B:0098H.7       SYMBOL        SM0
  B:0098H.6       SYMBOL        SM1
  B:0098H.5       SYMBOL        SM2
  D:00C3H         SYMBOL        SMB0ADR
  D:00C0H         SYMBOL        SMB0CN
  D:00CFH         SYMBOL        SMB0CR
  D:00C2H         SYMBOL        SMB0DAT
  D:00C1H         SYMBOL        SMB0STA
  B:00C0H.1       SYMBOL        SMBFTE
  B:00C0H.0       SYMBOL        SMBTOE
  C:0E30H         SYMBOL        SONG_TABLE
  D:0081H         SYMBOL        SP
  D:009AH         SYMBOL        SPI0CFG
  D:009DH         SYMBOL        SPI0CKR
  D:00F8H         SYMBOL        SPI0CN
  D:009BH         SYMBOL        SPI0DAT
  B:00F8H.0       SYMBOL        SPIEN
  B:00F8H.7       SYMBOL        SPIF
  C:0D7AH         SYMBOL        SPN_CHECK_NM1
  C:0D81H         SYMBOL        SPN_CHECK_POS
  C:0D84H         SYMBOL        SPN_LE8
  C:0D89H         SYMBOL        SPN_PLAY
  C:0DB1H         SYMBOL        SPN_RET
  B:00C0H.5       SYMBOL        STA
  B:00C0H.4       SYMBOL        STO
  D:00C8H         SYMBOL        T2CON
  D:00C9H         SYMBOL        T4CON
  B:0098H.3       SYMBOL        TB8
  B:00C8H.4       SYMBOL        TCLK
  D:0088H         SYMBOL        TCON
  B:0088H.5       SYMBOL        TF0
  B:0088H.7       SYMBOL        TF1
  B:00C8H.7       SYMBOL        TF2
  D:008CH         SYMBOL        TH0
  D:008DH         SYMBOL        TH1
  D:00CDH         SYMBOL        TH2
  D:00F5H         SYMBOL        TH4
  B:0098H.1       SYMBOL        TI
  D:008AH         SYMBOL        TL0
  D:008BH         SYMBOL        TL1
  D:00CCH         SYMBOL        TL2
  D:00F4H         SYMBOL        TL4
  D:0089H         SYMBOL        TMOD
  D:0091H         SYMBOL        TMR3CN
  D:0095H         SYMBOL        TMR3H
  D:0094H         SYMBOL        TMR3L
  D:0093H         SYMBOL        TMR3RLH
  D:0092H         SYMBOL        TMR3RLL
  B:0088H.4       SYMBOL        TR0
  B:0088H.6       SYMBOL        TR1
  B:00C8H.2       SYMBOL        TR2
  B:00F8H.3       SYMBOL        TXBSY
  C:0DE8H         SYMBOL        WAIT_DURATION
  C:0DEBH         SYMBOL        WAIT_LOOP
  B:00F8H.6       SYMBOL        WCOL
  D:00FFH         SYMBOL        WDTCN
BL51 BANKED LINKER/LOCATER V6.22.4.0                                                  01/09/2026  23:24:06  PAGE 27


  D:00E1H         SYMBOL        XBR0
  D:00E2H         SYMBOL        XBR1
  D:00E3H         SYMBOL        XBR2
  C:0D6AH         LINE#         25
  C:0D6DH         LINE#         26
  C:0D6EH         LINE#         37
  C:0D70H         LINE#         38
  C:0D72H         LINE#         48
  C:0D73H         LINE#         49
  C:0D76H         LINE#         51
  C:0D78H         LINE#         52
  C:0D7AH         LINE#         55
  C:0D7DH         LINE#         57
  C:0D7FH         LINE#         58
  C:0D81H         LINE#         62
  C:0D84H         LINE#         64
  C:0D86H         LINE#         67
  C:0D88H         LINE#         70
  C:0D89H         LINE#         74
  C:0D8AH         LINE#         75
  C:0D8BH         LINE#         76
  C:0D8CH         LINE#         77
  C:0D8DH         LINE#         80
  C:0D8FH         LINE#         81
  C:0D91H         LINE#         82
  C:0D94H         LINE#         85
  C:0D95H         LINE#         86
  C:0D96H         LINE#         89
  C:0D97H         LINE#         90
  C:0D98H         LINE#         91
  C:0D99H         LINE#         92
  C:0D9AH         LINE#         94
  C:0D9CH         LINE#         95
  C:0D9EH         LINE#         98
  C:0DA1H         LINE#         99
  C:0DA4H         LINE#         101
  C:0DA6H         LINE#         102
  C:0DA9H         LINE#         103
  C:0DABH         LINE#         104
  C:0DAEH         LINE#         106
  C:0DB1H         LINE#         109
  C:0DB3H         LINE#         110
  C:0DB5H         LINE#         111
  C:0DB6H         LINE#         119
  C:0DB8H         LINE#         120
  C:0DBAH         LINE#         122
  C:0DBDH         LINE#         126
  C:0DBEH         LINE#         127
  C:0DBFH         LINE#         128
  C:0DC0H         LINE#         131
  C:0DC3H         LINE#         132
  C:0DC5H         LINE#         135
  C:0DC6H         LINE#         136
  C:0DC7H         LINE#         137
  C:0DC8H         LINE#         138
  C:0DC9H         LINE#         139
  C:0DCAH         LINE#         142
BL51 BANKED LINKER/LOCATER V6.22.4.0                                                  01/09/2026  23:24:06  PAGE 28


  C:0DCCH         LINE#         143
  C:0DCEH         LINE#         146
  C:0DCFH         LINE#         147
  C:0DD1H         LINE#         150
  C:0DD2H         LINE#         151
  C:0DD3H         LINE#         152
  C:0DD4H         LINE#         154
  C:0DD7H         LINE#         157
  C:0DD8H         LINE#         158
  C:0DD9H         LINE#         161
  C:0DDAH         LINE#         162
  C:0DDBH         LINE#         163
  C:0DDCH         LINE#         164
  C:0DDDH         LINE#         167
  C:0DE0H         LINE#         168
  C:0DE3H         LINE#         169
  C:0DE5H         LINE#         172
  C:0DE8H         LINE#         178
  C:0DE9H         LINE#         179
  C:0DEBH         LINE#         182
  C:0DEDH         LINE#         183
  C:0DEFH         LINE#         184
  C:0DF2H         LINE#         185
  C:0DF4H         LINE#         186
  C:0DF7H         LINE#         187
  C:0DF9H         LINE#         188
  C:0DFAH         LINE#         189
  C:0DFCH         LINE#         192
  C:0DFFH         LINE#         193
  C:0E01H         LINE#         194
  C:0E04H         LINE#         198
  C:0E06H         LINE#         199
  C:0E08H         LINE#         201
  C:0E0AH         LINE#         204
  C:0E0CH         LINE#         205
  C:0E0EH         LINE#         206
  C:0E11H         LINE#         207
  -------         ENDMOD        SINGER

  -------         MODULE        BUZZER
  C:147BH         SEGMENT       BUZZER_SEGMENT
  C:147BH         PUBLIC        BUZZER_INIT
  C:1487H         PUBLIC        BUZZER_SET_FREQUENCY
  C:147FH         PUBLIC        BUZZER_START
  C:1483H         PUBLIC        BUZZER_STOP
  B:00C0H.2       SYMBOL        AA
  B:00D0H.6       SYMBOL        AC
  D:00E0H         SYMBOL        ACC
  B:00E8H.4       SYMBOL        AD0BUSY
  B:00E8H.7       SYMBOL        AD0EN
  B:00E8H.5       SYMBOL        AD0INT
  B:00E8H.0       SYMBOL        AD0LJST
  B:00E8H.2       SYMBOL        AD0STM0
  B:00E8H.3       SYMBOL        AD0STM1
  B:00E8H.6       SYMBOL        AD0TM
  B:00E8H.1       SYMBOL        AD0WINT
  D:00BCH         SYMBOL        ADC0CF
BL51 BANKED LINKER/LOCATER V6.22.4.0                                                  01/09/2026  23:24:06  PAGE 29


  D:00E8H         SYMBOL        ADC0CN
  D:00C5H         SYMBOL        ADC0GTH
  D:00C4H         SYMBOL        ADC0GTL
  D:00BFH         SYMBOL        ADC0H
  D:00BEH         SYMBOL        ADC0L
  D:00C7H         SYMBOL        ADC0LTH
  D:00C6H         SYMBOL        ADC0LTL
  D:009CH         SYMBOL        ADC1
  D:00ABH         SYMBOL        ADC1CF
  D:00AAH         SYMBOL        ADC1CN
  D:00BAH         SYMBOL        AMX0CF
  D:00BBH         SYMBOL        AMX0SL
  D:00ACH         SYMBOL        AMX1SL
  D:00F0H         SYMBOL        B
  B:00D8H.0       SYMBOL        CCF0
  B:00D8H.1       SYMBOL        CCF1
  B:00D8H.2       SYMBOL        CCF2
  B:00D8H.3       SYMBOL        CCF3
  B:00D8H.4       SYMBOL        CCF4
  B:00D8H.7       SYMBOL        CF
  D:008EH         SYMBOL        CKCON
  B:00C8H.0       SYMBOL        CPRL2
  D:009EH         SYMBOL        CPT0CN
  D:009FH         SYMBOL        CPT1CN
  B:00D8H.6       SYMBOL        CR
  B:00C8H.1       SYMBOL        CT2
  B:00D0H.7       SYMBOL        CY
  D:00D4H         SYMBOL        DAC0CN
  D:00D3H         SYMBOL        DAC0H
  D:00D2H         SYMBOL        DAC0L
  D:00D7H         SYMBOL        DAC1CN
  D:00D6H         SYMBOL        DAC1H
  D:00D5H         SYMBOL        DAC1L
  D:0083H         SYMBOL        DPH
  D:0082H         SYMBOL        DPL
  B:00A8H.7       SYMBOL        EA
  D:00E6H         SYMBOL        EIE1
  D:00E7H         SYMBOL        EIE2
  D:00F6H         SYMBOL        EIP1
  D:00F7H         SYMBOL        EIP2
  D:00A3H         SYMBOL        EMI0CF
  D:00AFH         SYMBOL        EMI0CN
  D:00A1H         SYMBOL        EMI0TC
  B:00C0H.6       SYMBOL        ENSMB
  B:00A8H.4       SYMBOL        ES
  B:00A8H.1       SYMBOL        ET0
  B:00A8H.3       SYMBOL        ET1
  B:00A8H.5       SYMBOL        ET2
  B:00A8H.0       SYMBOL        EX0
  B:00A8H.2       SYMBOL        EX1
  B:00C8H.3       SYMBOL        EXEN2
  B:00C8H.6       SYMBOL        EXF2
  B:00D0H.5       SYMBOL        F0
  B:00D0H.1       SYMBOL        F1
  D:00B7H         SYMBOL        FLACL
  D:00B6H         SYMBOL        FLSCL
  D:00A8H         SYMBOL        IE
BL51 BANKED LINKER/LOCATER V6.22.4.0                                                  01/09/2026  23:24:06  PAGE 30


  B:0088H.1       SYMBOL        IE0
  B:0088H.3       SYMBOL        IE1
  D:00B8H         SYMBOL        IP
  B:0088H.0       SYMBOL        IT0
  B:0088H.2       SYMBOL        IT1
  B:00F8H.5       SYMBOL        MODF
  B:00F8H.1       SYMBOL        MSTEN
  D:00B2H         SYMBOL        OSCICN
  D:00B1H         SYMBOL        OSCXCN
  B:00D0H.2       SYMBOL        OV
  B:00D0H.0       SYMBOL        P
  D:0080H         SYMBOL        P0
  D:00A4H         SYMBOL        P0MDOUT
  D:0090H         SYMBOL        P1
  D:00BDH         SYMBOL        P1MDIN
  D:00A5H         SYMBOL        P1MDOUT
  D:00A0H         SYMBOL        P2
  D:00A6H         SYMBOL        P2MDOUT
  D:00B0H         SYMBOL        P3
  D:00ADH         SYMBOL        P3IF
  D:00A7H         SYMBOL        P3MDOUT
  D:0084H         SYMBOL        P4
  D:0085H         SYMBOL        P5
  D:0086H         SYMBOL        P6
  D:0096H         SYMBOL        P7
  D:00B5H         SYMBOL        P74OUT
  D:00D8H         SYMBOL        PCA0CN
  D:00FAH         SYMBOL        PCA0CPH0
  D:00FBH         SYMBOL        PCA0CPH1
  D:00FCH         SYMBOL        PCA0CPH2
  D:00FDH         SYMBOL        PCA0CPH3
  D:00FEH         SYMBOL        PCA0CPH4
  D:00EAH         SYMBOL        PCA0CPL0
  D:00EBH         SYMBOL        PCA0CPL1
  D:00ECH         SYMBOL        PCA0CPL2
  D:00EDH         SYMBOL        PCA0CPL3
  D:00EEH         SYMBOL        PCA0CPL4
  D:00DAH         SYMBOL        PCA0CPM0
  D:00DBH         SYMBOL        PCA0CPM1
  D:00DCH         SYMBOL        PCA0CPM2
  D:00DDH         SYMBOL        PCA0CPM3
  D:00DEH         SYMBOL        PCA0CPM4
  D:00F9H         SYMBOL        PCA0H
  D:00E9H         SYMBOL        PCA0L
  D:00D9H         SYMBOL        PCA0MD
  D:0087H         SYMBOL        PCON
  B:00B8H.4       SYMBOL        PS
  D:008FH         SYMBOL        PSCTL
  D:00D0H         SYMBOL        PSW
  B:00B8H.1       SYMBOL        PT0
  B:00B8H.3       SYMBOL        PT1
  B:00B8H.5       SYMBOL        PT2
  B:00B8H.0       SYMBOL        PX0
  B:00B8H.2       SYMBOL        PX1
  B:0098H.2       SYMBOL        RB8
  D:00CBH         SYMBOL        RCAP2H
  D:00CAH         SYMBOL        RCAP2L
BL51 BANKED LINKER/LOCATER V6.22.4.0                                                  01/09/2026  23:24:06  PAGE 31


  D:00E5H         SYMBOL        RCAP4H
  D:00E4H         SYMBOL        RCAP4L
  B:00C8H.5       SYMBOL        RCLK
  D:00D1H         SYMBOL        REF0CN
  B:0098H.4       SYMBOL        REN
  B:0098H.0       SYMBOL        RI
  B:00D0H.3       SYMBOL        RS0
  B:00D0H.4       SYMBOL        RS1
  D:00EFH         SYMBOL        RSTSRC
  B:00F8H.4       SYMBOL        RXOVRN
  D:00A9H         SYMBOL        SADDR0
  D:00F3H         SYMBOL        SADDR1
  D:00B9H         SYMBOL        SADEN0
  D:00AEH         SYMBOL        SADEN1
  D:0099H         SYMBOL        SBUF0
  D:00F2H         SYMBOL        SBUF1
  D:0098H         SYMBOL        SCON0
  D:00F1H         SYMBOL        SCON1
  B:00C0H.3       SYMBOL        SI
  B:00F8H.2       SYMBOL        SLVSEL
  B:0098H.7       SYMBOL        SM0
  B:0098H.6       SYMBOL        SM1
  B:0098H.5       SYMBOL        SM2
  D:00C3H         SYMBOL        SMB0ADR
  D:00C0H         SYMBOL        SMB0CN
  D:00CFH         SYMBOL        SMB0CR
  D:00C2H         SYMBOL        SMB0DAT
  D:00C1H         SYMBOL        SMB0STA
  B:00C0H.1       SYMBOL        SMBFTE
  B:00C0H.0       SYMBOL        SMBTOE
  D:0081H         SYMBOL        SP
  D:009AH         SYMBOL        SPI0CFG
  D:009DH         SYMBOL        SPI0CKR
  D:00F8H         SYMBOL        SPI0CN
  D:009BH         SYMBOL        SPI0DAT
  B:00F8H.0       SYMBOL        SPIEN
  B:00F8H.7       SYMBOL        SPIF
  B:00C0H.5       SYMBOL        STA
  B:00C0H.4       SYMBOL        STO
  D:00C8H         SYMBOL        T2CON
  D:00C9H         SYMBOL        T4CON
  B:0098H.3       SYMBOL        TB8
  B:00C8H.4       SYMBOL        TCLK
  D:0088H         SYMBOL        TCON
  B:0088H.5       SYMBOL        TF0
  B:0088H.7       SYMBOL        TF1
  B:00C8H.7       SYMBOL        TF2
  D:008CH         SYMBOL        TH0
  D:008DH         SYMBOL        TH1
  D:00CDH         SYMBOL        TH2
  D:00F5H         SYMBOL        TH4
  B:0098H.1       SYMBOL        TI
  D:008AH         SYMBOL        TL0
  D:008BH         SYMBOL        TL1
  D:00CCH         SYMBOL        TL2
  D:00F4H         SYMBOL        TL4
  D:0089H         SYMBOL        TMOD
BL51 BANKED LINKER/LOCATER V6.22.4.0                                                  01/09/2026  23:24:06  PAGE 32


  D:0091H         SYMBOL        TMR3CN
  D:0095H         SYMBOL        TMR3H
  D:0094H         SYMBOL        TMR3L
  D:0093H         SYMBOL        TMR3RLH
  D:0092H         SYMBOL        TMR3RLL
  B:0088H.4       SYMBOL        TR0
  B:0088H.6       SYMBOL        TR1
  B:00C8H.2       SYMBOL        TR2
  B:00F8H.3       SYMBOL        TXBSY
  B:00F8H.6       SYMBOL        WCOL
  D:00FFH         SYMBOL        WDTCN
  D:00E1H         SYMBOL        XBR0
  D:00E2H         SYMBOL        XBR1
  D:00E3H         SYMBOL        XBR2
  C:147BH         LINE#         31
  C:147EH         LINE#         32
  C:147FH         LINE#         40
  C:1482H         LINE#         41
  C:1483H         LINE#         49
  C:1486H         LINE#         50
  C:1487H         LINE#         59
  C:148AH         LINE#         60
  -------         ENDMOD        BUZZER

  -------         MODULE        DELAY
  C:1468H         SEGMENT       DELAY
  C:1468H         PUBLIC        DELAY_MS
  C:146CH         SYMBOL        L_D1
  C:146EH         SYMBOL        L_D2
  C:1470H         SYMBOL        L_D3
  C:1468H         LINE#         7
  C:146AH         LINE#         8
  C:146CH         LINE#         9
  C:146EH         LINE#         10
  C:1470H         LINE#         11
  C:1472H         LINE#         12
  C:1474H         LINE#         13
  C:1476H         LINE#         14
  C:1478H         LINE#         15
  C:147AH         LINE#         16
  -------         ENDMOD        DELAY

  -------         MODULE        KEYBOARD
  C:1012H         SEGMENT       KBD
  C:1012H         PUBLIC        MATRIXKEY
  B:00C0H.2       SYMBOL        AA
  B:00D0H.6       SYMBOL        AC
  D:00E0H         SYMBOL        ACC
  B:00E8H.4       SYMBOL        AD0BUSY
  B:00E8H.7       SYMBOL        AD0EN
  B:00E8H.5       SYMBOL        AD0INT
  B:00E8H.0       SYMBOL        AD0LJST
  B:00E8H.2       SYMBOL        AD0STM0
  B:00E8H.3       SYMBOL        AD0STM1
  B:00E8H.6       SYMBOL        AD0TM
  B:00E8H.1       SYMBOL        AD0WINT
  D:00BCH         SYMBOL        ADC0CF
BL51 BANKED LINKER/LOCATER V6.22.4.0                                                  01/09/2026  23:24:06  PAGE 33


  D:00E8H         SYMBOL        ADC0CN
  D:00C5H         SYMBOL        ADC0GTH
  D:00C4H         SYMBOL        ADC0GTL
  D:00BFH         SYMBOL        ADC0H
  D:00BEH         SYMBOL        ADC0L
  D:00C7H         SYMBOL        ADC0LTH
  D:00C6H         SYMBOL        ADC0LTL
  D:009CH         SYMBOL        ADC1
  D:00ABH         SYMBOL        ADC1CF
  D:00AAH         SYMBOL        ADC1CN
  D:00BAH         SYMBOL        AMX0CF
  D:00BBH         SYMBOL        AMX0SL
  D:00ACH         SYMBOL        AMX1SL
  D:00F0H         SYMBOL        B
  B:00D8H.0       SYMBOL        CCF0
  B:00D8H.1       SYMBOL        CCF1
  B:00D8H.2       SYMBOL        CCF2
  B:00D8H.3       SYMBOL        CCF3
  B:00D8H.4       SYMBOL        CCF4
  B:00D8H.7       SYMBOL        CF
  D:008EH         SYMBOL        CKCON
  B:00C8H.0       SYMBOL        CPRL2
  D:009EH         SYMBOL        CPT0CN
  D:009FH         SYMBOL        CPT1CN
  B:00D8H.6       SYMBOL        CR
  B:00C8H.1       SYMBOL        CT2
  B:00D0H.7       SYMBOL        CY
  D:00D4H         SYMBOL        DAC0CN
  D:00D3H         SYMBOL        DAC0H
  D:00D2H         SYMBOL        DAC0L
  D:00D7H         SYMBOL        DAC1CN
  D:00D6H         SYMBOL        DAC1H
  D:00D5H         SYMBOL        DAC1L
  D:0083H         SYMBOL        DPH
  D:0082H         SYMBOL        DPL
  B:00A8H.7       SYMBOL        EA
  D:00E6H         SYMBOL        EIE1
  D:00E7H         SYMBOL        EIE2
  D:00F6H         SYMBOL        EIP1
  D:00F7H         SYMBOL        EIP2
  D:00A3H         SYMBOL        EMI0CF
  D:00AFH         SYMBOL        EMI0CN
  D:00A1H         SYMBOL        EMI0TC
  B:00C0H.6       SYMBOL        ENSMB
  B:00A8H.4       SYMBOL        ES
  B:00A8H.1       SYMBOL        ET0
  B:00A8H.3       SYMBOL        ET1
  B:00A8H.5       SYMBOL        ET2
  B:00A8H.0       SYMBOL        EX0
  B:00A8H.2       SYMBOL        EX1
  B:00C8H.3       SYMBOL        EXEN2
  B:00C8H.6       SYMBOL        EXF2
  B:00D0H.5       SYMBOL        F0
  B:00D0H.1       SYMBOL        F1
  D:00B7H         SYMBOL        FLACL
  D:00B6H         SYMBOL        FLSCL
  D:00A8H         SYMBOL        IE
BL51 BANKED LINKER/LOCATER V6.22.4.0                                                  01/09/2026  23:24:06  PAGE 34


  B:0088H.1       SYMBOL        IE0
  B:0088H.3       SYMBOL        IE1
  D:00B8H         SYMBOL        IP
  B:0088H.0       SYMBOL        IT0
  B:0088H.2       SYMBOL        IT1
  C:101FH         SYMBOL        MK_SK1
  C:105FH         SYMBOL        MK_SK10
  C:1065H         SYMBOL        MK_SK11
  C:106BH         SYMBOL        MK_SK12
  C:1076H         SYMBOL        MK_SK13
  C:107CH         SYMBOL        MK_SK14
  C:1082H         SYMBOL        MK_SK15
  C:1088H         SYMBOL        MK_SK16
  C:1025H         SYMBOL        MK_SK2
  C:102BH         SYMBOL        MK_SK3
  C:1031H         SYMBOL        MK_SK4
  C:103CH         SYMBOL        MK_SK5
  C:1042H         SYMBOL        MK_SK6
  C:1048H         SYMBOL        MK_SK7
  C:104EH         SYMBOL        MK_SK8
  C:1059H         SYMBOL        MK_SK9
  B:00F8H.5       SYMBOL        MODF
  B:00F8H.1       SYMBOL        MSTEN
  C:10C2H         SYMBOL        MXK_10_CHECK
  C:10E6H         SYMBOL        MXK_11_CHECK
  C:110AH         SYMBOL        MXK_12_CHECK
  C:10A7H         SYMBOL        MXK_13_CHECK
  C:10CBH         SYMBOL        MXK_14_CHECK
  C:10EFH         SYMBOL        MXK_15_CHECK
  C:1113H         SYMBOL        MXK_16_CHECK
  C:108CH         SYMBOL        MXK_1_CHECK
  C:10B0H         SYMBOL        MXK_2_CHECK
  C:10D4H         SYMBOL        MXK_3_CHECK
  C:10F8H         SYMBOL        MXK_4_CHECK
  C:1095H         SYMBOL        MXK_5_CHECK
  C:10B9H         SYMBOL        MXK_6_CHECK
  C:10DDH         SYMBOL        MXK_7_CHECK
  C:1101H         SYMBOL        MXK_8_CHECK
  C:109EH         SYMBOL        MXK_9_CHECK
  D:00B2H         SYMBOL        OSCICN
  D:00B1H         SYMBOL        OSCXCN
  B:00D0H.2       SYMBOL        OV
  B:00D0H.0       SYMBOL        P
  D:0080H         SYMBOL        P0
  D:00A4H         SYMBOL        P0MDOUT
  D:0090H         SYMBOL        P1
  D:00BDH         SYMBOL        P1MDIN
  D:00A5H         SYMBOL        P1MDOUT
  D:00A0H         SYMBOL        P2
  D:00A6H         SYMBOL        P2MDOUT
  D:00B0H         SYMBOL        P3
  D:00ADH         SYMBOL        P3IF
  D:00A7H         SYMBOL        P3MDOUT
  D:0084H         SYMBOL        P4
  D:0085H         SYMBOL        P5
  D:0086H         SYMBOL        P6
  D:0096H         SYMBOL        P7
BL51 BANKED LINKER/LOCATER V6.22.4.0                                                  01/09/2026  23:24:06  PAGE 35


  D:00B5H         SYMBOL        P74OUT
  D:00D8H         SYMBOL        PCA0CN
  D:00FAH         SYMBOL        PCA0CPH0
  D:00FBH         SYMBOL        PCA0CPH1
  D:00FCH         SYMBOL        PCA0CPH2
  D:00FDH         SYMBOL        PCA0CPH3
  D:00FEH         SYMBOL        PCA0CPH4
  D:00EAH         SYMBOL        PCA0CPL0
  D:00EBH         SYMBOL        PCA0CPL1
  D:00ECH         SYMBOL        PCA0CPL2
  D:00EDH         SYMBOL        PCA0CPL3
  D:00EEH         SYMBOL        PCA0CPL4
  D:00DAH         SYMBOL        PCA0CPM0
  D:00DBH         SYMBOL        PCA0CPM1
  D:00DCH         SYMBOL        PCA0CPM2
  D:00DDH         SYMBOL        PCA0CPM3
  D:00DEH         SYMBOL        PCA0CPM4
  D:00F9H         SYMBOL        PCA0H
  D:00E9H         SYMBOL        PCA0L
  D:00D9H         SYMBOL        PCA0MD
  D:0087H         SYMBOL        PCON
  B:00B8H.4       SYMBOL        PS
  D:008FH         SYMBOL        PSCTL
  D:00D0H         SYMBOL        PSW
  B:00B8H.1       SYMBOL        PT0
  B:00B8H.3       SYMBOL        PT1
  B:00B8H.5       SYMBOL        PT2
  B:00B8H.0       SYMBOL        PX0
  B:00B8H.2       SYMBOL        PX1
  B:0098H.2       SYMBOL        RB8
  D:00CBH         SYMBOL        RCAP2H
  D:00CAH         SYMBOL        RCAP2L
  D:00E5H         SYMBOL        RCAP4H
  D:00E4H         SYMBOL        RCAP4L
  B:00C8H.5       SYMBOL        RCLK
  D:00D1H         SYMBOL        REF0CN
  B:0098H.4       SYMBOL        REN
  B:0098H.0       SYMBOL        RI
  B:00D0H.3       SYMBOL        RS0
  B:00D0H.4       SYMBOL        RS1
  D:00EFH         SYMBOL        RSTSRC
  B:00F8H.4       SYMBOL        RXOVRN
  D:00A9H         SYMBOL        SADDR0
  D:00F3H         SYMBOL        SADDR1
  D:00B9H         SYMBOL        SADEN0
  D:00AEH         SYMBOL        SADEN1
  D:0099H         SYMBOL        SBUF0
  D:00F2H         SYMBOL        SBUF1
  D:0098H         SYMBOL        SCON0
  D:00F1H         SYMBOL        SCON1
  B:00C0H.3       SYMBOL        SI
  B:00F8H.2       SYMBOL        SLVSEL
  B:0098H.7       SYMBOL        SM0
  B:0098H.6       SYMBOL        SM1
  B:0098H.5       SYMBOL        SM2
  D:00C3H         SYMBOL        SMB0ADR
  D:00C0H         SYMBOL        SMB0CN
BL51 BANKED LINKER/LOCATER V6.22.4.0                                                  01/09/2026  23:24:06  PAGE 36


  D:00CFH         SYMBOL        SMB0CR
  D:00C2H         SYMBOL        SMB0DAT
  D:00C1H         SYMBOL        SMB0STA
  B:00C0H.1       SYMBOL        SMBFTE
[...]
  C:05FFH         LINE#         557
  C:0601H         LINE#         558
  C:0604H         LINE#         559
  C:0605H         LINE#         560
  C:0606H         LINE#         561
  C:0607H         LINE#         562
  C:0609H         LINE#         563
  C:060CH         LINE#         564
  C:060DH         LINE#         569
  C:060FH         LINE#         570
  C:0612H         LINE#         572
  C:0615H         LINE#         573
  C:0618H         LINE#         575
  C:061BH         LINE#         577
  C:061DH         LINE#         578
  C:0620H         LINE#         580
  C:0621H         LINE#         581
  C:0623H         LINE#         582
  C:0624H         LINE#         583
  C:0626H         LINE#         585
  C:0629H         LINE#         586
  C:062CH         LINE#         587
BL51 BANKED LINKER/LOCATER V6.22.4.0                                                  01/09/2026  23:24:06  PAGE 73


  C:062DH         LINE#         589
  C:0630H         LINE#         590
  C:0633H         LINE#         591
  C:0634H         LINE#         593
  C:0637H         LINE#         594
  C:063AH         LINE#         595
  C:063BH         LINE#         598
  C:063DH         LINE#         599
  C:063FH         LINE#         600
  C:0640H         LINE#         604
  C:0642H         LINE#         605
  C:0645H         LINE#         606
  C:0648H         LINE#         607
  C:064BH         LINE#         608
  C:064EH         LINE#         609
  C:064FH         LINE#         612
  C:0651H         LINE#         613
  C:0652H         LINE#         616
  C:0655H         LINE#         619
  C:0657H         LINE#         620
  C:0659H         LINE#         621
  C:065BH         LINE#         624
  C:065DH         LINE#         625
  C:065FH         LINE#         628
  C:0661H         LINE#         629
  C:0663H         LINE#         630
  C:0666H         LINE#         631
  C:0668H         LINE#         634
  C:066AH         LINE#         635
  C:066DH         LINE#         636
  C:0670H         LINE#         637
  C:0673H         LINE#         638
  C:0675H         LINE#         641
  C:0677H         LINE#         642
  C:0679H         LINE#         646
  C:067CH         LINE#         647
  C:067EH         LINE#         649
  C:0681H         LINE#         650
  C:0683H         LINE#         654
  C:0686H         LINE#         655
  C:0688H         LINE#         657
  C:068BH         LINE#         658
  C:068DH         LINE#         663
  C:0690H         LINE#         664
  C:0692H         LINE#         666
  C:0694H         LINE#         668
  C:0696H         LINE#         669
  C:0699H         LINE#         670
  C:069BH         LINE#         674
  C:069EH         LINE#         676
  C:06A0H         LINE#         677
  C:06A3H         LINE#         678
  C:06A5H         LINE#         679
  C:06A7H         LINE#         681
  C:06AAH         LINE#         683
  C:06ACH         LINE#         684
  C:06AFH         LINE#         685
BL51 BANKED LINKER/LOCATER V6.22.4.0                                                  01/09/2026  23:24:06  PAGE 74


  C:06B1H         LINE#         688
  C:06B3H         LINE#         689
  C:06B6H         LINE#         690
  C:06B8H         LINE#         694
  C:06BBH         LINE#         695
  C:06BDH         LINE#         697
  C:06C0H         LINE#         698
  C:06C2H         LINE#         701
  C:06C5H         LINE#         703
  C:06C6H         LINE#         714
  C:06C7H         LINE#         715
  C:06CAH         LINE#         717
  C:06CBH         LINE#         718
  C:06CCH         LINE#         719
  C:06CDH         LINE#         723
  C:06CFH         LINE#         724
  C:06D0H         LINE#         725
  C:06D1H         LINE#         729
  C:06D2H         LINE#         730
  C:06D5H         LINE#         731
  C:06D7H         LINE#         732
  C:06D8H         LINE#         734
  C:06DBH         LINE#         735
  C:06DDH         LINE#         736
  C:06DEH         LINE#         739
  C:06DFH         LINE#         740
  C:06E0H         LINE#         741
  C:06E1H         LINE#         745
  C:06E4H         LINE#         747
  C:06E5H         LINE#         748
  C:06E6H         LINE#         749
  C:06E8H         LINE#         750
  C:06EAH         LINE#         752
  C:06EDH         LINE#         753
  C:06EFH         LINE#         754
  C:06F0H         LINE#         755
  C:06F2H         LINE#         756
  C:06F3H         LINE#         759
  C:06F4H         LINE#         760
  C:06F5H         LINE#         761
  C:06F7H         LINE#         762
  C:06F8H         LINE#         763
  C:06FBH         LINE#         764
  C:06FDH         LINE#         765
  C:06FEH         LINE#         766
  C:0700H         LINE#         767
  C:0701H         LINE#         771
  C:0704H         LINE#         772
  C:0705H         LINE#         773
  C:0706H         LINE#         774
  C:0708H         LINE#         775
  C:070AH         LINE#         776
  C:070DH         LINE#         777
  C:070FH         LINE#         778
  C:0710H         LINE#         779
  C:0712H         LINE#         780
  C:0713H         LINE#         782
BL51 BANKED LINKER/LOCATER V6.22.4.0                                                  01/09/2026  23:24:06  PAGE 75


  C:0714H         LINE#         783
  C:0715H         LINE#         784
  C:0717H         LINE#         785
  C:0718H         LINE#         786
  C:071BH         LINE#         787
  C:071DH         LINE#         788
  C:071EH         LINE#         789
  C:0720H         LINE#         790
  C:0721H         LINE#         794
  C:0724H         LINE#         795
  C:0725H         LINE#         796
  C:0726H         LINE#         797
  C:0728H         LINE#         798
  C:072AH         LINE#         799
  C:072DH         LINE#         800
  C:072FH         LINE#         801
  C:0730H         LINE#         802
  C:0732H         LINE#         803
  C:0733H         LINE#         805
  C:0734H         LINE#         806
  C:0735H         LINE#         807
  C:0737H         LINE#         808
  C:0738H         LINE#         809
  C:073BH         LINE#         810
  C:073DH         LINE#         811
  C:073EH         LINE#         812
  C:0740H         LINE#         813
  C:0741H         LINE#         817
  C:0742H         LINE#         818
  C:0745H         LINE#         819
  C:0746H         LINE#         820
  C:0747H         LINE#         821
  C:0750H         LINE#         828
  C:0753H         LINE#         829
  C:0754H         LINE#         830
  C:0755H         LINE#         831
  C:0757H         LINE#         832
  C:0759H         LINE#         834
  C:075CH         LINE#         835
  C:075DH         LINE#         836
  C:075EH         LINE#         837
  C:075FH         LINE#         838
  C:0761H         LINE#         839
  C:0762H         LINE#         840
  C:0764H         LINE#         841
  C:0766H         LINE#         842
  C:0767H         LINE#         843
  C:0769H         LINE#         844
  C:076BH         LINE#         845
  C:076CH         LINE#         846
  C:076EH         LINE#         847
  C:076FH         LINE#         849
  C:0770H         LINE#         850
  C:0771H         LINE#         851
  C:0773H         LINE#         852
  C:0774H         LINE#         853
  C:0777H         LINE#         854
BL51 BANKED LINKER/LOCATER V6.22.4.0                                                  01/09/2026  23:24:06  PAGE 76


  C:0778H         LINE#         855
  C:0779H         LINE#         856
  C:077AH         LINE#         857
  C:077CH         LINE#         858
  C:077DH         LINE#         859
  C:077FH         LINE#         860
  C:0781H         LINE#         861
  C:0782H         LINE#         862
  C:0784H         LINE#         863
  C:0786H         LINE#         864
  C:0787H         LINE#         865
  C:0789H         LINE#         866
  C:078AH         LINE#         871
  C:078DH         LINE#         872
  C:078EH         LINE#         873
  C:078FH         LINE#         874
  C:0791H         LINE#         875
  C:0793H         LINE#         878
  C:0796H         LINE#         880
  C:0798H         LINE#         881
  C:0799H         LINE#         882
  C:079BH         LINE#         885
  C:079DH         LINE#         886
  C:07A0H         LINE#         887
  C:07A2H         LINE#         890
  C:07A4H         LINE#         891
  C:07A5H         LINE#         892
  C:07A7H         LINE#         895
  C:07A9H         LINE#         896
  C:07ACH         LINE#         901
  C:07AEH         LINE#         902
  C:07AFH         LINE#         903
  C:07B1H         LINE#         904
  C:07B3H         LINE#         908
  C:07B4H         LINE#         909
  C:07B5H         LINE#         910
  C:07B7H         LINE#         911
  C:07B8H         LINE#         912
  C:07BBH         LINE#         915
  C:07BDH         LINE#         916
  C:07BEH         LINE#         917
  C:07C0H         LINE#         920
  C:07C2H         LINE#         921
  C:07C5H         LINE#         922
  C:07C7H         LINE#         925
  C:07C9H         LINE#         926
  C:07CAH         LINE#         927
  C:07CCH         LINE#         929
  C:07CEH         LINE#         930
  C:07D1H         LINE#         933
  C:07D3H         LINE#         934
  C:07D4H         LINE#         935
  C:07D6H         LINE#         936
  C:07D8H         LINE#         939
  C:07D9H         LINE#         940
  C:07DAH         LINE#         942
  C:07DBH         LINE#         943
BL51 BANKED LINKER/LOCATER V6.22.4.0                                                  01/09/2026  23:24:06  PAGE 77


  C:07DCH         LINE#         951
  C:07DEH         LINE#         952
  C:07E0H         LINE#         953
  C:07E2H         LINE#         954
  C:07E4H         LINE#         955
  C:07E6H         LINE#         956
  C:07E8H         LINE#         957
  C:07EAH         LINE#         958
  C:07EBH         LINE#         959
  C:07ECH         LINE#         963
  C:07EEH         LINE#         964
  C:07F1H         LINE#         965
  C:07F2H         LINE#         966
  C:07F3H         LINE#         969
  C:07F5H         LINE#         972
  C:07F7H         LINE#         973
  C:07F9H         LINE#         974
  C:07FCH         LINE#         975
  C:07FEH         LINE#         978
  C:0801H         LINE#         982
  C:0802H         LINE#         983
  C:0804H         LINE#         984
  C:0805H         LINE#         988
  C:0806H         LINE#         989
  C:0807H         LINE#         992
  C:080AH         LINE#         993
  C:080BH         LINE#         994
  C:080EH         LINE#         995
  C:0810H         LINE#         997
  C:0813H         LINE#         998
  C:0815H         LINE#         1000
  C:0816H         LINE#         1001
  C:0817H         LINE#         1002
  C:081AH         LINE#         1005
  C:081CH         LINE#         1007
  C:081DH         LINE#         1008
  C:081EH         LINE#         1009
  C:081FH         LINE#         1010
  C:0821H         LINE#         1011
  C:0823H         LINE#         1013
  C:0826H         LINE#         1014
  C:0829H         LINE#         1015
  C:082BH         LINE#         1017
  C:082CH         LINE#         1018
  C:082EH         LINE#         1023
  C:082FH         LINE#         1024
  C:0831H         LINE#         1025
  C:0833H         LINE#         1028
  C:0836H         LINE#         1033
  C:0837H         LINE#         1034
  C:0839H         LINE#         1035
  C:083AH         LINE#         1038
  C:083BH         LINE#         1039
  C:083CH         LINE#         1041
  C:083DH         LINE#         1042
  C:083FH         LINE#         1043
  C:0840H         LINE#         1044
BL51 BANKED LINKER/LOCATER V6.22.4.0                                                  01/09/2026  23:24:06  PAGE 78


  C:0843H         LINE#         1045
  C:0846H         LINE#         1046
  C:0848H         LINE#         1047
  C:084AH         LINE#         1050
  C:084CH         LINE#         1052
  C:084DH         LINE#         1053
  C:084EH         LINE#         1054
  C:084FH         LINE#         1055
  C:0851H         LINE#         1056
  C:0853H         LINE#         1058
  C:0856H         LINE#         1059
  C:0859H         LINE#         1060
  C:085BH         LINE#         1062
  C:085CH         LINE#         1063
  C:085EH         LINE#         1067
  C:085FH         LINE#         1068
  C:0861H         LINE#         1069
  C:0863H         LINE#         1072
  C:0866H         LINE#         1073
  C:0868H         LINE#         1076
  C:086BH         LINE#         1077
  C:086CH         LINE#         1078
  C:086DH         LINE#         1082
  C:086EH         LINE#         1083
  C:086FH         LINE#         1088
  C:0871H         LINE#         1089
  C:0874H         LINE#         1090
  C:0875H         LINE#         1091
  C:0876H         LINE#         1092
  C:0878H         LINE#         1093
  C:087AH         LINE#         1094
  C:087DH         LINE#         1096
  C:087FH         LINE#         1097
  C:0880H         LINE#         1098
  C:0882H         LINE#         1100
  C:0884H         LINE#         1101
  C:0885H         LINE#         1102
  C:0887H         LINE#         1103
  C:0889H         LINE#         1105
  C:088AH         LINE#         1106
  C:088BH         LINE#         1107
  C:088DH         LINE#         1108
  C:088EH         LINE#         1109
  C:0891H         LINE#         1110
  C:0893H         LINE#         1111
  C:0894H         LINE#         1112
  C:0896H         LINE#         1113
  C:0898H         LINE#         1114
  C:0899H         LINE#         1115
  C:089BH         LINE#         1118
  C:089DH         LINE#         1119
  C:089EH         LINE#         1120
  C:089FH         LINE#         1122
  C:08A1H         LINE#         1123
  C:08A2H         LINE#         1124
  C:08A3H         LINE#         1129
  C:08A5H         LINE#         1130
BL51 BANKED LINKER/LOCATER V6.22.4.0                                                  01/09/2026  23:24:06  PAGE 79


  C:08A8H         LINE#         1131
  C:08A9H         LINE#         1132
  C:08AAH         LINE#         1133
  C:08ACH         LINE#         1134
  C:08AEH         LINE#         1135
  C:08B1H         LINE#         1137
  C:08B3H         LINE#         1138
  C:08B4H         LINE#         1139
  C:08B6H         LINE#         1141
  C:08B8H         LINE#         1142
  C:08B9H         LINE#         1143
  C:08BBH         LINE#         1144
  C:08BDH         LINE#         1146
  C:08BEH         LINE#         1147
  C:08BFH         LINE#         1148
  C:08C1H         LINE#         1149
  C:08C2H         LINE#         1150
  C:08C5H         LINE#         1151
  C:08C7H         LINE#         1152
  C:08C8H         LINE#         1153
  C:08CAH         LINE#         1154
  C:08CCH         LINE#         1155
  C:08CDH         LINE#         1156
  C:08CFH         LINE#         1159
  C:08D1H         LINE#         1160
  C:08D2H         LINE#         1161
  C:08D3H         LINE#         1163
  C:08D5H         LINE#         1164
  C:08D6H         LINE#         1165
  C:08D7H         LINE#         1173
  C:08D9H         LINE#         1174
  C:08DCH         LINE#         1175
  C:08DDH         LINE#         1176
  C:08DEH         LINE#         1177
  C:08E0H         LINE#         1178
  C:08E2H         LINE#         1180
  C:08E5H         LINE#         1181
  C:08E7H         LINE#         1182
  C:08E8H         LINE#         1183
  C:08EAH         LINE#         1184
  C:08ECH         LINE#         1185
  C:08EDH         LINE#         1186
  C:08EFH         LINE#         1187
  C:08F1H         LINE#         1190
  C:08F2H         LINE#         1191
  C:08F5H         LINE#         1192
  C:08F7H         LINE#         1193
  C:08F8H         LINE#         1194
  C:08FAH         LINE#         1195
  C:08FCH         LINE#         1196
  C:08FDH         LINE#         1197
  C:08FFH         LINE#         1199
  C:0901H         LINE#         1200
  C:0902H         LINE#         1201
  C:0903H         LINE#         1203
  C:0905H         LINE#         1204
  C:0906H         LINE#         1205
BL51 BANKED LINKER/LOCATER V6.22.4.0                                                  01/09/2026  23:24:06  PAGE 80


  C:0907H         LINE#         1209
  C:0909H         LINE#         1210
  C:090CH         LINE#         1211
  C:090DH         LINE#         1212
  C:090EH         LINE#         1213
  C:0910H         LINE#         1214
  C:0912H         LINE#         1216
  C:0915H         LINE#         1217
  C:0917H         LINE#         1218
  C:0918H         LINE#         1219
  C:091AH         LINE#         1220
  C:091CH         LINE#         1221
  C:091DH         LINE#         1222
  C:091FH         LINE#         1223
  C:0921H         LINE#         1226
  C:0922H         LINE#         1227
  C:0925H         LINE#         1228
  C:0927H         LINE#         1229
  C:0928H         LINE#         1230
  C:092AH         LINE#         1231
  C:092CH         LINE#         1232
  C:092DH         LINE#         1233
  C:092FH         LINE#         1235
  C:0931H         LINE#         1236
  C:0932H         LINE#         1237
  C:0933H         LINE#         1239
  C:0935H         LINE#         1240
  C:0936H         LINE#         1241
  C:0937H         LINE#         1247
  C:0939H         LINE#         1248
  C:093CH         LINE#         1249
  C:093DH         LINE#         1250
  C:093EH         LINE#         1251
  C:0940H         LINE#         1252
  C:0942H         LINE#         1254
  C:0945H         LINE#         1255
  C:0947H         LINE#         1256
  C:0948H         LINE#         1257
  C:094AH         LINE#         1258
  C:094CH         LINE#         1261
  C:094DH         LINE#         1262
  C:0950H         LINE#         1263
  C:0952H         LINE#         1264
  C:0953H         LINE#         1265
  C:0955H         LINE#         1267
  C:0957H         LINE#         1268
  C:0958H         LINE#         1269
  C:0959H         LINE#         1271
  C:095BH         LINE#         1272
  C:095CH         LINE#         1273
  C:095DH         LINE#         1277
  C:095FH         LINE#         1278
  C:0962H         LINE#         1279
  C:0963H         LINE#         1280
  C:0964H         LINE#         1281
  C:0966H         LINE#         1282
  C:0968H         LINE#         1284
BL51 BANKED LINKER/LOCATER V6.22.4.0                                                  01/09/2026  23:24:06  PAGE 81


  C:096BH         LINE#         1285
  C:096DH         LINE#         1286
  C:096EH         LINE#         1287
  C:0970H         LINE#         1288
  C:0972H         LINE#         1291
  C:0973H         LINE#         1292
  C:0976H         LINE#         1293
  C:0978H         LINE#         1294
  C:0979H         LINE#         1295
  C:097BH         LINE#         1297
  C:097DH         LINE#         1298
  C:097EH         LINE#         1299
  C:097FH         LINE#         1301
  C:0981H         LINE#         1302
  C:0982H         LINE#         1303
  C:0983H         LINE#         1311
  C:0985H         LINE#         1312
  C:0988H         LINE#         1313
  C:098BH         LINE#         1314
  C:098EH         LINE#         1315
  C:098FH         LINE#         1317
  C:0992H         LINE#         1318
  C:0994H         LINE#         1319
  C:0995H         LINE#         1320
  C:0996H         LINE#         1321
  C:0998H         LINE#         1322
  C:0999H         LINE#         1326
  C:099BH         LINE#         1327
  C:099EH         LINE#         1328
  C:09A1H         LINE#         1329
  C:09A4H         LINE#         1330
  C:09A5H         LINE#         1332
  C:09A8H         LINE#         1333
  C:09AAH         LINE#         1334
  C:09ABH         LINE#         1335
  C:09ACH         LINE#         1336
  C:09AEH         LINE#         1337
  -------         ENDMOD        RUNNINGTASK

Program Size: data=8.0 xdata=0 code=5259
LINK/LOCATE RUN COMPLETE.  0 WARNING(S),  0 ERROR(S)
